START TIME: Mon 21 Sep 2026 12:00:59 PM CEST
job=539635 node=i20r05c03s08
start_time=2026-09-21T12:00:59+02:00
+-----------+--------------------------------------------------------------------------------------+
| Device ID | Device Information                                                                   |
+-----------+--------------------------------------------------------------------------------------+
| 0         | Device Name: Intel(R) Data Center GPU Max 1550                                       |
|           | Vendor Name: Intel(R) Corporation                                                    |
|           | SOC UUID: 00000000-0000-003a-0000-002f0bd58086                                       |
|           | PCI BDF Address: 0000:3a:00.0                                                        |
|           | DRM Device: /dev/dri/card0                                                           |
|           | Function Type: physical                                                              |
+-----------+--------------------------------------------------------------------------------------+
| 1         | Device Name: Intel(R) Data Center GPU Max 1550                                       |
|           | Vendor Name: Intel(R) Corporation                                                    |
|           | SOC UUID: 00000000-0000-004b-0000-002f0bd58086                                       |
|           | PCI BDF Address: 0000:4b:00.0                                                        |
|           | DRM Device: /dev/dri/card1                                                           |
|           | Function Type: physical                                                              |
+-----------+--------------------------------------------------------------------------------------+
| 2         | Device Name: Intel(R) Data Center GPU Max 1550                                       |
|           | Vendor Name: Intel(R) Corporation                                                    |
|           | SOC UUID: 00000000-0000-00ca-0000-002f0bd58086                                       |
|           | PCI BDF Address: 0000:ca:00.0                                                        |
|           | DRM Device: /dev/dri/card2                                                           |
|           | Function Type: physical                                                              |
+-----------+--------------------------------------------------------------------------------------+
| 3         | Device Name: Intel(R) Data Center GPU Max 1550                                       |
|           | Vendor Name: Intel(R) Corporation                                                    |
|           | SOC UUID: 00000000-0000-00da-0000-002f0bd58086                                       |
|           | PCI BDF Address: 0000:da:00.0                                                        |
|           | DRM Device: /dev/dri/card3                                                           |
|           | Function Type: physical                                                              |
+-----------+--------------------------------------------------------------------------------------+
MASTER_ADDR: i20r05c03s08  MASTER_PORT: 55913
8 XPU tiles x batch_size 4 x accum 1 -> effective batch 32; output_dir /hppfs/scratch/0D/go76fuz2/windinet/finetune_vae_outputs_sng_pvc/finetune_vae_whole_structure_baseline_ep20_256res_sds_w0p0001
INFO     [rank 0] Failed to extract font properties from    font_manager.py:1107
         /usr/share/fonts/truetype/Cantarell-VF.otf: Can                        
         not load face (SFNT font table missing; error code                     
         0x8e)                                                                  
INFO     [rank 1] Failed to extract font properties from    font_manager.py:1107
         /usr/share/fonts/truetype/Cantarell-VF.otf: Can                        
         not load face (SFNT font table missing; error code                     
         0x8e)                                                                  
INFO     [rank 7] Failed to extract font properties from    font_manager.py:1107
         /usr/share/fonts/truetype/Cantarell-VF.otf: Can                        
         not load face (SFNT font table missing; error code                     
         0x8e)                                                                  
INFO     [rank 4] Failed to extract font properties from    font_manager.py:1107
         /usr/share/fonts/truetype/Cantarell-VF.otf: Can                        
         not load face (SFNT font table missing; error code                     
         0x8e)                                                                  
INFO     [rank 3] Failed to extract font properties from    font_manager.py:1107
         /usr/share/fonts/truetype/Cantarell-VF.otf: Can                        
         not load face (SFNT font table missing; error code                     
         0x8e)                                                                  
INFO     [rank 6] Failed to extract font properties from    font_manager.py:1107
         /usr/share/fonts/truetype/Cantarell-VF.otf: Can                        
         not load face (SFNT font table missing; error code                     
         0x8e)                                                                  
INFO     [rank 2] Failed to extract font properties from    font_manager.py:1107
         /usr/share/fonts/truetype/Cantarell-VF.otf: Can                        
         not load face (SFNT font table missing; error code                     
         0x8e)                                                                  
INFO     [rank 7] generated new fontManager                 font_manager.py:1639
INFO     [rank 5] Failed to extract font properties from    font_manager.py:1107
         /usr/share/fonts/truetype/Cantarell-VF.otf: Can                        
         not load face (SFNT font table missing; error code                     
         0x8e)                                                                  
INFO     [rank 0] generated new fontManager                 font_manager.py:1639
INFO     [rank 5] generated new fontManager                 font_manager.py:1639
INFO     [rank 3] generated new fontManager                 font_manager.py:1639
INFO     [rank 2] generated new fontManager                 font_manager.py:1639
INFO     [rank 1] generated new fontManager                 font_manager.py:1639
INFO     [rank 4] generated new fontManager                 font_manager.py:1639
INFO     [rank 6] generated new fontManager                 font_manager.py:1639
                          VAE Finetuning Configuration                          
┏━━━━━━━━━━━━━━━━━━━━━━━━━━━━━━━━━━━━━━━┳━━━━━━━━━━━━━━━━━━━━━━━━━━━━━━━━━━━━━━┓
┃ Parameter                             ┃ Value                                ┃
┡━━━━━━━━━━━━━━━━━━━━━━━━━━━━━━━━━━━━━━━╇━━━━━━━━━━━━━━━━━━━━━━━━━━━━━━━━━━━━━━┩
│ model.model_source                    │ LTXV_2B_0.9.6_DEV                    │
│ model.load_checkpoint                 │ None                                 │
│ adapter.enabled                       │ True                                 │
│ adapter.checkpoint                    │ None                                 │
│ adapter.channels                      │ ['density', 'momentum_x',            │
│                                       │ 'momentum_y', 'pressure']            │
│ adapter.mode                          │ inflate                              │
│ adapter.inflate_init                  │ zeros                                │
│ adapter.inflate_copy_channel          │ None                                 │
│ adapter.freeze_conv_in                │ False                                │
│ adapter.unfreeze_encoder_trunk        │ True                                 │
│ adapter.hidden_channels               │ 32                                   │
│ adapter.activation                    │ gelu                                 │
│ adapter.identity_init                 │ False                                │
│ adapter.default_temb                  │ 0.0                                  │
│ data.data_root                        │ /hppfs/scratch/0D/go76fuz2/windinet… │
│ data.eval_sims                        │ 675                                  │
│ data.num_dataloader_workers           │ 4                                    │
│ data.num_sim_frames                   │ None                                 │
│ data.overfit_sims                     │ None                                 │
│ data.overfit_repeat                   │ 1                                    │
│ data.channel_mean                     │ [0.9050976477108856,                 │
│                                       │ 0.004045365949982484,                │
│                                       │ -0.0019089379638760548, 0.9          │
│ data.channel_std                      │ [0.6618199912434938,                 │
│                                       │ 0.5335233432828087,                  │
│                                       │ 0.5268940723644505, 0.8053303        │
│ data.normalization_stats_file         │ None                                 │
│ data.normalization_clip               │ 5.0                                  │
│ data.channel_order                    │ ['density', 'momentum_x',            │
│                                       │ 'momentum_y', 'pressure']            │
│ data.log_transform_channels           │ []                                   │
│ optimization.learning_rate            │ 5e-05                                │
│ optimization.min_learning_rate        │ 1e-06                                │
│ optimization.scheduler_type           │ wsd                                  │
│ optimization.stable_fraction          │ 0.7                                  │
│ optimization.stable_end_epoch         │ None                                 │
│ optimization.plateau_factor           │ 0.5                                  │
│ optimization.plateau_patience         │ 3                                    │
│ optimization.plateau_threshold        │ 0.0001                               │
│ optimization.epochs                   │ 20                                   │
│ optimization.batch_size               │ 4                                    │
│ optimization.gradient_accumulation_s… │ 1                                    │
│ optimization.max_grad_norm            │ 5.0                                  │
│ optimization.weight_decay             │ 0.0                                  │
│ optimization.warmup_steps             │ 200                                  │
│ optimization.warmup_start_factor      │ 0.01                                 │
│ optimization.enable_gradient_checkpo… │ True                                 │
│ loss.wavelet                          │ db2                                  │
│ loss.spatial_level                    │ 2                                    │
│ loss.temporal_level                   │ 2                                    │
│ loss.mlw_beta                         │ 10.0                                 │
│ loss.mlw_eps                          │ 1e-06                                │
│ loss_weighting.strategy               │ fixed                                │
│ loss_weighting.weights                │ {'rmse': 1.0, 'h1': 50.0, 'ssim':    │
│                                       │ 0.15, 'mlw': 0.0, 'sds': 0.0001}     │
│ loss_weighting.loss_names             │ ['rmse', 'h1', 'ssim', 'mlw']        │
│ loss_weighting.alpha                  │ 1.5                                  │
│ loss_weighting.weight_lr              │ 0.025                                │
│ loss_weighting.temperature            │ 0.1                                  │
│ sds.enabled                           │ True                                 │
│ sds.model_source                      │ LTXV_2B_0.9.6_DEV                    │
│ sds.dit_checkpoint                    │ /hppfs/scratch/0D/go76fuz2/windinet… │
│ sds.untrained_dit                     │ False                                │
│ sds.scalar_conditioning.enabled       │ True                                 │
│ sds.scalar_conditioning.scalar_names  │ ['gamma']                            │
│ sds.scalar_conditioning.scalar_ranges │ {'gamma': (1.0, 2.0)}                │
│ sds.scalar_conditioning.embedding_dim │ 4096                                 │
│ sds.scalar_conditioning.num_tokens_p… │ 4                                    │
│ sds.scalar_conditioning.fourier_feat… │ 64                                   │
│ sds.scalar_conditioning.mlp_hidden_d… │ 256                                  │
│ sds.scalar_conditioning.dropout       │ 0.1                                  │
│ sds.timestep_sampling_mode            │ shifted_logit_normal                 │
│ sds.timestep_sampling_params          │ {}                                   │
│ visualization.enabled                 │ True                                 │
│ visualization.interval_epochs         │ 4                                    │
│ visualization.num_samples             │ 3                                    │
│ visualization.frame_numbers           │ [25, 50, 75, 100]                    │
│ visualization.dpi                     │ 150                                  │
│ acceleration.mixed_precision_mode     │ bf16                                 │
│ acceleration.compile_with_inductor    │ False                                │
│ acceleration.compilation_mode         │ reduce-overhead                      │
│ checkpoints.interval                  │ 1                                    │
│ checkpoints.keep_last_n               │ 1                                    │
│ checkpoints.save_best_only            │ True                                 │
│ checkpoints.best_metric               │ val_vrmse                            │
│ checkpoints.save_last_state           │ True                                 │
│ checkpoints.save_epochs               │ []                                   │
│ wandb.enabled                         │ False                                │
│ wandb.project                         │ windinet                             │
│ wandb.entity                          │ None                                 │
│ wandb.tags                            │ ['vae', 'inflate', 'zeros-init',     │
│                                       │ 'wsd', '20ep', 'lr1x',               │
│                                       │ 'shockwave-cfd                       │
│ seed                                  │ 42                                   │
│ output_dir                            │ /hppfs/scratch/0D/go76fuz2/windinet… │
│ clean_output_dir                      │ True                                 │
│ resume_from                           │ None                                 │
│ resume_weights_only                   │ False                                │
└───────────────────────────────────────┴──────────────────────────────────────┘
INFO     [rank 0] Distributed training: 8 processes          vae_trainer.py:1475
INFO     [rank 0] VAE inflated to 4 native channels           vae_trainer.py:206
         (init=zeros); encoder.conv_in is trainable                             
INFO     [rank 0] Encoder extra modules UNFROZEN:             vae_trainer.py:263
         down_blocks[0, 1, 2] + tail                                            
         (down_blocks[-1]+mid_block+norm_out+conv_out)                          
INFO     [rank 0] VAE gradient checkpointing enabled          vae_trainer.py:274
INFO     [rank 0] VAE loaded. Decoder params: 552,869,953     vae_trainer.py:280
INFO     [rank 0] Trainable parameters:                       vae_trainer.py:351
         encoder_conv_in=221,312, encoder_extra=693,932,865,                    
         decoder=552,869,953, in_adapter=0, out_adapter=0                       
INFO     [rank 0] SDS distillation loss: loaded frozen DiT from   sds_loss.py:76
         /hppfs/scratch/0D/go76fuz2/windinet/outputs/shockwave_di               
         t_ep20_baseline/checkpoints/model_weights_step_09360.saf               
         etensors (+ scalar embedding                                           
         /hppfs/scratch/0D/go76fuz2/windinet/outputs/shockwave_di               
         t_ep20_baseline/checkpoints/scalar_embedding_step_09360.               
         safetensors)                                                           
INFO     [rank 0] Dataset: 3825 train, 675 eval samples       vae_trainer.py:615
INFO     [rank 0] encoder.conv_in LR = 5.00e-05 (== decoder   vae_trainer.py:639
         LR)                                                                    
INFO     [rank 0] encoder extra (down_blocks[0, 1, 2]+tail)   vae_trainer.py:650
         LR = 5.00e-05 (== decoder LR)                                          
INFO     [rank 0] LR schedule 'wsd': 2380 steps (200 warmup,  vae_trainer.py:741
         1526 stable, 654 anneal), peak 5.00e-05 -> floor                       
         1.00e-06                                                               
2026:09:21-12:52:17:129859 |CCL_WARN| value of CCL_ATL_TRANSPORT changed to be ofi (default:mpi)
2026:09:21-12:52:17:129859 |CCL_WARN| value of CCL_ALLREDUCE changed to be ring (default:)
2026:09:21-12:52:17:129859 |CCL_WARN| could not get local_idx/count from environment variables, trying to get them from ATL
2026:09:21-12:52:17:129862 |CCL_WARN| could not get local_idx/count from environment variables, trying to get them from ATL2026:09:21-12:52:17:129864 |CCL_WARN| could not get local_idx/count from environment variables, trying to get them from ATL

2026:09:21-12:52:17:129863 |CCL_WARN| could not get local_idx/count from environment variables, trying to get them from ATL2026:09:21-12:52:17:129866 |CCL_WARN| could not get local_idx/count from environment variables, trying to get them from ATL2026:09:21-12:52:17:129865 |CCL_WARN| could not get local_idx/count from environment variables, trying to get them from ATL


2026:09:21-12:52:17:129861 |CCL_WARN| could not get local_idx/count from environment variables, trying to get them from ATL2026:09:21-12:52:17:129860 |CCL_WARN| could not get local_idx/count from environment variables, trying to get them from ATL

INFO     [rank 0] Config saved:                              vae_trainer.py:1507
         /hppfs/scratch/0D/go76fuz2/windinet/finetune_vae_ou                    
         tputs_sng_pvc/finetune_vae_whole_structure_baseline                    
         _ep20_256res_sds_w0p0001/training_config.yaml                          
INFO     [rank 0] Starting VAE decoder finetuning...          vae_trainer.py:795
epoch 1 step 10  loss=0.129534  lr=2.98e-06  [rmse=0.0579 h1=0.0000 ssim=0.2492 mlw=0.0000]
epoch 1 step 20  loss=0.119956  lr=5.45e-06  [rmse=0.0820 h1=0.0001 ssim=0.2554 mlw=0.0000]
epoch 1 step 30  loss=0.118221  lr=7.93e-06  [rmse=0.0511 h1=0.0000 ssim=0.1822 mlw=0.0000]
epoch 1 step 40  loss=0.118145  lr=1.04e-05  [rmse=0.0991 h1=0.0002 ssim=0.2373 mlw=0.0000]
epoch 1 step 50  loss=0.117037  lr=1.29e-05  [rmse=0.0362 h1=0.0001 ssim=0.1694 mlw=0.0000]
epoch 1 step 60  loss=0.111003  lr=1.54e-05  [rmse=0.0401 h1=0.0003 ssim=0.1675 mlw=0.0000]
epoch 1 step 70  loss=0.106895  lr=1.78e-05  [rmse=0.0472 h1=0.0001 ssim=0.2776 mlw=0.0000]
epoch 1 step 80  loss=0.104070  lr=2.03e-05  [rmse=0.0353 h1=0.0004 ssim=0.2261 mlw=0.0000]
epoch 1 step 90  loss=0.100197  lr=2.28e-05  [rmse=0.0199 h1=0.0001 ssim=0.1463 mlw=0.0000]
epoch 1 step 100  loss=0.096057  lr=2.53e-05  [rmse=0.0290 h1=0.0002 ssim=0.1779 mlw=0.0000]
epoch 1 step 110  loss=0.094195  lr=2.77e-05  [rmse=0.0424 h1=0.0003 ssim=0.2555 mlw=0.0000]
INFO     [rank 0] Loss weights: rmse=1.0000, h1=50.0000,      vae_trainer.py:975
         ssim=0.1500, mlw=0.0000, sds=0.0001                                    
INFO     [rank 0] Epoch 1: train_loss=0.091932               vae_trainer.py:1014
         val_loss=0.062835  val_VRMSE=0.197141  lr=3.00e-05                     
INFO     [rank 0] Metrics updated: metrics/metrics.csv,      vae_trainer.py:1040
         metrics/loss_curves.png                                                
INFO     [rank 0] New best checkpoint (epoch 1,              vae_trainer.py:1353
         val_vrmse=0.197141):                                                   
         checkpoints/vae_shockwave_best.safetensors                             
INFO     [rank 0] Training state saved:                      vae_trainer.py:1429
         checkpoints/vae_shockwave_last.state.pt                                
INFO     [rank 0] Epoch 1 timing: train=2714.9s eval=119.8s  vae_trainer.py:1074
         viz=0.0s ckpt=8.4s total=2843.8s                                       
epoch 2 step 120  loss=0.043241  lr=3.02e-05  [rmse=0.0204 h1=0.0001 ssim=0.1347 mlw=0.0000]
epoch 2 step 130  loss=0.055713  lr=3.27e-05  [rmse=0.0234 h1=0.0001 ssim=0.1710 mlw=0.0000]
epoch 2 step 140  loss=0.064707  lr=3.52e-05  [rmse=0.0315 h1=0.0002 ssim=0.2960 mlw=0.0000]
epoch 2 step 150  loss=0.068653  lr=3.76e-05  [rmse=0.0439 h1=0.0003 ssim=0.2033 mlw=0.0000]
epoch 2 step 160  loss=0.073282  lr=4.01e-05  [rmse=0.0440 h1=0.0002 ssim=0.3835 mlw=0.0000]
epoch 2 step 170  loss=0.073289  lr=4.26e-05  [rmse=0.0532 h1=0.0003 ssim=0.2184 mlw=0.0000]
epoch 2 step 180  loss=0.071354  lr=4.51e-05  [rmse=0.0240 h1=0.0001 ssim=0.1098 mlw=0.0000]
epoch 2 step 190  loss=0.070080  lr=4.75e-05  [rmse=0.0347 h1=0.0002 ssim=0.1728 mlw=0.0000]
epoch 2 step 200  loss=0.070078  lr=5.00e-05  [rmse=0.0356 h1=0.0003 ssim=0.1762 mlw=0.0000]
epoch 2 step 210  loss=0.068379  lr=5.00e-05  [rmse=0.0253 h1=0.0003 ssim=0.1325 mlw=0.0000]
epoch 2 step 220  loss=0.067163  lr=5.00e-05  [rmse=0.0374 h1=0.0004 ssim=0.1490 mlw=0.0000]
epoch 2 step 230  loss=0.065512  lr=5.00e-05  [rmse=0.0222 h1=0.0001 ssim=0.1573 mlw=0.0000]
INFO     [rank 0] Loss weights: rmse=1.0000, h1=50.0000,      vae_trainer.py:975
         ssim=0.1500, mlw=0.0000, sds=0.0001                                    
INFO     [rank 0] Epoch 2: train_loss=0.064681               vae_trainer.py:1014
         val_loss=0.051887  val_VRMSE=0.171262  lr=5.00e-05                     
INFO     [rank 0] Metrics updated: metrics/metrics.csv,      vae_trainer.py:1040
         metrics/loss_curves.png                                                
INFO     [rank 0] New best checkpoint (epoch 2,              vae_trainer.py:1353
         val_vrmse=0.171262):                                                   
         checkpoints/vae_shockwave_best.safetensors                             
INFO     [rank 0] Training state saved:                      vae_trainer.py:1429
         checkpoints/vae_shockwave_last.state.pt                                
INFO     [rank 0] Epoch 2 timing: train=2685.3s eval=118.1s  vae_trainer.py:1074
         viz=0.0s ckpt=9.4s total=2813.4s                                       
epoch 3 step 240  loss=0.053943  lr=5.00e-05  [rmse=0.0247 h1=0.0003 ssim=0.0960 mlw=0.0000]
epoch 3 step 250  loss=0.052334  lr=5.00e-05  [rmse=0.0277 h1=0.0002 ssim=0.0803 mlw=0.0000]
epoch 3 step 260  loss=0.048587  lr=5.00e-05  [rmse=0.0137 h1=0.0001 ssim=0.0743 mlw=0.0000]
epoch 3 step 270  loss=0.047200  lr=5.00e-05  [rmse=0.0168 h1=0.0001 ssim=0.0791 mlw=0.0000]
epoch 3 step 280  loss=0.045731  lr=5.00e-05  [rmse=0.0140 h1=0.0000 ssim=0.1063 mlw=0.0000]
epoch 3 step 290  loss=0.043989  lr=5.00e-05  [rmse=0.0228 h1=0.0002 ssim=0.0824 mlw=0.0000]
epoch 3 step 300  loss=0.042848  lr=5.00e-05  [rmse=0.0191 h1=0.0001 ssim=0.0979 mlw=0.0000]
epoch 3 step 310  loss=0.042117  lr=5.00e-05  [rmse=0.0104 h1=0.0000 ssim=0.0504 mlw=0.0000]
epoch 3 step 320  loss=0.041462  lr=5.00e-05  [rmse=0.0160 h1=0.0001 ssim=0.0858 mlw=0.0000]
epoch 3 step 330  loss=0.041377  lr=5.00e-05  [rmse=0.0140 h1=0.0001 ssim=0.0650 mlw=0.0000]
epoch 3 step 340  loss=0.040682  lr=5.00e-05  [rmse=0.0120 h1=0.0000 ssim=0.0437 mlw=0.0000]
epoch 3 step 350  loss=0.040254  lr=5.00e-05  [rmse=0.0202 h1=0.0002 ssim=0.0785 mlw=0.0000]
INFO     [rank 0] Loss weights: rmse=1.0000, h1=50.0000,      vae_trainer.py:975
         ssim=0.1500, mlw=0.0000, sds=0.0001                                    
INFO     [rank 0] Epoch 3: train_loss=0.040501               vae_trainer.py:1014
         val_loss=0.035941  val_VRMSE=0.113986  lr=5.00e-05                     
INFO     [rank 0] Metrics updated: metrics/metrics.csv,      vae_trainer.py:1040
         metrics/loss_curves.png                                                
INFO     [rank 0] New best checkpoint (epoch 3,              vae_trainer.py:1353
         val_vrmse=0.113986):                                                   
         checkpoints/vae_shockwave_best.safetensors                             
INFO     [rank 0] Training state saved:                      vae_trainer.py:1429
         checkpoints/vae_shockwave_last.state.pt                                
INFO     [rank 0] Epoch 3 timing: train=2684.5s eval=118.1s  vae_trainer.py:1074
         viz=0.0s ckpt=8.5s total=2811.6s                                       
epoch 4 step 360  loss=0.045041  lr=5.00e-05  [rmse=0.0244 h1=0.0002 ssim=0.1032 mlw=0.0000]
epoch 4 step 370  loss=0.033800  lr=5.00e-05  [rmse=0.0189 h1=0.0002 ssim=0.0795 mlw=0.0000]
epoch 4 step 380  loss=0.036013  lr=5.00e-05  [rmse=0.0161 h1=0.0001 ssim=0.0962 mlw=0.0000]
epoch 4 step 390  loss=0.041856  lr=5.00e-05  [rmse=0.0165 h1=0.0001 ssim=0.0938 mlw=0.0000]
epoch 4 step 400  loss=0.042453  lr=5.00e-05  [rmse=0.0228 h1=0.0002 ssim=0.1049 mlw=0.0000]
epoch 4 step 410  loss=0.041802  lr=5.00e-05  [rmse=0.0176 h1=0.0001 ssim=0.0818 mlw=0.0000]
epoch 4 step 420  loss=0.041215  lr=5.00e-05  [rmse=0.0167 h1=0.0001 ssim=0.0713 mlw=0.0000]
epoch 4 step 430  loss=0.040348  lr=5.00e-05  [rmse=0.0140 h1=0.0001 ssim=0.0861 mlw=0.0000]
epoch 4 step 440  loss=0.039881  lr=5.00e-05  [rmse=0.0167 h1=0.0001 ssim=0.0891 mlw=0.0000]
epoch 4 step 450  loss=0.039876  lr=5.00e-05  [rmse=0.0127 h1=0.0000 ssim=0.0695 mlw=0.0000]
epoch 4 step 460  loss=0.039701  lr=5.00e-05  [rmse=0.0359 h1=0.0005 ssim=0.1007 mlw=0.0000]
epoch 4 step 470  loss=0.039718  lr=5.00e-05  [rmse=0.0200 h1=0.0002 ssim=0.0612 mlw=0.0000]
INFO     [rank 0] Loss weights: rmse=1.0000, h1=50.0000,      vae_trainer.py:975
         ssim=0.1500, mlw=0.0000, sds=0.0001                                    
INFO     [rank 0] Epoch 4: train_loss=0.039307               vae_trainer.py:1014
         val_loss=0.031876  val_VRMSE=0.100500  lr=5.00e-05                     
INFO     [rank 0] Metrics updated: metrics/metrics.csv,      vae_trainer.py:1040
         metrics/loss_curves.png                                                
INFO     [rank 0] Saved 12 validation reconstruction PNGs    vae_trainer.py:1254
         for epoch 4                                                            
INFO     [rank 0] New best checkpoint (epoch 4,              vae_trainer.py:1353
         val_vrmse=0.100500):                                                   
         checkpoints/vae_shockwave_best.safetensors                             
INFO     [rank 0] Training state saved:                      vae_trainer.py:1429
         checkpoints/vae_shockwave_last.state.pt                                
INFO     [rank 0] Epoch 4 timing: train=2681.8s eval=118.1s  vae_trainer.py:1074
         viz=25.7s ckpt=8.6s total=2834.7s                                      
epoch 5 step 480  loss=0.035322  lr=5.00e-05  [rmse=0.0182 h1=0.0002 ssim=0.0945 mlw=0.0000]
epoch 5 step 490  loss=0.033493  lr=5.00e-05  [rmse=0.0187 h1=0.0002 ssim=0.0782 mlw=0.0000]
epoch 5 step 500  loss=0.030671  lr=5.00e-05  [rmse=0.0097 h1=0.0000 ssim=0.0494 mlw=0.0000]
epoch 5 step 510  loss=0.032573  lr=5.00e-05  [rmse=0.0186 h1=0.0002 ssim=0.0689 mlw=0.0000]
epoch 5 step 520  loss=0.035874  lr=5.00e-05  [rmse=0.0353 h1=0.0002 ssim=0.0585 mlw=0.0000]
epoch 5 step 530  loss=0.035967  lr=5.00e-05  [rmse=0.0167 h1=0.0001 ssim=0.0877 mlw=0.0000]
epoch 5 step 540  loss=0.035795  lr=5.00e-05  [rmse=0.0083 h1=0.0000 ssim=0.0382 mlw=0.0000]
epoch 5 step 550  loss=0.034746  lr=5.00e-05  [rmse=0.0113 h1=0.0001 ssim=0.0506 mlw=0.0000]
epoch 5 step 560  loss=0.034299  lr=5.00e-05  [rmse=0.0108 h1=0.0001 ssim=0.0470 mlw=0.0000]
epoch 5 step 570  loss=0.034012  lr=5.00e-05  [rmse=0.0155 h1=0.0001 ssim=0.0500 mlw=0.0000]
epoch 5 step 580  loss=0.033545  lr=5.00e-05  [rmse=0.0155 h1=0.0001 ssim=0.0668 mlw=0.0000]
epoch 5 step 590  loss=0.033472  lr=5.00e-05  [rmse=0.0221 h1=0.0002 ssim=0.0682 mlw=0.0000]
INFO     [rank 0] Loss weights: rmse=1.0000, h1=50.0000,      vae_trainer.py:975
         ssim=0.1500, mlw=0.0000, sds=0.0001                                    
INFO     [rank 0] Epoch 5: train_loss=0.033227               vae_trainer.py:1014
         val_loss=0.028525  val_VRMSE=0.092971  lr=5.00e-05                     
INFO     [rank 0] Metrics updated: metrics/metrics.csv,      vae_trainer.py:1040
         metrics/loss_curves.png                                                
INFO     [rank 0] New best checkpoint (epoch 5,              vae_trainer.py:1353
         val_vrmse=0.092971):                                                   
         checkpoints/vae_shockwave_best.safetensors                             
INFO     [rank 0] Training state saved:                      vae_trainer.py:1429
         checkpoints/vae_shockwave_last.state.pt                                
INFO     [rank 0] Epoch 5 timing: train=2681.5s eval=118.3s  vae_trainer.py:1074
         viz=0.0s ckpt=8.4s total=2808.8s                                       
epoch 6 step 600  loss=0.024329  lr=5.00e-05  [rmse=0.0078 h1=0.0000 ssim=0.0344 mlw=0.0000]
epoch 6 step 610  loss=0.027705  lr=5.00e-05  [rmse=0.0150 h1=0.0001 ssim=0.0504 mlw=0.0000]
epoch 6 step 620  loss=0.029550  lr=5.00e-05  [rmse=0.0156 h1=0.0001 ssim=0.0561 mlw=0.0000]
epoch 6 step 630  loss=0.031071  lr=5.00e-05  [rmse=0.0139 h1=0.0000 ssim=0.0797 mlw=0.0000]
epoch 6 step 640  loss=0.032686  lr=5.00e-05  [rmse=0.0270 h1=0.0003 ssim=0.0766 mlw=0.0000]
epoch 6 step 650  loss=0.032521  lr=5.00e-05  [rmse=0.0145 h1=0.0001 ssim=0.0648 mlw=0.0000]
epoch 6 step 660  loss=0.031760  lr=5.00e-05  [rmse=0.0206 h1=0.0002 ssim=0.0666 mlw=0.0000]
epoch 6 step 670  loss=0.032602  lr=5.00e-05  [rmse=0.0111 h1=0.0001 ssim=0.0588 mlw=0.0000]
epoch 6 step 680  loss=0.033221  lr=5.00e-05  [rmse=0.0142 h1=0.0001 ssim=0.0553 mlw=0.0000]
epoch 6 step 690  loss=0.033268  lr=5.00e-05  [rmse=0.0206 h1=0.0002 ssim=0.0915 mlw=0.0000]
epoch 6 step 700  loss=0.032786  lr=5.00e-05  [rmse=0.0090 h1=0.0000 ssim=0.0412 mlw=0.0000]
epoch 6 step 710  loss=0.032337  lr=5.00e-05  [rmse=0.0098 h1=0.0000 ssim=0.0562 mlw=0.0000]
INFO     [rank 0] Loss weights: rmse=1.0000, h1=50.0000,      vae_trainer.py:975
         ssim=0.1500, mlw=0.0000, sds=0.0001                                    
INFO     [rank 0] Epoch 6: train_loss=0.032420               vae_trainer.py:1014
         val_loss=0.030227  val_VRMSE=0.098905  lr=5.00e-05                     
INFO     [rank 0] Metrics updated: metrics/metrics.csv,      vae_trainer.py:1040
         metrics/loss_curves.png                                                
INFO     [rank 0] Training state saved:                      vae_trainer.py:1429
         checkpoints/vae_shockwave_last.state.pt                                
INFO     [rank 0] Epoch 6 timing: train=2681.4s eval=118.0s  vae_trainer.py:1074
         viz=0.0s ckpt=7.0s total=2806.9s                                       
epoch 7 step 720  loss=0.034725  lr=5.00e-05  [rmse=0.0129 h1=0.0001 ssim=0.0602 mlw=0.0000]
epoch 7 step 730  loss=0.030984  lr=5.00e-05  [rmse=0.0161 h1=0.0002 ssim=0.0670 mlw=0.0000]
epoch 7 step 740  loss=0.030794  lr=5.00e-05  [rmse=0.0142 h1=0.0001 ssim=0.0515 mlw=0.0000]
epoch 7 step 750  loss=0.029941  lr=5.00e-05  [rmse=0.0157 h1=0.0001 ssim=0.0494 mlw=0.0000]
epoch 7 step 760  loss=0.029230  lr=5.00e-05  [rmse=0.0095 h1=0.0001 ssim=0.0489 mlw=0.0000]
epoch 7 step 770  loss=0.028665  lr=5.00e-05  [rmse=0.0143 h1=0.0001 ssim=0.0623 mlw=0.0000]
epoch 7 step 780  loss=0.028262  lr=5.00e-05  [rmse=0.0148 h1=0.0001 ssim=0.0687 mlw=0.0000]
epoch 7 step 790  loss=0.028381  lr=5.00e-05  [rmse=0.0139 h1=0.0001 ssim=0.0572 mlw=0.0000]
epoch 7 step 800  loss=0.029034  lr=5.00e-05  [rmse=0.0120 h1=0.0001 ssim=0.0555 mlw=0.0000]
epoch 7 step 810  loss=0.028852  lr=5.00e-05  [rmse=0.0131 h1=0.0001 ssim=0.0606 mlw=0.0000]
epoch 7 step 820  loss=0.028815  lr=5.00e-05  [rmse=0.0122 h1=0.0001 ssim=0.0597 mlw=0.0000]
epoch 7 step 830  loss=0.029385  lr=5.00e-05  [rmse=0.0195 h1=0.0002 ssim=0.0611 mlw=0.0000]
INFO     [rank 0] Loss weights: rmse=1.0000, h1=50.0000,      vae_trainer.py:975
         ssim=0.1500, mlw=0.0000, sds=0.0001                                    
INFO     [rank 0] Epoch 7: train_loss=0.029289               vae_trainer.py:1014
         val_loss=0.026310  val_VRMSE=0.086031  lr=5.00e-05                     
INFO     [rank 0] Metrics updated: metrics/metrics.csv,      vae_trainer.py:1040
         metrics/loss_curves.png                                                
INFO     [rank 0] New best checkpoint (epoch 7,              vae_trainer.py:1353
         val_vrmse=0.086031):                                                   
         checkpoints/vae_shockwave_best.safetensors                             
INFO     [rank 0] Training state saved:                      vae_trainer.py:1429
         checkpoints/vae_shockwave_last.state.pt                                
INFO     [rank 0] Epoch 7 timing: train=2682.0s eval=118.1s  vae_trainer.py:1074
         viz=0.0s ckpt=8.4s total=2809.0s                                       
epoch 8 step 840  loss=0.028710  lr=5.00e-05  [rmse=0.0135 h1=0.0001 ssim=0.0569 mlw=0.0000]
epoch 8 step 850  loss=0.025681  lr=5.00e-05  [rmse=0.0149 h1=0.0001 ssim=0.0373 mlw=0.0000]
epoch 8 step 860  loss=0.029441  lr=5.00e-05  [rmse=0.0112 h1=0.0001 ssim=0.0465 mlw=0.0000]
epoch 8 step 870  loss=0.029640  lr=5.00e-05  [rmse=0.0081 h1=0.0000 ssim=0.0397 mlw=0.0000]
epoch 8 step 880  loss=0.030140  lr=5.00e-05  [rmse=0.0245 h1=0.0002 ssim=0.0446 mlw=0.0000]
epoch 8 step 890  loss=0.029428  lr=5.00e-05  [rmse=0.0086 h1=0.0000 ssim=0.0381 mlw=0.0000]
epoch 8 step 900  loss=0.029295  lr=5.00e-05  [rmse=0.0105 h1=0.0001 ssim=0.0522 mlw=0.0000]
epoch 8 step 910  loss=0.030028  lr=5.00e-05  [rmse=0.0185 h1=0.0001 ssim=0.0667 mlw=0.0000]
epoch 8 step 920  loss=0.030314  lr=5.00e-05  [rmse=0.0088 h1=0.0000 ssim=0.0520 mlw=0.0000]
epoch 8 step 930  loss=0.030747  lr=5.00e-05  [rmse=0.0200 h1=0.0002 ssim=0.0624 mlw=0.0000]
epoch 8 step 940  loss=0.030275  lr=5.00e-05  [rmse=0.0078 h1=0.0000 ssim=0.0421 mlw=0.0000]
epoch 8 step 950  loss=0.030089  lr=5.00e-05  [rmse=0.0163 h1=0.0001 ssim=0.0406 mlw=0.0000]
INFO     [rank 0] Loss weights: rmse=1.0000, h1=50.0000,      vae_trainer.py:975
         ssim=0.1500, mlw=0.0000, sds=0.0001                                    
INFO     [rank 0] Epoch 8: train_loss=0.029973               vae_trainer.py:1014
         val_loss=0.029557  val_VRMSE=0.097155  lr=5.00e-05                     
INFO     [rank 0] Metrics updated: metrics/metrics.csv,      vae_trainer.py:1040
         metrics/loss_curves.png                                                
INFO     [rank 0] Saved 12 validation reconstruction PNGs    vae_trainer.py:1254
         for epoch 8                                                            
INFO     [rank 0] Training state saved:                      vae_trainer.py:1429
         checkpoints/vae_shockwave_last.state.pt                                
INFO     [rank 0] Epoch 8 timing: train=2679.9s eval=118.0s  vae_trainer.py:1074
         viz=25.0s ckpt=6.8s total=2830.4s                                      
epoch 9 step 960  loss=0.039789  lr=5.00e-05  [rmse=0.0234 h1=0.0001 ssim=0.1134 mlw=0.0000]
epoch 9 step 970  loss=0.040871  lr=5.00e-05  [rmse=0.0185 h1=0.0001 ssim=0.0873 mlw=0.0000]
epoch 9 step 980  loss=0.036673  lr=5.00e-05  [rmse=0.0107 h1=0.0001 ssim=0.0524 mlw=0.0000]
epoch 9 step 990  loss=0.033225  lr=5.00e-05  [rmse=0.0068 h1=0.0000 ssim=0.0387 mlw=0.0000]
epoch 9 step 1000  loss=0.032265  lr=5.00e-05  [rmse=0.0141 h1=0.0001 ssim=0.0551 mlw=0.0000]
epoch 9 step 1010  loss=0.031739  lr=5.00e-05  [rmse=0.0102 h1=0.0001 ssim=0.0527 mlw=0.0000]
epoch 9 step 1020  loss=0.031277  lr=5.00e-05  [rmse=0.0235 h1=0.0002 ssim=0.0542 mlw=0.0000]
epoch 9 step 1030  loss=0.031097  lr=5.00e-05  [rmse=0.0136 h1=0.0001 ssim=0.0516 mlw=0.0000]
epoch 9 step 1040  loss=0.030375  lr=5.00e-05  [rmse=0.0155 h1=0.0001 ssim=0.0449 mlw=0.0000]
epoch 9 step 1050  loss=0.029948  lr=5.00e-05  [rmse=0.0096 h1=0.0001 ssim=0.0476 mlw=0.0000]
epoch 9 step 1060  loss=0.029767  lr=5.00e-05  [rmse=0.0153 h1=0.0001 ssim=0.0409 mlw=0.0000]
epoch 9 step 1070  loss=0.030049  lr=5.00e-05  [rmse=0.0069 h1=0.0000 ssim=0.0321 mlw=0.0000]
INFO     [rank 0] Loss weights: rmse=1.0000, h1=50.0000,      vae_trainer.py:975
         ssim=0.1500, mlw=0.0000, sds=0.0001                                    
INFO     [rank 0] Epoch 9: train_loss=0.030022               vae_trainer.py:1014
         val_loss=0.024228  val_VRMSE=0.080596  lr=5.00e-05                     
INFO     [rank 0] Metrics updated: metrics/metrics.csv,      vae_trainer.py:1040
         metrics/loss_curves.png                                                
INFO     [rank 0] New best checkpoint (epoch 9,              vae_trainer.py:1353
         val_vrmse=0.080596):                                                   
         checkpoints/vae_shockwave_best.safetensors                             
INFO     [rank 0] Training state saved:                      vae_trainer.py:1429
         checkpoints/vae_shockwave_last.state.pt                                
INFO     [rank 0] Epoch 9 timing: train=2682.9s eval=118.3s  vae_trainer.py:1074
         viz=0.0s ckpt=8.2s total=2809.9s                                       
epoch 10 step 1080  loss=0.021980  lr=5.00e-05  [rmse=0.0103 h1=0.0001 ssim=0.0433 mlw=0.0000]
epoch 10 step 1090  loss=0.027432  lr=5.00e-05  [rmse=0.0066 h1=0.0000 ssim=0.0389 mlw=0.0000]
epoch 10 step 1100  loss=0.028935  lr=5.00e-05  [rmse=0.0107 h1=0.0001 ssim=0.0467 mlw=0.0000]
epoch 10 step 1110  loss=0.029398  lr=5.00e-05  [rmse=0.0137 h1=0.0001 ssim=0.0550 mlw=0.0000]
epoch 10 step 1120  loss=0.029332  lr=5.00e-05  [rmse=0.0180 h1=0.0001 ssim=0.0556 mlw=0.0000]
epoch 10 step 1130  loss=0.029543  lr=5.00e-05  [rmse=0.0182 h1=0.0002 ssim=0.0437 mlw=0.0000]
epoch 10 step 1140  loss=0.029135  lr=5.00e-05  [rmse=0.0164 h1=0.0001 ssim=0.0569 mlw=0.0000]
epoch 10 step 1150  loss=0.029244  lr=5.00e-05  [rmse=0.0124 h1=0.0001 ssim=0.0578 mlw=0.0000]
epoch 10 step 1160  loss=0.029076  lr=5.00e-05  [rmse=0.0142 h1=0.0001 ssim=0.0496 mlw=0.0000]
epoch 10 step 1170  loss=0.029310  lr=5.00e-05  [rmse=0.0117 h1=0.0001 ssim=0.0436 mlw=0.0000]
epoch 10 step 1180  loss=0.029151  lr=5.00e-05  [rmse=0.0140 h1=0.0001 ssim=0.0338 mlw=0.0000]
epoch 10 step 1190  loss=0.029202  lr=5.00e-05  [rmse=0.0172 h1=0.0002 ssim=0.0492 mlw=0.0000]
INFO     [rank 0] Loss weights: rmse=1.0000, h1=50.0000,      vae_trainer.py:975
         ssim=0.1500, mlw=0.0000, sds=0.0001                                    
INFO     [rank 0] Epoch 10: train_loss=0.029202              vae_trainer.py:1014
         val_loss=0.025077  val_VRMSE=0.085843  lr=5.00e-05                     
INFO     [rank 0] Metrics updated: metrics/metrics.csv,      vae_trainer.py:1040
         metrics/loss_curves.png                                                
INFO     [rank 0] Training state saved:                      vae_trainer.py:1429
         checkpoints/vae_shockwave_last.state.pt                                
INFO     [rank 0] Epoch 10 timing: train=2681.1s eval=118.7s vae_trainer.py:1074
         viz=0.0s ckpt=7.2s total=2807.7s                                       
epoch 11 step 1200  loss=0.024931  lr=5.00e-05  [rmse=0.0110 h1=0.0001 ssim=0.0443 mlw=0.0000]
epoch 11 step 1210  loss=0.027845  lr=5.00e-05  [rmse=0.0205 h1=0.0003 ssim=0.0866 mlw=0.0000]
epoch 11 step 1220  loss=0.027474  lr=5.00e-05  [rmse=0.0096 h1=0.0000 ssim=0.0411 mlw=0.0000]
epoch 11 step 1230  loss=0.027058  lr=5.00e-05  [rmse=0.0145 h1=0.0001 ssim=0.0401 mlw=0.0000]
epoch 11 step 1240  loss=0.026863  lr=5.00e-05  [rmse=0.0138 h1=0.0001 ssim=0.0603 mlw=0.0000]
epoch 11 step 1250  loss=0.026940  lr=5.00e-05  [rmse=0.0139 h1=0.0001 ssim=0.0649 mlw=0.0000]
epoch 11 step 1260  loss=0.026701  lr=5.00e-05  [rmse=0.0081 h1=0.0000 ssim=0.0305 mlw=0.0000]
epoch 11 step 1270  loss=0.026236  lr=5.00e-05  [rmse=0.0136 h1=0.0001 ssim=0.0464 mlw=0.0000]
epoch 11 step 1280  loss=0.025822  lr=5.00e-05  [rmse=0.0107 h1=0.0001 ssim=0.0493 mlw=0.0000]
epoch 11 step 1290  loss=0.026071  lr=5.00e-05  [rmse=0.0107 h1=0.0001 ssim=0.0483 mlw=0.0000]
epoch 11 step 1300  loss=0.025982  lr=5.00e-05  [rmse=0.0133 h1=0.0001 ssim=0.0454 mlw=0.0000]
INFO     [rank 0] Loss weights: rmse=1.0000, h1=50.0000,      vae_trainer.py:975
         ssim=0.1500, mlw=0.0000, sds=0.0001                                    
INFO     [rank 0] Epoch 11: train_loss=0.025727              vae_trainer.py:1014
         val_loss=0.024232  val_VRMSE=0.079770  lr=5.00e-05                     
INFO     [rank 0] Metrics updated: metrics/metrics.csv,      vae_trainer.py:1040
         metrics/loss_curves.png                                                
INFO     [rank 0] New best checkpoint (epoch 11,             vae_trainer.py:1353
         val_vrmse=0.079770):                                                   
         checkpoints/vae_shockwave_best.safetensors                             
INFO     [rank 0] Training state saved:                      vae_trainer.py:1429
         checkpoints/vae_shockwave_last.state.pt                                
INFO     [rank 0] Epoch 11 timing: train=2683.7s eval=117.7s vae_trainer.py:1074
         viz=0.0s ckpt=8.6s total=2810.7s                                       
epoch 12 step 1310  loss=0.030450  lr=5.00e-05  [rmse=0.0142 h1=0.0002 ssim=0.0554 mlw=0.0000]
epoch 12 step 1320  loss=0.024762  lr=5.00e-05  [rmse=0.0127 h1=0.0001 ssim=0.0348 mlw=0.0000]
epoch 12 step 1330  loss=0.024303  lr=5.00e-05  [rmse=0.0105 h1=0.0001 ssim=0.0359 mlw=0.0000]
epoch 12 step 1340  loss=0.025351  lr=5.00e-05  [rmse=0.0182 h1=0.0001 ssim=0.0332 mlw=0.0000]
epoch 12 step 1350  loss=0.025533  lr=5.00e-05  [rmse=0.0097 h1=0.0000 ssim=0.0474 mlw=0.0000]
epoch 12 step 1360  loss=0.025893  lr=5.00e-05  [rmse=0.0186 h1=0.0002 ssim=0.0635 mlw=0.0000]
epoch 12 step 1370  loss=0.026803  lr=5.00e-05  [rmse=0.0262 h1=0.0001 ssim=0.0473 mlw=0.0000]
epoch 12 step 1380  loss=0.026931  lr=5.00e-05  [rmse=0.0119 h1=0.0001 ssim=0.0338 mlw=0.0000]
epoch 12 step 1390  loss=0.027578  lr=5.00e-05  [rmse=0.0160 h1=0.0002 ssim=0.0469 mlw=0.0000]
epoch 12 step 1400  loss=0.028537  lr=5.00e-05  [rmse=0.0101 h1=0.0000 ssim=0.0660 mlw=0.0000]
epoch 12 step 1410  loss=0.028770  lr=5.00e-05  [rmse=0.0185 h1=0.0002 ssim=0.0511 mlw=0.0000]
epoch 12 step 1420  loss=0.028630  lr=5.00e-05  [rmse=0.0112 h1=0.0001 ssim=0.0448 mlw=0.0000]
INFO     [rank 0] Loss weights: rmse=1.0000, h1=50.0000,      vae_trainer.py:975
         ssim=0.1500, mlw=0.0000, sds=0.0001                                    
INFO     [rank 0] Epoch 12: train_loss=0.028667              vae_trainer.py:1014
         val_loss=0.026276  val_VRMSE=0.085597  lr=5.00e-05                     
INFO     [rank 0] Metrics updated: metrics/metrics.csv,      vae_trainer.py:1040
         metrics/loss_curves.png                                                
INFO     [rank 0] Saved 12 validation reconstruction PNGs    vae_trainer.py:1254
         for epoch 12                                                           
INFO     [rank 0] Training state saved:                      vae_trainer.py:1429
         checkpoints/vae_shockwave_last.state.pt                                
INFO     [rank 0] Epoch 12 timing: train=2679.4s eval=118.5s vae_trainer.py:1074
         viz=26.2s ckpt=7.3s total=2832.0s                                      
epoch 13 step 1430  loss=0.018965  lr=5.00e-05  [rmse=0.0142 h1=0.0001 ssim=0.0361 mlw=0.0000]
epoch 13 step 1440  loss=0.025533  lr=5.00e-05  [rmse=0.0089 h1=0.0000 ssim=0.0411 mlw=0.0000]
epoch 13 step 1450  loss=0.029656  lr=5.00e-05  [rmse=0.0105 h1=0.0000 ssim=0.0562 mlw=0.0000]
epoch 13 step 1460  loss=0.028729  lr=5.00e-05  [rmse=0.0200 h1=0.0001 ssim=0.0495 mlw=0.0000]
epoch 13 step 1470  loss=0.027357  lr=5.00e-05  [rmse=0.0083 h1=0.0000 ssim=0.0240 mlw=0.0000]
epoch 13 step 1480  loss=0.027897  lr=5.00e-05  [rmse=0.0165 h1=0.0001 ssim=0.0525 mlw=0.0000]
epoch 13 step 1490  loss=0.028998  lr=5.00e-05  [rmse=0.0121 h1=0.0001 ssim=0.0456 mlw=0.0000]
epoch 13 step 1500  loss=0.028806  lr=5.00e-05  [rmse=0.0076 h1=0.0000 ssim=0.0231 mlw=0.0000]
epoch 13 step 1510  loss=0.028576  lr=5.00e-05  [rmse=0.0114 h1=0.0000 ssim=0.0480 mlw=0.0000]
epoch 13 step 1520  loss=0.028464  lr=5.00e-05  [rmse=0.0189 h1=0.0002 ssim=0.0805 mlw=0.0000]
epoch 13 step 1530  loss=0.028605  lr=5.00e-05  [rmse=0.0113 h1=0.0000 ssim=0.0586 mlw=0.0000]
epoch 13 step 1540  loss=0.028517  lr=5.00e-05  [rmse=0.0130 h1=0.0001 ssim=0.0550 mlw=0.0000]
INFO     [rank 0] Loss weights: rmse=1.0000, h1=50.0000,      vae_trainer.py:975
         ssim=0.1500, mlw=0.0000, sds=0.0001                                    
INFO     [rank 0] Epoch 13: train_loss=0.028540              vae_trainer.py:1014
         val_loss=0.024090  val_VRMSE=0.079450  lr=5.00e-05                     
INFO     [rank 0] Metrics updated: metrics/metrics.csv,      vae_trainer.py:1040
         metrics/loss_curves.png                                                
INFO     [rank 0] New best checkpoint (epoch 13,             vae_trainer.py:1353
         val_vrmse=0.079450):                                                   
         checkpoints/vae_shockwave_best.safetensors                             
INFO     [rank 0] Training state saved:                      vae_trainer.py:1429
         checkpoints/vae_shockwave_last.state.pt                                
INFO     [rank 0] Epoch 13 timing: train=2685.1s eval=117.9s vae_trainer.py:1074
         viz=0.0s ckpt=8.5s total=2812.2s                                       
epoch 14 step 1550  loss=0.019526  lr=5.00e-05  [rmse=0.0109 h1=0.0001 ssim=0.0473 mlw=0.0000]
epoch 14 step 1560  loss=0.021569  lr=5.00e-05  [rmse=0.0147 h1=0.0001 ssim=0.0454 mlw=0.0000]
epoch 14 step 1570  loss=0.022621  lr=5.00e-05  [rmse=0.0081 h1=0.0001 ssim=0.0309 mlw=0.0000]
epoch 14 step 1580  loss=0.022722  lr=5.00e-05  [rmse=0.0170 h1=0.0002 ssim=0.0622 mlw=0.0000]
epoch 14 step 1590  loss=0.024047  lr=5.00e-05  [rmse=0.0078 h1=0.0000 ssim=0.0401 mlw=0.0000]
epoch 14 step 1600  loss=0.024329  lr=5.00e-05  [rmse=0.0141 h1=0.0001 ssim=0.0470 mlw=0.0000]
epoch 14 step 1610  loss=0.024892  lr=5.00e-05  [rmse=0.0140 h1=0.0001 ssim=0.0487 mlw=0.0000]
epoch 14 step 1620  loss=0.025106  lr=5.00e-05  [rmse=0.0083 h1=0.0000 ssim=0.0427 mlw=0.0000]
epoch 14 step 1630  loss=0.025150  lr=5.00e-05  [rmse=0.0177 h1=0.0002 ssim=0.0480 mlw=0.0000]
epoch 14 step 1640  loss=0.025126  lr=5.00e-05  [rmse=0.0128 h1=0.0001 ssim=0.0452 mlw=0.0000]
epoch 14 step 1650  loss=0.025699  lr=5.00e-05  [rmse=0.0190 h1=0.0002 ssim=0.0785 mlw=0.0000]
epoch 14 step 1660  loss=0.025936  lr=5.00e-05  [rmse=0.0207 h1=0.0001 ssim=0.0573 mlw=0.0000]
INFO     [rank 0] Loss weights: rmse=1.0000, h1=50.0000,      vae_trainer.py:975
         ssim=0.1500, mlw=0.0000, sds=0.0001                                    
INFO     [rank 0] Epoch 14: train_loss=0.025722              vae_trainer.py:1014
         val_loss=0.026347  val_VRMSE=0.089295  lr=5.00e-05                     
INFO     [rank 0] Metrics updated: metrics/metrics.csv,      vae_trainer.py:1040
         metrics/loss_curves.png                                                
INFO     [rank 0] Training state saved:                      vae_trainer.py:1429
         checkpoints/vae_shockwave_last.state.pt                                
INFO     [rank 0] Epoch 14 timing: train=2681.9s eval=118.2s vae_trainer.py:1074
         viz=0.0s ckpt=6.9s total=2807.7s                                       
epoch 15 step 1670  loss=0.023164  lr=5.00e-05  [rmse=0.0110 h1=0.0001 ssim=0.0453 mlw=0.0000]
epoch 15 step 1680  loss=0.025235  lr=5.00e-05  [rmse=0.0235 h1=0.0001 ssim=0.0563 mlw=0.0000]
epoch 15 step 1690  loss=0.026970  lr=5.00e-05  [rmse=0.0128 h1=0.0001 ssim=0.0462 mlw=0.0000]
epoch 15 step 1700  loss=0.027189  lr=5.00e-05  [rmse=0.0118 h1=0.0001 ssim=0.0572 mlw=0.0000]
epoch 15 step 1710  loss=0.026632  lr=5.00e-05  [rmse=0.0145 h1=0.0001 ssim=0.0570 mlw=0.0000]
epoch 15 step 1720  loss=0.026749  lr=5.00e-05  [rmse=0.0221 h1=0.0001 ssim=0.0470 mlw=0.0000]
epoch 15 step 1730  loss=0.027945  lr=5.00e-05  [rmse=0.0119 h1=0.0000 ssim=0.0420 mlw=0.0000]
epoch 15 step 1740  loss=0.028196  lr=4.99e-05  [rmse=0.0128 h1=0.0000 ssim=0.0361 mlw=0.0000]
epoch 15 step 1750  loss=0.028443  lr=4.98e-05  [rmse=0.0120 h1=0.0001 ssim=0.0606 mlw=0.0000]
epoch 15 step 1760  loss=0.027923  lr=4.97e-05  [rmse=0.0088 h1=0.0001 ssim=0.0439 mlw=0.0000]
epoch 15 step 1770  loss=0.027847  lr=4.95e-05  [rmse=0.0080 h1=0.0000 ssim=0.0439 mlw=0.0000]
epoch 15 step 1780  loss=0.027714  lr=4.92e-05  [rmse=0.0105 h1=0.0001 ssim=0.0354 mlw=0.0000]
INFO     [rank 0] Loss weights: rmse=1.0000, h1=50.0000,      vae_trainer.py:975
         ssim=0.1500, mlw=0.0000, sds=0.0001                                    
INFO     [rank 0] Epoch 15: train_loss=0.027353              vae_trainer.py:1014
         val_loss=0.024181  val_VRMSE=0.078703  lr=4.90e-05                     
INFO     [rank 0] Metrics updated: metrics/metrics.csv,      vae_trainer.py:1040
         metrics/loss_curves.png                                                
INFO     [rank 0] New best checkpoint (epoch 15,             vae_trainer.py:1353
         val_vrmse=0.078703):                                                   
         checkpoints/vae_shockwave_best.safetensors                             
INFO     [rank 0] Training state saved:                      vae_trainer.py:1429
         checkpoints/vae_shockwave_last.state.pt                                
INFO     [rank 0] Epoch 15 timing: train=2817.0s eval=118.7s vae_trainer.py:1074
         viz=0.0s ckpt=8.0s total=2944.3s                                       
epoch 16 step 1790  loss=0.031233  lr=4.89e-05  [rmse=0.0185 h1=0.0002 ssim=0.0596 mlw=0.0000]
epoch 16 step 1800  loss=0.027308  lr=4.85e-05  [rmse=0.0115 h1=0.0001 ssim=0.0493 mlw=0.0000]
epoch 16 step 1810  loss=0.026984  lr=4.80e-05  [rmse=0.0113 h1=0.0001 ssim=0.0404 mlw=0.0000]
epoch 16 step 1820  loss=0.026023  lr=4.75e-05  [rmse=0.0131 h1=0.0001 ssim=0.0565 mlw=0.0000]
epoch 16 step 1830  loss=0.026267  lr=4.70e-05  [rmse=0.0138 h1=0.0002 ssim=0.0546 mlw=0.0000]
epoch 16 step 1840  loss=0.025796  lr=4.64e-05  [rmse=0.0109 h1=0.0001 ssim=0.0338 mlw=0.0000]
epoch 16 step 1850  loss=0.025761  lr=4.58e-05  [rmse=0.0076 h1=0.0000 ssim=0.0379 mlw=0.0000]
epoch 16 step 1860  loss=0.025415  lr=4.51e-05  [rmse=0.0124 h1=0.0001 ssim=0.0495 mlw=0.0000]
epoch 16 step 1870  loss=0.025385  lr=4.44e-05  [rmse=0.0157 h1=0.0001 ssim=0.0437 mlw=0.0000]
epoch 16 step 1880  loss=0.024709  lr=4.36e-05  [rmse=0.0099 h1=0.0001 ssim=0.0368 mlw=0.0000]
epoch 16 step 1890  loss=0.024732  lr=4.28e-05  [rmse=0.0061 h1=0.0000 ssim=0.0251 mlw=0.0000]
epoch 16 step 1900  loss=0.024403  lr=4.19e-05  [rmse=0.0145 h1=0.0002 ssim=0.0465 mlw=0.0000]
INFO     [rank 0] Loss weights: rmse=1.0000, h1=50.0000,      vae_trainer.py:975
         ssim=0.1500, mlw=0.0000, sds=0.0001                                    
INFO     [rank 0] Epoch 16: train_loss=0.024529              vae_trainer.py:1014
         val_loss=0.020647  val_VRMSE=0.067829  lr=4.16e-05                     
INFO     [rank 0] Metrics updated: metrics/metrics.csv,      vae_trainer.py:1040
         metrics/loss_curves.png                                                
INFO     [rank 0] Saved 12 validation reconstruction PNGs    vae_trainer.py:1254
         for epoch 16                                                           
INFO     [rank 0] New best checkpoint (epoch 16,             vae_trainer.py:1353
         val_vrmse=0.067829):                                                   
         checkpoints/vae_shockwave_best.safetensors                             
INFO     [rank 0] Training state saved:                      vae_trainer.py:1429
         checkpoints/vae_shockwave_last.state.pt                                
INFO     [rank 0] Epoch 16 timing: train=2685.2s eval=118.5s vae_trainer.py:1074
         viz=24.4s ckpt=8.4s total=2837.1s                                      
epoch 17 step 1910  loss=0.027022  lr=4.10e-05  [rmse=0.0158 h1=0.0002 ssim=0.0559 mlw=0.0000]
epoch 17 step 1920  loss=0.023240  lr=4.01e-05  [rmse=0.0098 h1=0.0001 ssim=0.0353 mlw=0.0000]
epoch 17 step 1930  loss=0.023928  lr=3.91e-05  [rmse=0.0116 h1=0.0001 ssim=0.0346 mlw=0.0000]
epoch 17 step 1940  loss=0.023072  lr=3.82e-05  [rmse=0.0099 h1=0.0001 ssim=0.0416 mlw=0.0000]
epoch 17 step 1950  loss=0.023023  lr=3.71e-05  [rmse=0.0120 h1=0.0001 ssim=0.0377 mlw=0.0000]
epoch 17 step 1960  loss=0.023359  lr=3.61e-05  [rmse=0.0149 h1=0.0002 ssim=0.0408 mlw=0.0000]
epoch 17 step 1970  loss=0.022633  lr=3.50e-05  [rmse=0.0155 h1=0.0002 ssim=0.0428 mlw=0.0000]
epoch 17 step 1980  loss=0.022236  lr=3.39e-05  [rmse=0.0097 h1=0.0001 ssim=0.0299 mlw=0.0000]
epoch 17 step 1990  loss=0.022053  lr=3.28e-05  [rmse=0.0141 h1=0.0002 ssim=0.0412 mlw=0.0000]
epoch 17 step 2000  loss=0.022024  lr=3.17e-05  [rmse=0.0099 h1=0.0001 ssim=0.0335 mlw=0.0000]
epoch 17 step 2010  loss=0.021762  lr=3.05e-05  [rmse=0.0094 h1=0.0001 ssim=0.0326 mlw=0.0000]
epoch 17 step 2020  loss=0.021760  lr=2.94e-05  [rmse=0.0077 h1=0.0001 ssim=0.0243 mlw=0.0000]
INFO     [rank 0] Loss weights: rmse=1.0000, h1=50.0000,      vae_trainer.py:975
         ssim=0.1500, mlw=0.0000, sds=0.0001                                    
INFO     [rank 0] Epoch 17: train_loss=0.021748              vae_trainer.py:1014
         val_loss=0.019171  val_VRMSE=0.061321  lr=2.90e-05                     
INFO     [rank 0] Metrics updated: metrics/metrics.csv,      vae_trainer.py:1040
         metrics/loss_curves.png                                                
INFO     [rank 0] New best checkpoint (epoch 17,             vae_trainer.py:1353
         val_vrmse=0.061321):                                                   
         checkpoints/vae_shockwave_best.safetensors                             
INFO     [rank 0] Training state saved:                      vae_trainer.py:1429
         checkpoints/vae_shockwave_last.state.pt                                
INFO     [rank 0] Epoch 17 timing: train=2685.9s eval=118.0s vae_trainer.py:1074
         viz=0.0s ckpt=8.4s total=2813.1s                                       
epoch 18 step 2030  loss=0.020407  lr=2.82e-05  [rmse=0.0098 h1=0.0001 ssim=0.0283 mlw=0.0000]
epoch 18 step 2040  loss=0.020190  lr=2.70e-05  [rmse=0.0094 h1=0.0001 ssim=0.0242 mlw=0.0000]
epoch 18 step 2050  loss=0.020471  lr=2.59e-05  [rmse=0.0113 h1=0.0001 ssim=0.0247 mlw=0.0000]
epoch 18 step 2060  loss=0.019958  lr=2.47e-05  [rmse=0.0127 h1=0.0001 ssim=0.0360 mlw=0.0000]
epoch 18 step 2070  loss=0.019726  lr=2.35e-05  [rmse=0.0110 h1=0.0001 ssim=0.0307 mlw=0.0000]
epoch 18 step 2080  loss=0.019505  lr=2.23e-05  [rmse=0.0066 h1=0.0001 ssim=0.0225 mlw=0.0000]
epoch 18 step 2090  loss=0.019494  lr=2.12e-05  [rmse=0.0098 h1=0.0001 ssim=0.0296 mlw=0.0000]
epoch 18 step 2100  loss=0.019516  lr=2.00e-05  [rmse=0.0144 h1=0.0002 ssim=0.0359 mlw=0.0000]
epoch 18 step 2110  loss=0.019436  lr=1.89e-05  [rmse=0.0128 h1=0.0002 ssim=0.0372 mlw=0.0000]
epoch 18 step 2120  loss=0.019932  lr=1.78e-05  [rmse=0.0121 h1=0.0002 ssim=0.0274 mlw=0.0000]
epoch 18 step 2130  loss=0.019839  lr=1.66e-05  [rmse=0.0108 h1=0.0001 ssim=0.0383 mlw=0.0000]
epoch 18 step 2140  loss=0.019635  lr=1.56e-05  [rmse=0.0063 h1=0.0000 ssim=0.0254 mlw=0.0000]
INFO     [rank 0] Loss weights: rmse=1.0000, h1=50.0000,      vae_trainer.py:975
         ssim=0.1500, mlw=0.0000, sds=0.0001                                    
INFO     [rank 0] Epoch 18: train_loss=0.019742              vae_trainer.py:1014
         val_loss=0.017920  val_VRMSE=0.056418  lr=1.53e-05                     
INFO     [rank 0] Metrics updated: metrics/metrics.csv,      vae_trainer.py:1040
         metrics/loss_curves.png                                                
INFO     [rank 0] New best checkpoint (epoch 18,             vae_trainer.py:1353
         val_vrmse=0.056418):                                                   
         checkpoints/vae_shockwave_best.safetensors                             
INFO     [rank 0] Training state saved:                      vae_trainer.py:1429
         checkpoints/vae_shockwave_last.state.pt                                
INFO     [rank 0] Epoch 18 timing: train=2682.7s eval=118.5s vae_trainer.py:1074
         viz=0.0s ckpt=8.1s total=2809.9s                                       
epoch 19 step 2150  loss=0.019096  lr=1.45e-05  [rmse=0.0116 h1=0.0001 ssim=0.0328 mlw=0.0000]
epoch 19 step 2160  loss=0.018485  lr=1.35e-05  [rmse=0.0074 h1=0.0001 ssim=0.0249 mlw=0.0000]
epoch 19 step 2170  loss=0.018620  lr=1.24e-05  [rmse=0.0047 h1=0.0000 ssim=0.0170 mlw=0.0000]
epoch 19 step 2180  loss=0.018415  lr=1.15e-05  [rmse=0.0066 h1=0.0000 ssim=0.0223 mlw=0.0000]
epoch 19 step 2190  loss=0.018420  lr=1.05e-05  [rmse=0.0121 h1=0.0002 ssim=0.0324 mlw=0.0000]
epoch 19 step 2200  loss=0.019351  lr=9.60e-06  [rmse=0.0126 h1=0.0002 ssim=0.0390 mlw=0.0000]
epoch 19 step 2210  loss=0.019024  lr=8.73e-06  [rmse=0.0063 h1=0.0000 ssim=0.0231 mlw=0.0000]
epoch 19 step 2220  loss=0.019358  lr=7.89e-06  [rmse=0.0112 h1=0.0001 ssim=0.0396 mlw=0.0000]
epoch 19 step 2230  loss=0.019017  lr=7.09e-06  [rmse=0.0042 h1=0.0000 ssim=0.0137 mlw=0.0000]
epoch 19 step 2240  loss=0.019100  lr=6.33e-06  [rmse=0.0059 h1=0.0000 ssim=0.0206 mlw=0.0000]
epoch 19 step 2250  loss=0.018874  lr=5.62e-06  [rmse=0.0167 h1=0.0002 ssim=0.0342 mlw=0.0000]
epoch 19 step 2260  loss=0.018822  lr=4.96e-06  [rmse=0.0063 h1=0.0001 ssim=0.0209 mlw=0.0000]
INFO     [rank 0] Loss weights: rmse=1.0000, h1=50.0000,      vae_trainer.py:975
         ssim=0.1500, mlw=0.0000, sds=0.0001                                    
INFO     [rank 0] Epoch 19: train_loss=0.018827              vae_trainer.py:1014
         val_loss=0.017556  val_VRMSE=0.055188  lr=4.90e-06                     
INFO     [rank 0] Metrics updated: metrics/metrics.csv,      vae_trainer.py:1040
         metrics/loss_curves.png                                                
INFO     [rank 0] New best checkpoint (epoch 19,             vae_trainer.py:1353
         val_vrmse=0.055188):                                                   
         checkpoints/vae_shockwave_best.safetensors                             
INFO     [rank 0] Training state saved:                      vae_trainer.py:1429
         checkpoints/vae_shockwave_last.state.pt                                
INFO     [rank 0] Epoch 19 timing: train=2686.7s eval=118.5s vae_trainer.py:1074
         viz=0.0s ckpt=8.5s total=2814.3s                                       
epoch 20 step 2270  loss=0.021462  lr=4.34e-06  [rmse=0.0110 h1=0.0001 ssim=0.0313 mlw=0.0000]
epoch 20 step 2280  loss=0.019406  lr=3.77e-06  [rmse=0.0038 h1=0.0000 ssim=0.0134 mlw=0.0000]
epoch 20 step 2290  loss=0.019735  lr=3.25e-06  [rmse=0.0088 h1=0.0001 ssim=0.0304 mlw=0.0000]
epoch 20 step 2300  loss=0.020694  lr=2.79e-06  [rmse=0.0132 h1=0.0002 ssim=0.0413 mlw=0.0000]
epoch 20 step 2310  loss=0.019727  lr=2.37e-06  [rmse=0.0053 h1=0.0000 ssim=0.0142 mlw=0.0000]
epoch 20 step 2320  loss=0.018936  lr=2.01e-06  [rmse=0.0169 h1=0.0003 ssim=0.0405 mlw=0.0000]
epoch 20 step 2330  loss=0.018564  lr=1.70e-06  [rmse=0.0098 h1=0.0001 ssim=0.0269 mlw=0.0000]
epoch 20 step 2340  loss=0.018489  lr=1.45e-06  [rmse=0.0070 h1=0.0001 ssim=0.0227 mlw=0.0000]
epoch 20 step 2350  loss=0.018244  lr=1.25e-06  [rmse=0.0091 h1=0.0001 ssim=0.0255 mlw=0.0000]
epoch 20 step 2360  loss=0.017874  lr=1.11e-06  [rmse=0.0116 h1=0.0002 ssim=0.0350 mlw=0.0000]
epoch 20 step 2370  loss=0.018144  lr=1.03e-06  [rmse=0.0077 h1=0.0001 ssim=0.0341 mlw=0.0000]
epoch 20 step 2380  loss=0.018242  lr=1.00e-06  [rmse=0.0088 h1=0.0001 ssim=0.0330 mlw=0.0000]
INFO     [rank 0] Loss weights: rmse=1.0000, h1=50.0000,      vae_trainer.py:975
         ssim=0.1500, mlw=0.0000, sds=0.0001                                    
INFO     [rank 0] Epoch 20: train_loss=0.018242              vae_trainer.py:1014
         val_loss=0.017466  val_VRMSE=0.054886  lr=1.00e-06                     
INFO     [rank 0] Metrics updated: metrics/metrics.csv,      vae_trainer.py:1040
         metrics/loss_curves.png                                                
INFO     [rank 0] Saved 12 validation reconstruction PNGs    vae_trainer.py:1254
         for epoch 20                                                           
INFO     [rank 0] New best checkpoint (epoch 20,             vae_trainer.py:1353
         val_vrmse=0.054886):                                                   
         checkpoints/vae_shockwave_best.safetensors                             
INFO     [rank 0] Training state saved:                      vae_trainer.py:1429
         checkpoints/vae_shockwave_last.state.pt                                
INFO     [rank 0] Epoch 20 timing: train=2697.3s eval=118.8s vae_trainer.py:1074
         viz=24.8s ckpt=8.3s total=2849.8s                                      
╭──────────────────────────────────────────────────────────────────────────────╮
╰──────────────────────────────────────────────────────────────────────────────╯INFO     [rank 0] Training state saved:                      vae_trainer.py:1429
         checkpoints/vae_shockwave_last.state.pt                                
INFO     [rank 0] Best epoch: 20 (val_vrmse=0.054886)        vae_trainer.py:1092
INFO     [rank 0] Run finished: removed                      vae_trainer.py:1110
         ['vae_shockwave_last.safetensors',                                     
         'vae_shockwave_last.state.pt'] (kept only                              
         vae_shockwave_best.safetensors)                                        

Training complete. Checkpoint: 
/hppfs/scratch/0D/go76fuz2/windinet/finetune_vae_outputs_sng_pvc/finetune_vae_wh
ole_structure_baseline_ep20_256res_sds_w0p0001/checkpoints/vae_shockwave_best.sa
fetensors
Mirrored (excl. checkpoints/) to finetune_vae_outputs/sng_pvc/finetune_vae_whole_structure_baseline_ep20_256res_sds_w0p0001
END TIME: Tue 22 Sep 2026 04:34:22 AM CEST
end_time=2026-09-22T04:34:22+02:00 elapsed=59603s
