START TIME: Wed 23 Sep 2026 02:38:08 PM CEST
job=543424 node=i20r03c04s06
start_time=2026-09-23T14:38:08+02:00
+-----------+--------------------------------------------------------------------------------------+
| Device ID | Device Information                                                                   |
+-----------+--------------------------------------------------------------------------------------+
| 0         | Device Name: Intel(R) Data Center GPU Max 1550                                       |
|           | Vendor Name: Intel(R) Corporation                                                    |
|           | SOC UUID: 00000000-0000-003a-0000-002f0bd58086                                       |
|           | PCI BDF Address: 0000:3a:00.0                                                        |
|           | DRM Device: /dev/dri/card0                                                           |
|           | Function Type: physical                                                              |
+-----------+--------------------------------------------------------------------------------------+
| 1         | Device Name: Intel(R) Data Center GPU Max 1550                                       |
|           | Vendor Name: Intel(R) Corporation                                                    |
|           | SOC UUID: 00000000-0000-004b-0000-002f0bd58086                                       |
|           | PCI BDF Address: 0000:4b:00.0                                                        |
|           | DRM Device: /dev/dri/card1                                                           |
|           | Function Type: physical                                                              |
+-----------+--------------------------------------------------------------------------------------+
| 2         | Device Name: Intel(R) Data Center GPU Max 1550                                       |
|           | Vendor Name: Intel(R) Corporation                                                    |
|           | SOC UUID: 00000000-0000-00ca-0000-002f0bd58086                                       |
|           | PCI BDF Address: 0000:ca:00.0                                                        |
|           | DRM Device: /dev/dri/card2                                                           |
|           | Function Type: physical                                                              |
+-----------+--------------------------------------------------------------------------------------+
| 3         | Device Name: Intel(R) Data Center GPU Max 1550                                       |
|           | Vendor Name: Intel(R) Corporation                                                    |
|           | SOC UUID: 00000000-0000-00da-0000-002f0bd58086                                       |
|           | PCI BDF Address: 0000:da:00.0                                                        |
|           | DRM Device: /dev/dri/card3                                                           |
|           | Function Type: physical                                                              |
+-----------+--------------------------------------------------------------------------------------+
MASTER_ADDR: i20r03c04s06  MASTER_PORT: 59529
8 XPU tiles x batch_size 4 x accum 1 -> effective batch 32; output_dir /hppfs/scratch/0D/go76fuz2/windinet/finetune_vae_outputs_sng_pvc/finetune_vae_ch6_lr_1e5_256res
INFO     [rank 0] Failed to extract font properties from    font_manager.py:1107
         /usr/share/fonts/truetype/Cantarell-VF.otf: Can                        
         not load face (SFNT font table missing; error code                     
         0x8e)                                                                  
INFO     [rank 4] Failed to extract font properties from    font_manager.py:1107
         /usr/share/fonts/truetype/Cantarell-VF.otf: Can                        
         not load face (SFNT font table missing; error code                     
         0x8e)                                                                  
INFO     [rank 2] Failed to extract font properties from    font_manager.py:1107
         /usr/share/fonts/truetype/Cantarell-VF.otf: Can                        
         not load face (SFNT font table missing; error code                     
         0x8e)                                                                  
INFO     [rank 4] generated new fontManager                 font_manager.py:1639
INFO     [rank 6] Failed to extract font properties from    font_manager.py:1107
         /usr/share/fonts/truetype/Cantarell-VF.otf: Can                        
         not load face (SFNT font table missing; error code                     
         0x8e)                                                                  
INFO     [rank 2] generated new fontManager                 font_manager.py:1639
INFO     [rank 1] Failed to extract font properties from    font_manager.py:1107
         /usr/share/fonts/truetype/Cantarell-VF.otf: Can                        
         not load face (SFNT font table missing; error code                     
         0x8e)                                                                  
INFO     [rank 3] Failed to extract font properties from    font_manager.py:1107
         /usr/share/fonts/truetype/Cantarell-VF.otf: Can                        
         not load face (SFNT font table missing; error code                     
         0x8e)                                                                  
INFO     [rank 5] Failed to extract font properties from    font_manager.py:1107
         /usr/share/fonts/truetype/Cantarell-VF.otf: Can                        
         not load face (SFNT font table missing; error code                     
         0x8e)                                                                  
INFO     [rank 7] Failed to extract font properties from    font_manager.py:1107
         /usr/share/fonts/truetype/Cantarell-VF.otf: Can                        
         not load face (SFNT font table missing; error code                     
         0x8e)                                                                  
INFO     [rank 6] generated new fontManager                 font_manager.py:1639
INFO     [rank 3] generated new fontManager                 font_manager.py:1639
INFO     [rank 0] generated new fontManager                 font_manager.py:1639
INFO     [rank 5] generated new fontManager                 font_manager.py:1639
INFO     [rank 1] generated new fontManager                 font_manager.py:1639
INFO     [rank 7] generated new fontManager                 font_manager.py:1639
                          VAE Finetuning Configuration                          
┏━━━━━━━━━━━━━━━━━━━━━━━━━━━━━━━━━━━━━━━┳━━━━━━━━━━━━━━━━━━━━━━━━━━━━━━━━━━━━━━┓
┃ Parameter                             ┃ Value                                ┃
┡━━━━━━━━━━━━━━━━━━━━━━━━━━━━━━━━━━━━━━━╇━━━━━━━━━━━━━━━━━━━━━━━━━━━━━━━━━━━━━━┩
│ model.model_source                    │ LTXV_2B_0.9.6_DEV                    │
│ model.load_checkpoint                 │ None                                 │
│ adapter.enabled                       │ True                                 │
│ adapter.checkpoint                    │ None                                 │
│ adapter.channels                      │ ['density', 'momentum_x',            │
│                                       │ 'momentum_y', 'pressure']            │
│ adapter.mode                          │ inflate                              │
│ adapter.inflate_init                  │ zeros                                │
│ adapter.inflate_copy_channel          │ None                                 │
│ adapter.freeze_conv_in                │ False                                │
│ adapter.unfreeze_encoder_trunk        │ True                                 │
│ adapter.hidden_channels               │ 32                                   │
│ adapter.activation                    │ gelu                                 │
│ adapter.identity_init                 │ False                                │
│ adapter.default_temb                  │ 0.0                                  │
│ data.data_root                        │ /hppfs/scratch/0D/go76fuz2/windinet… │
│ data.eval_sims                        │ 500                                  │
│ data.num_dataloader_workers           │ 4                                    │
│ data.num_sim_frames                   │ None                                 │
│ data.overfit_sims                     │ None                                 │
│ data.overfit_repeat                   │ 1                                    │
│ data.channel_mean                     │ [0.9050976477108856,                 │
│                                       │ 0.004045365949982484,                │
│                                       │ -0.0019089379638760548, 0.9          │
│ data.channel_std                      │ [0.6618199912434938,                 │
│                                       │ 0.5335233432828087,                  │
│                                       │ 0.5268940723644505, 0.8053303        │
│ data.normalization_stats_file         │ None                                 │
│ data.normalization_clip               │ 5.0                                  │
│ data.channel_order                    │ ['density', 'momentum_x',            │
│                                       │ 'momentum_y', 'pressure']            │
│ data.log_transform_channels           │ []                                   │
│ optimization.learning_rate            │ 1e-05                                │
│ optimization.min_learning_rate        │ 1e-06                                │
│ optimization.scheduler_type           │ cosine                               │
│ optimization.stable_fraction          │ 0.7                                  │
│ optimization.stable_end_epoch         │ None                                 │
│ optimization.plateau_factor           │ 0.5                                  │
│ optimization.plateau_patience         │ 3                                    │
│ optimization.plateau_threshold        │ 0.0001                               │
│ optimization.epochs                   │ 20                                   │
│ optimization.batch_size               │ 4                                    │
│ optimization.gradient_accumulation_s… │ 1                                    │
│ optimization.max_grad_norm            │ 5.0                                  │
│ optimization.weight_decay             │ 0.0                                  │
│ optimization.warmup_steps             │ 200                                  │
│ optimization.warmup_start_factor      │ 0.01                                 │
│ optimization.enable_gradient_checkpo… │ True                                 │
│ loss.wavelet                          │ db2                                  │
│ loss.spatial_level                    │ 2                                    │
│ loss.temporal_level                   │ 2                                    │
│ loss.mlw_beta                         │ 10.0                                 │
│ loss.mlw_eps                          │ 1e-06                                │
│ loss_weighting.strategy               │ fixed                                │
│ loss_weighting.weights                │ {'rmse': 1.0, 'h1': 50.0, 'ssim':    │
│                                       │ 0.15, 'mlw': 0.0}                    │
│ loss_weighting.loss_names             │ ['rmse', 'h1', 'ssim', 'mlw']        │
│ loss_weighting.alpha                  │ 1.5                                  │
│ loss_weighting.weight_lr              │ 0.025                                │
│ loss_weighting.temperature            │ 0.1                                  │
│ sds.enabled                           │ False                                │
│ sds.model_source                      │ LTXV_13B_097_DEV                     │
│ sds.dit_checkpoint                    │ None                                 │
│ sds.untrained_dit                     │ False                                │
│ sds.scalar_conditioning.enabled       │ True                                 │
│ sds.scalar_conditioning.scalar_names  │ ['gamma']                            │
│ sds.scalar_conditioning.scalar_ranges │ {'gamma': (1.0, 2.0)}                │
│ sds.scalar_conditioning.embedding_dim │ 4096                                 │
│ sds.scalar_conditioning.num_tokens_p… │ 4                                    │
│ sds.scalar_conditioning.fourier_feat… │ 64                                   │
│ sds.scalar_conditioning.mlp_hidden_d… │ 256                                  │
│ sds.scalar_conditioning.dropout       │ 0.1                                  │
│ sds.timestep_sampling_mode            │ shifted_logit_normal                 │
│ sds.timestep_sampling_params          │ {}                                   │
│ visualization.enabled                 │ True                                 │
│ visualization.interval_epochs         │ 4                                    │
│ visualization.num_samples             │ 3                                    │
│ visualization.frame_numbers           │ [25, 50, 75, 100]                    │
│ visualization.dpi                     │ 150                                  │
│ acceleration.mixed_precision_mode     │ bf16                                 │
│ acceleration.compile_with_inductor    │ False                                │
│ acceleration.compilation_mode         │ reduce-overhead                      │
│ checkpoints.interval                  │ 1                                    │
│ checkpoints.keep_last_n               │ 1                                    │
│ checkpoints.save_best_only            │ True                                 │
│ checkpoints.best_metric               │ val_vrmse                            │
│ checkpoints.save_last_state           │ True                                 │
│ checkpoints.save_epochs               │ []                                   │
│ wandb.enabled                         │ False                                │
│ wandb.project                         │ windinet                             │
│ wandb.entity                          │ None                                 │
│ wandb.tags                            │ ['vae', 'inflate', 'zeros-init',     │
│                                       │ 'cosine', '20ep', 'lr0.2x',          │
│                                       │ 'shockwav                            │
│ seed                                  │ 42                                   │
│ output_dir                            │ /hppfs/scratch/0D/go76fuz2/windinet… │
│ clean_output_dir                      │ True                                 │
│ resume_from                           │ None                                 │
│ resume_weights_only                   │ False                                │
└───────────────────────────────────────┴──────────────────────────────────────┘
INFO     [rank 0] Distributed training: 8 processes          vae_trainer.py:1475
INFO     [rank 0] VAE inflated to 4 native channels           vae_trainer.py:206
         (init=zeros); encoder.conv_in is trainable                             
INFO     [rank 0] Encoder extra modules UNFROZEN:             vae_trainer.py:263
         down_blocks[0, 1, 2] + tail                                            
         (down_blocks[-1]+mid_block+norm_out+conv_out)                          
INFO     [rank 0] VAE gradient checkpointing enabled          vae_trainer.py:274
INFO     [rank 0] VAE loaded. Decoder params: 552,869,953     vae_trainer.py:280
INFO     [rank 0] Trainable parameters:                       vae_trainer.py:351
         encoder_conv_in=221,312, encoder_extra=693,932,865,                    
         decoder=552,869,953, in_adapter=0, out_adapter=0                       
INFO     [rank 0] Dataset: 4000 train, 500 eval samples       vae_trainer.py:615
INFO     [rank 0] encoder.conv_in LR = 1.00e-05 (== decoder   vae_trainer.py:639
         LR)                                                                    
INFO     [rank 0] encoder extra (down_blocks[0, 1, 2]+tail)   vae_trainer.py:650
         LR = 1.00e-05 (== decoder LR)                                          
INFO     [rank 0] LR schedule 'cosine': 2500 steps (200       vae_trainer.py:741
         warmup, 0 stable, 2300 anneal), peak 1.00e-05 ->                       
         floor 1.00e-06                                                         
2026:09:23-14:48:29:142113 |CCL_WARN| value of CCL_ATL_TRANSPORT changed to be ofi (default:mpi)
2026:09:23-14:48:30:142113 |CCL_WARN| value of CCL_ALLREDUCE changed to be ring (default:)
2026:09:23-14:48:30:142114 |CCL_WARN| could not get local_idx/count from environment variables, trying to get them from ATL
2026:09:23-14:48:30:142115 |CCL_WARN| could not get local_idx/count from environment variables, trying to get them from ATL
2026:09:23-14:48:30:142116 |CCL_WARN| could not get local_idx/count from environment variables, trying to get them from ATL
2026:09:23-14:48:30:142117 |CCL_WARN| could not get local_idx/count from environment variables, trying to get them from ATL
2026:09:23-14:48:30:142113 |CCL_WARN| could not get local_idx/count from environment variables, trying to get them from ATL
2026:09:23-14:48:30:142118 |CCL_WARN| could not get local_idx/count from environment variables, trying to get them from ATL
2026:09:23-14:48:30:142119 |CCL_WARN| could not get local_idx/count from environment variables, trying to get them from ATL
2026:09:23-14:48:30:142120 |CCL_WARN| could not get local_idx/count from environment variables, trying to get them from ATL
INFO     [rank 0] Config saved:                              vae_trainer.py:1507
         /hppfs/scratch/0D/go76fuz2/windinet/finetune_vae_ou                    
         tputs_sng_pvc/finetune_vae_ch6_lr_1e5_256res/traini                    
         ng_config.yaml                                                         
INFO     [rank 0] Starting VAE decoder finetuning...          vae_trainer.py:795
epoch 1 step 10  loss=0.144631  lr=5.95e-07  [rmse=0.0655 h1=0.0001 ssim=0.2610 mlw=0.0000]
epoch 1 step 20  loss=0.144563  lr=1.09e-06  [rmse=0.1408 h1=0.0001 ssim=0.2586 mlw=0.0000]
epoch 1 step 30  loss=0.132948  lr=1.59e-06  [rmse=0.0911 h1=0.0003 ssim=0.2809 mlw=0.0000]
epoch 1 step 40  loss=0.136120  lr=2.08e-06  [rmse=0.1662 h1=0.0004 ssim=0.2716 mlw=0.0000]
epoch 1 step 50  loss=0.128315  lr=2.58e-06  [rmse=0.0454 h1=0.0001 ssim=0.2355 mlw=0.0000]
epoch 1 step 60  loss=0.123580  lr=3.07e-06  [rmse=0.1139 h1=0.0001 ssim=0.2247 mlw=0.0000]
epoch 1 step 70  loss=0.122553  lr=3.57e-06  [rmse=0.1169 h1=0.0006 ssim=0.2846 mlw=0.0000]
epoch 1 step 80  loss=0.118299  lr=4.06e-06  [rmse=0.0309 h1=0.0001 ssim=0.1754 mlw=0.0000]
epoch 1 step 90  loss=0.117122  lr=4.56e-06  [rmse=0.0720 h1=0.0003 ssim=0.1949 mlw=0.0000]
epoch 1 step 100  loss=0.111455  lr=5.05e-06  [rmse=0.0247 h1=0.0002 ssim=0.1218 mlw=0.0000]
epoch 1 step 110  loss=0.106891  lr=5.55e-06  [rmse=0.0246 h1=0.0001 ssim=0.0908 mlw=0.0000]
epoch 1 step 120  loss=0.101772  lr=6.04e-06  [rmse=0.0285 h1=0.0003 ssim=0.0979 mlw=0.0000]
INFO     [rank 0] Loss weights: rmse=1.0000, h1=50.0000,      vae_trainer.py:975
         ssim=0.1500, mlw=0.0000                                                
INFO     [rank 0] Epoch 1: train_loss=0.099760               vae_trainer.py:1014
         val_loss=0.042731  val_VRMSE=0.142772  lr=6.29e-06                     
INFO     [rank 0] Metrics updated: metrics/metrics.csv,      vae_trainer.py:1040
         metrics/loss_curves.png                                                
INFO     [rank 0] New best checkpoint (epoch 1,              vae_trainer.py:1353
         val_vrmse=0.142772):                                                   
         checkpoints/vae_shockwave_best.safetensors                             
INFO     [rank 0] Training state saved:                      vae_trainer.py:1429
         checkpoints/vae_shockwave_last.state.pt                                
INFO     [rank 0] Epoch 1 timing: train=2708.6s eval=75.9s   vae_trainer.py:1074
         viz=0.0s ckpt=11.8s total=2797.1s                                      
epoch 2 step 130  loss=0.055691  lr=6.54e-06  [rmse=0.0216 h1=0.0001 ssim=0.0628 mlw=0.0000]
epoch 2 step 140  loss=0.049359  lr=7.03e-06  [rmse=0.0459 h1=0.0007 ssim=0.1578 mlw=0.0000]
epoch 2 step 150  loss=0.049623  lr=7.52e-06  [rmse=0.0225 h1=0.0002 ssim=0.0945 mlw=0.0000]
epoch 2 step 160  loss=0.046354  lr=8.02e-06  [rmse=0.0116 h1=0.0001 ssim=0.0486 mlw=0.0000]
epoch 2 step 170  loss=0.045819  lr=8.52e-06  [rmse=0.0171 h1=0.0001 ssim=0.1183 mlw=0.0000]
epoch 2 step 180  loss=0.045686  lr=9.01e-06  [rmse=0.0262 h1=0.0003 ssim=0.1092 mlw=0.0000]
epoch 2 step 190  loss=0.045943  lr=9.51e-06  [rmse=0.0155 h1=0.0001 ssim=0.0574 mlw=0.0000]
epoch 2 step 200  loss=0.045389  lr=1.00e-05  [rmse=0.0185 h1=0.0002 ssim=0.0687 mlw=0.0000]
epoch 2 step 210  loss=0.043957  lr=1.00e-05  [rmse=0.0118 h1=0.0001 ssim=0.0606 mlw=0.0000]
epoch 2 step 220  loss=0.043042  lr=1.00e-05  [rmse=0.0168 h1=0.0002 ssim=0.0651 mlw=0.0000]
epoch 2 step 230  loss=0.042188  lr=1.00e-05  [rmse=0.0142 h1=0.0001 ssim=0.0571 mlw=0.0000]
epoch 2 step 240  loss=0.041946  lr=9.99e-06  [rmse=0.0183 h1=0.0001 ssim=0.0885 mlw=0.0000]
epoch 2 step 250  loss=0.042112  lr=9.99e-06  [rmse=0.0108 h1=0.0000 ssim=0.0824 mlw=0.0000]
INFO     [rank 0] Loss weights: rmse=1.0000, h1=50.0000,      vae_trainer.py:975
         ssim=0.1500, mlw=0.0000                                                
INFO     [rank 0] Epoch 2: train_loss=0.042112               vae_trainer.py:1014
         val_loss=0.037861  val_VRMSE=0.130474  lr=9.99e-06                     
INFO     [rank 0] Metrics updated: metrics/metrics.csv,      vae_trainer.py:1040
         metrics/loss_curves.png                                                
INFO     [rank 0] New best checkpoint (epoch 2,              vae_trainer.py:1353
         val_vrmse=0.130474):                                                   
         checkpoints/vae_shockwave_best.safetensors                             
INFO     [rank 0] Training state saved:                      vae_trainer.py:1429
         checkpoints/vae_shockwave_last.state.pt                                
INFO     [rank 0] Epoch 2 timing: train=2689.7s eval=76.2s   vae_trainer.py:1074
         viz=0.0s ckpt=9.5s total=2775.9s                                       
epoch 3 step 260  loss=0.035402  lr=9.98e-06  [rmse=0.0217 h1=0.0002 ssim=0.0942 mlw=0.0000]
epoch 3 step 270  loss=0.035174  lr=9.98e-06  [rmse=0.0144 h1=0.0001 ssim=0.0797 mlw=0.0000]
epoch 3 step 280  loss=0.035428  lr=9.97e-06  [rmse=0.0133 h1=0.0001 ssim=0.0732 mlw=0.0000]
epoch 3 step 290  loss=0.036379  lr=9.97e-06  [rmse=0.0142 h1=0.0001 ssim=0.0945 mlw=0.0000]
epoch 3 step 300  loss=0.035966  lr=9.96e-06  [rmse=0.0160 h1=0.0002 ssim=0.0593 mlw=0.0000]
epoch 3 step 310  loss=0.036020  lr=9.95e-06  [rmse=0.0225 h1=0.0002 ssim=0.0628 mlw=0.0000]
epoch 3 step 320  loss=0.035476  lr=9.94e-06  [rmse=0.0208 h1=0.0002 ssim=0.0792 mlw=0.0000]
epoch 3 step 330  loss=0.035288  lr=9.93e-06  [rmse=0.0248 h1=0.0003 ssim=0.1074 mlw=0.0000]
epoch 3 step 340  loss=0.036067  lr=9.92e-06  [rmse=0.0238 h1=0.0002 ssim=0.1032 mlw=0.0000]
epoch 3 step 350  loss=0.036733  lr=9.91e-06  [rmse=0.0251 h1=0.0002 ssim=0.1161 mlw=0.0000]
epoch 3 step 360  loss=0.037090  lr=9.89e-06  [rmse=0.0116 h1=0.0001 ssim=0.0557 mlw=0.0000]
epoch 3 step 370  loss=0.036770  lr=9.88e-06  [rmse=0.0162 h1=0.0001 ssim=0.0766 mlw=0.0000]
INFO     [rank 0] Loss weights: rmse=1.0000, h1=50.0000,      vae_trainer.py:975
         ssim=0.1500, mlw=0.0000                                                
INFO     [rank 0] Epoch 3: train_loss=0.036521               vae_trainer.py:1014
         val_loss=0.032002  val_VRMSE=0.107372  lr=9.87e-06                     
INFO     [rank 0] Metrics updated: metrics/metrics.csv,      vae_trainer.py:1040
         metrics/loss_curves.png                                                
INFO     [rank 0] New best checkpoint (epoch 3,              vae_trainer.py:1353
         val_vrmse=0.107372):                                                   
         checkpoints/vae_shockwave_best.safetensors                             
INFO     [rank 0] Training state saved:                      vae_trainer.py:1429
         checkpoints/vae_shockwave_last.state.pt                                
INFO     [rank 0] Epoch 3 timing: train=2687.2s eval=76.2s   vae_trainer.py:1074
         viz=0.0s ckpt=8.8s total=2772.7s                                       
epoch 4 step 380  loss=0.032500  lr=9.86e-06  [rmse=0.0125 h1=0.0001 ssim=0.0508 mlw=0.0000]
epoch 4 step 390  loss=0.035114  lr=9.85e-06  [rmse=0.0200 h1=0.0003 ssim=0.0777 mlw=0.0000]
epoch 4 step 400  loss=0.033532  lr=9.83e-06  [rmse=0.0129 h1=0.0001 ssim=0.0651 mlw=0.0000]
epoch 4 step 410  loss=0.032779  lr=9.82e-06  [rmse=0.0191 h1=0.0002 ssim=0.0892 mlw=0.0000]
epoch 4 step 420  loss=0.032630  lr=9.80e-06  [rmse=0.0121 h1=0.0001 ssim=0.0611 mlw=0.0000]
epoch 4 step 430  loss=0.032415  lr=9.78e-06  [rmse=0.0258 h1=0.0003 ssim=0.0667 mlw=0.0000]
epoch 4 step 440  loss=0.032106  lr=9.76e-06  [rmse=0.0162 h1=0.0001 ssim=0.0684 mlw=0.0000]
epoch 4 step 450  loss=0.032201  lr=9.74e-06  [rmse=0.0121 h1=0.0001 ssim=0.0491 mlw=0.0000]
epoch 4 step 460  loss=0.031773  lr=9.72e-06  [rmse=0.0078 h1=0.0000 ssim=0.0304 mlw=0.0000]
epoch 4 step 470  loss=0.031669  lr=9.70e-06  [rmse=0.0216 h1=0.0002 ssim=0.0702 mlw=0.0000]
epoch 4 step 480  loss=0.031815  lr=9.67e-06  [rmse=0.0142 h1=0.0001 ssim=0.0593 mlw=0.0000]
epoch 4 step 490  loss=0.031097  lr=9.65e-06  [rmse=0.0136 h1=0.0001 ssim=0.0493 mlw=0.0000]
epoch 4 step 500  loss=0.030681  lr=9.63e-06  [rmse=0.0085 h1=0.0000 ssim=0.0333 mlw=0.0000]
INFO     [rank 0] Loss weights: rmse=1.0000, h1=50.0000,      vae_trainer.py:975
         ssim=0.1500, mlw=0.0000                                                
INFO     [rank 0] Epoch 4: train_loss=0.030681               vae_trainer.py:1014
         val_loss=0.026540  val_VRMSE=0.088632  lr=9.63e-06                     
INFO     [rank 0] Metrics updated: metrics/metrics.csv,      vae_trainer.py:1040
         metrics/loss_curves.png                                                
INFO     [rank 0] Saved 12 validation reconstruction PNGs    vae_trainer.py:1254
         for epoch 4                                                            
INFO     [rank 0] New best checkpoint (epoch 4,              vae_trainer.py:1353
         val_vrmse=0.088632):                                                   
         checkpoints/vae_shockwave_best.safetensors                             
INFO     [rank 0] Training state saved:                      vae_trainer.py:1429
         checkpoints/vae_shockwave_last.state.pt                                
INFO     [rank 0] Epoch 4 timing: train=2688.2s eval=76.1s   vae_trainer.py:1074
         viz=23.2s ckpt=8.8s total=2796.8s                                      
epoch 5 step 510  loss=0.029745  lr=9.60e-06  [rmse=0.0194 h1=0.0003 ssim=0.0570 mlw=0.0000]
epoch 5 step 520  loss=0.033876  lr=9.58e-06  [rmse=0.0187 h1=0.0003 ssim=0.0595 mlw=0.0000]
epoch 5 step 530  loss=0.029093  lr=9.55e-06  [rmse=0.0088 h1=0.0001 ssim=0.0354 mlw=0.0000]
epoch 5 step 540  loss=0.027697  lr=9.52e-06  [rmse=0.0108 h1=0.0001 ssim=0.0388 mlw=0.0000]
epoch 5 step 550  loss=0.027685  lr=9.50e-06  [rmse=0.0132 h1=0.0001 ssim=0.0428 mlw=0.0000]
epoch 5 step 560  loss=0.028030  lr=9.47e-06  [rmse=0.0191 h1=0.0002 ssim=0.0489 mlw=0.0000]
epoch 5 step 570  loss=0.028270  lr=9.44e-06  [rmse=0.0116 h1=0.0001 ssim=0.0447 mlw=0.0000]
epoch 5 step 580  loss=0.028880  lr=9.41e-06  [rmse=0.0173 h1=0.0002 ssim=0.0817 mlw=0.0000]
epoch 5 step 590  loss=0.028664  lr=9.38e-06  [rmse=0.0133 h1=0.0001 ssim=0.0769 mlw=0.0000]
epoch 5 step 600  loss=0.029149  lr=9.34e-06  [rmse=0.0191 h1=0.0002 ssim=0.0924 mlw=0.0000]
epoch 5 step 610  loss=0.029631  lr=9.31e-06  [rmse=0.0285 h1=0.0004 ssim=0.1162 mlw=0.0000]
epoch 5 step 620  loss=0.029547  lr=9.28e-06  [rmse=0.0133 h1=0.0001 ssim=0.0475 mlw=0.0000]
INFO     [rank 0] Loss weights: rmse=1.0000, h1=50.0000,      vae_trainer.py:975
         ssim=0.1500, mlw=0.0000                                                
INFO     [rank 0] Epoch 5: train_loss=0.029675               vae_trainer.py:1014
         val_loss=0.031183  val_VRMSE=0.102925  lr=9.26e-06                     
INFO     [rank 0] Metrics updated: metrics/metrics.csv,      vae_trainer.py:1040
         metrics/loss_curves.png                                                
INFO     [rank 0] Training state saved:                      vae_trainer.py:1429
         checkpoints/vae_shockwave_last.state.pt                                
INFO     [rank 0] Epoch 5 timing: train=2688.9s eval=76.5s   vae_trainer.py:1074
         viz=0.0s ckpt=7.8s total=2773.7s                                       
epoch 6 step 630  loss=0.036369  lr=9.25e-06  [rmse=0.0256 h1=0.0002 ssim=0.0798 mlw=0.0000]
epoch 6 step 640  loss=0.032173  lr=9.21e-06  [rmse=0.0127 h1=0.0001 ssim=0.0583 mlw=0.0000]
epoch 6 step 650  loss=0.031883  lr=9.18e-06  [rmse=0.0203 h1=0.0003 ssim=0.0849 mlw=0.0000]
epoch 6 step 660  loss=0.032748  lr=9.14e-06  [rmse=0.0185 h1=0.0002 ssim=0.0825 mlw=0.0000]
epoch 6 step 670  loss=0.032181  lr=9.10e-06  [rmse=0.0144 h1=0.0001 ssim=0.0580 mlw=0.0000]
epoch 6 step 680  loss=0.031825  lr=9.07e-06  [rmse=0.0178 h1=0.0003 ssim=0.0704 mlw=0.0000]
epoch 6 step 690  loss=0.031395  lr=9.03e-06  [rmse=0.0143 h1=0.0001 ssim=0.0345 mlw=0.0000]
epoch 6 step 700  loss=0.030724  lr=8.99e-06  [rmse=0.0079 h1=0.0000 ssim=0.0335 mlw=0.0000]
epoch 6 step 710  loss=0.030400  lr=8.95e-06  [rmse=0.0068 h1=0.0000 ssim=0.0274 mlw=0.0000]
epoch 6 step 720  loss=0.030360  lr=8.91e-06  [rmse=0.0193 h1=0.0002 ssim=0.0628 mlw=0.0000]
epoch 6 step 730  loss=0.029962  lr=8.87e-06  [rmse=0.0157 h1=0.0002 ssim=0.0486 mlw=0.0000]
epoch 6 step 740  loss=0.030391  lr=8.83e-06  [rmse=0.0144 h1=0.0001 ssim=0.0420 mlw=0.0000]
epoch 6 step 750  loss=0.030309  lr=8.79e-06  [rmse=0.0101 h1=0.0001 ssim=0.0466 mlw=0.0000]
INFO     [rank 0] Loss weights: rmse=1.0000, h1=50.0000,      vae_trainer.py:975
         ssim=0.1500, mlw=0.0000                                                
INFO     [rank 0] Epoch 6: train_loss=0.030309               vae_trainer.py:1014
         val_loss=0.026670  val_VRMSE=0.088947  lr=8.79e-06                     
INFO     [rank 0] Metrics updated: metrics/metrics.csv,      vae_trainer.py:1040
         metrics/loss_curves.png                                                
INFO     [rank 0] Training state saved:                      vae_trainer.py:1429
         checkpoints/vae_shockwave_last.state.pt                                
INFO     [rank 0] Epoch 6 timing: train=2689.6s eval=76.4s   vae_trainer.py:1074
         viz=0.0s ckpt=17.9s total=2784.5s                                      
epoch 7 step 760  loss=0.027634  lr=8.75e-06  [rmse=0.0173 h1=0.0002 ssim=0.0660 mlw=0.0000]
epoch 7 step 770  loss=0.027968  lr=8.70e-06  [rmse=0.0208 h1=0.0001 ssim=0.0558 mlw=0.0000]
epoch 7 step 780  loss=0.027317  lr=8.66e-06  [rmse=0.0123 h1=0.0001 ssim=0.0423 mlw=0.0000]
epoch 7 step 790  loss=0.028616  lr=8.62e-06  [rmse=0.0114 h1=0.0001 ssim=0.0393 mlw=0.0000]
epoch 7 step 800  loss=0.026984  lr=8.57e-06  [rmse=0.0084 h1=0.0000 ssim=0.0318 mlw=0.0000]
epoch 7 step 810  loss=0.025731  lr=8.53e-06  [rmse=0.0086 h1=0.0001 ssim=0.0429 mlw=0.0000]
epoch 7 step 820  loss=0.026231  lr=8.48e-06  [rmse=0.0121 h1=0.0001 ssim=0.0500 mlw=0.0000]
epoch 7 step 830  loss=0.025925  lr=8.43e-06  [rmse=0.0114 h1=0.0001 ssim=0.0497 mlw=0.0000]
epoch 7 step 840  loss=0.025999  lr=8.39e-06  [rmse=0.0066 h1=0.0000 ssim=0.0337 mlw=0.0000]
epoch 7 step 850  loss=0.026605  lr=8.34e-06  [rmse=0.0128 h1=0.0001 ssim=0.0386 mlw=0.0000]
epoch 7 step 860  loss=0.026298  lr=8.29e-06  [rmse=0.0066 h1=0.0000 ssim=0.0279 mlw=0.0000]
epoch 7 step 870  loss=0.026717  lr=8.24e-06  [rmse=0.0203 h1=0.0002 ssim=0.0491 mlw=0.0000]
INFO     [rank 0] Loss weights: rmse=1.0000, h1=50.0000,      vae_trainer.py:975
         ssim=0.1500, mlw=0.0000                                                
INFO     [rank 0] Epoch 7: train_loss=0.026779               vae_trainer.py:1014
         val_loss=0.025854  val_VRMSE=0.085610  lr=8.22e-06                     
INFO     [rank 0] Metrics updated: metrics/metrics.csv,      vae_trainer.py:1040
         metrics/loss_curves.png                                                
INFO     [rank 0] New best checkpoint (epoch 7,              vae_trainer.py:1353
         val_vrmse=0.085610):                                                   
         checkpoints/vae_shockwave_best.safetensors                             
INFO     [rank 0] Training state saved:                      vae_trainer.py:1429
         checkpoints/vae_shockwave_last.state.pt                                
INFO     [rank 0] Epoch 7 timing: train=2689.4s eval=76.3s   vae_trainer.py:1074
         viz=0.0s ckpt=8.6s total=2774.9s                                       
epoch 8 step 880  loss=0.024751  lr=8.19e-06  [rmse=0.0102 h1=0.0001 ssim=0.0379 mlw=0.0000]
epoch 8 step 890  loss=0.023240  lr=8.15e-06  [rmse=0.0167 h1=0.0002 ssim=0.0602 mlw=0.0000]
epoch 8 step 900  loss=0.024945  lr=8.10e-06  [rmse=0.0179 h1=0.0002 ssim=0.0579 mlw=0.0000]
epoch 8 step 910  loss=0.025451  lr=8.04e-06  [rmse=0.0078 h1=0.0000 ssim=0.0324 mlw=0.0000]
epoch 8 step 920  loss=0.026021  lr=7.99e-06  [rmse=0.0121 h1=0.0001 ssim=0.0414 mlw=0.0000]
epoch 8 step 930  loss=0.024806  lr=7.94e-06  [rmse=0.0052 h1=0.0000 ssim=0.0249 mlw=0.0000]
epoch 8 step 940  loss=0.025260  lr=7.89e-06  [rmse=0.0144 h1=0.0002 ssim=0.0464 mlw=0.0000]
epoch 8 step 950  loss=0.025983  lr=7.84e-06  [rmse=0.0171 h1=0.0002 ssim=0.0540 mlw=0.0000]
epoch 8 step 960  loss=0.026210  lr=7.79e-06  [rmse=0.0163 h1=0.0002 ssim=0.0542 mlw=0.0000]
epoch 8 step 970  loss=0.026329  lr=7.73e-06  [rmse=0.0112 h1=0.0001 ssim=0.0449 mlw=0.0000]
epoch 8 step 980  loss=0.026431  lr=7.68e-06  [rmse=0.0100 h1=0.0001 ssim=0.0377 mlw=0.0000]
epoch 8 step 990  loss=0.026510  lr=7.62e-06  [rmse=0.0136 h1=0.0001 ssim=0.0363 mlw=0.0000]
epoch 8 step 1000  loss=0.026438  lr=7.57e-06  [rmse=0.0130 h1=0.0001 ssim=0.0376 mlw=0.0000]
INFO     [rank 0] Loss weights: rmse=1.0000, h1=50.0000,      vae_trainer.py:975
         ssim=0.1500, mlw=0.0000                                                
INFO     [rank 0] Epoch 8: train_loss=0.026438               vae_trainer.py:1014
         val_loss=0.023027  val_VRMSE=0.075637  lr=7.57e-06                     
INFO     [rank 0] Metrics updated: metrics/metrics.csv,      vae_trainer.py:1040
         metrics/loss_curves.png                                                
INFO     [rank 0] Saved 12 validation reconstruction PNGs    vae_trainer.py:1254
         for epoch 8                                                            
INFO     [rank 0] New best checkpoint (epoch 8,              vae_trainer.py:1353
         val_vrmse=0.075637):                                                   
         checkpoints/vae_shockwave_best.safetensors                             
INFO     [rank 0] Training state saved:                      vae_trainer.py:1429
         checkpoints/vae_shockwave_last.state.pt                                
INFO     [rank 0] Epoch 8 timing: train=2688.0s eval=76.1s   vae_trainer.py:1074
         viz=24.2s ckpt=8.3s total=2797.1s                                      
epoch 9 step 1010  loss=0.028055  lr=7.52e-06  [rmse=0.0093 h1=0.0001 ssim=0.0274 mlw=0.0000]
epoch 9 step 1020  loss=0.025802  lr=7.46e-06  [rmse=0.0114 h1=0.0001 ssim=0.0357 mlw=0.0000]
epoch 9 step 1030  loss=0.024333  lr=7.40e-06  [rmse=0.0105 h1=0.0001 ssim=0.0340 mlw=0.0000]
epoch 9 step 1040  loss=0.025160  lr=7.35e-06  [rmse=0.0127 h1=0.0001 ssim=0.0598 mlw=0.0000]
epoch 9 step 1050  loss=0.024327  lr=7.29e-06  [rmse=0.0078 h1=0.0000 ssim=0.0338 mlw=0.0000]
epoch 9 step 1060  loss=0.024586  lr=7.24e-06  [rmse=0.0076 h1=0.0000 ssim=0.0364 mlw=0.0000]
epoch 9 step 1070  loss=0.024219  lr=7.18e-06  [rmse=0.0051 h1=0.0000 ssim=0.0232 mlw=0.0000]
epoch 9 step 1080  loss=0.024054  lr=7.12e-06  [rmse=0.0082 h1=0.0000 ssim=0.0351 mlw=0.0000]
epoch 9 step 1090  loss=0.024708  lr=7.06e-06  [rmse=0.0149 h1=0.0002 ssim=0.0598 mlw=0.0000]
epoch 9 step 1100  loss=0.024648  lr=7.01e-06  [rmse=0.0089 h1=0.0001 ssim=0.0339 mlw=0.0000]
epoch 9 step 1110  loss=0.024370  lr=6.95e-06  [rmse=0.0104 h1=0.0001 ssim=0.0284 mlw=0.0000]
epoch 9 step 1120  loss=0.024536  lr=6.89e-06  [rmse=0.0231 h1=0.0004 ssim=0.0490 mlw=0.0000]
INFO     [rank 0] Loss weights: rmse=1.0000, h1=50.0000,      vae_trainer.py:975
         ssim=0.1500, mlw=0.0000                                                
INFO     [rank 0] Epoch 9: train_loss=0.024815               vae_trainer.py:1014
         val_loss=0.022455  val_VRMSE=0.073868  lr=6.86e-06                     
INFO     [rank 0] Metrics updated: metrics/metrics.csv,      vae_trainer.py:1040
         metrics/loss_curves.png                                                
INFO     [rank 0] New best checkpoint (epoch 9,              vae_trainer.py:1353
         val_vrmse=0.073868):                                                   
         checkpoints/vae_shockwave_best.safetensors                             
INFO     [rank 0] Training state saved:                      vae_trainer.py:1429
         checkpoints/vae_shockwave_last.state.pt                                
INFO     [rank 0] Epoch 9 timing: train=2688.7s eval=76.6s   vae_trainer.py:1074
         viz=0.0s ckpt=8.2s total=2774.2s                                       
epoch 10 step 1130  loss=0.016504  lr=6.83e-06  [rmse=0.0101 h1=0.0001 ssim=0.0382 mlw=0.0000]
epoch 10 step 1140  loss=0.020297  lr=6.77e-06  [rmse=0.0133 h1=0.0001 ssim=0.0474 mlw=0.0000]
epoch 10 step 1150  loss=0.021657  lr=6.71e-06  [rmse=0.0059 h1=0.0000 ssim=0.0216 mlw=0.0000]
epoch 10 step 1160  loss=0.022189  lr=6.65e-06  [rmse=0.0084 h1=0.0001 ssim=0.0386 mlw=0.0000]
epoch 10 step 1170  loss=0.022432  lr=6.60e-06  [rmse=0.0101 h1=0.0001 ssim=0.0248 mlw=0.0000]
epoch 10 step 1180  loss=0.021997  lr=6.54e-06  [rmse=0.0082 h1=0.0001 ssim=0.0303 mlw=0.0000]
epoch 10 step 1190  loss=0.021710  lr=6.48e-06  [rmse=0.0106 h1=0.0001 ssim=0.0441 mlw=0.0000]
epoch 10 step 1200  loss=0.021615  lr=6.42e-06  [rmse=0.0121 h1=0.0001 ssim=0.0382 mlw=0.0000]
epoch 10 step 1210  loss=0.021497  lr=6.36e-06  [rmse=0.0102 h1=0.0001 ssim=0.0353 mlw=0.0000]
epoch 10 step 1220  loss=0.021688  lr=6.29e-06  [rmse=0.0067 h1=0.0000 ssim=0.0234 mlw=0.0000]
epoch 10 step 1230  loss=0.021633  lr=6.23e-06  [rmse=0.0058 h1=0.0000 ssim=0.0215 mlw=0.0000]
epoch 10 step 1240  loss=0.021419  lr=6.17e-06  [rmse=0.0097 h1=0.0001 ssim=0.0339 mlw=0.0000]
epoch 10 step 1250  loss=0.021376  lr=6.11e-06  [rmse=0.0118 h1=0.0001 ssim=0.0401 mlw=0.0000]
INFO     [rank 0] Loss weights: rmse=1.0000, h1=50.0000,      vae_trainer.py:975
         ssim=0.1500, mlw=0.0000                                                
INFO     [rank 0] Epoch 10: train_loss=0.021376              vae_trainer.py:1014
         val_loss=0.022487  val_VRMSE=0.074440  lr=6.11e-06                     
INFO     [rank 0] Metrics updated: metrics/metrics.csv,      vae_trainer.py:1040
         metrics/loss_curves.png                                                
INFO     [rank 0] Training state saved:                      vae_trainer.py:1429
         checkpoints/vae_shockwave_last.state.pt                                
INFO     [rank 0] Epoch 10 timing: train=2691.0s eval=76.1s  vae_trainer.py:1074
         viz=0.0s ckpt=7.4s total=2775.1s                                       
epoch 11 step 1260  loss=0.023128  lr=6.05e-06  [rmse=0.0054 h1=0.0000 ssim=0.0211 mlw=0.0000]
epoch 11 step 1270  loss=0.023723  lr=5.99e-06  [rmse=0.0105 h1=0.0001 ssim=0.0338 mlw=0.0000]
epoch 11 step 1280  loss=0.022974  lr=5.93e-06  [rmse=0.0100 h1=0.0001 ssim=0.0445 mlw=0.0000]
epoch 11 step 1290  loss=0.022713  lr=5.87e-06  [rmse=0.0210 h1=0.0004 ssim=0.0593 mlw=0.0000]
epoch 11 step 1300  loss=0.021953  lr=5.81e-06  [rmse=0.0091 h1=0.0001 ssim=0.0336 mlw=0.0000]
epoch 11 step 1310  loss=0.021887  lr=5.75e-06  [rmse=0.0065 h1=0.0000 ssim=0.0282 mlw=0.0000]
epoch 11 step 1320  loss=0.021523  lr=5.68e-06  [rmse=0.0144 h1=0.0002 ssim=0.0549 mlw=0.0000]
epoch 11 step 1330  loss=0.022196  lr=5.62e-06  [rmse=0.0117 h1=0.0001 ssim=0.0372 mlw=0.0000]
epoch 11 step 1340  loss=0.022610  lr=5.56e-06  [rmse=0.0169 h1=0.0002 ssim=0.0407 mlw=0.0000]
epoch 11 step 1350  loss=0.022705  lr=5.50e-06  [rmse=0.0094 h1=0.0001 ssim=0.0369 mlw=0.0000]
epoch 11 step 1360  loss=0.022347  lr=5.44e-06  [rmse=0.0136 h1=0.0001 ssim=0.0468 mlw=0.0000]
epoch 11 step 1370  loss=0.022633  lr=5.38e-06  [rmse=0.0147 h1=0.0002 ssim=0.0466 mlw=0.0000]
INFO     [rank 0] Loss weights: rmse=1.0000, h1=50.0000,      vae_trainer.py:975
         ssim=0.1500, mlw=0.0000                                                
INFO     [rank 0] Epoch 11: train_loss=0.023004              vae_trainer.py:1014
         val_loss=0.021836  val_VRMSE=0.071753  lr=5.35e-06                     
INFO     [rank 0] Metrics updated: metrics/metrics.csv,      vae_trainer.py:1040
         metrics/loss_curves.png                                                
INFO     [rank 0] New best checkpoint (epoch 11,             vae_trainer.py:1353
         val_vrmse=0.071753):                                                   
         checkpoints/vae_shockwave_best.safetensors                             
INFO     [rank 0] Training state saved:                      vae_trainer.py:1429
         checkpoints/vae_shockwave_last.state.pt                                
INFO     [rank 0] Epoch 11 timing: train=2690.0s eval=76.4s  vae_trainer.py:1074
         viz=0.0s ckpt=8.2s total=2775.2s                                       
epoch 12 step 1380  loss=0.018504  lr=5.32e-06  [rmse=0.0149 h1=0.0002 ssim=0.0535 mlw=0.0000]
epoch 12 step 1390  loss=0.020733  lr=5.25e-06  [rmse=0.0143 h1=0.0002 ssim=0.0530 mlw=0.0000]
epoch 12 step 1400  loss=0.019709  lr=5.19e-06  [rmse=0.0106 h1=0.0001 ssim=0.0275 mlw=0.0000]
epoch 12 step 1410  loss=0.023245  lr=5.13e-06  [rmse=0.0143 h1=0.0002 ssim=0.0342 mlw=0.0000]
epoch 12 step 1420  loss=0.023959  lr=5.07e-06  [rmse=0.0121 h1=0.0001 ssim=0.0523 mlw=0.0000]
epoch 12 step 1430  loss=0.023710  lr=5.01e-06  [rmse=0.0157 h1=0.0002 ssim=0.0517 mlw=0.0000]
epoch 12 step 1440  loss=0.023632  lr=4.95e-06  [rmse=0.0046 h1=0.0000 ssim=0.0185 mlw=0.0000]
epoch 12 step 1450  loss=0.023231  lr=4.89e-06  [rmse=0.0077 h1=0.0000 ssim=0.0286 mlw=0.0000]
epoch 12 step 1460  loss=0.022863  lr=4.83e-06  [rmse=0.0113 h1=0.0001 ssim=0.0386 mlw=0.0000]
epoch 12 step 1470  loss=0.022680  lr=4.77e-06  [rmse=0.0149 h1=0.0002 ssim=0.0319 mlw=0.0000]
epoch 12 step 1480  loss=0.022822  lr=4.71e-06  [rmse=0.0111 h1=0.0001 ssim=0.0305 mlw=0.0000]
epoch 12 step 1490  loss=0.022448  lr=4.64e-06  [rmse=0.0087 h1=0.0001 ssim=0.0287 mlw=0.0000]
epoch 12 step 1500  loss=0.022301  lr=4.58e-06  [rmse=0.0130 h1=0.0001 ssim=0.0358 mlw=0.0000]
INFO     [rank 0] Loss weights: rmse=1.0000, h1=50.0000,      vae_trainer.py:975
         ssim=0.1500, mlw=0.0000                                                
INFO     [rank 0] Epoch 12: train_loss=0.022301              vae_trainer.py:1014
         val_loss=0.021387  val_VRMSE=0.070344  lr=4.58e-06                     
INFO     [rank 0] Metrics updated: metrics/metrics.csv,      vae_trainer.py:1040
         metrics/loss_curves.png                                                
INFO     [rank 0] Saved 12 validation reconstruction PNGs    vae_trainer.py:1254
         for epoch 12                                                           
INFO     [rank 0] New best checkpoint (epoch 12,             vae_trainer.py:1353
         val_vrmse=0.070344):                                                   
         checkpoints/vae_shockwave_best.safetensors                             
INFO     [rank 0] Training state saved:                      vae_trainer.py:1429
         checkpoints/vae_shockwave_last.state.pt                                
INFO     [rank 0] Epoch 12 timing: train=2835.6s eval=76.3s  vae_trainer.py:1074
         viz=23.3s ckpt=8.8s total=2944.4s                                      
epoch 13 step 1510  loss=0.020952  lr=4.52e-06  [rmse=0.0107 h1=0.0001 ssim=0.0340 mlw=0.0000]
epoch 13 step 1520  loss=0.020289  lr=4.46e-06  [rmse=0.0065 h1=0.0000 ssim=0.0279 mlw=0.0000]
epoch 13 step 1530  loss=0.022271  lr=4.40e-06  [rmse=0.0127 h1=0.0002 ssim=0.0286 mlw=0.0000]
epoch 13 step 1540  loss=0.022235  lr=4.35e-06  [rmse=0.0052 h1=0.0000 ssim=0.0153 mlw=0.0000]
epoch 13 step 1550  loss=0.021705  lr=4.29e-06  [rmse=0.0082 h1=0.0001 ssim=0.0290 mlw=0.0000]
epoch 13 step 1560  loss=0.021483  lr=4.23e-06  [rmse=0.0164 h1=0.0002 ssim=0.0471 mlw=0.0000]
epoch 13 step 1570  loss=0.021954  lr=4.17e-06  [rmse=0.0122 h1=0.0001 ssim=0.0401 mlw=0.0000]
epoch 13 step 1580  loss=0.021838  lr=4.11e-06  [rmse=0.0053 h1=0.0000 ssim=0.0188 mlw=0.0000]
epoch 13 step 1590  loss=0.021544  lr=4.05e-06  [rmse=0.0071 h1=0.0000 ssim=0.0266 mlw=0.0000]
epoch 13 step 1600  loss=0.021918  lr=3.99e-06  [rmse=0.0182 h1=0.0002 ssim=0.0462 mlw=0.0000]
epoch 13 step 1610  loss=0.022041  lr=3.94e-06  [rmse=0.0082 h1=0.0001 ssim=0.0313 mlw=0.0000]
epoch 13 step 1620  loss=0.022590  lr=3.88e-06  [rmse=0.0119 h1=0.0001 ssim=0.0385 mlw=0.0000]
INFO     [rank 0] Loss weights: rmse=1.0000, h1=50.0000,      vae_trainer.py:975
         ssim=0.1500, mlw=0.0000                                                
INFO     [rank 0] Epoch 13: train_loss=0.022849              vae_trainer.py:1014
         val_loss=0.020991  val_VRMSE=0.068849  lr=3.85e-06                     
INFO     [rank 0] Metrics updated: metrics/metrics.csv,      vae_trainer.py:1040
         metrics/loss_curves.png                                                
INFO     [rank 0] New best checkpoint (epoch 13,             vae_trainer.py:1353
         val_vrmse=0.068849):                                                   
         checkpoints/vae_shockwave_best.safetensors                             
INFO     [rank 0] Training state saved:                      vae_trainer.py:1429
         checkpoints/vae_shockwave_last.state.pt                                
INFO     [rank 0] Epoch 13 timing: train=2691.3s eval=76.5s  vae_trainer.py:1074
         viz=0.0s ckpt=8.4s total=2776.8s                                       
epoch 14 step 1630  loss=0.030686  lr=3.82e-06  [rmse=0.0106 h1=0.0001 ssim=0.0403 mlw=0.0000]
epoch 14 step 1640  loss=0.024757  lr=3.76e-06  [rmse=0.0088 h1=0.0001 ssim=0.0415 mlw=0.0000]
epoch 14 step 1650  loss=0.022910  lr=3.71e-06  [rmse=0.0107 h1=0.0001 ssim=0.0409 mlw=0.0000]
epoch 14 step 1660  loss=0.022688  lr=3.65e-06  [rmse=0.0121 h1=0.0002 ssim=0.0263 mlw=0.0000]
epoch 14 step 1670  loss=0.022182  lr=3.60e-06  [rmse=0.0110 h1=0.0001 ssim=0.0320 mlw=0.0000]
epoch 14 step 1680  loss=0.022692  lr=3.54e-06  [rmse=0.0035 h1=0.0000 ssim=0.0134 mlw=0.0000]
epoch 14 step 1690  loss=0.021955  lr=3.48e-06  [rmse=0.0108 h1=0.0001 ssim=0.0284 mlw=0.0000]
epoch 14 step 1700  loss=0.022027  lr=3.43e-06  [rmse=0.0139 h1=0.0002 ssim=0.0351 mlw=0.0000]
epoch 14 step 1710  loss=0.021496  lr=3.38e-06  [rmse=0.0134 h1=0.0002 ssim=0.0470 mlw=0.0000]
epoch 14 step 1720  loss=0.021570  lr=3.32e-06  [rmse=0.0050 h1=0.0000 ssim=0.0153 mlw=0.0000]
epoch 14 step 1730  loss=0.021730  lr=3.27e-06  [rmse=0.0088 h1=0.0001 ssim=0.0345 mlw=0.0000]
epoch 14 step 1740  loss=0.021787  lr=3.21e-06  [rmse=0.0152 h1=0.0002 ssim=0.0566 mlw=0.0000]
epoch 14 step 1750  loss=0.021984  lr=3.16e-06  [rmse=0.0098 h1=0.0001 ssim=0.0378 mlw=0.0000]
INFO     [rank 0] Loss weights: rmse=1.0000, h1=50.0000,      vae_trainer.py:975
         ssim=0.1500, mlw=0.0000                                                
INFO     [rank 0] Epoch 14: train_loss=0.021984              vae_trainer.py:1014
         val_loss=0.020778  val_VRMSE=0.068004  lr=3.16e-06                     
INFO     [rank 0] Metrics updated: metrics/metrics.csv,      vae_trainer.py:1040
         metrics/loss_curves.png                                                
INFO     [rank 0] New best checkpoint (epoch 14,             vae_trainer.py:1353
         val_vrmse=0.068004):                                                   
         checkpoints/vae_shockwave_best.safetensors                             
INFO     [rank 0] Training state saved:                      vae_trainer.py:1429
         checkpoints/vae_shockwave_last.state.pt                                
INFO     [rank 0] Epoch 14 timing: train=2689.2s eval=76.8s  vae_trainer.py:1074
         viz=0.0s ckpt=9.0s total=2775.7s                                       
epoch 15 step 1760  loss=0.020818  lr=3.11e-06  [rmse=0.0093 h1=0.0001 ssim=0.0380 mlw=0.0000]
epoch 15 step 1770  loss=0.020446  lr=3.06e-06  [rmse=0.0088 h1=0.0001 ssim=0.0329 mlw=0.0000]
epoch 15 step 1780  loss=0.021012  lr=3.01e-06  [rmse=0.0135 h1=0.0002 ssim=0.0500 mlw=0.0000]
epoch 15 step 1790  loss=0.021367  lr=2.96e-06  [rmse=0.0230 h1=0.0004 ssim=0.0654 mlw=0.0000]
epoch 15 step 1800  loss=0.021299  lr=2.90e-06  [rmse=0.0070 h1=0.0000 ssim=0.0285 mlw=0.0000]
epoch 15 step 1810  loss=0.021763  lr=2.85e-06  [rmse=0.0116 h1=0.0001 ssim=0.0339 mlw=0.0000]
epoch 15 step 1820  loss=0.021190  lr=2.81e-06  [rmse=0.0058 h1=0.0000 ssim=0.0245 mlw=0.0000]
epoch 15 step 1830  loss=0.021337  lr=2.76e-06  [rmse=0.0183 h1=0.0002 ssim=0.0474 mlw=0.0000]
epoch 15 step 1840  loss=0.021704  lr=2.71e-06  [rmse=0.0116 h1=0.0001 ssim=0.0296 mlw=0.0000]
epoch 15 step 1850  loss=0.022089  lr=2.66e-06  [rmse=0.0153 h1=0.0002 ssim=0.0473 mlw=0.0000]
epoch 15 step 1860  loss=0.022053  lr=2.61e-06  [rmse=0.0084 h1=0.0001 ssim=0.0347 mlw=0.0000]
epoch 15 step 1870  loss=0.021825  lr=2.57e-06  [rmse=0.0083 h1=0.0001 ssim=0.0230 mlw=0.0000]
INFO     [rank 0] Loss weights: rmse=1.0000, h1=50.0000,      vae_trainer.py:975
         ssim=0.1500, mlw=0.0000                                                
INFO     [rank 0] Epoch 15: train_loss=0.021890              vae_trainer.py:1014
         val_loss=0.020626  val_VRMSE=0.067504  lr=2.54e-06                     
INFO     [rank 0] Metrics updated: metrics/metrics.csv,      vae_trainer.py:1040
         metrics/loss_curves.png                                                
INFO     [rank 0] New best checkpoint (epoch 15,             vae_trainer.py:1353
         val_vrmse=0.067504):                                                   
         checkpoints/vae_shockwave_best.safetensors                             
INFO     [rank 0] Training state saved:                      vae_trainer.py:1429
         checkpoints/vae_shockwave_last.state.pt                                
INFO     [rank 0] Epoch 15 timing: train=2689.7s eval=76.4s  vae_trainer.py:1074
         viz=0.0s ckpt=8.4s total=2775.1s                                       
epoch 16 step 1880  loss=0.021774  lr=2.52e-06  [rmse=0.0107 h1=0.0001 ssim=0.0367 mlw=0.0000]
epoch 16 step 1890  loss=0.023186  lr=2.47e-06  [rmse=0.0093 h1=0.0001 ssim=0.0268 mlw=0.0000]
epoch 16 step 1900  loss=0.022314  lr=2.43e-06  [rmse=0.0040 h1=0.0000 ssim=0.0153 mlw=0.0000]
epoch 16 step 1910  loss=0.022144  lr=2.38e-06  [rmse=0.0091 h1=0.0001 ssim=0.0328 mlw=0.0000]
epoch 16 step 1920  loss=0.021645  lr=2.34e-06  [rmse=0.0108 h1=0.0001 ssim=0.0314 mlw=0.0000]
epoch 16 step 1930  loss=0.021280  lr=2.30e-06  [rmse=0.0147 h1=0.0002 ssim=0.0408 mlw=0.0000]
epoch 16 step 1940  loss=0.022205  lr=2.25e-06  [rmse=0.0112 h1=0.0001 ssim=0.0446 mlw=0.0000]
epoch 16 step 1950  loss=0.021933  lr=2.21e-06  [rmse=0.0032 h1=0.0000 ssim=0.0165 mlw=0.0000]
epoch 16 step 1960  loss=0.022231  lr=2.17e-06  [rmse=0.0083 h1=0.0001 ssim=0.0290 mlw=0.0000]
epoch 16 step 1970  loss=0.022669  lr=2.13e-06  [rmse=0.0120 h1=0.0001 ssim=0.0485 mlw=0.0000]
epoch 16 step 1980  loss=0.022392  lr=2.09e-06  [rmse=0.0132 h1=0.0001 ssim=0.0377 mlw=0.0000]
epoch 16 step 1990  loss=0.022390  lr=2.05e-06  [rmse=0.0091 h1=0.0001 ssim=0.0331 mlw=0.0000]
epoch 16 step 2000  loss=0.022497  lr=2.01e-06  [rmse=0.0041 h1=0.0000 ssim=0.0201 mlw=0.0000]
INFO     [rank 0] Loss weights: rmse=1.0000, h1=50.0000,      vae_trainer.py:975
         ssim=0.1500, mlw=0.0000                                                
INFO     [rank 0] Epoch 16: train_loss=0.022497              vae_trainer.py:1014
         val_loss=0.020553  val_VRMSE=0.067236  lr=2.01e-06                     
INFO     [rank 0] Metrics updated: metrics/metrics.csv,      vae_trainer.py:1040
         metrics/loss_curves.png                                                
INFO     [rank 0] Saved 12 validation reconstruction PNGs    vae_trainer.py:1254
         for epoch 16                                                           
INFO     [rank 0] New best checkpoint (epoch 16,             vae_trainer.py:1353
         val_vrmse=0.067236):                                                   
         checkpoints/vae_shockwave_best.safetensors                             
INFO     [rank 0] Training state saved:                      vae_trainer.py:1429
         checkpoints/vae_shockwave_last.state.pt                                
INFO     [rank 0] Epoch 16 timing: train=2689.8s eval=76.3s  vae_trainer.py:1074
         viz=24.1s ckpt=8.7s total=2799.4s                                      
epoch 17 step 2010  loss=0.022061  lr=1.97e-06  [rmse=0.0081 h1=0.0001 ssim=0.0294 mlw=0.0000]
epoch 17 step 2020  loss=0.020153  lr=1.93e-06  [rmse=0.0097 h1=0.0001 ssim=0.0259 mlw=0.0000]
epoch 17 step 2030  loss=0.021131  lr=1.90e-06  [rmse=0.0150 h1=0.0002 ssim=0.0525 mlw=0.0000]
epoch 17 step 2040  loss=0.022389  lr=1.86e-06  [rmse=0.0162 h1=0.0002 ssim=0.0521 mlw=0.0000]
epoch 17 step 2050  loss=0.021702  lr=1.82e-06  [rmse=0.0102 h1=0.0001 ssim=0.0304 mlw=0.0000]
epoch 17 step 2060  loss=0.021422  lr=1.79e-06  [rmse=0.0058 h1=0.0000 ssim=0.0188 mlw=0.0000]
epoch 17 step 2070  loss=0.021880  lr=1.75e-06  [rmse=0.0093 h1=0.0001 ssim=0.0447 mlw=0.0000]
epoch 17 step 2080  loss=0.022187  lr=1.72e-06  [rmse=0.0143 h1=0.0002 ssim=0.0272 mlw=0.0000]
epoch 17 step 2090  loss=0.022160  lr=1.69e-06  [rmse=0.0078 h1=0.0001 ssim=0.0277 mlw=0.0000]
epoch 17 step 2100  loss=0.022147  lr=1.66e-06  [rmse=0.0117 h1=0.0001 ssim=0.0400 mlw=0.0000]
epoch 17 step 2110  loss=0.022314  lr=1.62e-06  [rmse=0.0095 h1=0.0001 ssim=0.0265 mlw=0.0000]
epoch 17 step 2120  loss=0.022193  lr=1.59e-06  [rmse=0.0164 h1=0.0002 ssim=0.0546 mlw=0.0000]
INFO     [rank 0] Loss weights: rmse=1.0000, h1=50.0000,      vae_trainer.py:975
         ssim=0.1500, mlw=0.0000                                                
INFO     [rank 0] Epoch 17: train_loss=0.022143              vae_trainer.py:1014
         val_loss=0.020453  val_VRMSE=0.066890  lr=1.58e-06                     
INFO     [rank 0] Metrics updated: metrics/metrics.csv,      vae_trainer.py:1040
         metrics/loss_curves.png                                                
INFO     [rank 0] New best checkpoint (epoch 17,             vae_trainer.py:1353
         val_vrmse=0.066890):                                                   
         checkpoints/vae_shockwave_best.safetensors                             
INFO     [rank 0] Training state saved:                      vae_trainer.py:1429
         checkpoints/vae_shockwave_last.state.pt                                
INFO     [rank 0] Epoch 17 timing: train=2688.2s eval=76.1s  vae_trainer.py:1074
         viz=0.0s ckpt=9.5s total=2774.5s                                       
epoch 18 step 2130  loss=0.024427  lr=1.56e-06  [rmse=0.0141 h1=0.0002 ssim=0.0530 mlw=0.0000]
epoch 18 step 2140  loss=0.022015  lr=1.53e-06  [rmse=0.0076 h1=0.0001 ssim=0.0249 mlw=0.0000]
epoch 18 step 2150  loss=0.021923  lr=1.50e-06  [rmse=0.0056 h1=0.0000 ssim=0.0211 mlw=0.0000]
epoch 18 step 2160  loss=0.022072  lr=1.48e-06  [rmse=0.0081 h1=0.0001 ssim=0.0275 mlw=0.0000]
epoch 18 step 2170  loss=0.021617  lr=1.45e-06  [rmse=0.0143 h1=0.0002 ssim=0.0328 mlw=0.0000]
epoch 18 step 2180  loss=0.020908  lr=1.42e-06  [rmse=0.0076 h1=0.0001 ssim=0.0316 mlw=0.0000]
epoch 18 step 2190  loss=0.020689  lr=1.40e-06  [rmse=0.0172 h1=0.0002 ssim=0.0418 mlw=0.0000]
epoch 18 step 2200  loss=0.022077  lr=1.37e-06  [rmse=0.0082 h1=0.0001 ssim=0.0231 mlw=0.0000]
epoch 18 step 2210  loss=0.021909  lr=1.35e-06  [rmse=0.0126 h1=0.0001 ssim=0.0322 mlw=0.0000]
epoch 18 step 2220  loss=0.022052  lr=1.33e-06  [rmse=0.0114 h1=0.0001 ssim=0.0253 mlw=0.0000]
epoch 18 step 2230  loss=0.022291  lr=1.30e-06  [rmse=0.0099 h1=0.0001 ssim=0.0330 mlw=0.0000]
epoch 18 step 2240  loss=0.022580  lr=1.28e-06  [rmse=0.0134 h1=0.0002 ssim=0.0323 mlw=0.0000]
epoch 18 step 2250  loss=0.022351  lr=1.26e-06  [rmse=0.0089 h1=0.0001 ssim=0.0308 mlw=0.0000]
INFO     [rank 0] Loss weights: rmse=1.0000, h1=50.0000,      vae_trainer.py:975
         ssim=0.1500, mlw=0.0000                                                
INFO     [rank 0] Epoch 18: train_loss=0.022351              vae_trainer.py:1014
         val_loss=0.020347  val_VRMSE=0.066521  lr=1.26e-06                     
INFO     [rank 0] Metrics updated: metrics/metrics.csv,      vae_trainer.py:1040
         metrics/loss_curves.png                                                
INFO     [rank 0] New best checkpoint (epoch 18,             vae_trainer.py:1353
         val_vrmse=0.066521):                                                   
         checkpoints/vae_shockwave_best.safetensors                             
INFO     [rank 0] Training state saved:                      vae_trainer.py:1429
         checkpoints/vae_shockwave_last.state.pt                                
INFO     [rank 0] Epoch 18 timing: train=2689.8s eval=76.6s  vae_trainer.py:1074
         viz=0.0s ckpt=8.7s total=2775.6s                                       
epoch 19 step 2260  loss=0.021828  lr=1.24e-06  [rmse=0.0147 h1=0.0002 ssim=0.0543 mlw=0.0000]
epoch 19 step 2270  loss=0.020871  lr=1.22e-06  [rmse=0.0121 h1=0.0001 ssim=0.0240 mlw=0.0000]
epoch 19 step 2280  loss=0.021020  lr=1.20e-06  [rmse=0.0111 h1=0.0001 ssim=0.0286 mlw=0.0000]
epoch 19 step 2290  loss=0.020832  lr=1.18e-06  [rmse=0.0089 h1=0.0001 ssim=0.0360 mlw=0.0000]
epoch 19 step 2300  loss=0.020993  lr=1.17e-06  [rmse=0.0121 h1=0.0002 ssim=0.0334 mlw=0.0000]
epoch 19 step 2310  loss=0.020457  lr=1.15e-06  [rmse=0.0137 h1=0.0002 ssim=0.0473 mlw=0.0000]
epoch 19 step 2320  loss=0.021234  lr=1.14e-06  [rmse=0.0211 h1=0.0003 ssim=0.0503 mlw=0.0000]
epoch 19 step 2330  loss=0.021500  lr=1.12e-06  [rmse=0.0104 h1=0.0001 ssim=0.0291 mlw=0.0000]
epoch 19 step 2340  loss=0.021641  lr=1.11e-06  [rmse=0.0078 h1=0.0001 ssim=0.0258 mlw=0.0000]
epoch 19 step 2350  loss=0.021485  lr=1.09e-06  [rmse=0.0094 h1=0.0001 ssim=0.0344 mlw=0.0000]
epoch 19 step 2360  loss=0.021469  lr=1.08e-06  [rmse=0.0136 h1=0.0002 ssim=0.0359 mlw=0.0000]
epoch 19 step 2370  loss=0.021503  lr=1.07e-06  [rmse=0.0185 h1=0.0002 ssim=0.0356 mlw=0.0000]
INFO     [rank 0] Loss weights: rmse=1.0000, h1=50.0000,      vae_trainer.py:975
         ssim=0.1500, mlw=0.0000                                                
INFO     [rank 0] Epoch 19: train_loss=0.021570              vae_trainer.py:1014
         val_loss=0.020281  val_VRMSE=0.066253  lr=1.07e-06                     
INFO     [rank 0] Metrics updated: metrics/metrics.csv,      vae_trainer.py:1040
         metrics/loss_curves.png                                                
INFO     [rank 0] New best checkpoint (epoch 19,             vae_trainer.py:1353
         val_vrmse=0.066253):                                                   
         checkpoints/vae_shockwave_best.safetensors                             
INFO     [rank 0] Training state saved:                      vae_trainer.py:1429
         checkpoints/vae_shockwave_last.state.pt                                
INFO     [rank 0] Epoch 19 timing: train=2692.1s eval=76.1s  vae_trainer.py:1074
         viz=0.0s ckpt=9.2s total=2777.9s                                       
epoch 20 step 2380  loss=0.016713  lr=1.06e-06  [rmse=0.0070 h1=0.0000 ssim=0.0309 mlw=0.0000]
epoch 20 step 2390  loss=0.019897  lr=1.05e-06  [rmse=0.0063 h1=0.0000 ssim=0.0249 mlw=0.0000]
epoch 20 step 2400  loss=0.021812  lr=1.04e-06  [rmse=0.0153 h1=0.0002 ssim=0.0553 mlw=0.0000]
epoch 20 step 2410  loss=0.021554  lr=1.03e-06  [rmse=0.0064 h1=0.0000 ssim=0.0261 mlw=0.0000]
epoch 20 step 2420  loss=0.022888  lr=1.03e-06  [rmse=0.0165 h1=0.0002 ssim=0.0453 mlw=0.0000]
epoch 20 step 2430  loss=0.022406  lr=1.02e-06  [rmse=0.0147 h1=0.0002 ssim=0.0562 mlw=0.0000]
epoch 20 step 2440  loss=0.022254  lr=1.02e-06  [rmse=0.0070 h1=0.0000 ssim=0.0235 mlw=0.0000]
epoch 20 step 2450  loss=0.022262  lr=1.01e-06  [rmse=0.0157 h1=0.0002 ssim=0.0346 mlw=0.0000]
epoch 20 step 2460  loss=0.022212  lr=1.01e-06  [rmse=0.0061 h1=0.0000 ssim=0.0263 mlw=0.0000]
epoch 20 step 2470  loss=0.022234  lr=1.00e-06  [rmse=0.0122 h1=0.0002 ssim=0.0268 mlw=0.0000]
epoch 20 step 2480  loss=0.022332  lr=1.00e-06  [rmse=0.0116 h1=0.0001 ssim=0.0323 mlw=0.0000]
epoch 20 step 2490  loss=0.022776  lr=1.00e-06  [rmse=0.0073 h1=0.0000 ssim=0.0211 mlw=0.0000]
epoch 20 step 2500  loss=0.022604  lr=1.00e-06  [rmse=0.0072 h1=0.0001 ssim=0.0261 mlw=0.0000]
INFO     [rank 0] Loss weights: rmse=1.0000, h1=50.0000,      vae_trainer.py:975
         ssim=0.1500, mlw=0.0000                                                
INFO     [rank 0] Epoch 20: train_loss=0.022604              vae_trainer.py:1014
         val_loss=0.020254  val_VRMSE=0.066209  lr=1.00e-06                     
INFO     [rank 0] Metrics updated: metrics/metrics.csv,      vae_trainer.py:1040
         metrics/loss_curves.png                                                
INFO     [rank 0] Saved 12 validation reconstruction PNGs    vae_trainer.py:1254
         for epoch 20                                                           
INFO     [rank 0] New best checkpoint (epoch 20,             vae_trainer.py:1353
         val_vrmse=0.066209):                                                   
         checkpoints/vae_shockwave_best.safetensors                             
INFO     [rank 0] Training state saved:                      vae_trainer.py:1429
         checkpoints/vae_shockwave_last.state.pt                                
INFO     [rank 0] Epoch 20 timing: train=2689.1s eval=76.1s  vae_trainer.py:1074
         viz=23.8s ckpt=8.5s total=2798.0s                                      
╭──────────────────────────────────────────────────────────────────────────────╮
╰──────────────────────────────────────────────────────────────────────────────╯INFO     [rank 0] Training state saved:                      vae_trainer.py:1429
         checkpoints/vae_shockwave_last.state.pt                                
INFO     [rank 0] Best epoch: 20 (val_vrmse=0.066209)        vae_trainer.py:1092
INFO     [rank 0] Run finished: removed                      vae_trainer.py:1110
         ['vae_shockwave_last.safetensors',                                     
         'vae_shockwave_last.state.pt'] (kept only                              
         vae_shockwave_best.safetensors)                                        

Training complete. Checkpoint: 
/hppfs/scratch/0D/go76fuz2/windinet/finetune_vae_outputs_sng_pvc/finetune_vae_ch
6_lr_1e5_256res/checkpoints/vae_shockwave_best.safetensors
Mirrored (excl. checkpoints/) to finetune_vae_outputs/sng_pvc/finetune_vae_ch6_lr_1e5_256res
END TIME: Thu 24 Sep 2026 06:18:40 AM CEST
end_time=2026-09-24T06:18:40+02:00 elapsed=56432s
