START TIME: Wed 23 Sep 2026 02:37:54 PM CEST
job=543421 node=i20r01c06s06
start_time=2026-09-23T14:37:54+02:00
+-----------+--------------------------------------------------------------------------------------+
| Device ID | Device Information                                                                   |
+-----------+--------------------------------------------------------------------------------------+
| 0         | Device Name: Intel(R) Data Center GPU Max 1550                                       |
|           | Vendor Name: Intel(R) Corporation                                                    |
|           | SOC UUID: 00000000-0000-003a-0000-002f0bd58086                                       |
|           | PCI BDF Address: 0000:3a:00.0                                                        |
|           | DRM Device: /dev/dri/card0                                                           |
|           | Function Type: physical                                                              |
+-----------+--------------------------------------------------------------------------------------+
| 1         | Device Name: Intel(R) Data Center GPU Max 1550                                       |
|           | Vendor Name: Intel(R) Corporation                                                    |
|           | SOC UUID: 00000000-0000-004b-0000-002f0bd58086                                       |
|           | PCI BDF Address: 0000:4b:00.0                                                        |
|           | DRM Device: /dev/dri/card1                                                           |
|           | Function Type: physical                                                              |
+-----------+--------------------------------------------------------------------------------------+
| 2         | Device Name: Intel(R) Data Center GPU Max 1550                                       |
|           | Vendor Name: Intel(R) Corporation                                                    |
|           | SOC UUID: 00000000-0000-00ca-0000-002f0bd58086                                       |
|           | PCI BDF Address: 0000:ca:00.0                                                        |
|           | DRM Device: /dev/dri/card2                                                           |
|           | Function Type: physical                                                              |
+-----------+--------------------------------------------------------------------------------------+
| 3         | Device Name: Intel(R) Data Center GPU Max 1550                                       |
|           | Vendor Name: Intel(R) Corporation                                                    |
|           | SOC UUID: 00000000-0000-00da-0000-002f0bd58086                                       |
|           | PCI BDF Address: 0000:da:00.0                                                        |
|           | DRM Device: /dev/dri/card3                                                           |
|           | Function Type: physical                                                              |
+-----------+--------------------------------------------------------------------------------------+
MASTER_ADDR: i20r01c06s06  MASTER_PORT: 37413
8 XPU tiles x batch_size 4 x accum 1 -> effective batch 32; output_dir /hppfs/scratch/0D/go76fuz2/windinet/finetune_vae_outputs_sng_pvc/finetune_vae_ch6_loss_rmse_h1_256res
INFO     [rank 2] Failed to extract font properties from    font_manager.py:1107
         /usr/share/fonts/truetype/Cantarell-VF.otf: Can                        
         not load face (SFNT font table missing; error code                     
         0x8e)                                                                  
INFO     [rank 3] Failed to extract font properties from    font_manager.py:1107
         /usr/share/fonts/truetype/Cantarell-VF.otf: Can                        
         not load face (SFNT font table missing; error code                     
         0x8e)                                                                  
INFO     [rank 1] Failed to extract font properties from    font_manager.py:1107
         /usr/share/fonts/truetype/Cantarell-VF.otf: Can                        
         not load face (SFNT font table missing; error code                     
         0x8e)                                                                  
INFO     [rank 7] Failed to extract font properties from    font_manager.py:1107
         /usr/share/fonts/truetype/Cantarell-VF.otf: Can                        
         not load face (SFNT font table missing; error code                     
         0x8e)                                                                  
INFO     [rank 2] generated new fontManager                 font_manager.py:1639
INFO     [rank 4] Failed to extract font properties from    font_manager.py:1107
         /usr/share/fonts/truetype/Cantarell-VF.otf: Can                        
         not load face (SFNT font table missing; error code                     
         0x8e)                                                                  
INFO     [rank 5] Failed to extract font properties from    font_manager.py:1107
         /usr/share/fonts/truetype/Cantarell-VF.otf: Can                        
         not load face (SFNT font table missing; error code                     
         0x8e)                                                                  
INFO     [rank 6] Failed to extract font properties from    font_manager.py:1107
         /usr/share/fonts/truetype/Cantarell-VF.otf: Can                        
         not load face (SFNT font table missing; error code                     
         0x8e)                                                                  
INFO     [rank 0] Failed to extract font properties from    font_manager.py:1107
         /usr/share/fonts/truetype/Cantarell-VF.otf: Can                        
         not load face (SFNT font table missing; error code                     
         0x8e)                                                                  
INFO     [rank 5] generated new fontManager                 font_manager.py:1639
INFO     [rank 1] generated new fontManager                 font_manager.py:1639
INFO     [rank 0] generated new fontManager                 font_manager.py:1639
INFO     [rank 3] generated new fontManager                 font_manager.py:1639
INFO     [rank 4] generated new fontManager                 font_manager.py:1639
INFO     [rank 7] generated new fontManager                 font_manager.py:1639
INFO     [rank 6] generated new fontManager                 font_manager.py:1639
                          VAE Finetuning Configuration                          
┏━━━━━━━━━━━━━━━━━━━━━━━━━━━━━━━━━━━━━━━┳━━━━━━━━━━━━━━━━━━━━━━━━━━━━━━━━━━━━━━┓
┃ Parameter                             ┃ Value                                ┃
┡━━━━━━━━━━━━━━━━━━━━━━━━━━━━━━━━━━━━━━━╇━━━━━━━━━━━━━━━━━━━━━━━━━━━━━━━━━━━━━━┩
│ model.model_source                    │ LTXV_2B_0.9.6_DEV                    │
│ model.load_checkpoint                 │ None                                 │
│ adapter.enabled                       │ True                                 │
│ adapter.checkpoint                    │ None                                 │
│ adapter.channels                      │ ['density', 'momentum_x',            │
│                                       │ 'momentum_y', 'pressure']            │
│ adapter.mode                          │ inflate                              │
│ adapter.inflate_init                  │ zeros                                │
│ adapter.inflate_copy_channel          │ None                                 │
│ adapter.freeze_conv_in                │ False                                │
│ adapter.unfreeze_encoder_trunk        │ True                                 │
│ adapter.hidden_channels               │ 32                                   │
│ adapter.activation                    │ gelu                                 │
│ adapter.identity_init                 │ False                                │
│ adapter.default_temb                  │ 0.0                                  │
│ data.data_root                        │ /hppfs/scratch/0D/go76fuz2/windinet… │
│ data.eval_sims                        │ 500                                  │
│ data.num_dataloader_workers           │ 4                                    │
│ data.num_sim_frames                   │ None                                 │
│ data.overfit_sims                     │ None                                 │
│ data.overfit_repeat                   │ 1                                    │
│ data.channel_mean                     │ [0.9050976477108856,                 │
│                                       │ 0.004045365949982484,                │
│                                       │ -0.0019089379638760548, 0.9          │
│ data.channel_std                      │ [0.6618199912434938,                 │
│                                       │ 0.5335233432828087,                  │
│                                       │ 0.5268940723644505, 0.8053303        │
│ data.normalization_stats_file         │ None                                 │
│ data.normalization_clip               │ 5.0                                  │
│ data.channel_order                    │ ['density', 'momentum_x',            │
│                                       │ 'momentum_y', 'pressure']            │
│ data.log_transform_channels           │ []                                   │
│ optimization.learning_rate            │ 5e-05                                │
│ optimization.min_learning_rate        │ 1e-06                                │
│ optimization.scheduler_type           │ cosine                               │
│ optimization.stable_fraction          │ 0.7                                  │
│ optimization.stable_end_epoch         │ None                                 │
│ optimization.plateau_factor           │ 0.5                                  │
│ optimization.plateau_patience         │ 3                                    │
│ optimization.plateau_threshold        │ 0.0001                               │
│ optimization.epochs                   │ 20                                   │
│ optimization.batch_size               │ 4                                    │
│ optimization.gradient_accumulation_s… │ 1                                    │
│ optimization.max_grad_norm            │ 5.0                                  │
│ optimization.weight_decay             │ 0.0                                  │
│ optimization.warmup_steps             │ 200                                  │
│ optimization.warmup_start_factor      │ 0.01                                 │
│ optimization.enable_gradient_checkpo… │ True                                 │
│ loss.wavelet                          │ db2                                  │
│ loss.spatial_level                    │ 2                                    │
│ loss.temporal_level                   │ 2                                    │
│ loss.mlw_beta                         │ 10.0                                 │
│ loss.mlw_eps                          │ 1e-06                                │
│ loss_weighting.strategy               │ fixed                                │
│ loss_weighting.weights                │ {'rmse': 1.0, 'h1': 50.0, 'ssim':    │
│                                       │ 0.0, 'mlw': 0.0}                     │
│ loss_weighting.loss_names             │ ['rmse', 'h1', 'ssim', 'mlw']        │
│ loss_weighting.alpha                  │ 1.5                                  │
│ loss_weighting.weight_lr              │ 0.025                                │
│ loss_weighting.temperature            │ 0.1                                  │
│ sds.enabled                           │ False                                │
│ sds.model_source                      │ LTXV_13B_097_DEV                     │
│ sds.dit_checkpoint                    │ None                                 │
│ sds.untrained_dit                     │ False                                │
│ sds.scalar_conditioning.enabled       │ True                                 │
│ sds.scalar_conditioning.scalar_names  │ ['gamma']                            │
│ sds.scalar_conditioning.scalar_ranges │ {'gamma': (1.0, 2.0)}                │
│ sds.scalar_conditioning.embedding_dim │ 4096                                 │
│ sds.scalar_conditioning.num_tokens_p… │ 4                                    │
│ sds.scalar_conditioning.fourier_feat… │ 64                                   │
│ sds.scalar_conditioning.mlp_hidden_d… │ 256                                  │
│ sds.scalar_conditioning.dropout       │ 0.1                                  │
│ sds.timestep_sampling_mode            │ shifted_logit_normal                 │
│ sds.timestep_sampling_params          │ {}                                   │
│ visualization.enabled                 │ True                                 │
│ visualization.interval_epochs         │ 4                                    │
│ visualization.num_samples             │ 3                                    │
│ visualization.frame_numbers           │ [25, 50, 75, 100]                    │
│ visualization.dpi                     │ 150                                  │
│ acceleration.mixed_precision_mode     │ bf16                                 │
│ acceleration.compile_with_inductor    │ False                                │
│ acceleration.compilation_mode         │ reduce-overhead                      │
│ checkpoints.interval                  │ 1                                    │
│ checkpoints.keep_last_n               │ 1                                    │
│ checkpoints.save_best_only            │ True                                 │
│ checkpoints.best_metric               │ val_vrmse                            │
│ checkpoints.save_last_state           │ True                                 │
│ checkpoints.save_epochs               │ []                                   │
│ wandb.enabled                         │ False                                │
│ wandb.project                         │ windinet                             │
│ wandb.entity                          │ None                                 │
│ wandb.tags                            │ ['vae', 'inflate', 'zeros-init',     │
│                                       │ 'cosine', '20ep', 'shockwave-cfd',   │
│                                       │ 'c                                   │
│ seed                                  │ 42                                   │
│ output_dir                            │ /hppfs/scratch/0D/go76fuz2/windinet… │
│ clean_output_dir                      │ True                                 │
│ resume_from                           │ None                                 │
│ resume_weights_only                   │ False                                │
└───────────────────────────────────────┴──────────────────────────────────────┘
INFO     [rank 0] Distributed training: 8 processes          vae_trainer.py:1475
INFO     [rank 0] VAE inflated to 4 native channels           vae_trainer.py:206
         (init=zeros); encoder.conv_in is trainable                             
INFO     [rank 0] Encoder extra modules UNFROZEN:             vae_trainer.py:263
         down_blocks[0, 1, 2] + tail                                            
         (down_blocks[-1]+mid_block+norm_out+conv_out)                          
INFO     [rank 0] VAE gradient checkpointing enabled          vae_trainer.py:274
INFO     [rank 0] VAE loaded. Decoder params: 552,869,953     vae_trainer.py:280
INFO     [rank 0] Trainable parameters:                       vae_trainer.py:351
         encoder_conv_in=221,312, encoder_extra=693,932,865,                    
         decoder=552,869,953, in_adapter=0, out_adapter=0                       
INFO     [rank 0] Dataset: 4000 train, 500 eval samples       vae_trainer.py:615
INFO     [rank 0] encoder.conv_in LR = 5.00e-05 (== decoder   vae_trainer.py:639
         LR)                                                                    
INFO     [rank 0] encoder extra (down_blocks[0, 1, 2]+tail)   vae_trainer.py:650
         LR = 5.00e-05 (== decoder LR)                                          
INFO     [rank 0] LR schedule 'cosine': 2500 steps (200       vae_trainer.py:741
         warmup, 0 stable, 2300 anneal), peak 5.00e-05 ->                       
         floor 1.00e-06                                                         
2026:09:23-14:48:29:61796 |CCL_WARN| value of CCL_ATL_TRANSPORT changed to be ofi (default:mpi)
2026:09:23-14:48:30:61796 |CCL_WARN| value of CCL_ALLREDUCE changed to be ring (default:)
2026:09:23-14:48:30:61799 |CCL_WARN| could not get local_idx/count from environment variables, trying to get them from ATL
2026:09:23-14:48:30:61800 |CCL_WARN| could not get local_idx/count from environment variables, trying to get them from ATL
2026:09:23-14:48:30:61796 |CCL_WARN| could not get local_idx/count from environment variables, trying to get them from ATL
2026:09:23-14:48:30:61798 |CCL_WARN| could not get local_idx/count from environment variables, trying to get them from ATL
2026:09:23-14:48:30:61797 |CCL_WARN| could not get local_idx/count from environment variables, trying to get them from ATL
2026:09:23-14:48:30:61801 |CCL_WARN| could not get local_idx/count from environment variables, trying to get them from ATL
2026:09:23-14:48:30:61802 |CCL_WARN| could not get local_idx/count from environment variables, trying to get them from ATL
2026:09:23-14:48:30:61803 |CCL_WARN| could not get local_idx/count from environment variables, trying to get them from ATL
INFO     [rank 0] Config saved:                              vae_trainer.py:1507
         /hppfs/scratch/0D/go76fuz2/windinet/finetune_vae_ou                    
         tputs_sng_pvc/finetune_vae_ch6_loss_rmse_h1_256res/                    
         training_config.yaml                                                   
INFO     [rank 0] Starting VAE decoder finetuning...          vae_trainer.py:795
epoch 1 step 10  loss=0.103591  lr=2.98e-06  [rmse=0.0654 h1=0.0001 ssim=0.2522 mlw=0.0000]
epoch 1 step 20  loss=0.103965  lr=5.45e-06  [rmse=0.1424 h1=0.0001 ssim=0.2620 mlw=0.0000]
epoch 1 step 30  loss=0.092742  lr=7.93e-06  [rmse=0.0927 h1=0.0003 ssim=0.2771 mlw=0.0000]
epoch 1 step 40  loss=0.094717  lr=1.04e-05  [rmse=0.1361 h1=0.0005 ssim=0.2663 mlw=0.0000]
epoch 1 step 50  loss=0.084707  lr=1.29e-05  [rmse=0.0233 h1=0.0001 ssim=0.1250 mlw=0.0000]
epoch 1 step 60  loss=0.078871  lr=1.54e-05  [rmse=0.0446 h1=0.0002 ssim=0.2856 mlw=0.0000]
epoch 1 step 70  loss=0.075105  lr=1.78e-05  [rmse=0.0532 h1=0.0008 ssim=0.1851 mlw=0.0000]
epoch 1 step 80  loss=0.070514  lr=2.03e-05  [rmse=0.0215 h1=0.0001 ssim=0.1668 mlw=0.0000]
epoch 1 step 90  loss=0.066698  lr=2.28e-05  [rmse=0.0317 h1=0.0003 ssim=0.1687 mlw=0.0000]
epoch 1 step 100  loss=0.062802  lr=2.53e-05  [rmse=0.0184 h1=0.0002 ssim=0.0891 mlw=0.0000]
epoch 1 step 110  loss=0.059904  lr=2.77e-05  [rmse=0.0217 h1=0.0001 ssim=0.1014 mlw=0.0000]
epoch 1 step 120  loss=0.057367  lr=3.02e-05  [rmse=0.0302 h1=0.0002 ssim=0.1731 mlw=0.0000]
INFO     [rank 0] Loss weights: rmse=1.0000, h1=50.0000,      vae_trainer.py:975
         ssim=0.0000, mlw=0.0000                                                
INFO     [rank 0] Epoch 1: train_loss=0.056365               vae_trainer.py:1014
         val_loss=0.027657  val_VRMSE=0.148857  lr=3.14e-05                     
INFO     [rank 0] Metrics updated: metrics/metrics.csv,      vae_trainer.py:1040
         metrics/loss_curves.png                                                
INFO     [rank 0] New best checkpoint (epoch 1,              vae_trainer.py:1353
         val_vrmse=0.148857):                                                   
         checkpoints/vae_shockwave_best.safetensors                             
INFO     [rank 0] Training state saved:                      vae_trainer.py:1429
         checkpoints/vae_shockwave_last.state.pt                                
INFO     [rank 0] Epoch 1 timing: train=2755.8s eval=77.2s   vae_trainer.py:1074
         viz=0.0s ckpt=9.6s total=2843.4s                                       
epoch 2 step 130  loss=0.034926  lr=3.27e-05  [rmse=0.0190 h1=0.0001 ssim=0.0783 mlw=0.0000]
epoch 2 step 140  loss=0.033032  lr=3.52e-05  [rmse=0.0389 h1=0.0005 ssim=0.1571 mlw=0.0000]
epoch 2 step 150  loss=0.032526  lr=3.76e-05  [rmse=0.0231 h1=0.0002 ssim=0.1273 mlw=0.0000]
epoch 2 step 160  loss=0.031047  lr=4.01e-05  [rmse=0.0193 h1=0.0001 ssim=0.0870 mlw=0.0000]
epoch 2 step 170  loss=0.030723  lr=4.26e-05  [rmse=0.0223 h1=0.0001 ssim=0.1835 mlw=0.0000]
epoch 2 step 180  loss=0.031706  lr=4.51e-05  [rmse=0.0330 h1=0.0003 ssim=0.1678 mlw=0.0000]
epoch 2 step 190  loss=0.032704  lr=4.75e-05  [rmse=0.0172 h1=0.0001 ssim=0.0946 mlw=0.0000]
epoch 2 step 200  loss=0.032328  lr=5.00e-05  [rmse=0.0209 h1=0.0002 ssim=0.0998 mlw=0.0000]
epoch 2 step 210  loss=0.031377  lr=5.00e-05  [rmse=0.0157 h1=0.0001 ssim=0.1067 mlw=0.0000]
epoch 2 step 220  loss=0.031006  lr=5.00e-05  [rmse=0.0264 h1=0.0002 ssim=0.1746 mlw=0.0000]
epoch 2 step 230  loss=0.030555  lr=5.00e-05  [rmse=0.0215 h1=0.0001 ssim=0.1334 mlw=0.0000]
epoch 2 step 240  loss=0.030828  lr=5.00e-05  [rmse=0.0321 h1=0.0001 ssim=0.1517 mlw=0.0000]
epoch 2 step 250  loss=0.031564  lr=4.99e-05  [rmse=0.0131 h1=0.0000 ssim=0.1250 mlw=0.0000]
INFO     [rank 0] Loss weights: rmse=1.0000, h1=50.0000,      vae_trainer.py:975
         ssim=0.0000, mlw=0.0000                                                
INFO     [rank 0] Epoch 2: train_loss=0.031564               vae_trainer.py:1014
         val_loss=0.031378  val_VRMSE=0.168141  lr=4.99e-05                     
INFO     [rank 0] Metrics updated: metrics/metrics.csv,      vae_trainer.py:1040
         metrics/loss_curves.png                                                
INFO     [rank 0] Training state saved:                      vae_trainer.py:1429
         checkpoints/vae_shockwave_last.state.pt                                
INFO     [rank 0] Epoch 2 timing: train=2733.1s eval=77.1s   vae_trainer.py:1074
         viz=0.0s ckpt=7.1s total=2817.8s                                       
epoch 3 step 260  loss=0.031447  lr=4.99e-05  [rmse=0.0269 h1=0.0002 ssim=0.1694 mlw=0.0000]
epoch 3 step 270  loss=0.029696  lr=4.99e-05  [rmse=0.0197 h1=0.0001 ssim=0.1350 mlw=0.0000]
epoch 3 step 280  loss=0.028586  lr=4.99e-05  [rmse=0.0169 h1=0.0001 ssim=0.0903 mlw=0.0000]
epoch 3 step 290  loss=0.028282  lr=4.98e-05  [rmse=0.0170 h1=0.0001 ssim=0.1074 mlw=0.0000]
epoch 3 step 300  loss=0.028189  lr=4.98e-05  [rmse=0.0297 h1=0.0002 ssim=0.0794 mlw=0.0000]
epoch 3 step 310  loss=0.028526  lr=4.97e-05  [rmse=0.0279 h1=0.0002 ssim=0.0692 mlw=0.0000]
epoch 3 step 320  loss=0.028279  lr=4.97e-05  [rmse=0.0225 h1=0.0002 ssim=0.0900 mlw=0.0000]
epoch 3 step 330  loss=0.028097  lr=4.96e-05  [rmse=0.0306 h1=0.0003 ssim=0.1036 mlw=0.0000]
epoch 3 step 340  loss=0.028242  lr=4.96e-05  [rmse=0.0209 h1=0.0002 ssim=0.1053 mlw=0.0000]
epoch 3 step 350  loss=0.028122  lr=4.95e-05  [rmse=0.0246 h1=0.0002 ssim=0.0953 mlw=0.0000]
epoch 3 step 360  loss=0.028157  lr=4.94e-05  [rmse=0.0137 h1=0.0001 ssim=0.0618 mlw=0.0000]
epoch 3 step 370  loss=0.027879  lr=4.93e-05  [rmse=0.0152 h1=0.0001 ssim=0.0736 mlw=0.0000]
INFO     [rank 0] Loss weights: rmse=1.0000, h1=50.0000,      vae_trainer.py:975
         ssim=0.0000, mlw=0.0000                                                
INFO     [rank 0] Epoch 3: train_loss=0.027514               vae_trainer.py:1014
         val_loss=0.022919  val_VRMSE=0.118180  lr=4.93e-05                     
INFO     [rank 0] Metrics updated: metrics/metrics.csv,      vae_trainer.py:1040
         metrics/loss_curves.png                                                
INFO     [rank 0] New best checkpoint (epoch 3,              vae_trainer.py:1353
         val_vrmse=0.118180):                                                   
         checkpoints/vae_shockwave_best.safetensors                             
INFO     [rank 0] Training state saved:                      vae_trainer.py:1429
         checkpoints/vae_shockwave_last.state.pt                                
INFO     [rank 0] Epoch 3 timing: train=2735.1s eval=77.0s   vae_trainer.py:1074
         viz=0.0s ckpt=8.2s total=2820.8s                                       
epoch 4 step 380  loss=0.025125  lr=4.93e-05  [rmse=0.0139 h1=0.0001 ssim=0.1153 mlw=0.0000]
epoch 4 step 390  loss=0.025105  lr=4.92e-05  [rmse=0.0209 h1=0.0003 ssim=0.0632 mlw=0.0000]
epoch 4 step 400  loss=0.022629  lr=4.91e-05  [rmse=0.0120 h1=0.0001 ssim=0.0675 mlw=0.0000]
epoch 4 step 410  loss=0.022300  lr=4.90e-05  [rmse=0.0229 h1=0.0002 ssim=0.0940 mlw=0.0000]
epoch 4 step 420  loss=0.022531  lr=4.89e-05  [rmse=0.0129 h1=0.0001 ssim=0.0634 mlw=0.0000]
epoch 4 step 430  loss=0.023031  lr=4.88e-05  [rmse=0.0259 h1=0.0003 ssim=0.0768 mlw=0.0000]
epoch 4 step 440  loss=0.023044  lr=4.87e-05  [rmse=0.0165 h1=0.0001 ssim=0.0720 mlw=0.0000]
epoch 4 step 450  loss=0.023144  lr=4.86e-05  [rmse=0.0132 h1=0.0001 ssim=0.0464 mlw=0.0000]
epoch 4 step 460  loss=0.022897  lr=4.85e-05  [rmse=0.0080 h1=0.0000 ssim=0.0346 mlw=0.0000]
epoch 4 step 470  loss=0.022900  lr=4.84e-05  [rmse=0.0203 h1=0.0002 ssim=0.0629 mlw=0.0000]
epoch 4 step 480  loss=0.023098  lr=4.82e-05  [rmse=0.0172 h1=0.0001 ssim=0.0761 mlw=0.0000]
epoch 4 step 490  loss=0.022819  lr=4.81e-05  [rmse=0.0205 h1=0.0001 ssim=0.1176 mlw=0.0000]
epoch 4 step 500  loss=0.022866  lr=4.80e-05  [rmse=0.0111 h1=0.0000 ssim=0.0586 mlw=0.0000]
INFO     [rank 0] Loss weights: rmse=1.0000, h1=50.0000,      vae_trainer.py:975
         ssim=0.0000, mlw=0.0000                                                
INFO     [rank 0] Epoch 4: train_loss=0.022866               vae_trainer.py:1014
         val_loss=0.023730  val_VRMSE=0.125308  lr=4.80e-05                     
INFO     [rank 0] Metrics updated: metrics/metrics.csv,      vae_trainer.py:1040
         metrics/loss_curves.png                                                
INFO     [rank 0] Saved 12 validation reconstruction PNGs    vae_trainer.py:1254
         for epoch 4                                                            
INFO     [rank 0] Training state saved:                      vae_trainer.py:1429
         checkpoints/vae_shockwave_last.state.pt                                
INFO     [rank 0] Epoch 4 timing: train=2732.6s eval=76.9s   vae_trainer.py:1074
         viz=24.5s ckpt=6.9s total=2841.5s                                      
epoch 5 step 510  loss=0.028716  lr=4.78e-05  [rmse=0.0259 h1=0.0002 ssim=0.0786 mlw=0.0000]
epoch 5 step 520  loss=0.030921  lr=4.77e-05  [rmse=0.0212 h1=0.0003 ssim=0.0724 mlw=0.0000]
epoch 5 step 530  loss=0.026396  lr=4.76e-05  [rmse=0.0148 h1=0.0001 ssim=0.0583 mlw=0.0000]
epoch 5 step 540  loss=0.024926  lr=4.74e-05  [rmse=0.0121 h1=0.0001 ssim=0.0502 mlw=0.0000]
epoch 5 step 550  loss=0.024491  lr=4.73e-05  [rmse=0.0138 h1=0.0001 ssim=0.0492 mlw=0.0000]
epoch 5 step 560  loss=0.024800  lr=4.71e-05  [rmse=0.0215 h1=0.0003 ssim=0.1016 mlw=0.0000]
epoch 5 step 570  loss=0.025174  lr=4.69e-05  [rmse=0.0151 h1=0.0001 ssim=0.0724 mlw=0.0000]
epoch 5 step 580  loss=0.025150  lr=4.68e-05  [rmse=0.0210 h1=0.0002 ssim=0.0803 mlw=0.0000]
epoch 5 step 590  loss=0.024758  lr=4.66e-05  [rmse=0.0133 h1=0.0001 ssim=0.0698 mlw=0.0000]
epoch 5 step 600  loss=0.024753  lr=4.64e-05  [rmse=0.0201 h1=0.0002 ssim=0.0964 mlw=0.0000]
epoch 5 step 610  loss=0.024678  lr=4.63e-05  [rmse=0.0293 h1=0.0004 ssim=0.0971 mlw=0.0000]
epoch 5 step 620  loss=0.024329  lr=4.61e-05  [rmse=0.0175 h1=0.0001 ssim=0.0642 mlw=0.0000]
INFO     [rank 0] Loss weights: rmse=1.0000, h1=50.0000,      vae_trainer.py:975
         ssim=0.0000, mlw=0.0000                                                
INFO     [rank 0] Epoch 5: train_loss=0.024334               vae_trainer.py:1014
         val_loss=0.023030  val_VRMSE=0.125665  lr=4.60e-05                     
INFO     [rank 0] Metrics updated: metrics/metrics.csv,      vae_trainer.py:1040
         metrics/loss_curves.png                                                
INFO     [rank 0] Training state saved:                      vae_trainer.py:1429
         checkpoints/vae_shockwave_last.state.pt                                
INFO     [rank 0] Epoch 5 timing: train=2732.6s eval=76.6s   vae_trainer.py:1074
         viz=0.0s ckpt=7.1s total=2816.9s                                       
epoch 6 step 630  loss=0.028281  lr=4.59e-05  [rmse=0.0263 h1=0.0002 ssim=0.0905 mlw=0.0000]
epoch 6 step 640  loss=0.024036  lr=4.57e-05  [rmse=0.0137 h1=0.0001 ssim=0.0716 mlw=0.0000]
epoch 6 step 650  loss=0.025099  lr=4.55e-05  [rmse=0.0230 h1=0.0003 ssim=0.0939 mlw=0.0000]
epoch 6 step 660  loss=0.025641  lr=4.53e-05  [rmse=0.0184 h1=0.0002 ssim=0.0974 mlw=0.0000]
epoch 6 step 670  loss=0.025036  lr=4.51e-05  [rmse=0.0147 h1=0.0001 ssim=0.0615 mlw=0.0000]
epoch 6 step 680  loss=0.024718  lr=4.49e-05  [rmse=0.0221 h1=0.0002 ssim=0.1243 mlw=0.0000]
epoch 6 step 690  loss=0.024572  lr=4.47e-05  [rmse=0.0184 h1=0.0001 ssim=0.0672 mlw=0.0000]
epoch 6 step 700  loss=0.024246  lr=4.45e-05  [rmse=0.0090 h1=0.0000 ssim=0.0414 mlw=0.0000]
epoch 6 step 710  loss=0.024106  lr=4.43e-05  [rmse=0.0115 h1=0.0000 ssim=0.0638 mlw=0.0000]
epoch 6 step 720  loss=0.023966  lr=4.41e-05  [rmse=0.0213 h1=0.0002 ssim=0.0720 mlw=0.0000]
epoch 6 step 730  loss=0.023502  lr=4.39e-05  [rmse=0.0170 h1=0.0002 ssim=0.0582 mlw=0.0000]
epoch 6 step 740  loss=0.023770  lr=4.36e-05  [rmse=0.0150 h1=0.0001 ssim=0.0423 mlw=0.0000]
epoch 6 step 750  loss=0.023777  lr=4.34e-05  [rmse=0.0104 h1=0.0001 ssim=0.0561 mlw=0.0000]
INFO     [rank 0] Loss weights: rmse=1.0000, h1=50.0000,      vae_trainer.py:975
         ssim=0.0000, mlw=0.0000                                                
INFO     [rank 0] Epoch 6: train_loss=0.023777               vae_trainer.py:1014
         val_loss=0.019361  val_VRMSE=0.094272  lr=4.34e-05                     
INFO     [rank 0] Metrics updated: metrics/metrics.csv,      vae_trainer.py:1040
         metrics/loss_curves.png                                                
INFO     [rank 0] New best checkpoint (epoch 6,              vae_trainer.py:1353
         val_vrmse=0.094272):                                                   
         checkpoints/vae_shockwave_best.safetensors                             
INFO     [rank 0] Training state saved:                      vae_trainer.py:1429
         checkpoints/vae_shockwave_last.state.pt                                
INFO     [rank 0] Epoch 6 timing: train=2735.6s eval=77.1s   vae_trainer.py:1074
         viz=0.0s ckpt=8.1s total=2821.3s                                       
epoch 7 step 760  loss=0.019664  lr=4.32e-05  [rmse=0.0196 h1=0.0002 ssim=0.0768 mlw=0.0000]
epoch 7 step 770  loss=0.020192  lr=4.29e-05  [rmse=0.0223 h1=0.0002 ssim=0.0725 mlw=0.0000]
epoch 7 step 780  loss=0.020117  lr=4.27e-05  [rmse=0.0128 h1=0.0001 ssim=0.0546 mlw=0.0000]
epoch 7 step 790  loss=0.021383  lr=4.25e-05  [rmse=0.0136 h1=0.0001 ssim=0.0661 mlw=0.0000]
epoch 7 step 800  loss=0.020638  lr=4.22e-05  [rmse=0.0099 h1=0.0000 ssim=0.0433 mlw=0.0000]
epoch 7 step 810  loss=0.019680  lr=4.20e-05  [rmse=0.0093 h1=0.0000 ssim=0.0554 mlw=0.0000]
epoch 7 step 820  loss=0.020024  lr=4.17e-05  [rmse=0.0122 h1=0.0001 ssim=0.0598 mlw=0.0000]
epoch 7 step 830  loss=0.019645  lr=4.15e-05  [rmse=0.0118 h1=0.0001 ssim=0.0581 mlw=0.0000]
epoch 7 step 840  loss=0.019959  lr=4.12e-05  [rmse=0.0074 h1=0.0000 ssim=0.0368 mlw=0.0000]
epoch 7 step 850  loss=0.020301  lr=4.10e-05  [rmse=0.0127 h1=0.0001 ssim=0.0616 mlw=0.0000]
epoch 7 step 860  loss=0.020015  lr=4.07e-05  [rmse=0.0081 h1=0.0000 ssim=0.0397 mlw=0.0000]
epoch 7 step 870  loss=0.020225  lr=4.04e-05  [rmse=0.0199 h1=0.0002 ssim=0.0564 mlw=0.0000]
INFO     [rank 0] Loss weights: rmse=1.0000, h1=50.0000,      vae_trainer.py:975
         ssim=0.0000, mlw=0.0000                                                
INFO     [rank 0] Epoch 7: train_loss=0.020237               vae_trainer.py:1014
         val_loss=0.018540  val_VRMSE=0.089867  lr=4.03e-05                     
INFO     [rank 0] Metrics updated: metrics/metrics.csv,      vae_trainer.py:1040
         metrics/loss_curves.png                                                
INFO     [rank 0] New best checkpoint (epoch 7,              vae_trainer.py:1353
         val_vrmse=0.089867):                                                   
         checkpoints/vae_shockwave_best.safetensors                             
INFO     [rank 0] Training state saved:                      vae_trainer.py:1429
         checkpoints/vae_shockwave_last.state.pt                                
INFO     [rank 0] Epoch 7 timing: train=2734.9s eval=77.1s   vae_trainer.py:1074
         viz=0.0s ckpt=8.1s total=2820.7s                                       
epoch 8 step 880  loss=0.017220  lr=4.02e-05  [rmse=0.0097 h1=0.0001 ssim=0.0354 mlw=0.0000]
epoch 8 step 890  loss=0.016084  lr=3.99e-05  [rmse=0.0156 h1=0.0002 ssim=0.0536 mlw=0.0000]
epoch 8 step 900  loss=0.017289  lr=3.96e-05  [rmse=0.0178 h1=0.0002 ssim=0.0577 mlw=0.0000]
epoch 8 step 910  loss=0.017903  lr=3.94e-05  [rmse=0.0092 h1=0.0000 ssim=0.0501 mlw=0.0000]
epoch 8 step 920  loss=0.018399  lr=3.91e-05  [rmse=0.0119 h1=0.0001 ssim=0.0462 mlw=0.0000]
epoch 8 step 930  loss=0.017744  lr=3.88e-05  [rmse=0.0072 h1=0.0000 ssim=0.0285 mlw=0.0000]
epoch 8 step 940  loss=0.018576  lr=3.85e-05  [rmse=0.0173 h1=0.0001 ssim=0.0626 mlw=0.0000]
epoch 8 step 950  loss=0.019132  lr=3.82e-05  [rmse=0.0177 h1=0.0002 ssim=0.0688 mlw=0.0000]
epoch 8 step 960  loss=0.019250  lr=3.79e-05  [rmse=0.0172 h1=0.0002 ssim=0.0744 mlw=0.0000]
epoch 8 step 970  loss=0.019364  lr=3.77e-05  [rmse=0.0110 h1=0.0001 ssim=0.0494 mlw=0.0000]
epoch 8 step 980  loss=0.019431  lr=3.74e-05  [rmse=0.0111 h1=0.0001 ssim=0.0486 mlw=0.0000]
epoch 8 step 990  loss=0.019586  lr=3.71e-05  [rmse=0.0145 h1=0.0001 ssim=0.0430 mlw=0.0000]
epoch 8 step 1000  loss=0.019545  lr=3.68e-05  [rmse=0.0135 h1=0.0001 ssim=0.0391 mlw=0.0000]
INFO     [rank 0] Loss weights: rmse=1.0000, h1=50.0000,      vae_trainer.py:975
         ssim=0.0000, mlw=0.0000                                                
INFO     [rank 0] Epoch 8: train_loss=0.019545               vae_trainer.py:1014
         val_loss=0.017433  val_VRMSE=0.081412  lr=3.68e-05                     
INFO     [rank 0] Metrics updated: metrics/metrics.csv,      vae_trainer.py:1040
         metrics/loss_curves.png                                                
INFO     [rank 0] Saved 12 validation reconstruction PNGs    vae_trainer.py:1254
         for epoch 8                                                            
INFO     [rank 0] New best checkpoint (epoch 8,              vae_trainer.py:1353
         val_vrmse=0.081412):                                                   
         checkpoints/vae_shockwave_best.safetensors                             
INFO     [rank 0] Training state saved:                      vae_trainer.py:1429
         checkpoints/vae_shockwave_last.state.pt                                
INFO     [rank 0] Epoch 8 timing: train=2734.5s eval=76.9s   vae_trainer.py:1074
         viz=23.9s ckpt=8.2s total=2844.0s                                      
epoch 9 step 1010  loss=0.023338  lr=3.65e-05  [rmse=0.0110 h1=0.0001 ssim=0.0398 mlw=0.0000]
epoch 9 step 1020  loss=0.020682  lr=3.62e-05  [rmse=0.0110 h1=0.0001 ssim=0.0397 mlw=0.0000]
epoch 9 step 1030  loss=0.019163  lr=3.59e-05  [rmse=0.0102 h1=0.0001 ssim=0.0383 mlw=0.0000]
epoch 9 step 1040  loss=0.019270  lr=3.56e-05  [rmse=0.0118 h1=0.0001 ssim=0.0504 mlw=0.0000]
epoch 9 step 1050  loss=0.018439  lr=3.53e-05  [rmse=0.0078 h1=0.0000 ssim=0.0353 mlw=0.0000]
epoch 9 step 1060  loss=0.018553  lr=3.50e-05  [rmse=0.0082 h1=0.0000 ssim=0.0488 mlw=0.0000]
epoch 9 step 1070  loss=0.018215  lr=3.46e-05  [rmse=0.0050 h1=0.0000 ssim=0.0222 mlw=0.0000]
epoch 9 step 1080  loss=0.018028  lr=3.43e-05  [rmse=0.0080 h1=0.0000 ssim=0.0361 mlw=0.0000]
epoch 9 step 1090  loss=0.018471  lr=3.40e-05  [rmse=0.0141 h1=0.0002 ssim=0.0583 mlw=0.0000]
epoch 9 step 1100  loss=0.018371  lr=3.37e-05  [rmse=0.0086 h1=0.0001 ssim=0.0346 mlw=0.0000]
epoch 9 step 1110  loss=0.018100  lr=3.34e-05  [rmse=0.0099 h1=0.0001 ssim=0.0316 mlw=0.0000]
epoch 9 step 1120  loss=0.018211  lr=3.31e-05  [rmse=0.0223 h1=0.0003 ssim=0.0529 mlw=0.0000]
INFO     [rank 0] Loss weights: rmse=1.0000, h1=50.0000,      vae_trainer.py:975
         ssim=0.0000, mlw=0.0000                                                
INFO     [rank 0] Epoch 9: train_loss=0.018409               vae_trainer.py:1014
         val_loss=0.016101  val_VRMSE=0.071763  lr=3.29e-05                     
INFO     [rank 0] Metrics updated: metrics/metrics.csv,      vae_trainer.py:1040
         metrics/loss_curves.png                                                
INFO     [rank 0] New best checkpoint (epoch 9,              vae_trainer.py:1353
         val_vrmse=0.071763):                                                   
         checkpoints/vae_shockwave_best.safetensors                             
INFO     [rank 0] Training state saved:                      vae_trainer.py:1429
         checkpoints/vae_shockwave_last.state.pt                                
INFO     [rank 0] Epoch 9 timing: train=2731.8s eval=81.0s   vae_trainer.py:1074
         viz=0.0s ckpt=8.3s total=2821.6s                                       
epoch 10 step 1130  loss=0.011594  lr=3.28e-05  [rmse=0.0105 h1=0.0001 ssim=0.0451 mlw=0.0000]
epoch 10 step 1140  loss=0.014649  lr=3.24e-05  [rmse=0.0127 h1=0.0001 ssim=0.0500 mlw=0.0000]
epoch 10 step 1150  loss=0.015636  lr=3.21e-05  [rmse=0.0059 h1=0.0000 ssim=0.0269 mlw=0.0000]
epoch 10 step 1160  loss=0.016097  lr=3.18e-05  [rmse=0.0096 h1=0.0001 ssim=0.0560 mlw=0.0000]
epoch 10 step 1170  loss=0.017142  lr=3.15e-05  [rmse=0.0111 h1=0.0001 ssim=0.0389 mlw=0.0000]
epoch 10 step 1180  loss=0.016876  lr=3.11e-05  [rmse=0.0086 h1=0.0000 ssim=0.0404 mlw=0.0000]
epoch 10 step 1190  loss=0.016370  lr=3.08e-05  [rmse=0.0111 h1=0.0001 ssim=0.0509 mlw=0.0000]
epoch 10 step 1200  loss=0.016183  lr=3.05e-05  [rmse=0.0121 h1=0.0001 ssim=0.0424 mlw=0.0000]
epoch 10 step 1210  loss=0.016066  lr=3.02e-05  [rmse=0.0102 h1=0.0001 ssim=0.0485 mlw=0.0000]
epoch 10 step 1220  loss=0.016178  lr=2.98e-05  [rmse=0.0079 h1=0.0000 ssim=0.0308 mlw=0.0000]
epoch 10 step 1230  loss=0.016133  lr=2.95e-05  [rmse=0.0069 h1=0.0000 ssim=0.0294 mlw=0.0000]
epoch 10 step 1240  loss=0.015973  lr=2.92e-05  [rmse=0.0096 h1=0.0001 ssim=0.0384 mlw=0.0000]
epoch 10 step 1250  loss=0.016022  lr=2.88e-05  [rmse=0.0120 h1=0.0001 ssim=0.0473 mlw=0.0000]
INFO     [rank 0] Loss weights: rmse=1.0000, h1=50.0000,      vae_trainer.py:975
         ssim=0.0000, mlw=0.0000                                                
INFO     [rank 0] Epoch 10: train_loss=0.016022              vae_trainer.py:1014
         val_loss=0.018625  val_VRMSE=0.097985  lr=2.88e-05                     
INFO     [rank 0] Metrics updated: metrics/metrics.csv,      vae_trainer.py:1040
         metrics/loss_curves.png                                                
INFO     [rank 0] Training state saved:                      vae_trainer.py:1429
         checkpoints/vae_shockwave_last.state.pt                                
INFO     [rank 0] Epoch 10 timing: train=2736.2s eval=76.9s  vae_trainer.py:1074
         viz=0.0s ckpt=7.4s total=2821.0s                                       
epoch 11 step 1260  loss=0.018398  lr=2.85e-05  [rmse=0.0080 h1=0.0000 ssim=0.0304 mlw=0.0000]
epoch 11 step 1270  loss=0.018160  lr=2.82e-05  [rmse=0.0107 h1=0.0001 ssim=0.0370 mlw=0.0000]
epoch 11 step 1280  loss=0.016900  lr=2.78e-05  [rmse=0.0094 h1=0.0001 ssim=0.0518 mlw=0.0000]
epoch 11 step 1290  loss=0.016440  lr=2.75e-05  [rmse=0.0196 h1=0.0003 ssim=0.0578 mlw=0.0000]
epoch 11 step 1300  loss=0.015783  lr=2.72e-05  [rmse=0.0091 h1=0.0001 ssim=0.0360 mlw=0.0000]
epoch 11 step 1310  loss=0.015638  lr=2.68e-05  [rmse=0.0064 h1=0.0000 ssim=0.0281 mlw=0.0000]
epoch 11 step 1320  loss=0.015269  lr=2.65e-05  [rmse=0.0136 h1=0.0002 ssim=0.0506 mlw=0.0000]
epoch 11 step 1330  loss=0.015851  lr=2.62e-05  [rmse=0.0121 h1=0.0001 ssim=0.0510 mlw=0.0000]
epoch 11 step 1340  loss=0.016175  lr=2.58e-05  [rmse=0.0170 h1=0.0002 ssim=0.0468 mlw=0.0000]
epoch 11 step 1350  loss=0.016242  lr=2.55e-05  [rmse=0.0089 h1=0.0001 ssim=0.0366 mlw=0.0000]
epoch 11 step 1360  loss=0.015969  lr=2.52e-05  [rmse=0.0124 h1=0.0001 ssim=0.0456 mlw=0.0000]
epoch 11 step 1370  loss=0.016157  lr=2.48e-05  [rmse=0.0133 h1=0.0001 ssim=0.0441 mlw=0.0000]
INFO     [rank 0] Loss weights: rmse=1.0000, h1=50.0000,      vae_trainer.py:975
         ssim=0.0000, mlw=0.0000                                                
INFO     [rank 0] Epoch 11: train_loss=0.016410              vae_trainer.py:1014
         val_loss=0.014921  val_VRMSE=0.066921  lr=2.47e-05                     
INFO     [rank 0] Metrics updated: metrics/metrics.csv,      vae_trainer.py:1040
         metrics/loss_curves.png                                                
INFO     [rank 0] New best checkpoint (epoch 11,             vae_trainer.py:1353
         val_vrmse=0.066921):                                                   
         checkpoints/vae_shockwave_best.safetensors                             
INFO     [rank 0] Training state saved:                      vae_trainer.py:1429
         checkpoints/vae_shockwave_last.state.pt                                
INFO     [rank 0] Epoch 11 timing: train=2733.9s eval=77.2s  vae_trainer.py:1074
         viz=0.0s ckpt=8.0s total=2819.6s                                       
epoch 12 step 1380  loss=0.011986  lr=2.45e-05  [rmse=0.0140 h1=0.0002 ssim=0.0503 mlw=0.0000]
epoch 12 step 1390  loss=0.013876  lr=2.42e-05  [rmse=0.0132 h1=0.0001 ssim=0.0510 mlw=0.0000]
epoch 12 step 1400  loss=0.013255  lr=2.38e-05  [rmse=0.0098 h1=0.0001 ssim=0.0322 mlw=0.0000]
epoch 12 step 1410  loss=0.016406  lr=2.35e-05  [rmse=0.0138 h1=0.0002 ssim=0.0344 mlw=0.0000]
epoch 12 step 1420  loss=0.016953  lr=2.32e-05  [rmse=0.0113 h1=0.0001 ssim=0.0502 mlw=0.0000]
epoch 12 step 1430  loss=0.016768  lr=2.28e-05  [rmse=0.0146 h1=0.0002 ssim=0.0532 mlw=0.0000]
epoch 12 step 1440  loss=0.016712  lr=2.25e-05  [rmse=0.0047 h1=0.0000 ssim=0.0189 mlw=0.0000]
epoch 12 step 1450  loss=0.016366  lr=2.22e-05  [rmse=0.0072 h1=0.0000 ssim=0.0306 mlw=0.0000]
epoch 12 step 1460  loss=0.016014  lr=2.18e-05  [rmse=0.0102 h1=0.0001 ssim=0.0362 mlw=0.0000]
epoch 12 step 1470  loss=0.015885  lr=2.15e-05  [rmse=0.0194 h1=0.0001 ssim=0.0361 mlw=0.0000]
epoch 12 step 1480  loss=0.016078  lr=2.12e-05  [rmse=0.0110 h1=0.0001 ssim=0.0347 mlw=0.0000]
epoch 12 step 1490  loss=0.015874  lr=2.08e-05  [rmse=0.0082 h1=0.0001 ssim=0.0275 mlw=0.0000]
epoch 12 step 1500  loss=0.015752  lr=2.05e-05  [rmse=0.0118 h1=0.0001 ssim=0.0376 mlw=0.0000]
INFO     [rank 0] Loss weights: rmse=1.0000, h1=50.0000,      vae_trainer.py:975
         ssim=0.0000, mlw=0.0000                                                
INFO     [rank 0] Epoch 12: train_loss=0.015752              vae_trainer.py:1014
         val_loss=0.014708  val_VRMSE=0.065001  lr=2.05e-05                     
INFO     [rank 0] Metrics updated: metrics/metrics.csv,      vae_trainer.py:1040
         metrics/loss_curves.png                                                
INFO     [rank 0] Saved 12 validation reconstruction PNGs    vae_trainer.py:1254
         for epoch 12                                                           
INFO     [rank 0] New best checkpoint (epoch 12,             vae_trainer.py:1353
         val_vrmse=0.065001):                                                   
         checkpoints/vae_shockwave_best.safetensors                             
INFO     [rank 0] Training state saved:                      vae_trainer.py:1429
         checkpoints/vae_shockwave_last.state.pt                                
INFO     [rank 0] Epoch 12 timing: train=2889.5s eval=78.0s  vae_trainer.py:1074
         viz=23.8s ckpt=8.1s total=2999.9s                                      
epoch 13 step 1510  loss=0.014645  lr=2.02e-05  [rmse=0.0099 h1=0.0001 ssim=0.0362 mlw=0.0000]
epoch 13 step 1520  loss=0.014287  lr=1.99e-05  [rmse=0.0063 h1=0.0000 ssim=0.0283 mlw=0.0000]
epoch 13 step 1530  loss=0.015828  lr=1.95e-05  [rmse=0.0126 h1=0.0001 ssim=0.0285 mlw=0.0000]
epoch 13 step 1540  loss=0.016100  lr=1.92e-05  [rmse=0.0083 h1=0.0000 ssim=0.0215 mlw=0.0000]
epoch 13 step 1550  loss=0.015716  lr=1.89e-05  [rmse=0.0080 h1=0.0001 ssim=0.0322 mlw=0.0000]
epoch 13 step 1560  loss=0.015394  lr=1.86e-05  [rmse=0.0153 h1=0.0002 ssim=0.0474 mlw=0.0000]
epoch 13 step 1570  loss=0.015667  lr=1.82e-05  [rmse=0.0111 h1=0.0001 ssim=0.0379 mlw=0.0000]
epoch 13 step 1580  loss=0.015477  lr=1.79e-05  [rmse=0.0047 h1=0.0000 ssim=0.0179 mlw=0.0000]
epoch 13 step 1590  loss=0.015200  lr=1.76e-05  [rmse=0.0066 h1=0.0000 ssim=0.0253 mlw=0.0000]
epoch 13 step 1600  loss=0.015491  lr=1.73e-05  [rmse=0.0162 h1=0.0002 ssim=0.0487 mlw=0.0000]
epoch 13 step 1610  loss=0.015576  lr=1.70e-05  [rmse=0.0077 h1=0.0000 ssim=0.0311 mlw=0.0000]
epoch 13 step 1620  loss=0.015999  lr=1.67e-05  [rmse=0.0111 h1=0.0001 ssim=0.0370 mlw=0.0000]
INFO     [rank 0] Loss weights: rmse=1.0000, h1=50.0000,      vae_trainer.py:975
         ssim=0.0000, mlw=0.0000                                                
INFO     [rank 0] Epoch 13: train_loss=0.016210              vae_trainer.py:1014
         val_loss=0.014732  val_VRMSE=0.067110  lr=1.65e-05                     
INFO     [rank 0] Metrics updated: metrics/metrics.csv,      vae_trainer.py:1040
         metrics/loss_curves.png                                                
INFO     [rank 0] Training state saved:                      vae_trainer.py:1429
         checkpoints/vae_shockwave_last.state.pt                                
INFO     [rank 0] Epoch 13 timing: train=2738.1s eval=78.1s  vae_trainer.py:1074
         viz=0.0s ckpt=7.0s total=2823.7s                                       
epoch 14 step 1630  loss=0.022145  lr=1.64e-05  [rmse=0.0097 h1=0.0001 ssim=0.0395 mlw=0.0000]
epoch 14 step 1640  loss=0.017357  lr=1.60e-05  [rmse=0.0081 h1=0.0001 ssim=0.0390 mlw=0.0000]
epoch 14 step 1650  loss=0.015813  lr=1.57e-05  [rmse=0.0095 h1=0.0001 ssim=0.0375 mlw=0.0000]
epoch 14 step 1660  loss=0.015542  lr=1.54e-05  [rmse=0.0110 h1=0.0001 ssim=0.0261 mlw=0.0000]
epoch 14 step 1670  loss=0.015138  lr=1.51e-05  [rmse=0.0098 h1=0.0001 ssim=0.0298 mlw=0.0000]
epoch 14 step 1680  loss=0.015514  lr=1.48e-05  [rmse=0.0034 h1=0.0000 ssim=0.0140 mlw=0.0000]
epoch 14 step 1690  loss=0.015020  lr=1.45e-05  [rmse=0.0094 h1=0.0001 ssim=0.0260 mlw=0.0000]
epoch 14 step 1700  loss=0.015020  lr=1.42e-05  [rmse=0.0123 h1=0.0002 ssim=0.0328 mlw=0.0000]
epoch 14 step 1710  loss=0.014603  lr=1.39e-05  [rmse=0.0119 h1=0.0002 ssim=0.0422 mlw=0.0000]
epoch 14 step 1720  loss=0.014637  lr=1.36e-05  [rmse=0.0044 h1=0.0000 ssim=0.0141 mlw=0.0000]
epoch 14 step 1730  loss=0.014735  lr=1.33e-05  [rmse=0.0079 h1=0.0001 ssim=0.0321 mlw=0.0000]
epoch 14 step 1740  loss=0.014790  lr=1.31e-05  [rmse=0.0136 h1=0.0002 ssim=0.0515 mlw=0.0000]
epoch 14 step 1750  loss=0.014952  lr=1.28e-05  [rmse=0.0089 h1=0.0001 ssim=0.0344 mlw=0.0000]
INFO     [rank 0] Loss weights: rmse=1.0000, h1=50.0000,      vae_trainer.py:975
         ssim=0.0000, mlw=0.0000                                                
INFO     [rank 0] Epoch 14: train_loss=0.014952              vae_trainer.py:1014
         val_loss=0.013883  val_VRMSE=0.060409  lr=1.28e-05                     
INFO     [rank 0] Metrics updated: metrics/metrics.csv,      vae_trainer.py:1040
         metrics/loss_curves.png                                                
INFO     [rank 0] New best checkpoint (epoch 14,             vae_trainer.py:1353
         val_vrmse=0.060409):                                                   
         checkpoints/vae_shockwave_best.safetensors                             
INFO     [rank 0] Training state saved:                      vae_trainer.py:1429
         checkpoints/vae_shockwave_last.state.pt                                
INFO     [rank 0] Epoch 14 timing: train=2737.2s eval=77.9s  vae_trainer.py:1074
         viz=0.0s ckpt=8.1s total=2823.7s                                       
epoch 15 step 1760  loss=0.013846  lr=1.25e-05  [rmse=0.0084 h1=0.0001 ssim=0.0349 mlw=0.0000]
epoch 15 step 1770  loss=0.013490  lr=1.22e-05  [rmse=0.0079 h1=0.0001 ssim=0.0298 mlw=0.0000]
epoch 15 step 1780  loss=0.013911  lr=1.19e-05  [rmse=0.0119 h1=0.0001 ssim=0.0441 mlw=0.0000]
epoch 15 step 1790  loss=0.014187  lr=1.16e-05  [rmse=0.0202 h1=0.0003 ssim=0.0571 mlw=0.0000]
epoch 15 step 1800  loss=0.014043  lr=1.14e-05  [rmse=0.0062 h1=0.0000 ssim=0.0267 mlw=0.0000]
epoch 15 step 1810  loss=0.014413  lr=1.11e-05  [rmse=0.0101 h1=0.0001 ssim=0.0300 mlw=0.0000]
epoch 15 step 1820  loss=0.013961  lr=1.08e-05  [rmse=0.0050 h1=0.0000 ssim=0.0225 mlw=0.0000]
epoch 15 step 1830  loss=0.014022  lr=1.06e-05  [rmse=0.0154 h1=0.0002 ssim=0.0402 mlw=0.0000]
epoch 15 step 1840  loss=0.014296  lr=1.03e-05  [rmse=0.0102 h1=0.0001 ssim=0.0270 mlw=0.0000]
epoch 15 step 1850  loss=0.014572  lr=1.00e-05  [rmse=0.0134 h1=0.0002 ssim=0.0420 mlw=0.0000]
epoch 15 step 1860  loss=0.014565  lr=9.78e-06  [rmse=0.0075 h1=0.0001 ssim=0.0308 mlw=0.0000]
epoch 15 step 1870  loss=0.014416  lr=9.52e-06  [rmse=0.0071 h1=0.0000 ssim=0.0203 mlw=0.0000]
INFO     [rank 0] Loss weights: rmse=1.0000, h1=50.0000,      vae_trainer.py:975
         ssim=0.0000, mlw=0.0000                                                
INFO     [rank 0] Epoch 15: train_loss=0.014452              vae_trainer.py:1014
         val_loss=0.013611  val_VRMSE=0.058801  lr=9.40e-06                     
INFO     [rank 0] Metrics updated: metrics/metrics.csv,      vae_trainer.py:1040
         metrics/loss_curves.png                                                
INFO     [rank 0] New best checkpoint (epoch 15,             vae_trainer.py:1353
         val_vrmse=0.058801):                                                   
         checkpoints/vae_shockwave_best.safetensors                             
INFO     [rank 0] Training state saved:                      vae_trainer.py:1429
         checkpoints/vae_shockwave_last.state.pt                                
INFO     [rank 0] Epoch 15 timing: train=2737.7s eval=76.9s  vae_trainer.py:1074
         viz=0.0s ckpt=8.0s total=2823.1s                                       
epoch 16 step 1880  loss=0.014261  lr=9.27e-06  [rmse=0.0091 h1=0.0001 ssim=0.0321 mlw=0.0000]
epoch 16 step 1890  loss=0.015202  lr=9.02e-06  [rmse=0.0077 h1=0.0001 ssim=0.0234 mlw=0.0000]
epoch 16 step 1900  loss=0.014556  lr=8.78e-06  [rmse=0.0033 h1=0.0000 ssim=0.0137 mlw=0.0000]
epoch 16 step 1910  loss=0.014518  lr=8.53e-06  [rmse=0.0080 h1=0.0001 ssim=0.0288 mlw=0.0000]
epoch 16 step 1920  loss=0.014165  lr=8.29e-06  [rmse=0.0089 h1=0.0001 ssim=0.0281 mlw=0.0000]
epoch 16 step 1930  loss=0.013901  lr=8.06e-06  [rmse=0.0128 h1=0.0002 ssim=0.0362 mlw=0.0000]
epoch 16 step 1940  loss=0.014622  lr=7.82e-06  [rmse=0.0097 h1=0.0001 ssim=0.0399 mlw=0.0000]
epoch 16 step 1950  loss=0.014433  lr=7.59e-06  [rmse=0.0027 h1=0.0000 ssim=0.0152 mlw=0.0000]
epoch 16 step 1960  loss=0.014680  lr=7.37e-06  [rmse=0.0071 h1=0.0001 ssim=0.0253 mlw=0.0000]
epoch 16 step 1970  loss=0.015019  lr=7.14e-06  [rmse=0.0105 h1=0.0001 ssim=0.0422 mlw=0.0000]
epoch 16 step 1980  loss=0.014815  lr=6.92e-06  [rmse=0.0114 h1=0.0001 ssim=0.0336 mlw=0.0000]
epoch 16 step 1990  loss=0.014827  lr=6.71e-06  [rmse=0.0078 h1=0.0001 ssim=0.0295 mlw=0.0000]
epoch 16 step 2000  loss=0.014915  lr=6.50e-06  [rmse=0.0035 h1=0.0000 ssim=0.0184 mlw=0.0000]
INFO     [rank 0] Loss weights: rmse=1.0000, h1=50.0000,      vae_trainer.py:975
         ssim=0.0000, mlw=0.0000                                                
INFO     [rank 0] Epoch 16: train_loss=0.014915              vae_trainer.py:1014
         val_loss=0.013500  val_VRMSE=0.058218  lr=6.50e-06                     
INFO     [rank 0] Metrics updated: metrics/metrics.csv,      vae_trainer.py:1040
         metrics/loss_curves.png                                                
INFO     [rank 0] Saved 12 validation reconstruction PNGs    vae_trainer.py:1254
         for epoch 16                                                           
INFO     [rank 0] New best checkpoint (epoch 16,             vae_trainer.py:1353
         val_vrmse=0.058218):                                                   
         checkpoints/vae_shockwave_best.safetensors                             
INFO     [rank 0] Training state saved:                      vae_trainer.py:1429
         checkpoints/vae_shockwave_last.state.pt                                
INFO     [rank 0] Epoch 16 timing: train=2737.6s eval=76.9s  vae_trainer.py:1074
         viz=24.3s ckpt=8.5s total=2847.9s                                      
epoch 17 step 2010  loss=0.014540  lr=6.29e-06  [rmse=0.0071 h1=0.0001 ssim=0.0256 mlw=0.0000]
epoch 17 step 2020  loss=0.013025  lr=6.08e-06  [rmse=0.0082 h1=0.0001 ssim=0.0229 mlw=0.0000]
epoch 17 step 2030  loss=0.013634  lr=5.88e-06  [rmse=0.0127 h1=0.0002 ssim=0.0466 mlw=0.0000]
epoch 17 step 2040  loss=0.014577  lr=5.68e-06  [rmse=0.0139 h1=0.0002 ssim=0.0449 mlw=0.0000]
epoch 17 step 2050  loss=0.014125  lr=5.48e-06  [rmse=0.0087 h1=0.0001 ssim=0.0269 mlw=0.0000]
epoch 17 step 2060  loss=0.013896  lr=5.29e-06  [rmse=0.0051 h1=0.0000 ssim=0.0168 mlw=0.0000]
epoch 17 step 2070  loss=0.014277  lr=5.11e-06  [rmse=0.0083 h1=0.0001 ssim=0.0406 mlw=0.0000]
epoch 17 step 2080  loss=0.014504  lr=4.92e-06  [rmse=0.0123 h1=0.0002 ssim=0.0238 mlw=0.0000]
epoch 17 step 2090  loss=0.014514  lr=4.74e-06  [rmse=0.0068 h1=0.0001 ssim=0.0243 mlw=0.0000]
epoch 17 step 2100  loss=0.014528  lr=4.57e-06  [rmse=0.0104 h1=0.0001 ssim=0.0355 mlw=0.0000]
epoch 17 step 2110  loss=0.014655  lr=4.39e-06  [rmse=0.0081 h1=0.0001 ssim=0.0239 mlw=0.0000]
epoch 17 step 2120  loss=0.014555  lr=4.23e-06  [rmse=0.0143 h1=0.0002 ssim=0.0482 mlw=0.0000]
INFO     [rank 0] Loss weights: rmse=1.0000, h1=50.0000,      vae_trainer.py:975
         ssim=0.0000, mlw=0.0000                                                
INFO     [rank 0] Epoch 17: train_loss=0.014521              vae_trainer.py:1014
         val_loss=0.013444  val_VRMSE=0.057937  lr=4.14e-06                     
INFO     [rank 0] Metrics updated: metrics/metrics.csv,      vae_trainer.py:1040
         metrics/loss_curves.png                                                
INFO     [rank 0] New best checkpoint (epoch 17,             vae_trainer.py:1353
         val_vrmse=0.057937):                                                   
         checkpoints/vae_shockwave_best.safetensors                             
INFO     [rank 0] Training state saved:                      vae_trainer.py:1429
         checkpoints/vae_shockwave_last.state.pt                                
INFO     [rank 0] Epoch 17 timing: train=2738.0s eval=77.0s  vae_trainer.py:1074
         viz=0.0s ckpt=8.5s total=2824.1s                                       
epoch 18 step 2130  loss=0.015619  lr=4.06e-06  [rmse=0.0125 h1=0.0002 ssim=0.0466 mlw=0.0000]
epoch 18 step 2140  loss=0.014273  lr=3.90e-06  [rmse=0.0066 h1=0.0000 ssim=0.0220 mlw=0.0000]
epoch 18 step 2150  loss=0.014426  lr=3.75e-06  [rmse=0.0050 h1=0.0000 ssim=0.0192 mlw=0.0000]
epoch 18 step 2160  loss=0.014512  lr=3.59e-06  [rmse=0.0072 h1=0.0001 ssim=0.0247 mlw=0.0000]
epoch 18 step 2170  loss=0.014193  lr=3.45e-06  [rmse=0.0124 h1=0.0002 ssim=0.0290 mlw=0.0000]
epoch 18 step 2180  loss=0.013683  lr=3.30e-06  [rmse=0.0066 h1=0.0000 ssim=0.0280 mlw=0.0000]
epoch 18 step 2190  loss=0.013560  lr=3.16e-06  [rmse=0.0150 h1=0.0002 ssim=0.0366 mlw=0.0000]
epoch 18 step 2200  loss=0.014681  lr=3.03e-06  [rmse=0.0068 h1=0.0000 ssim=0.0212 mlw=0.0000]
epoch 18 step 2210  loss=0.014554  lr=2.90e-06  [rmse=0.0106 h1=0.0001 ssim=0.0286 mlw=0.0000]
epoch 18 step 2220  loss=0.014646  lr=2.77e-06  [rmse=0.0094 h1=0.0001 ssim=0.0224 mlw=0.0000]
epoch 18 step 2230  loss=0.014821  lr=2.65e-06  [rmse=0.0088 h1=0.0001 ssim=0.0289 mlw=0.0000]
epoch 18 step 2240  loss=0.015018  lr=2.53e-06  [rmse=0.0114 h1=0.0001 ssim=0.0283 mlw=0.0000]
epoch 18 step 2250  loss=0.014855  lr=2.41e-06  [rmse=0.0079 h1=0.0001 ssim=0.0280 mlw=0.0000]
INFO     [rank 0] Loss weights: rmse=1.0000, h1=50.0000,      vae_trainer.py:975
         ssim=0.0000, mlw=0.0000                                                
INFO     [rank 0] Epoch 18: train_loss=0.014855              vae_trainer.py:1014
         val_loss=0.013390  val_VRMSE=0.057656  lr=2.41e-06                     
INFO     [rank 0] Metrics updated: metrics/metrics.csv,      vae_trainer.py:1040
         metrics/loss_curves.png                                                
INFO     [rank 0] New best checkpoint (epoch 18,             vae_trainer.py:1353
         val_vrmse=0.057656):                                                   
         checkpoints/vae_shockwave_best.safetensors                             
INFO     [rank 0] Training state saved:                      vae_trainer.py:1429
         checkpoints/vae_shockwave_last.state.pt                                
INFO     [rank 0] Epoch 18 timing: train=2736.5s eval=76.8s  vae_trainer.py:1074
         viz=0.0s ckpt=8.3s total=2822.1s                                       
epoch 19 step 2260  loss=0.014038  lr=2.30e-06  [rmse=0.0129 h1=0.0002 ssim=0.0475 mlw=0.0000]
epoch 19 step 2270  loss=0.013543  lr=2.20e-06  [rmse=0.0105 h1=0.0001 ssim=0.0219 mlw=0.0000]
epoch 19 step 2280  loss=0.013665  lr=2.10e-06  [rmse=0.0094 h1=0.0001 ssim=0.0255 mlw=0.0000]
epoch 19 step 2290  loss=0.013528  lr=2.00e-06  [rmse=0.0078 h1=0.0001 ssim=0.0322 mlw=0.0000]
epoch 19 step 2300  loss=0.013694  lr=1.91e-06  [rmse=0.0106 h1=0.0001 ssim=0.0293 mlw=0.0000]
epoch 19 step 2310  loss=0.013296  lr=1.82e-06  [rmse=0.0119 h1=0.0001 ssim=0.0416 mlw=0.0000]
epoch 19 step 2320  loss=0.013906  lr=1.74e-06  [rmse=0.0183 h1=0.0003 ssim=0.0441 mlw=0.0000]
epoch 19 step 2330  loss=0.014103  lr=1.66e-06  [rmse=0.0089 h1=0.0001 ssim=0.0260 mlw=0.0000]
epoch 19 step 2340  loss=0.014172  lr=1.58e-06  [rmse=0.0064 h1=0.0000 ssim=0.0228 mlw=0.0000]
epoch 19 step 2350  loss=0.014042  lr=1.51e-06  [rmse=0.0084 h1=0.0001 ssim=0.0306 mlw=0.0000]
epoch 19 step 2360  loss=0.014064  lr=1.45e-06  [rmse=0.0119 h1=0.0001 ssim=0.0317 mlw=0.0000]
epoch 19 step 2370  loss=0.014106  lr=1.39e-06  [rmse=0.0155 h1=0.0002 ssim=0.0308 mlw=0.0000]
INFO     [rank 0] Loss weights: rmse=1.0000, h1=50.0000,      vae_trainer.py:975
         ssim=0.0000, mlw=0.0000                                                
INFO     [rank 0] Epoch 19: train_loss=0.014157              vae_trainer.py:1014
         val_loss=0.013371  val_VRMSE=0.057587  lr=1.36e-06                     
INFO     [rank 0] Metrics updated: metrics/metrics.csv,      vae_trainer.py:1040
         metrics/loss_curves.png                                                
INFO     [rank 0] New best checkpoint (epoch 19,             vae_trainer.py:1353
         val_vrmse=0.057587):                                                   
         checkpoints/vae_shockwave_best.safetensors                             
INFO     [rank 0] Training state saved:                      vae_trainer.py:1429
         checkpoints/vae_shockwave_last.state.pt                                
INFO     [rank 0] Epoch 19 timing: train=2733.7s eval=77.2s  vae_trainer.py:1074
         viz=0.0s ckpt=8.4s total=2819.8s                                       
epoch 20 step 2380  loss=0.010734  lr=1.33e-06  [rmse=0.0061 h1=0.0000 ssim=0.0276 mlw=0.0000]
epoch 20 step 2390  loss=0.013128  lr=1.28e-06  [rmse=0.0055 h1=0.0000 ssim=0.0226 mlw=0.0000]
epoch 20 step 2400  loss=0.014508  lr=1.23e-06  [rmse=0.0134 h1=0.0002 ssim=0.0482 mlw=0.0000]
epoch 20 step 2410  loss=0.014169  lr=1.18e-06  [rmse=0.0055 h1=0.0000 ssim=0.0237 mlw=0.0000]
epoch 20 step 2420  loss=0.015247  lr=1.15e-06  [rmse=0.0142 h1=0.0002 ssim=0.0397 mlw=0.0000]
epoch 20 step 2430  loss=0.014873  lr=1.11e-06  [rmse=0.0129 h1=0.0002 ssim=0.0495 mlw=0.0000]
epoch 20 step 2440  loss=0.014743  lr=1.08e-06  [rmse=0.0060 h1=0.0000 ssim=0.0206 mlw=0.0000]
epoch 20 step 2450  loss=0.014753  lr=1.06e-06  [rmse=0.0133 h1=0.0002 ssim=0.0311 mlw=0.0000]
epoch 20 step 2460  loss=0.014685  lr=1.04e-06  [rmse=0.0053 h1=0.0000 ssim=0.0239 mlw=0.0000]
epoch 20 step 2470  loss=0.014710  lr=1.02e-06  [rmse=0.0107 h1=0.0001 ssim=0.0233 mlw=0.0000]
epoch 20 step 2480  loss=0.014802  lr=1.01e-06  [rmse=0.0099 h1=0.0001 ssim=0.0290 mlw=0.0000]
epoch 20 step 2490  loss=0.015155  lr=1.00e-06  [rmse=0.0060 h1=0.0000 ssim=0.0194 mlw=0.0000]
epoch 20 step 2500  loss=0.015044  lr=1.00e-06  [rmse=0.0063 h1=0.0000 ssim=0.0231 mlw=0.0000]
INFO     [rank 0] Loss weights: rmse=1.0000, h1=50.0000,      vae_trainer.py:975
         ssim=0.0000, mlw=0.0000                                                
INFO     [rank 0] Epoch 20: train_loss=0.015044              vae_trainer.py:1014
         val_loss=0.013352  val_VRMSE=0.057477  lr=1.00e-06                     
INFO     [rank 0] Metrics updated: metrics/metrics.csv,      vae_trainer.py:1040
         metrics/loss_curves.png                                                
INFO     [rank 0] Saved 12 validation reconstruction PNGs    vae_trainer.py:1254
         for epoch 20                                                           
INFO     [rank 0] New best checkpoint (epoch 20,             vae_trainer.py:1353
         val_vrmse=0.057477):                                                   
         checkpoints/vae_shockwave_best.safetensors                             
INFO     [rank 0] Training state saved:                      vae_trainer.py:1429
         checkpoints/vae_shockwave_last.state.pt                                
INFO     [rank 0] Epoch 20 timing: train=2735.6s eval=78.5s  vae_trainer.py:1074
         viz=24.9s ckpt=8.3s total=2847.9s                                      
╭──────────────────────────────────────────────────────────────────────────────╮
╰──────────────────────────────────────────────────────────────────────────────╯INFO     [rank 0] Training state saved:                      vae_trainer.py:1429
         checkpoints/vae_shockwave_last.state.pt                                
INFO     [rank 0] Best epoch: 20 (val_vrmse=0.057477)        vae_trainer.py:1092
INFO     [rank 0] Run finished: removed                      vae_trainer.py:1110
         ['vae_shockwave_last.safetensors',                                     
         'vae_shockwave_last.state.pt'] (kept only                              
         vae_shockwave_best.safetensors)                                        

Training complete. Checkpoint: 
/hppfs/scratch/0D/go76fuz2/windinet/finetune_vae_outputs_sng_pvc/finetune_vae_ch
6_loss_rmse_h1_256res/checkpoints/vae_shockwave_best.safetensors
Mirrored (excl. checkpoints/) to finetune_vae_outputs/sng_pvc/finetune_vae_ch6_loss_rmse_h1_256res
END TIME: Thu 24 Sep 2026 06:34:07 AM CEST
end_time=2026-09-24T06:34:07+02:00 elapsed=57373s
