START TIME: Wed 23 Sep 2026 02:36:09 PM CEST
job=543417 node=i20r04c04s06
start_time=2026-09-23T14:36:09+02:00
+-----------+--------------------------------------------------------------------------------------+
| Device ID | Device Information                                                                   |
+-----------+--------------------------------------------------------------------------------------+
| 0         | Device Name: Intel(R) Data Center GPU Max 1550                                       |
|           | Vendor Name: Intel(R) Corporation                                                    |
|           | SOC UUID: 00000000-0000-003a-0000-002f0bd58086                                       |
|           | PCI BDF Address: 0000:3a:00.0                                                        |
|           | DRM Device: /dev/dri/card0                                                           |
|           | Function Type: physical                                                              |
+-----------+--------------------------------------------------------------------------------------+
| 1         | Device Name: Intel(R) Data Center GPU Max 1550                                       |
|           | Vendor Name: Intel(R) Corporation                                                    |
|           | SOC UUID: 00000000-0000-004b-0000-002f0bd58086                                       |
|           | PCI BDF Address: 0000:4b:00.0                                                        |
|           | DRM Device: /dev/dri/card1                                                           |
|           | Function Type: physical                                                              |
+-----------+--------------------------------------------------------------------------------------+
| 2         | Device Name: Intel(R) Data Center GPU Max 1550                                       |
|           | Vendor Name: Intel(R) Corporation                                                    |
|           | SOC UUID: 00000000-0000-00ca-0000-002f0bd58086                                       |
|           | PCI BDF Address: 0000:ca:00.0                                                        |
|           | DRM Device: /dev/dri/card2                                                           |
|           | Function Type: physical                                                              |
+-----------+--------------------------------------------------------------------------------------+
| 3         | Device Name: Intel(R) Data Center GPU Max 1550                                       |
|           | Vendor Name: Intel(R) Corporation                                                    |
|           | SOC UUID: 00000000-0000-00da-0000-002f0bd58086                                       |
|           | PCI BDF Address: 0000:da:00.0                                                        |
|           | DRM Device: /dev/dri/card3                                                           |
|           | Function Type: physical                                                              |
+-----------+--------------------------------------------------------------------------------------+
MASTER_ADDR: i20r04c04s06  MASTER_PORT: 47147
8 XPU tiles x batch_size 4 x accum 1 -> effective batch 32; output_dir /hppfs/scratch/0D/go76fuz2/windinet/finetune_vae_outputs_sng_pvc/finetune_vae_ch6_full_ft_256res
INFO     [rank 5] Failed to extract font properties from    font_manager.py:1107
         /usr/share/fonts/truetype/Cantarell-VF.otf: Can                        
         not load face (SFNT font table missing; error code                     
         0x8e)                                                                  
INFO     [rank 2] Failed to extract font properties from    font_manager.py:1107
         /usr/share/fonts/truetype/Cantarell-VF.otf: Can                        
         not load face (SFNT font table missing; error code                     
         0x8e)                                                                  
INFO     [rank 4] Failed to extract font properties from    font_manager.py:1107
         /usr/share/fonts/truetype/Cantarell-VF.otf: Can                        
         not load face (SFNT font table missing; error code                     
         0x8e)                                                                  
INFO     [rank 6] Failed to extract font properties from    font_manager.py:1107
         /usr/share/fonts/truetype/Cantarell-VF.otf: Can                        
         not load face (SFNT font table missing; error code                     
         0x8e)                                                                  
INFO     [rank 4] generated new fontManager                 font_manager.py:1639
INFO     [rank 7] Failed to extract font properties from    font_manager.py:1107
         /usr/share/fonts/truetype/Cantarell-VF.otf: Can                        
         not load face (SFNT font table missing; error code                     
         0x8e)                                                                  
INFO     [rank 3] Failed to extract font properties from    font_manager.py:1107
         /usr/share/fonts/truetype/Cantarell-VF.otf: Can                        
         not load face (SFNT font table missing; error code                     
         0x8e)                                                                  
INFO     [rank 1] Failed to extract font properties from    font_manager.py:1107
         /usr/share/fonts/truetype/Cantarell-VF.otf: Can                        
         not load face (SFNT font table missing; error code                     
         0x8e)                                                                  
INFO     [rank 2] generated new fontManager                 font_manager.py:1639
INFO     [rank 1] generated new fontManager                 font_manager.py:1639
INFO     [rank 0] Failed to extract font properties from    font_manager.py:1107
         /usr/share/fonts/truetype/Cantarell-VF.otf: Can                        
         not load face (SFNT font table missing; error code                     
         0x8e)                                                                  
INFO     [rank 0] generated new fontManager                 font_manager.py:1639
INFO     [rank 6] generated new fontManager                 font_manager.py:1639
INFO     [rank 7] generated new fontManager                 font_manager.py:1639
INFO     [rank 5] generated new fontManager                 font_manager.py:1639
INFO     [rank 3] generated new fontManager                 font_manager.py:1639
                          VAE Finetuning Configuration                          
┏━━━━━━━━━━━━━━━━━━━━━━━━━━━━━━━━━━━━━━━┳━━━━━━━━━━━━━━━━━━━━━━━━━━━━━━━━━━━━━━┓
┃ Parameter                             ┃ Value                                ┃
┡━━━━━━━━━━━━━━━━━━━━━━━━━━━━━━━━━━━━━━━╇━━━━━━━━━━━━━━━━━━━━━━━━━━━━━━━━━━━━━━┩
│ model.model_source                    │ LTXV_2B_0.9.6_DEV                    │
│ model.load_checkpoint                 │ None                                 │
│ adapter.enabled                       │ True                                 │
│ adapter.checkpoint                    │ None                                 │
│ adapter.channels                      │ ['density', 'momentum_x',            │
│                                       │ 'momentum_y', 'pressure']            │
│ adapter.mode                          │ inflate                              │
│ adapter.inflate_init                  │ zeros                                │
│ adapter.inflate_copy_channel          │ None                                 │
│ adapter.freeze_conv_in                │ False                                │
│ adapter.unfreeze_encoder_trunk        │ True                                 │
│ adapter.hidden_channels               │ 32                                   │
│ adapter.activation                    │ gelu                                 │
│ adapter.identity_init                 │ False                                │
│ adapter.default_temb                  │ 0.0                                  │
│ data.data_root                        │ /hppfs/scratch/0D/go76fuz2/windinet… │
│ data.eval_sims                        │ 500                                  │
│ data.num_dataloader_workers           │ 4                                    │
│ data.num_sim_frames                   │ None                                 │
│ data.overfit_sims                     │ None                                 │
│ data.overfit_repeat                   │ 1                                    │
│ data.channel_mean                     │ [0.9050976477108856,                 │
│                                       │ 0.004045365949982484,                │
│                                       │ -0.0019089379638760548, 0.9          │
│ data.channel_std                      │ [0.6618199912434938,                 │
│                                       │ 0.5335233432828087,                  │
│                                       │ 0.5268940723644505, 0.8053303        │
│ data.normalization_stats_file         │ None                                 │
│ data.normalization_clip               │ 5.0                                  │
│ data.channel_order                    │ ['density', 'momentum_x',            │
│                                       │ 'momentum_y', 'pressure']            │
│ data.log_transform_channels           │ []                                   │
│ optimization.learning_rate            │ 5e-05                                │
│ optimization.min_learning_rate        │ 1e-06                                │
│ optimization.scheduler_type           │ cosine                               │
│ optimization.stable_fraction          │ 0.7                                  │
│ optimization.stable_end_epoch         │ None                                 │
│ optimization.plateau_factor           │ 0.5                                  │
│ optimization.plateau_patience         │ 3                                    │
│ optimization.plateau_threshold        │ 0.0001                               │
│ optimization.epochs                   │ 20                                   │
│ optimization.batch_size               │ 4                                    │
│ optimization.gradient_accumulation_s… │ 1                                    │
│ optimization.max_grad_norm            │ 5.0                                  │
│ optimization.weight_decay             │ 0.0                                  │
│ optimization.warmup_steps             │ 200                                  │
│ optimization.warmup_start_factor      │ 0.01                                 │
│ optimization.enable_gradient_checkpo… │ True                                 │
│ loss.wavelet                          │ db2                                  │
│ loss.spatial_level                    │ 2                                    │
│ loss.temporal_level                   │ 2                                    │
│ loss.mlw_beta                         │ 10.0                                 │
│ loss.mlw_eps                          │ 1e-06                                │
│ loss_weighting.strategy               │ fixed                                │
│ loss_weighting.weights                │ {'rmse': 1.0, 'h1': 50.0, 'ssim':    │
│                                       │ 0.15, 'mlw': 0.0}                    │
│ loss_weighting.loss_names             │ ['rmse', 'h1', 'ssim', 'mlw']        │
│ loss_weighting.alpha                  │ 1.5                                  │
│ loss_weighting.weight_lr              │ 0.025                                │
│ loss_weighting.temperature            │ 0.1                                  │
│ sds.enabled                           │ False                                │
│ sds.model_source                      │ LTXV_13B_097_DEV                     │
│ sds.dit_checkpoint                    │ None                                 │
│ sds.untrained_dit                     │ False                                │
│ sds.scalar_conditioning.enabled       │ True                                 │
│ sds.scalar_conditioning.scalar_names  │ ['gamma']                            │
│ sds.scalar_conditioning.scalar_ranges │ {'gamma': (1.0, 2.0)}                │
│ sds.scalar_conditioning.embedding_dim │ 4096                                 │
│ sds.scalar_conditioning.num_tokens_p… │ 4                                    │
│ sds.scalar_conditioning.fourier_feat… │ 64                                   │
│ sds.scalar_conditioning.mlp_hidden_d… │ 256                                  │
│ sds.scalar_conditioning.dropout       │ 0.1                                  │
│ sds.timestep_sampling_mode            │ shifted_logit_normal                 │
│ sds.timestep_sampling_params          │ {}                                   │
│ visualization.enabled                 │ True                                 │
│ visualization.interval_epochs         │ 4                                    │
│ visualization.num_samples             │ 3                                    │
│ visualization.frame_numbers           │ [25, 50, 75, 100]                    │
│ visualization.dpi                     │ 150                                  │
│ acceleration.mixed_precision_mode     │ bf16                                 │
│ acceleration.compile_with_inductor    │ False                                │
│ acceleration.compilation_mode         │ reduce-overhead                      │
│ checkpoints.interval                  │ 1                                    │
│ checkpoints.keep_last_n               │ 1                                    │
│ checkpoints.save_best_only            │ True                                 │
│ checkpoints.best_metric               │ val_vrmse                            │
│ checkpoints.save_last_state           │ True                                 │
│ checkpoints.save_epochs               │ []                                   │
│ wandb.enabled                         │ False                                │
│ wandb.project                         │ windinet                             │
│ wandb.entity                          │ None                                 │
│ wandb.tags                            │ ['vae', 'inflate', 'zeros-init',     │
│                                       │ 'cosine', '20ep', 'lr1x',            │
│                                       │ 'shockwave-                          │
│ seed                                  │ 42                                   │
│ output_dir                            │ /hppfs/scratch/0D/go76fuz2/windinet… │
│ clean_output_dir                      │ True                                 │
│ resume_from                           │ None                                 │
│ resume_weights_only                   │ False                                │
└───────────────────────────────────────┴──────────────────────────────────────┘
INFO     [rank 0] Distributed training: 8 processes          vae_trainer.py:1475
INFO     [rank 0] VAE inflated to 4 native channels           vae_trainer.py:206
         (init=zeros); encoder.conv_in is trainable                             
INFO     [rank 0] Encoder extra modules UNFROZEN:             vae_trainer.py:263
         down_blocks[0, 1, 2] + tail                                            
         (down_blocks[-1]+mid_block+norm_out+conv_out)                          
INFO     [rank 0] VAE gradient checkpointing enabled          vae_trainer.py:274
INFO     [rank 0] VAE loaded. Decoder params: 552,869,953     vae_trainer.py:280
INFO     [rank 0] Trainable parameters:                       vae_trainer.py:351
         encoder_conv_in=221,312, encoder_extra=693,932,865,                    
         decoder=552,869,953, in_adapter=0, out_adapter=0                       
INFO     [rank 0] Dataset: 4000 train, 500 eval samples       vae_trainer.py:615
INFO     [rank 0] encoder.conv_in LR = 5.00e-05 (== decoder   vae_trainer.py:639
         LR)                                                                    
INFO     [rank 0] encoder extra (down_blocks[0, 1, 2]+tail)   vae_trainer.py:650
         LR = 5.00e-05 (== decoder LR)                                          
INFO     [rank 0] LR schedule 'cosine': 2500 steps (200       vae_trainer.py:741
         warmup, 0 stable, 2300 anneal), peak 5.00e-05 ->                       
         floor 1.00e-06                                                         
2026:09:23-14:48:29:212931 |CCL_WARN| value of CCL_ATL_TRANSPORT changed to be ofi (default:mpi)
2026:09:23-14:48:30:212931 |CCL_WARN| value of CCL_ALLREDUCE changed to be ring (default:)
2026:09:23-14:48:30:212934 |CCL_WARN| could not get local_idx/count from environment variables, trying to get them from ATL
2026:09:23-14:48:30:212931 |CCL_WARN| could not get local_idx/count from environment variables, trying to get them from ATL
2026:09:23-14:48:30:212933 |CCL_WARN| could not get local_idx/count from environment variables, trying to get them from ATL
2026:09:23-14:48:30:212932 |CCL_WARN| could not get local_idx/count from environment variables, trying to get them from ATL
2026:09:23-14:48:30:212935 |CCL_WARN| could not get local_idx/count from environment variables, trying to get them from ATL
2026:09:23-14:48:30:212936 |CCL_WARN| could not get local_idx/count from environment variables, trying to get them from ATL
2026:09:23-14:48:30:212937 |CCL_WARN| could not get local_idx/count from environment variables, trying to get them from ATL
2026:09:23-14:48:30:212938 |CCL_WARN| could not get local_idx/count from environment variables, trying to get them from ATL
INFO     [rank 0] Config saved:                              vae_trainer.py:1507
         /hppfs/scratch/0D/go76fuz2/windinet/finetune_vae_ou                    
         tputs_sng_pvc/finetune_vae_ch6_full_ft_256res/train                    
         ing_config.yaml                                                        
INFO     [rank 0] Starting VAE decoder finetuning...          vae_trainer.py:795
epoch 1 step 10  loss=0.143892  lr=2.98e-06  [rmse=0.0653 h1=0.0001 ssim=0.2513 mlw=0.0000]
epoch 1 step 20  loss=0.143593  lr=5.45e-06  [rmse=0.1425 h1=0.0001 ssim=0.2651 mlw=0.0000]
epoch 1 step 30  loss=0.132205  lr=7.93e-06  [rmse=0.0940 h1=0.0003 ssim=0.2842 mlw=0.0000]
epoch 1 step 40  loss=0.134790  lr=1.04e-05  [rmse=0.1653 h1=0.0004 ssim=0.2181 mlw=0.0000]
epoch 1 step 50  loss=0.123973  lr=1.29e-05  [rmse=0.0246 h1=0.0001 ssim=0.1408 mlw=0.0000]
epoch 1 step 60  loss=0.114832  lr=1.54e-05  [rmse=0.0444 h1=0.0002 ssim=0.2498 mlw=0.0000]
epoch 1 step 70  loss=0.110749  lr=1.78e-05  [rmse=0.0491 h1=0.0008 ssim=0.1915 mlw=0.0000]
epoch 1 step 80  loss=0.104947  lr=2.03e-05  [rmse=0.0310 h1=0.0001 ssim=0.2545 mlw=0.0000]
epoch 1 step 90  loss=0.100432  lr=2.28e-05  [rmse=0.0317 h1=0.0003 ssim=0.1434 mlw=0.0000]
epoch 1 step 100  loss=0.095549  lr=2.53e-05  [rmse=0.0250 h1=0.0002 ssim=0.1437 mlw=0.0000]
epoch 1 step 110  loss=0.092987  lr=2.77e-05  [rmse=0.0294 h1=0.0001 ssim=0.1803 mlw=0.0000]
epoch 1 step 120  loss=0.091482  lr=3.02e-05  [rmse=0.0625 h1=0.0003 ssim=0.3072 mlw=0.0000]
INFO     [rank 0] Loss weights: rmse=1.0000, h1=50.0000,      vae_trainer.py:975
         ssim=0.1500, mlw=0.0000                                                
INFO     [rank 0] Epoch 1: train_loss=0.090708               vae_trainer.py:1014
         val_loss=0.062119  val_VRMSE=0.222210  lr=3.14e-05                     
INFO     [rank 0] Metrics updated: metrics/metrics.csv,      vae_trainer.py:1040
         metrics/loss_curves.png                                                
INFO     [rank 0] New best checkpoint (epoch 1,              vae_trainer.py:1353
         val_vrmse=0.222210):                                                   
         checkpoints/vae_shockwave_best.safetensors                             
INFO     [rank 0] Training state saved:                      vae_trainer.py:1429
         checkpoints/vae_shockwave_last.state.pt                                
INFO     [rank 0] Epoch 1 timing: train=2822.9s eval=79.5s   vae_trainer.py:1074
         viz=0.0s ckpt=9.4s total=2912.6s                                       
epoch 2 step 130  loss=0.072184  lr=3.27e-05  [rmse=0.0278 h1=0.0001 ssim=0.1965 mlw=0.0000]
epoch 2 step 140  loss=0.068625  lr=3.52e-05  [rmse=0.0621 h1=0.0005 ssim=0.1343 mlw=0.0000]
epoch 2 step 150  loss=0.068125  lr=3.76e-05  [rmse=0.0344 h1=0.0002 ssim=0.2081 mlw=0.0000]
epoch 2 step 160  loss=0.064590  lr=4.01e-05  [rmse=0.0256 h1=0.0001 ssim=0.2095 mlw=0.0000]
epoch 2 step 170  loss=0.064016  lr=4.26e-05  [rmse=0.0241 h1=0.0001 ssim=0.2283 mlw=0.0000]
epoch 2 step 180  loss=0.063854  lr=4.51e-05  [rmse=0.0391 h1=0.0004 ssim=0.1187 mlw=0.0000]
epoch 2 step 190  loss=0.065721  lr=4.75e-05  [rmse=0.0263 h1=0.0001 ssim=0.1314 mlw=0.0000]
epoch 2 step 200  loss=0.068073  lr=5.00e-05  [rmse=0.0322 h1=0.0002 ssim=0.1400 mlw=0.0000]
epoch 2 step 210  loss=0.068525  lr=5.00e-05  [rmse=0.0303 h1=0.0001 ssim=0.2443 mlw=0.0000]
epoch 2 step 220  loss=0.078661  lr=5.00e-05  [rmse=0.2697 h1=0.0012 ssim=0.4945 mlw=0.0000]
epoch 2 step 230  loss=0.097453  lr=5.00e-05  [rmse=0.0814 h1=0.0003 ssim=0.5250 mlw=0.0000]
epoch 2 step 240  loss=0.117019  lr=5.00e-05  [rmse=0.1891 h1=0.0002 ssim=0.8075 mlw=0.0000]
epoch 2 step 250  loss=0.289548  lr=4.99e-05  [rmse=0.0837 h1=0.0004 ssim=0.6128 mlw=0.0000]
INFO     [rank 0] Loss weights: rmse=1.0000, h1=50.0000,      vae_trainer.py:975
         ssim=0.1500, mlw=0.0000                                                
INFO     [rank 0] Epoch 2: train_loss=0.289548               vae_trainer.py:1014
         val_loss=0.205545  val_VRMSE=0.723130  lr=4.99e-05                     
INFO     [rank 0] Metrics updated: metrics/metrics.csv,      vae_trainer.py:1040
         metrics/loss_curves.png                                                
INFO     [rank 0] Training state saved:                      vae_trainer.py:1429
         checkpoints/vae_shockwave_last.state.pt                                
INFO     [rank 0] Epoch 2 timing: train=2803.6s eval=79.4s   vae_trainer.py:1074
         viz=0.0s ckpt=7.5s total=2891.4s                                       
epoch 3 step 260  loss=0.202515  lr=4.99e-05  [rmse=0.1122 h1=0.0006 ssim=0.5298 mlw=0.0000]
epoch 3 step 270  loss=0.188658  lr=4.99e-05  [rmse=0.0626 h1=0.0002 ssim=0.4211 mlw=0.0000]
epoch 3 step 280  loss=0.175307  lr=4.99e-05  [rmse=0.0645 h1=0.0002 ssim=0.3414 mlw=0.0000]
epoch 3 step 290  loss=0.169332  lr=4.98e-05  [rmse=0.0798 h1=0.0004 ssim=0.4490 mlw=0.0000]
epoch 3 step 300  loss=0.160578  lr=4.98e-05  [rmse=0.0740 h1=0.0004 ssim=0.2349 mlw=0.0000]
epoch 3 step 310  loss=0.155600  lr=4.97e-05  [rmse=0.0867 h1=0.0005 ssim=0.2465 mlw=0.0000]
epoch 3 step 320  loss=0.148395  lr=4.97e-05  [rmse=0.0605 h1=0.0004 ssim=0.2734 mlw=0.0000]
epoch 3 step 330  loss=0.141587  lr=4.96e-05  [rmse=0.0636 h1=0.0006 ssim=0.2668 mlw=0.0000]
epoch 3 step 340  loss=0.136187  lr=4.96e-05  [rmse=0.0489 h1=0.0004 ssim=0.1953 mlw=0.0000]
epoch 3 step 350  loss=0.130845  lr=4.95e-05  [rmse=0.0502 h1=0.0005 ssim=0.2159 mlw=0.0000]
epoch 3 step 360  loss=0.127165  lr=4.94e-05  [rmse=0.0267 h1=0.0001 ssim=0.1782 mlw=0.0000]
epoch 3 step 370  loss=0.122884  lr=4.93e-05  [rmse=0.0296 h1=0.0002 ssim=0.1787 mlw=0.0000]
INFO     [rank 0] Loss weights: rmse=1.0000, h1=50.0000,      vae_trainer.py:975
         ssim=0.1500, mlw=0.0000                                                
INFO     [rank 0] Epoch 3: train_loss=0.120522               vae_trainer.py:1014
         val_loss=0.065528  val_VRMSE=0.215157  lr=4.93e-05                     
INFO     [rank 0] Metrics updated: metrics/metrics.csv,      vae_trainer.py:1040
         metrics/loss_curves.png                                                
INFO     [rank 0] New best checkpoint (epoch 3,              vae_trainer.py:1353
         val_vrmse=0.215157):                                                   
         checkpoints/vae_shockwave_best.safetensors                             
INFO     [rank 0] Training state saved:                      vae_trainer.py:1429
         checkpoints/vae_shockwave_last.state.pt                                
INFO     [rank 0] Epoch 3 timing: train=2799.8s eval=78.8s   vae_trainer.py:1074
         viz=0.0s ckpt=9.1s total=2888.3s                                       
epoch 4 step 380  loss=0.074751  lr=4.93e-05  [rmse=0.0265 h1=0.0002 ssim=0.1296 mlw=0.0000]
epoch 4 step 390  loss=0.076951  lr=4.92e-05  [rmse=0.0466 h1=0.0005 ssim=0.1793 mlw=0.0000]
epoch 4 step 400  loss=0.069756  lr=4.91e-05  [rmse=0.0212 h1=0.0002 ssim=0.1125 mlw=0.0000]
epoch 4 step 410  loss=0.065491  lr=4.90e-05  [rmse=0.0350 h1=0.0004 ssim=0.1703 mlw=0.0000]
epoch 4 step 420  loss=0.064347  lr=4.89e-05  [rmse=0.0219 h1=0.0002 ssim=0.1290 mlw=0.0000]
epoch 4 step 430  loss=0.063650  lr=4.88e-05  [rmse=0.0610 h1=0.0005 ssim=0.1186 mlw=0.0000]
epoch 4 step 440  loss=0.062573  lr=4.87e-05  [rmse=0.0263 h1=0.0002 ssim=0.1305 mlw=0.0000]
epoch 4 step 450  loss=0.061775  lr=4.86e-05  [rmse=0.0232 h1=0.0002 ssim=0.1002 mlw=0.0000]
epoch 4 step 460  loss=0.060215  lr=4.85e-05  [rmse=0.0139 h1=0.0001 ssim=0.0806 mlw=0.0000]
epoch 4 step 470  loss=0.058941  lr=4.84e-05  [rmse=0.0313 h1=0.0004 ssim=0.1227 mlw=0.0000]
epoch 4 step 480  loss=0.058103  lr=4.82e-05  [rmse=0.0217 h1=0.0001 ssim=0.0818 mlw=0.0000]
epoch 4 step 490  loss=0.056312  lr=4.81e-05  [rmse=0.0232 h1=0.0002 ssim=0.0854 mlw=0.0000]
epoch 4 step 500  loss=0.055266  lr=4.80e-05  [rmse=0.0125 h1=0.0001 ssim=0.0626 mlw=0.0000]
INFO     [rank 0] Loss weights: rmse=1.0000, h1=50.0000,      vae_trainer.py:975
         ssim=0.1500, mlw=0.0000                                                
INFO     [rank 0] Epoch 4: train_loss=0.055266               vae_trainer.py:1014
         val_loss=0.043124  val_VRMSE=0.138186  lr=4.80e-05                     
INFO     [rank 0] Metrics updated: metrics/metrics.csv,      vae_trainer.py:1040
         metrics/loss_curves.png                                                
INFO     [rank 0] Saved 12 validation reconstruction PNGs    vae_trainer.py:1254
         for epoch 4                                                            
INFO     [rank 0] New best checkpoint (epoch 4,              vae_trainer.py:1353
         val_vrmse=0.138186):                                                   
         checkpoints/vae_shockwave_best.safetensors                             
INFO     [rank 0] Training state saved:                      vae_trainer.py:1429
         checkpoints/vae_shockwave_last.state.pt                                
INFO     [rank 0] Epoch 4 timing: train=2800.6s eval=78.8s   vae_trainer.py:1074
         viz=24.8s ckpt=8.2s total=2912.9s                                      
epoch 5 step 510  loss=0.050585  lr=4.78e-05  [rmse=0.0322 h1=0.0003 ssim=0.0921 mlw=0.0000]
epoch 5 step 520  loss=0.054643  lr=4.77e-05  [rmse=0.0286 h1=0.0004 ssim=0.0960 mlw=0.0000]
epoch 5 step 530  loss=0.047293  lr=4.76e-05  [rmse=0.0158 h1=0.0001 ssim=0.0690 mlw=0.0000]
epoch 5 step 540  loss=0.044484  lr=4.74e-05  [rmse=0.0155 h1=0.0001 ssim=0.0571 mlw=0.0000]
epoch 5 step 550  loss=0.045224  lr=4.73e-05  [rmse=0.0214 h1=0.0001 ssim=0.0911 mlw=0.0000]
epoch 5 step 560  loss=0.046007  lr=4.71e-05  [rmse=0.0257 h1=0.0003 ssim=0.0770 mlw=0.0000]
epoch 5 step 570  loss=0.045240  lr=4.69e-05  [rmse=0.0169 h1=0.0001 ssim=0.0727 mlw=0.0000]
epoch 5 step 580  loss=0.045226  lr=4.68e-05  [rmse=0.0238 h1=0.0003 ssim=0.0959 mlw=0.0000]
epoch 5 step 590  loss=0.044065  lr=4.66e-05  [rmse=0.0150 h1=0.0001 ssim=0.0779 mlw=0.0000]
epoch 5 step 600  loss=0.043863  lr=4.64e-05  [rmse=0.0226 h1=0.0003 ssim=0.1145 mlw=0.0000]
epoch 5 step 610  loss=0.044021  lr=4.63e-05  [rmse=0.0339 h1=0.0005 ssim=0.1028 mlw=0.0000]
epoch 5 step 620  loss=0.043256  lr=4.61e-05  [rmse=0.0148 h1=0.0001 ssim=0.0488 mlw=0.0000]
INFO     [rank 0] Loss weights: rmse=1.0000, h1=50.0000,      vae_trainer.py:975
         ssim=0.1500, mlw=0.0000                                                
INFO     [rank 0] Epoch 5: train_loss=0.042925               vae_trainer.py:1014
         val_loss=0.034633  val_VRMSE=0.113118  lr=4.60e-05                     
INFO     [rank 0] Metrics updated: metrics/metrics.csv,      vae_trainer.py:1040
         metrics/loss_curves.png                                                
INFO     [rank 0] New best checkpoint (epoch 5,              vae_trainer.py:1353
         val_vrmse=0.113118):                                                   
         checkpoints/vae_shockwave_best.safetensors                             
INFO     [rank 0] Training state saved:                      vae_trainer.py:1429
         checkpoints/vae_shockwave_last.state.pt                                
INFO     [rank 0] Epoch 5 timing: train=2802.6s eval=79.2s   vae_trainer.py:1074
         viz=0.0s ckpt=8.2s total=2890.5s                                       
epoch 6 step 630  loss=0.040038  lr=4.59e-05  [rmse=0.0272 h1=0.0003 ssim=0.0799 mlw=0.0000]
epoch 6 step 640  loss=0.035533  lr=4.57e-05  [rmse=0.0150 h1=0.0001 ssim=0.0617 mlw=0.0000]
epoch 6 step 650  loss=0.036966  lr=4.55e-05  [rmse=0.0287 h1=0.0003 ssim=0.0905 mlw=0.0000]
epoch 6 step 660  loss=0.038371  lr=4.53e-05  [rmse=0.0204 h1=0.0002 ssim=0.0879 mlw=0.0000]
epoch 6 step 670  loss=0.038202  lr=4.51e-05  [rmse=0.0185 h1=0.0002 ssim=0.0717 mlw=0.0000]
epoch 6 step 680  loss=0.038465  lr=4.49e-05  [rmse=0.0254 h1=0.0003 ssim=0.1098 mlw=0.0000]
epoch 6 step 690  loss=0.038843  lr=4.47e-05  [rmse=0.0238 h1=0.0002 ssim=0.0804 mlw=0.0000]
epoch 6 step 700  loss=0.038251  lr=4.45e-05  [rmse=0.0106 h1=0.0001 ssim=0.0528 mlw=0.0000]
epoch 6 step 710  loss=0.038099  lr=4.43e-05  [rmse=0.0120 h1=0.0000 ssim=0.0627 mlw=0.0000]
epoch 6 step 720  loss=0.038022  lr=4.41e-05  [rmse=0.0253 h1=0.0003 ssim=0.0750 mlw=0.0000]
epoch 6 step 730  loss=0.037598  lr=4.39e-05  [rmse=0.0203 h1=0.0002 ssim=0.0688 mlw=0.0000]
epoch 6 step 740  loss=0.038043  lr=4.36e-05  [rmse=0.0189 h1=0.0001 ssim=0.0634 mlw=0.0000]
epoch 6 step 750  loss=0.038163  lr=4.34e-05  [rmse=0.0122 h1=0.0001 ssim=0.0582 mlw=0.0000]
INFO     [rank 0] Loss weights: rmse=1.0000, h1=50.0000,      vae_trainer.py:975
         ssim=0.1500, mlw=0.0000                                                
INFO     [rank 0] Epoch 6: train_loss=0.038163               vae_trainer.py:1014
         val_loss=0.035665  val_VRMSE=0.115009  lr=4.34e-05                     
INFO     [rank 0] Metrics updated: metrics/metrics.csv,      vae_trainer.py:1040
         metrics/loss_curves.png                                                
INFO     [rank 0] Training state saved:                      vae_trainer.py:1429
         checkpoints/vae_shockwave_last.state.pt                                
INFO     [rank 0] Epoch 6 timing: train=2801.0s eval=78.8s   vae_trainer.py:1074
         viz=0.0s ckpt=7.0s total=2887.3s                                       
epoch 7 step 760  loss=0.035004  lr=4.32e-05  [rmse=0.0219 h1=0.0003 ssim=0.0821 mlw=0.0000]
epoch 7 step 770  loss=0.035452  lr=4.29e-05  [rmse=0.0215 h1=0.0002 ssim=0.0816 mlw=0.0000]
epoch 7 step 780  loss=0.034474  lr=4.27e-05  [rmse=0.0157 h1=0.0001 ssim=0.0718 mlw=0.0000]
epoch 7 step 790  loss=0.036342  lr=4.25e-05  [rmse=0.0166 h1=0.0001 ssim=0.0867 mlw=0.0000]
epoch 7 step 800  loss=0.034360  lr=4.22e-05  [rmse=0.0108 h1=0.0001 ssim=0.0413 mlw=0.0000]
epoch 7 step 810  loss=0.032845  lr=4.20e-05  [rmse=0.0108 h1=0.0001 ssim=0.0670 mlw=0.0000]
epoch 7 step 820  loss=0.033114  lr=4.17e-05  [rmse=0.0152 h1=0.0001 ssim=0.0620 mlw=0.0000]
epoch 7 step 830  loss=0.032716  lr=4.15e-05  [rmse=0.0132 h1=0.0001 ssim=0.0558 mlw=0.0000]
epoch 7 step 840  loss=0.032894  lr=4.12e-05  [rmse=0.0079 h1=0.0000 ssim=0.0341 mlw=0.0000]
epoch 7 step 850  loss=0.033231  lr=4.10e-05  [rmse=0.0147 h1=0.0001 ssim=0.0422 mlw=0.0000]
epoch 7 step 860  loss=0.032812  lr=4.07e-05  [rmse=0.0113 h1=0.0000 ssim=0.0434 mlw=0.0000]
epoch 7 step 870  loss=0.033357  lr=4.04e-05  [rmse=0.0335 h1=0.0002 ssim=0.0618 mlw=0.0000]
INFO     [rank 0] Loss weights: rmse=1.0000, h1=50.0000,      vae_trainer.py:975
         ssim=0.1500, mlw=0.0000                                                
INFO     [rank 0] Epoch 7: train_loss=0.033393               vae_trainer.py:1014
         val_loss=0.030448  val_VRMSE=0.105037  lr=4.03e-05                     
INFO     [rank 0] Metrics updated: metrics/metrics.csv,      vae_trainer.py:1040
         metrics/loss_curves.png                                                
INFO     [rank 0] New best checkpoint (epoch 7,              vae_trainer.py:1353
         val_vrmse=0.105037):                                                   
         checkpoints/vae_shockwave_best.safetensors                             
INFO     [rank 0] Training state saved:                      vae_trainer.py:1429
         checkpoints/vae_shockwave_last.state.pt                                
INFO     [rank 0] Epoch 7 timing: train=2804.1s eval=79.1s   vae_trainer.py:1074
         viz=0.0s ckpt=7.8s total=2891.5s                                       
epoch 8 step 880  loss=0.028481  lr=4.02e-05  [rmse=0.0112 h1=0.0001 ssim=0.0454 mlw=0.0000]
epoch 8 step 890  loss=0.027314  lr=3.99e-05  [rmse=0.0197 h1=0.0002 ssim=0.0641 mlw=0.0000]
epoch 8 step 900  loss=0.029757  lr=3.96e-05  [rmse=0.0201 h1=0.0002 ssim=0.0672 mlw=0.0000]
epoch 8 step 910  loss=0.029932  lr=3.94e-05  [rmse=0.0087 h1=0.0000 ssim=0.0378 mlw=0.0000]
epoch 8 step 920  loss=0.030291  lr=3.91e-05  [rmse=0.0131 h1=0.0001 ssim=0.0452 mlw=0.0000]
epoch 8 step 930  loss=0.028797  lr=3.88e-05  [rmse=0.0050 h1=0.0000 ssim=0.0205 mlw=0.0000]
epoch 8 step 940  loss=0.029482  lr=3.85e-05  [rmse=0.0172 h1=0.0002 ssim=0.0680 mlw=0.0000]
epoch 8 step 950  loss=0.029880  lr=3.82e-05  [rmse=0.0182 h1=0.0002 ssim=0.0526 mlw=0.0000]
epoch 8 step 960  loss=0.029971  lr=3.79e-05  [rmse=0.0203 h1=0.0002 ssim=0.0600 mlw=0.0000]
epoch 8 step 970  loss=0.030226  lr=3.77e-05  [rmse=0.0139 h1=0.0001 ssim=0.0623 mlw=0.0000]
epoch 8 step 980  loss=0.030554  lr=3.74e-05  [rmse=0.0128 h1=0.0001 ssim=0.0520 mlw=0.0000]
epoch 8 step 990  loss=0.030781  lr=3.71e-05  [rmse=0.0167 h1=0.0001 ssim=0.0446 mlw=0.0000]
epoch 8 step 1000  loss=0.030752  lr=3.68e-05  [rmse=0.0145 h1=0.0001 ssim=0.0428 mlw=0.0000]
INFO     [rank 0] Loss weights: rmse=1.0000, h1=50.0000,      vae_trainer.py:975
         ssim=0.1500, mlw=0.0000                                                
INFO     [rank 0] Epoch 8: train_loss=0.030752               vae_trainer.py:1014
         val_loss=0.027828  val_VRMSE=0.090644  lr=3.68e-05                     
INFO     [rank 0] Metrics updated: metrics/metrics.csv,      vae_trainer.py:1040
         metrics/loss_curves.png                                                
INFO     [rank 0] Saved 12 validation reconstruction PNGs    vae_trainer.py:1254
         for epoch 8                                                            
INFO     [rank 0] New best checkpoint (epoch 8,              vae_trainer.py:1353
         val_vrmse=0.090644):                                                   
         checkpoints/vae_shockwave_best.safetensors                             
INFO     [rank 0] Training state saved:                      vae_trainer.py:1429
         checkpoints/vae_shockwave_last.state.pt                                
INFO     [rank 0] Epoch 8 timing: train=2803.6s eval=79.4s   vae_trainer.py:1074
         viz=23.5s ckpt=8.3s total=2915.3s                                      
epoch 9 step 1010  loss=0.032715  lr=3.65e-05  [rmse=0.0106 h1=0.0001 ssim=0.0321 mlw=0.0000]
epoch 9 step 1020  loss=0.029680  lr=3.62e-05  [rmse=0.0125 h1=0.0001 ssim=0.0473 mlw=0.0000]
epoch 9 step 1030  loss=0.027986  lr=3.59e-05  [rmse=0.0120 h1=0.0001 ssim=0.0456 mlw=0.0000]
epoch 9 step 1040  loss=0.028668  lr=3.56e-05  [rmse=0.0133 h1=0.0001 ssim=0.0549 mlw=0.0000]
epoch 9 step 1050  loss=0.028074  lr=3.53e-05  [rmse=0.0090 h1=0.0001 ssim=0.0432 mlw=0.0000]
epoch 9 step 1060  loss=0.028475  lr=3.50e-05  [rmse=0.0099 h1=0.0000 ssim=0.0587 mlw=0.0000]
epoch 9 step 1070  loss=0.028233  lr=3.46e-05  [rmse=0.0067 h1=0.0000 ssim=0.0339 mlw=0.0000]
epoch 9 step 1080  loss=0.028024  lr=3.43e-05  [rmse=0.0091 h1=0.0001 ssim=0.0408 mlw=0.0000]
epoch 9 step 1090  loss=0.028870  lr=3.40e-05  [rmse=0.0176 h1=0.0002 ssim=0.0736 mlw=0.0000]
epoch 9 step 1100  loss=0.028729  lr=3.37e-05  [rmse=0.0099 h1=0.0001 ssim=0.0419 mlw=0.0000]
epoch 9 step 1110  loss=0.028531  lr=3.34e-05  [rmse=0.0126 h1=0.0001 ssim=0.0403 mlw=0.0000]
epoch 9 step 1120  loss=0.028773  lr=3.31e-05  [rmse=0.0260 h1=0.0004 ssim=0.0546 mlw=0.0000]
INFO     [rank 0] Loss weights: rmse=1.0000, h1=50.0000,      vae_trainer.py:975
         ssim=0.1500, mlw=0.0000                                                
INFO     [rank 0] Epoch 9: train_loss=0.029090               vae_trainer.py:1014
         val_loss=0.025626  val_VRMSE=0.084390  lr=3.29e-05                     
INFO     [rank 0] Metrics updated: metrics/metrics.csv,      vae_trainer.py:1040
         metrics/loss_curves.png                                                
INFO     [rank 0] New best checkpoint (epoch 9,              vae_trainer.py:1353
         val_vrmse=0.084390):                                                   
         checkpoints/vae_shockwave_best.safetensors                             
INFO     [rank 0] Training state saved:                      vae_trainer.py:1429
         checkpoints/vae_shockwave_last.state.pt                                
INFO     [rank 0] Epoch 9 timing: train=2806.3s eval=79.2s   vae_trainer.py:1074
         viz=0.0s ckpt=8.0s total=2894.2s                                       
epoch 10 step 1130  loss=0.018481  lr=3.28e-05  [rmse=0.0116 h1=0.0001 ssim=0.0465 mlw=0.0000]
epoch 10 step 1140  loss=0.022438  lr=3.24e-05  [rmse=0.0141 h1=0.0001 ssim=0.0512 mlw=0.0000]
epoch 10 step 1150  loss=0.023945  lr=3.21e-05  [rmse=0.0061 h1=0.0000 ssim=0.0234 mlw=0.0000]
epoch 10 step 1160  loss=0.025143  lr=3.18e-05  [rmse=0.0117 h1=0.0001 ssim=0.0862 mlw=0.0000]
epoch 10 step 1170  loss=0.026968  lr=3.15e-05  [rmse=0.0126 h1=0.0001 ssim=0.0431 mlw=0.0000]
epoch 10 step 1180  loss=0.027005  lr=3.11e-05  [rmse=0.0100 h1=0.0001 ssim=0.0478 mlw=0.0000]
epoch 10 step 1190  loss=0.026292  lr=3.08e-05  [rmse=0.0121 h1=0.0001 ssim=0.0489 mlw=0.0000]
epoch 10 step 1200  loss=0.025849  lr=3.05e-05  [rmse=0.0130 h1=0.0001 ssim=0.0410 mlw=0.0000]
epoch 10 step 1210  loss=0.025503  lr=3.02e-05  [rmse=0.0112 h1=0.0001 ssim=0.0471 mlw=0.0000]
epoch 10 step 1220  loss=0.025551  lr=2.98e-05  [rmse=0.0070 h1=0.0000 ssim=0.0218 mlw=0.0000]
epoch 10 step 1230  loss=0.025480  lr=2.95e-05  [rmse=0.0071 h1=0.0000 ssim=0.0309 mlw=0.0000]
epoch 10 step 1240  loss=0.025266  lr=2.92e-05  [rmse=0.0108 h1=0.0001 ssim=0.0402 mlw=0.0000]
epoch 10 step 1250  loss=0.025199  lr=2.88e-05  [rmse=0.0127 h1=0.0001 ssim=0.0444 mlw=0.0000]
INFO     [rank 0] Loss weights: rmse=1.0000, h1=50.0000,      vae_trainer.py:975
         ssim=0.1500, mlw=0.0000                                                
INFO     [rank 0] Epoch 10: train_loss=0.025199              vae_trainer.py:1014
         val_loss=0.025407  val_VRMSE=0.084182  lr=2.88e-05                     
INFO     [rank 0] Metrics updated: metrics/metrics.csv,      vae_trainer.py:1040
         metrics/loss_curves.png                                                
INFO     [rank 0] New best checkpoint (epoch 10,             vae_trainer.py:1353
         val_vrmse=0.084182):                                                   
         checkpoints/vae_shockwave_best.safetensors                             
INFO     [rank 0] Training state saved:                      vae_trainer.py:1429
         checkpoints/vae_shockwave_last.state.pt                                
INFO     [rank 0] Epoch 10 timing: train=2804.0s eval=79.3s  vae_trainer.py:1074
         viz=0.0s ckpt=8.2s total=2892.0s                                       
epoch 11 step 1260  loss=0.025785  lr=2.85e-05  [rmse=0.0063 h1=0.0000 ssim=0.0263 mlw=0.0000]
epoch 11 step 1270  loss=0.025977  lr=2.82e-05  [rmse=0.0106 h1=0.0001 ssim=0.0332 mlw=0.0000]
epoch 11 step 1280  loss=0.024815  lr=2.78e-05  [rmse=0.0103 h1=0.0001 ssim=0.0439 mlw=0.0000]
epoch 11 step 1290  loss=0.024683  lr=2.75e-05  [rmse=0.0240 h1=0.0004 ssim=0.0697 mlw=0.0000]
epoch 11 step 1300  loss=0.023853  lr=2.72e-05  [rmse=0.0099 h1=0.0001 ssim=0.0384 mlw=0.0000]
epoch 11 step 1310  loss=0.023918  lr=2.68e-05  [rmse=0.0073 h1=0.0000 ssim=0.0348 mlw=0.0000]
epoch 11 step 1320  loss=0.023608  lr=2.65e-05  [rmse=0.0157 h1=0.0002 ssim=0.0636 mlw=0.0000]
epoch 11 step 1330  loss=0.024550  lr=2.62e-05  [rmse=0.0132 h1=0.0001 ssim=0.0545 mlw=0.0000]
epoch 11 step 1340  loss=0.025204  lr=2.58e-05  [rmse=0.0214 h1=0.0002 ssim=0.0493 mlw=0.0000]
epoch 11 step 1350  loss=0.025416  lr=2.55e-05  [rmse=0.0106 h1=0.0001 ssim=0.0446 mlw=0.0000]
epoch 11 step 1360  loss=0.025076  lr=2.52e-05  [rmse=0.0152 h1=0.0001 ssim=0.0550 mlw=0.0000]
epoch 11 step 1370  loss=0.025301  lr=2.48e-05  [rmse=0.0157 h1=0.0002 ssim=0.0486 mlw=0.0000]
INFO     [rank 0] Loss weights: rmse=1.0000, h1=50.0000,      vae_trainer.py:975
         ssim=0.1500, mlw=0.0000                                                
INFO     [rank 0] Epoch 11: train_loss=0.025618              vae_trainer.py:1014
         val_loss=0.022901  val_VRMSE=0.074808  lr=2.47e-05                     
INFO     [rank 0] Metrics updated: metrics/metrics.csv,      vae_trainer.py:1040
         metrics/loss_curves.png                                                
INFO     [rank 0] New best checkpoint (epoch 11,             vae_trainer.py:1353
         val_vrmse=0.074808):                                                   
         checkpoints/vae_shockwave_best.safetensors                             
INFO     [rank 0] Training state saved:                      vae_trainer.py:1429
         checkpoints/vae_shockwave_last.state.pt                                
INFO     [rank 0] Epoch 11 timing: train=2805.1s eval=79.0s  vae_trainer.py:1074
         viz=0.0s ckpt=8.1s total=2892.9s                                       
epoch 12 step 1380  loss=0.019339  lr=2.45e-05  [rmse=0.0154 h1=0.0002 ssim=0.0561 mlw=0.0000]
epoch 12 step 1390  loss=0.022138  lr=2.42e-05  [rmse=0.0151 h1=0.0002 ssim=0.0551 mlw=0.0000]
epoch 12 step 1400  loss=0.021381  lr=2.38e-05  [rmse=0.0124 h1=0.0001 ssim=0.0369 mlw=0.0000]
epoch 12 step 1410  loss=0.025371  lr=2.35e-05  [rmse=0.0170 h1=0.0002 ssim=0.0428 mlw=0.0000]
epoch 12 step 1420  loss=0.026025  lr=2.32e-05  [rmse=0.0124 h1=0.0001 ssim=0.0532 mlw=0.0000]
epoch 12 step 1430  loss=0.025651  lr=2.28e-05  [rmse=0.0164 h1=0.0002 ssim=0.0539 mlw=0.0000]
epoch 12 step 1440  loss=0.025476  lr=2.25e-05  [rmse=0.0052 h1=0.0000 ssim=0.0238 mlw=0.0000]
epoch 12 step 1450  loss=0.025061  lr=2.22e-05  [rmse=0.0079 h1=0.0000 ssim=0.0306 mlw=0.0000]
epoch 12 step 1460  loss=0.024566  lr=2.18e-05  [rmse=0.0116 h1=0.0001 ssim=0.0397 mlw=0.0000]
epoch 12 step 1470  loss=0.024246  lr=2.15e-05  [rmse=0.0154 h1=0.0002 ssim=0.0327 mlw=0.0000]
epoch 12 step 1480  loss=0.024401  lr=2.12e-05  [rmse=0.0150 h1=0.0001 ssim=0.0346 mlw=0.0000]
epoch 12 step 1490  loss=0.024043  lr=2.08e-05  [rmse=0.0095 h1=0.0001 ssim=0.0321 mlw=0.0000]
epoch 12 step 1500  loss=0.023880  lr=2.05e-05  [rmse=0.0137 h1=0.0001 ssim=0.0375 mlw=0.0000]
INFO     [rank 0] Loss weights: rmse=1.0000, h1=50.0000,      vae_trainer.py:975
         ssim=0.1500, mlw=0.0000                                                
INFO     [rank 0] Epoch 12: train_loss=0.023880              vae_trainer.py:1014
         val_loss=0.022780  val_VRMSE=0.074631  lr=2.05e-05                     
INFO     [rank 0] Metrics updated: metrics/metrics.csv,      vae_trainer.py:1040
         metrics/loss_curves.png                                                
INFO     [rank 0] Saved 12 validation reconstruction PNGs    vae_trainer.py:1254
         for epoch 12                                                           
INFO     [rank 0] New best checkpoint (epoch 12,             vae_trainer.py:1353
         val_vrmse=0.074631):                                                   
         checkpoints/vae_shockwave_best.safetensors                             
INFO     [rank 0] Training state saved:                      vae_trainer.py:1429
         checkpoints/vae_shockwave_last.state.pt                                
INFO     [rank 0] Epoch 12 timing: train=2955.7s eval=81.3s  vae_trainer.py:1074
         viz=23.9s ckpt=8.3s total=3069.6s                                      
epoch 13 step 1510  loss=0.022469  lr=2.02e-05  [rmse=0.0114 h1=0.0001 ssim=0.0402 mlw=0.0000]
epoch 13 step 1520  loss=0.021826  lr=1.99e-05  [rmse=0.0069 h1=0.0000 ssim=0.0276 mlw=0.0000]
epoch 13 step 1530  loss=0.023761  lr=1.95e-05  [rmse=0.0137 h1=0.0002 ssim=0.0298 mlw=0.0000]
epoch 13 step 1540  loss=0.023615  lr=1.92e-05  [rmse=0.0060 h1=0.0000 ssim=0.0171 mlw=0.0000]
epoch 13 step 1550  loss=0.022896  lr=1.89e-05  [rmse=0.0083 h1=0.0001 ssim=0.0291 mlw=0.0000]
epoch 13 step 1560  loss=0.022532  lr=1.86e-05  [rmse=0.0166 h1=0.0002 ssim=0.0510 mlw=0.0000]
epoch 13 step 1570  loss=0.023004  lr=1.82e-05  [rmse=0.0131 h1=0.0001 ssim=0.0524 mlw=0.0000]
epoch 13 step 1580  loss=0.022837  lr=1.79e-05  [rmse=0.0057 h1=0.0000 ssim=0.0198 mlw=0.0000]
epoch 13 step 1590  loss=0.022461  lr=1.76e-05  [rmse=0.0071 h1=0.0000 ssim=0.0263 mlw=0.0000]
epoch 13 step 1600  loss=0.022792  lr=1.73e-05  [rmse=0.0185 h1=0.0002 ssim=0.0449 mlw=0.0000]
epoch 13 step 1610  loss=0.022901  lr=1.70e-05  [rmse=0.0085 h1=0.0001 ssim=0.0313 mlw=0.0000]
epoch 13 step 1620  loss=0.023554  lr=1.67e-05  [rmse=0.0124 h1=0.0001 ssim=0.0444 mlw=0.0000]
INFO     [rank 0] Loss weights: rmse=1.0000, h1=50.0000,      vae_trainer.py:975
         ssim=0.1500, mlw=0.0000                                                
INFO     [rank 0] Epoch 13: train_loss=0.023837              vae_trainer.py:1014
         val_loss=0.021768  val_VRMSE=0.071147  lr=1.65e-05                     
INFO     [rank 0] Metrics updated: metrics/metrics.csv,      vae_trainer.py:1040
         metrics/loss_curves.png                                                
INFO     [rank 0] New best checkpoint (epoch 13,             vae_trainer.py:1353
         val_vrmse=0.071147):                                                   
         checkpoints/vae_shockwave_best.safetensors                             
INFO     [rank 0] Training state saved:                      vae_trainer.py:1429
         checkpoints/vae_shockwave_last.state.pt                                
INFO     [rank 0] Epoch 13 timing: train=2803.0s eval=80.5s  vae_trainer.py:1074
         viz=0.0s ckpt=8.2s total=2892.2s                                       
epoch 14 step 1630  loss=0.031588  lr=1.64e-05  [rmse=0.0107 h1=0.0001 ssim=0.0413 mlw=0.0000]
epoch 14 step 1640  loss=0.025325  lr=1.60e-05  [rmse=0.0086 h1=0.0001 ssim=0.0398 mlw=0.0000]
epoch 14 step 1650  loss=0.023365  lr=1.57e-05  [rmse=0.0104 h1=0.0001 ssim=0.0394 mlw=0.0000]
epoch 14 step 1660  loss=0.023091  lr=1.54e-05  [rmse=0.0130 h1=0.0002 ssim=0.0289 mlw=0.0000]
epoch 14 step 1670  loss=0.022746  lr=1.51e-05  [rmse=0.0114 h1=0.0001 ssim=0.0326 mlw=0.0000]
epoch 14 step 1680  loss=0.023336  lr=1.48e-05  [rmse=0.0039 h1=0.0000 ssim=0.0145 mlw=0.0000]
epoch 14 step 1690  loss=0.022563  lr=1.45e-05  [rmse=0.0110 h1=0.0001 ssim=0.0282 mlw=0.0000]
epoch 14 step 1700  loss=0.022581  lr=1.42e-05  [rmse=0.0143 h1=0.0002 ssim=0.0354 mlw=0.0000]
epoch 14 step 1710  loss=0.021998  lr=1.39e-05  [rmse=0.0134 h1=0.0002 ssim=0.0462 mlw=0.0000]
epoch 14 step 1720  loss=0.022002  lr=1.36e-05  [rmse=0.0048 h1=0.0000 ssim=0.0147 mlw=0.0000]
epoch 14 step 1730  loss=0.022120  lr=1.33e-05  [rmse=0.0088 h1=0.0001 ssim=0.0342 mlw=0.0000]
epoch 14 step 1740  loss=0.022146  lr=1.31e-05  [rmse=0.0152 h1=0.0002 ssim=0.0548 mlw=0.0000]
epoch 14 step 1750  loss=0.022320  lr=1.28e-05  [rmse=0.0099 h1=0.0001 ssim=0.0368 mlw=0.0000]
INFO     [rank 0] Loss weights: rmse=1.0000, h1=50.0000,      vae_trainer.py:975
         ssim=0.1500, mlw=0.0000                                                
INFO     [rank 0] Epoch 14: train_loss=0.022320              vae_trainer.py:1014
         val_loss=0.020587  val_VRMSE=0.066938  lr=1.28e-05                     
INFO     [rank 0] Metrics updated: metrics/metrics.csv,      vae_trainer.py:1040
         metrics/loss_curves.png                                                
INFO     [rank 0] New best checkpoint (epoch 14,             vae_trainer.py:1353
         val_vrmse=0.066938):                                                   
         checkpoints/vae_shockwave_best.safetensors                             
INFO     [rank 0] Training state saved:                      vae_trainer.py:1429
         checkpoints/vae_shockwave_last.state.pt                                
INFO     [rank 0] Epoch 14 timing: train=2807.9s eval=79.9s  vae_trainer.py:1074
         viz=0.0s ckpt=8.0s total=2896.5s                                       
epoch 15 step 1760  loss=0.020666  lr=1.25e-05  [rmse=0.0094 h1=0.0001 ssim=0.0369 mlw=0.0000]
epoch 15 step 1770  loss=0.020234  lr=1.22e-05  [rmse=0.0088 h1=0.0001 ssim=0.0317 mlw=0.0000]
epoch 15 step 1780  loss=0.020801  lr=1.19e-05  [rmse=0.0134 h1=0.0002 ssim=0.0481 mlw=0.0000]
epoch 15 step 1790  loss=0.021161  lr=1.16e-05  [rmse=0.0235 h1=0.0004 ssim=0.0629 mlw=0.0000]
epoch 15 step 1800  loss=0.021034  lr=1.14e-05  [rmse=0.0069 h1=0.0000 ssim=0.0275 mlw=0.0000]
epoch 15 step 1810  loss=0.021485  lr=1.11e-05  [rmse=0.0117 h1=0.0001 ssim=0.0335 mlw=0.0000]
epoch 15 step 1820  loss=0.020912  lr=1.08e-05  [rmse=0.0057 h1=0.0000 ssim=0.0239 mlw=0.0000]
epoch 15 step 1830  loss=0.021048  lr=1.06e-05  [rmse=0.0182 h1=0.0002 ssim=0.0442 mlw=0.0000]
epoch 15 step 1840  loss=0.021408  lr=1.03e-05  [rmse=0.0116 h1=0.0001 ssim=0.0288 mlw=0.0000]
epoch 15 step 1850  loss=0.021778  lr=1.00e-05  [rmse=0.0153 h1=0.0002 ssim=0.0454 mlw=0.0000]
epoch 15 step 1860  loss=0.021735  lr=9.78e-06  [rmse=0.0082 h1=0.0001 ssim=0.0330 mlw=0.0000]
epoch 15 step 1870  loss=0.021501  lr=9.52e-06  [rmse=0.0081 h1=0.0001 ssim=0.0219 mlw=0.0000]
INFO     [rank 0] Loss weights: rmse=1.0000, h1=50.0000,      vae_trainer.py:975
         ssim=0.1500, mlw=0.0000                                                
INFO     [rank 0] Epoch 15: train_loss=0.021560              vae_trainer.py:1014
         val_loss=0.020158  val_VRMSE=0.065378  lr=9.40e-06                     
INFO     [rank 0] Metrics updated: metrics/metrics.csv,      vae_trainer.py:1040
         metrics/loss_curves.png                                                
INFO     [rank 0] New best checkpoint (epoch 15,             vae_trainer.py:1353
         val_vrmse=0.065378):                                                   
         checkpoints/vae_shockwave_best.safetensors                             
INFO     [rank 0] Training state saved:                      vae_trainer.py:1429
         checkpoints/vae_shockwave_last.state.pt                                
INFO     [rank 0] Epoch 15 timing: train=2807.1s eval=78.7s  vae_trainer.py:1074
         viz=0.0s ckpt=8.2s total=2894.4s                                       
epoch 16 step 1880  loss=0.021102  lr=9.27e-06  [rmse=0.0103 h1=0.0001 ssim=0.0349 mlw=0.0000]
epoch 16 step 1890  loss=0.022739  lr=9.02e-06  [rmse=0.0089 h1=0.0001 ssim=0.0254 mlw=0.0000]
epoch 16 step 1900  loss=0.021845  lr=8.78e-06  [rmse=0.0037 h1=0.0000 ssim=0.0144 mlw=0.0000]
epoch 16 step 1910  loss=0.021692  lr=8.53e-06  [rmse=0.0088 h1=0.0001 ssim=0.0312 mlw=0.0000]
epoch 16 step 1920  loss=0.021183  lr=8.29e-06  [rmse=0.0103 h1=0.0001 ssim=0.0304 mlw=0.0000]
epoch 16 step 1930  loss=0.020812  lr=8.06e-06  [rmse=0.0145 h1=0.0002 ssim=0.0395 mlw=0.0000]
epoch 16 step 1940  loss=0.021796  lr=7.82e-06  [rmse=0.0109 h1=0.0001 ssim=0.0424 mlw=0.0000]
epoch 16 step 1950  loss=0.021523  lr=7.59e-06  [rmse=0.0030 h1=0.0000 ssim=0.0157 mlw=0.0000]
epoch 16 step 1960  loss=0.021817  lr=7.37e-06  [rmse=0.0080 h1=0.0001 ssim=0.0275 mlw=0.0000]
epoch 16 step 1970  loss=0.022258  lr=7.14e-06  [rmse=0.0117 h1=0.0001 ssim=0.0455 mlw=0.0000]
epoch 16 step 1980  loss=0.021971  lr=6.92e-06  [rmse=0.0131 h1=0.0001 ssim=0.0362 mlw=0.0000]
epoch 16 step 1990  loss=0.021971  lr=6.71e-06  [rmse=0.0087 h1=0.0001 ssim=0.0313 mlw=0.0000]
epoch 16 step 2000  loss=0.022078  lr=6.50e-06  [rmse=0.0040 h1=0.0000 ssim=0.0194 mlw=0.0000]
INFO     [rank 0] Loss weights: rmse=1.0000, h1=50.0000,      vae_trainer.py:975
         ssim=0.1500, mlw=0.0000                                                
INFO     [rank 0] Epoch 16: train_loss=0.022078              vae_trainer.py:1014
         val_loss=0.020050  val_VRMSE=0.064781  lr=6.50e-06                     
INFO     [rank 0] Metrics updated: metrics/metrics.csv,      vae_trainer.py:1040
         metrics/loss_curves.png                                                
INFO     [rank 0] Saved 12 validation reconstruction PNGs    vae_trainer.py:1254
         for epoch 16                                                           
INFO     [rank 0] New best checkpoint (epoch 16,             vae_trainer.py:1353
         val_vrmse=0.064781):                                                   
         checkpoints/vae_shockwave_best.safetensors                             
INFO     [rank 0] Training state saved:                      vae_trainer.py:1429
         checkpoints/vae_shockwave_last.state.pt                                
INFO     [rank 0] Epoch 16 timing: train=2806.0s eval=79.4s  vae_trainer.py:1074
         viz=23.2s ckpt=8.5s total=2917.6s                                      
epoch 17 step 2010  loss=0.021879  lr=6.29e-06  [rmse=0.0079 h1=0.0001 ssim=0.0276 mlw=0.0000]
epoch 17 step 2020  loss=0.019785  lr=6.08e-06  [rmse=0.0095 h1=0.0001 ssim=0.0246 mlw=0.0000]
epoch 17 step 2030  loss=0.020680  lr=5.88e-06  [rmse=0.0144 h1=0.0002 ssim=0.0497 mlw=0.0000]
epoch 17 step 2040  loss=0.021812  lr=5.68e-06  [rmse=0.0158 h1=0.0002 ssim=0.0489 mlw=0.0000]
epoch 17 step 2050  loss=0.021115  lr=5.48e-06  [rmse=0.0098 h1=0.0001 ssim=0.0287 mlw=0.0000]
epoch 17 step 2060  loss=0.020793  lr=5.29e-06  [rmse=0.0057 h1=0.0000 ssim=0.0179 mlw=0.0000]
epoch 17 step 2070  loss=0.021268  lr=5.11e-06  [rmse=0.0091 h1=0.0001 ssim=0.0422 mlw=0.0000]
epoch 17 step 2080  loss=0.021588  lr=4.92e-06  [rmse=0.0144 h1=0.0002 ssim=0.0260 mlw=0.0000]
epoch 17 step 2090  loss=0.021575  lr=4.74e-06  [rmse=0.0076 h1=0.0001 ssim=0.0261 mlw=0.0000]
epoch 17 step 2100  loss=0.021572  lr=4.57e-06  [rmse=0.0117 h1=0.0001 ssim=0.0382 mlw=0.0000]
epoch 17 step 2110  loss=0.021737  lr=4.39e-06  [rmse=0.0094 h1=0.0001 ssim=0.0258 mlw=0.0000]
epoch 17 step 2120  loss=0.021616  lr=4.23e-06  [rmse=0.0162 h1=0.0002 ssim=0.0515 mlw=0.0000]
INFO     [rank 0] Loss weights: rmse=1.0000, h1=50.0000,      vae_trainer.py:975
         ssim=0.1500, mlw=0.0000                                                
INFO     [rank 0] Epoch 17: train_loss=0.021567              vae_trainer.py:1014
         val_loss=0.019763  val_VRMSE=0.064008  lr=4.14e-06                     
INFO     [rank 0] Metrics updated: metrics/metrics.csv,      vae_trainer.py:1040
         metrics/loss_curves.png                                                
INFO     [rank 0] New best checkpoint (epoch 17,             vae_trainer.py:1353
         val_vrmse=0.064008):                                                   
         checkpoints/vae_shockwave_best.safetensors                             
INFO     [rank 0] Training state saved:                      vae_trainer.py:1429
         checkpoints/vae_shockwave_last.state.pt                                
INFO     [rank 0] Epoch 17 timing: train=2808.2s eval=79.2s  vae_trainer.py:1074
         viz=0.0s ckpt=8.5s total=2896.8s                                       
epoch 18 step 2130  loss=0.023621  lr=4.06e-06  [rmse=0.0138 h1=0.0002 ssim=0.0499 mlw=0.0000]
epoch 18 step 2140  loss=0.021273  lr=3.90e-06  [rmse=0.0073 h1=0.0001 ssim=0.0234 mlw=0.0000]
epoch 18 step 2150  loss=0.021303  lr=3.75e-06  [rmse=0.0054 h1=0.0000 ssim=0.0201 mlw=0.0000]
epoch 18 step 2160  loss=0.021431  lr=3.59e-06  [rmse=0.0079 h1=0.0001 ssim=0.0261 mlw=0.0000]
epoch 18 step 2170  loss=0.020984  lr=3.45e-06  [rmse=0.0142 h1=0.0002 ssim=0.0310 mlw=0.0000]
epoch 18 step 2180  loss=0.020273  lr=3.30e-06  [rmse=0.0072 h1=0.0000 ssim=0.0295 mlw=0.0000]
epoch 18 step 2190  loss=0.020055  lr=3.16e-06  [rmse=0.0169 h1=0.0002 ssim=0.0395 mlw=0.0000]
epoch 18 step 2200  loss=0.021489  lr=3.03e-06  [rmse=0.0080 h1=0.0001 ssim=0.0220 mlw=0.0000]
epoch 18 step 2210  loss=0.021326  lr=2.90e-06  [rmse=0.0121 h1=0.0001 ssim=0.0306 mlw=0.0000]
epoch 18 step 2220  loss=0.021460  lr=2.77e-06  [rmse=0.0110 h1=0.0001 ssim=0.0237 mlw=0.0000]
epoch 18 step 2230  loss=0.021686  lr=2.65e-06  [rmse=0.0099 h1=0.0001 ssim=0.0311 mlw=0.0000]
epoch 18 step 2240  loss=0.021966  lr=2.53e-06  [rmse=0.0131 h1=0.0002 ssim=0.0304 mlw=0.0000]
epoch 18 step 2250  loss=0.021739  lr=2.41e-06  [rmse=0.0088 h1=0.0001 ssim=0.0295 mlw=0.0000]
INFO     [rank 0] Loss weights: rmse=1.0000, h1=50.0000,      vae_trainer.py:975
         ssim=0.1500, mlw=0.0000                                                
INFO     [rank 0] Epoch 18: train_loss=0.021739              vae_trainer.py:1014
         val_loss=0.019677  val_VRMSE=0.063699  lr=2.41e-06                     
INFO     [rank 0] Metrics updated: metrics/metrics.csv,      vae_trainer.py:1040
         metrics/loss_curves.png                                                
INFO     [rank 0] New best checkpoint (epoch 18,             vae_trainer.py:1353
         val_vrmse=0.063699):                                                   
         checkpoints/vae_shockwave_best.safetensors                             
INFO     [rank 0] Training state saved:                      vae_trainer.py:1429
         checkpoints/vae_shockwave_last.state.pt                                
INFO     [rank 0] Epoch 18 timing: train=2806.3s eval=79.5s  vae_trainer.py:1074
         viz=0.0s ckpt=9.4s total=2895.7s                                       
epoch 19 step 2260  loss=0.021232  lr=2.30e-06  [rmse=0.0146 h1=0.0002 ssim=0.0513 mlw=0.0000]
epoch 19 step 2270  loss=0.020311  lr=2.20e-06  [rmse=0.0125 h1=0.0001 ssim=0.0234 mlw=0.0000]
epoch 19 step 2280  loss=0.020466  lr=2.10e-06  [rmse=0.0109 h1=0.0001 ssim=0.0274 mlw=0.0000]
epoch 19 step 2290  loss=0.020252  lr=2.00e-06  [rmse=0.0086 h1=0.0001 ssim=0.0339 mlw=0.0000]
epoch 19 step 2300  loss=0.020434  lr=1.91e-06  [rmse=0.0119 h1=0.0002 ssim=0.0317 mlw=0.0000]
epoch 19 step 2310  loss=0.019880  lr=1.82e-06  [rmse=0.0133 h1=0.0002 ssim=0.0447 mlw=0.0000]
epoch 19 step 2320  loss=0.020654  lr=1.74e-06  [rmse=0.0216 h1=0.0003 ssim=0.0480 mlw=0.0000]
epoch 19 step 2330  loss=0.020921  lr=1.66e-06  [rmse=0.0101 h1=0.0001 ssim=0.0277 mlw=0.0000]
epoch 19 step 2340  loss=0.021043  lr=1.58e-06  [rmse=0.0073 h1=0.0000 ssim=0.0244 mlw=0.0000]
epoch 19 step 2350  loss=0.020885  lr=1.51e-06  [rmse=0.0091 h1=0.0001 ssim=0.0323 mlw=0.0000]
epoch 19 step 2360  loss=0.020879  lr=1.45e-06  [rmse=0.0134 h1=0.0002 ssim=0.0343 mlw=0.0000]
epoch 19 step 2370  loss=0.020912  lr=1.39e-06  [rmse=0.0183 h1=0.0002 ssim=0.0335 mlw=0.0000]
INFO     [rank 0] Loss weights: rmse=1.0000, h1=50.0000,      vae_trainer.py:975
         ssim=0.1500, mlw=0.0000                                                
INFO     [rank 0] Epoch 19: train_loss=0.020982              vae_trainer.py:1014
         val_loss=0.019620  val_VRMSE=0.063508  lr=1.36e-06                     
INFO     [rank 0] Metrics updated: metrics/metrics.csv,      vae_trainer.py:1040
         metrics/loss_curves.png                                                
INFO     [rank 0] New best checkpoint (epoch 19,             vae_trainer.py:1353
         val_vrmse=0.063508):                                                   
         checkpoints/vae_shockwave_best.safetensors                             
INFO     [rank 0] Training state saved:                      vae_trainer.py:1429
         checkpoints/vae_shockwave_last.state.pt                                
INFO     [rank 0] Epoch 19 timing: train=2813.4s eval=79.4s  vae_trainer.py:1074
         viz=0.0s ckpt=15.0s total=2908.3s                                      
epoch 20 step 2380  loss=0.016098  lr=1.33e-06  [rmse=0.0066 h1=0.0000 ssim=0.0291 mlw=0.0000]
epoch 20 step 2390  loss=0.019350  lr=1.28e-06  [rmse=0.0060 h1=0.0000 ssim=0.0237 mlw=0.0000]
epoch 20 step 2400  loss=0.021206  lr=1.23e-06  [rmse=0.0149 h1=0.0002 ssim=0.0514 mlw=0.0000]
epoch 20 step 2410  loss=0.020916  lr=1.18e-06  [rmse=0.0061 h1=0.0000 ssim=0.0249 mlw=0.0000]
epoch 20 step 2420  loss=0.022314  lr=1.15e-06  [rmse=0.0164 h1=0.0002 ssim=0.0431 mlw=0.0000]
epoch 20 step 2430  loss=0.021810  lr=1.11e-06  [rmse=0.0143 h1=0.0002 ssim=0.0528 mlw=0.0000]
epoch 20 step 2440  loss=0.021651  lr=1.08e-06  [rmse=0.0067 h1=0.0000 ssim=0.0222 mlw=0.0000]
epoch 20 step 2450  loss=0.021669  lr=1.06e-06  [rmse=0.0155 h1=0.0002 ssim=0.0332 mlw=0.0000]
epoch 20 step 2460  loss=0.021613  lr=1.04e-06  [rmse=0.0059 h1=0.0000 ssim=0.0249 mlw=0.0000]
epoch 20 step 2470  loss=0.021628  lr=1.02e-06  [rmse=0.0123 h1=0.0002 ssim=0.0255 mlw=0.0000]
epoch 20 step 2480  loss=0.021740  lr=1.01e-06  [rmse=0.0114 h1=0.0001 ssim=0.0311 mlw=0.0000]
epoch 20 step 2490  loss=0.022181  lr=1.00e-06  [rmse=0.0071 h1=0.0000 ssim=0.0204 mlw=0.0000]
epoch 20 step 2500  loss=0.022017  lr=1.00e-06  [rmse=0.0070 h1=0.0001 ssim=0.0245 mlw=0.0000]
INFO     [rank 0] Loss weights: rmse=1.0000, h1=50.0000,      vae_trainer.py:975
         ssim=0.1500, mlw=0.0000                                                
INFO     [rank 0] Epoch 20: train_loss=0.022017              vae_trainer.py:1014
         val_loss=0.019592  val_VRMSE=0.063414  lr=1.00e-06                     
INFO     [rank 0] Metrics updated: metrics/metrics.csv,      vae_trainer.py:1040
         metrics/loss_curves.png                                                
INFO     [rank 0] Saved 12 validation reconstruction PNGs    vae_trainer.py:1254
         for epoch 20                                                           
INFO     [rank 0] New best checkpoint (epoch 20,             vae_trainer.py:1353
         val_vrmse=0.063414):                                                   
         checkpoints/vae_shockwave_best.safetensors                             
INFO     [rank 0] Training state saved:                      vae_trainer.py:1429
         checkpoints/vae_shockwave_last.state.pt                                
INFO     [rank 0] Epoch 20 timing: train=2807.3s eval=80.2s  vae_trainer.py:1074
         viz=23.5s ckpt=9.5s total=2921.3s                                      
╭──────────────────────────────────────────────────────────────────────────────╮
╰──────────────────────────────────────────────────────────────────────────────╯INFO     [rank 0] Training state saved:                      vae_trainer.py:1429
         checkpoints/vae_shockwave_last.state.pt                                
INFO     [rank 0] Best epoch: 20 (val_vrmse=0.063414)        vae_trainer.py:1092
INFO     [rank 0] Run finished: removed                      vae_trainer.py:1110
         ['vae_shockwave_last.safetensors',                                     
         'vae_shockwave_last.state.pt'] (kept only                              
         vae_shockwave_best.safetensors)                                        

Training complete. Checkpoint: 
/hppfs/scratch/0D/go76fuz2/windinet/finetune_vae_outputs_sng_pvc/finetune_vae_ch
6_full_ft_256res/checkpoints/vae_shockwave_best.safetensors
Mirrored (excl. checkpoints/) to finetune_vae_outputs/sng_pvc/finetune_vae_ch6_full_ft_256res
END TIME: Thu 24 Sep 2026 06:58:08 AM CEST
end_time=2026-09-24T06:58:08+02:00 elapsed=58919s
