START TIME: Wed 23 Sep 2026 02:38:08 PM CEST
job=543423 node=i20r03c04s04
start_time=2026-09-23T14:38:08+02:00
+-----------+--------------------------------------------------------------------------------------+
| Device ID | Device Information                                                                   |
+-----------+--------------------------------------------------------------------------------------+
| 0         | Device Name: Intel(R) Data Center GPU Max 1550                                       |
|           | Vendor Name: Intel(R) Corporation                                                    |
|           | SOC UUID: 00000000-0000-003a-0000-002f0bd58086                                       |
|           | PCI BDF Address: 0000:3a:00.0                                                        |
|           | DRM Device: /dev/dri/card0                                                           |
|           | Function Type: physical                                                              |
+-----------+--------------------------------------------------------------------------------------+
| 1         | Device Name: Intel(R) Data Center GPU Max 1550                                       |
|           | Vendor Name: Intel(R) Corporation                                                    |
|           | SOC UUID: 00000000-0000-004b-0000-002f0bd58086                                       |
|           | PCI BDF Address: 0000:4b:00.0                                                        |
|           | DRM Device: /dev/dri/card1                                                           |
|           | Function Type: physical                                                              |
+-----------+--------------------------------------------------------------------------------------+
| 2         | Device Name: Intel(R) Data Center GPU Max 1550                                       |
|           | Vendor Name: Intel(R) Corporation                                                    |
|           | SOC UUID: 00000000-0000-00ca-0000-002f0bd58086                                       |
|           | PCI BDF Address: 0000:ca:00.0                                                        |
|           | DRM Device: /dev/dri/card2                                                           |
|           | Function Type: physical                                                              |
+-----------+--------------------------------------------------------------------------------------+
| 3         | Device Name: Intel(R) Data Center GPU Max 1550                                       |
|           | Vendor Name: Intel(R) Corporation                                                    |
|           | SOC UUID: 00000000-0000-00da-0000-002f0bd58086                                       |
|           | PCI BDF Address: 0000:da:00.0                                                        |
|           | DRM Device: /dev/dri/card3                                                           |
|           | Function Type: physical                                                              |
+-----------+--------------------------------------------------------------------------------------+
MASTER_ADDR: i20r03c04s04  MASTER_PORT: 33401
8 XPU tiles x batch_size 4 x accum 1 -> effective batch 32; output_dir /hppfs/scratch/0D/go76fuz2/windinet/finetune_vae_outputs_sng_pvc/finetune_vae_ch6_loss_full_mlw_256res
INFO     [rank 6] Failed to extract font properties from    font_manager.py:1107
         /usr/share/fonts/truetype/Cantarell-VF.otf: Can                        
         not load face (SFNT font table missing; error code                     
         0x8e)                                                                  
INFO     [rank 0] Failed to extract font properties from    font_manager.py:1107
         /usr/share/fonts/truetype/Cantarell-VF.otf: Can                        
         not load face (SFNT font table missing; error code                     
         0x8e)                                                                  
INFO     [rank 2] Failed to extract font properties from    font_manager.py:1107
         /usr/share/fonts/truetype/Cantarell-VF.otf: Can                        
         not load face (SFNT font table missing; error code                     
         0x8e)                                                                  
INFO     [rank 1] Failed to extract font properties from    font_manager.py:1107
         /usr/share/fonts/truetype/Cantarell-VF.otf: Can                        
         not load face (SFNT font table missing; error code                     
         0x8e)                                                                  
INFO     [rank 3] Failed to extract font properties from    font_manager.py:1107
         /usr/share/fonts/truetype/Cantarell-VF.otf: Can                        
         not load face (SFNT font table missing; error code                     
         0x8e)                                                                  
INFO     [rank 7] Failed to extract font properties from    font_manager.py:1107
         /usr/share/fonts/truetype/Cantarell-VF.otf: Can                        
         not load face (SFNT font table missing; error code                     
         0x8e)                                                                  
INFO     [rank 7] generated new fontManager                 font_manager.py:1639
INFO     [rank 5] Failed to extract font properties from    font_manager.py:1107
         /usr/share/fonts/truetype/Cantarell-VF.otf: Can                        
         not load face (SFNT font table missing; error code                     
         0x8e)                                                                  
INFO     [rank 6] generated new fontManager                 font_manager.py:1639
INFO     [rank 4] Failed to extract font properties from    font_manager.py:1107
         /usr/share/fonts/truetype/Cantarell-VF.otf: Can                        
         not load face (SFNT font table missing; error code                     
         0x8e)                                                                  
INFO     [rank 5] generated new fontManager                 font_manager.py:1639
INFO     [rank 4] generated new fontManager                 font_manager.py:1639
INFO     [rank 1] generated new fontManager                 font_manager.py:1639
INFO     [rank 2] generated new fontManager                 font_manager.py:1639
INFO     [rank 3] generated new fontManager                 font_manager.py:1639
INFO     [rank 0] generated new fontManager                 font_manager.py:1639
                          VAE Finetuning Configuration                          
┏━━━━━━━━━━━━━━━━━━━━━━━━━━━━━━━━━━━━━━━┳━━━━━━━━━━━━━━━━━━━━━━━━━━━━━━━━━━━━━━┓
┃ Parameter                             ┃ Value                                ┃
┡━━━━━━━━━━━━━━━━━━━━━━━━━━━━━━━━━━━━━━━╇━━━━━━━━━━━━━━━━━━━━━━━━━━━━━━━━━━━━━━┩
│ model.model_source                    │ LTXV_2B_0.9.6_DEV                    │
│ model.load_checkpoint                 │ None                                 │
│ adapter.enabled                       │ True                                 │
│ adapter.checkpoint                    │ None                                 │
│ adapter.channels                      │ ['density', 'momentum_x',            │
│                                       │ 'momentum_y', 'pressure']            │
│ adapter.mode                          │ inflate                              │
│ adapter.inflate_init                  │ zeros                                │
│ adapter.inflate_copy_channel          │ None                                 │
│ adapter.freeze_conv_in                │ False                                │
│ adapter.unfreeze_encoder_trunk        │ True                                 │
│ adapter.hidden_channels               │ 32                                   │
│ adapter.activation                    │ gelu                                 │
│ adapter.identity_init                 │ False                                │
│ adapter.default_temb                  │ 0.0                                  │
│ data.data_root                        │ /hppfs/scratch/0D/go76fuz2/windinet… │
│ data.eval_sims                        │ 500                                  │
│ data.num_dataloader_workers           │ 4                                    │
│ data.num_sim_frames                   │ None                                 │
│ data.overfit_sims                     │ None                                 │
│ data.overfit_repeat                   │ 1                                    │
│ data.channel_mean                     │ [0.9050976477108856,                 │
│                                       │ 0.004045365949982484,                │
│                                       │ -0.0019089379638760548, 0.9          │
│ data.channel_std                      │ [0.6618199912434938,                 │
│                                       │ 0.5335233432828087,                  │
│                                       │ 0.5268940723644505, 0.8053303        │
│ data.normalization_stats_file         │ None                                 │
│ data.normalization_clip               │ 5.0                                  │
│ data.channel_order                    │ ['density', 'momentum_x',            │
│                                       │ 'momentum_y', 'pressure']            │
│ data.log_transform_channels           │ []                                   │
│ optimization.learning_rate            │ 5e-05                                │
│ optimization.min_learning_rate        │ 1e-06                                │
│ optimization.scheduler_type           │ cosine                               │
│ optimization.stable_fraction          │ 0.7                                  │
│ optimization.stable_end_epoch         │ None                                 │
│ optimization.plateau_factor           │ 0.5                                  │
│ optimization.plateau_patience         │ 3                                    │
│ optimization.plateau_threshold        │ 0.0001                               │
│ optimization.epochs                   │ 20                                   │
│ optimization.batch_size               │ 4                                    │
│ optimization.gradient_accumulation_s… │ 1                                    │
│ optimization.max_grad_norm            │ 5.0                                  │
│ optimization.weight_decay             │ 0.0                                  │
│ optimization.warmup_steps             │ 200                                  │
│ optimization.warmup_start_factor      │ 0.01                                 │
│ optimization.enable_gradient_checkpo… │ True                                 │
│ loss.wavelet                          │ db2                                  │
│ loss.spatial_level                    │ 2                                    │
│ loss.temporal_level                   │ 2                                    │
│ loss.mlw_beta                         │ 10.0                                 │
│ loss.mlw_eps                          │ 1e-06                                │
│ loss_weighting.strategy               │ fixed                                │
│ loss_weighting.weights                │ {'rmse': 1.0, 'h1': 50.0, 'ssim':    │
│                                       │ 0.15, 'mlw': 0.0001}                 │
│ loss_weighting.loss_names             │ ['rmse', 'h1', 'ssim', 'mlw']        │
│ loss_weighting.alpha                  │ 1.5                                  │
│ loss_weighting.weight_lr              │ 0.025                                │
│ loss_weighting.temperature            │ 0.1                                  │
│ sds.enabled                           │ False                                │
│ sds.model_source                      │ LTXV_13B_097_DEV                     │
│ sds.dit_checkpoint                    │ None                                 │
│ sds.untrained_dit                     │ False                                │
│ sds.scalar_conditioning.enabled       │ True                                 │
│ sds.scalar_conditioning.scalar_names  │ ['gamma']                            │
│ sds.scalar_conditioning.scalar_ranges │ {'gamma': (1.0, 2.0)}                │
│ sds.scalar_conditioning.embedding_dim │ 4096                                 │
│ sds.scalar_conditioning.num_tokens_p… │ 4                                    │
│ sds.scalar_conditioning.fourier_feat… │ 64                                   │
│ sds.scalar_conditioning.mlp_hidden_d… │ 256                                  │
│ sds.scalar_conditioning.dropout       │ 0.1                                  │
│ sds.timestep_sampling_mode            │ shifted_logit_normal                 │
│ sds.timestep_sampling_params          │ {}                                   │
│ visualization.enabled                 │ True                                 │
│ visualization.interval_epochs         │ 4                                    │
│ visualization.num_samples             │ 3                                    │
│ visualization.frame_numbers           │ [25, 50, 75, 100]                    │
│ visualization.dpi                     │ 150                                  │
│ acceleration.mixed_precision_mode     │ bf16                                 │
│ acceleration.compile_with_inductor    │ False                                │
│ acceleration.compilation_mode         │ reduce-overhead                      │
│ checkpoints.interval                  │ 1                                    │
│ checkpoints.keep_last_n               │ 1                                    │
│ checkpoints.save_best_only            │ True                                 │
│ checkpoints.best_metric               │ val_vrmse                            │
│ checkpoints.save_last_state           │ True                                 │
│ checkpoints.save_epochs               │ []                                   │
│ wandb.enabled                         │ False                                │
│ wandb.project                         │ windinet                             │
│ wandb.entity                          │ None                                 │
│ wandb.tags                            │ ['vae', 'inflate', 'zeros-init',     │
│                                       │ 'cosine', '20ep', 'shockwave-cfd',   │
│                                       │ 'c                                   │
│ seed                                  │ 42                                   │
│ output_dir                            │ /hppfs/scratch/0D/go76fuz2/windinet… │
│ clean_output_dir                      │ True                                 │
│ resume_from                           │ None                                 │
│ resume_weights_only                   │ False                                │
└───────────────────────────────────────┴──────────────────────────────────────┘
INFO     [rank 0] Distributed training: 8 processes          vae_trainer.py:1475
INFO     [rank 0] VAE inflated to 4 native channels           vae_trainer.py:206
         (init=zeros); encoder.conv_in is trainable                             
INFO     [rank 0] Encoder extra modules UNFROZEN:             vae_trainer.py:263
         down_blocks[0, 1, 2] + tail                                            
         (down_blocks[-1]+mid_block+norm_out+conv_out)                          
INFO     [rank 0] VAE gradient checkpointing enabled          vae_trainer.py:274
INFO     [rank 0] VAE loaded. Decoder params: 552,869,953     vae_trainer.py:280
INFO     [rank 0] Trainable parameters:                       vae_trainer.py:351
         encoder_conv_in=221,312, encoder_extra=693,932,865,                    
         decoder=552,869,953, in_adapter=0, out_adapter=0                       
INFO     [rank 0] Dataset: 4000 train, 500 eval samples       vae_trainer.py:615
INFO     [rank 0] encoder.conv_in LR = 5.00e-05 (== decoder   vae_trainer.py:639
         LR)                                                                    
INFO     [rank 0] encoder extra (down_blocks[0, 1, 2]+tail)   vae_trainer.py:650
         LR = 5.00e-05 (== decoder LR)                                          
INFO     [rank 0] LR schedule 'cosine': 2500 steps (200       vae_trainer.py:741
         warmup, 0 stable, 2300 anneal), peak 5.00e-05 ->                       
         floor 1.00e-06                                                         
2026:09:23-14:48:29:17956 |CCL_WARN| value of CCL_ATL_TRANSPORT changed to be ofi (default:mpi)
2026:09:23-14:48:30:17956 |CCL_WARN| value of CCL_ALLREDUCE changed to be ring (default:)
2026:09:23-14:48:30:17958 |CCL_WARN| could not get local_idx/count from environment variables, trying to get them from ATL
2026:09:23-14:48:30:17956 |CCL_WARN| could not get local_idx/count from environment variables, trying to get them from ATL
2026:09:23-14:48:30:17959 |CCL_WARN| could not get local_idx/count from environment variables, trying to get them from ATL
2026:09:23-14:48:30:17960 |CCL_WARN| could not get local_idx/count from environment variables, trying to get them from ATL
2026:09:23-14:48:30:17957 |CCL_WARN| could not get local_idx/count from environment variables, trying to get them from ATL
2026:09:23-14:48:30:17961 |CCL_WARN| could not get local_idx/count from environment variables, trying to get them from ATL
2026:09:23-14:48:30:17962 |CCL_WARN| could not get local_idx/count from environment variables, trying to get them from ATL
2026:09:23-14:48:30:17963 |CCL_WARN| could not get local_idx/count from environment variables, trying to get them from ATL
INFO     [rank 0] Config saved:                              vae_trainer.py:1507
         /hppfs/scratch/0D/go76fuz2/windinet/finetune_vae_ou                    
         tputs_sng_pvc/finetune_vae_ch6_loss_full_mlw_256res                    
         /training_config.yaml                                                  
INFO     [rank 0] Starting VAE decoder finetuning...          vae_trainer.py:795
epoch 1 step 10  loss=0.154042  lr=2.98e-06  [rmse=0.0656 h1=0.0001 ssim=0.2609 mlw=89.2133]
epoch 1 step 20  loss=0.154436  lr=5.45e-06  [rmse=0.1411 h1=0.0001 ssim=0.2639 mlw=85.0012]
epoch 1 step 30  loss=0.143030  lr=7.93e-06  [rmse=0.0914 h1=0.0003 ssim=0.2875 mlw=76.3256]
epoch 1 step 40  loss=0.146573  lr=1.04e-05  [rmse=0.1666 h1=0.0004 ssim=0.2728 mlw=74.5170]
epoch 1 step 50  loss=0.138871  lr=1.29e-05  [rmse=0.0450 h1=0.0001 ssim=0.2520 mlw=71.9934]
epoch 1 step 60  loss=0.134331  lr=1.54e-05  [rmse=0.1139 h1=0.0001 ssim=0.2591 mlw=86.8300]
epoch 1 step 70  loss=0.133198  lr=1.78e-05  [rmse=0.1073 h1=0.0006 ssim=0.2698 mlw=72.9519]
epoch 1 step 80  loss=0.128518  lr=2.03e-05  [rmse=0.0333 h1=0.0001 ssim=0.2140 mlw=65.4028]
epoch 1 step 90  loss=0.126097  lr=2.28e-05  [rmse=0.0514 h1=0.0004 ssim=0.2535 mlw=91.1513]
epoch 1 step 100  loss=0.123158  lr=2.53e-05  [rmse=0.0362 h1=0.0002 ssim=0.2375 mlw=76.1359]
epoch 1 step 110  loss=0.120583  lr=2.77e-05  [rmse=0.0473 h1=0.0002 ssim=0.3425 mlw=84.2628]
epoch 1 step 120  loss=0.119055  lr=3.02e-05  [rmse=0.0538 h1=0.0003 ssim=0.2957 mlw=87.7508]
INFO     [rank 0] Loss weights: rmse=1.0000, h1=50.0000,      vae_trainer.py:975
         ssim=0.1500, mlw=0.0001                                                
INFO     [rank 0] Epoch 1: train_loss=0.118732               vae_trainer.py:1014
         val_loss=0.098315  val_VRMSE=0.315043  lr=3.14e-05                     
INFO     [rank 0] Metrics updated: metrics/metrics.csv,      vae_trainer.py:1040
         metrics/loss_curves.png                                                
INFO     [rank 0] New best checkpoint (epoch 1,              vae_trainer.py:1353
         val_vrmse=0.315043):                                                   
         checkpoints/vae_shockwave_best.safetensors                             
INFO     [rank 0] Training state saved:                      vae_trainer.py:1429
         checkpoints/vae_shockwave_last.state.pt                                
INFO     [rank 0] Epoch 1 timing: train=2793.8s eval=79.2s   vae_trainer.py:1074
         viz=0.0s ckpt=9.7s total=2883.4s                                       
epoch 2 step 130  loss=0.111957  lr=3.27e-05  [rmse=0.0350 h1=0.0002 ssim=0.1813 mlw=100.1025]
epoch 2 step 140  loss=0.105480  lr=3.52e-05  [rmse=0.0675 h1=0.0008 ssim=0.3088 mlw=115.8014]
epoch 2 step 150  loss=0.103018  lr=3.76e-05  [rmse=0.0411 h1=0.0003 ssim=0.2710 mlw=84.8227]
epoch 2 step 160  loss=0.100610  lr=4.01e-05  [rmse=0.0293 h1=0.0001 ssim=0.2142 mlw=83.1221]
epoch 2 step 170  loss=0.096694  lr=4.26e-05  [rmse=0.0257 h1=0.0002 ssim=0.1907 mlw=65.3691]
epoch 2 step 180  loss=0.108593  lr=4.51e-05  [rmse=0.0644 h1=0.0006 ssim=0.3272 mlw=108.7254]
epoch 2 step 190  loss=0.114208  lr=4.75e-05  [rmse=0.0448 h1=0.0001 ssim=0.3439 mlw=98.1983]
epoch 2 step 200  loss=0.116675  lr=5.00e-05  [rmse=0.0662 h1=0.0003 ssim=0.2902 mlw=80.4384]
epoch 2 step 210  loss=0.114823  lr=5.00e-05  [rmse=0.0301 h1=0.0001 ssim=0.2486 mlw=87.3534]
epoch 2 step 220  loss=0.111033  lr=5.00e-05  [rmse=0.0341 h1=0.0003 ssim=0.1545 mlw=92.9469]
epoch 2 step 230  loss=0.106503  lr=5.00e-05  [rmse=0.0229 h1=0.0001 ssim=0.1095 mlw=98.0880]
epoch 2 step 240  loss=0.103250  lr=5.00e-05  [rmse=0.0255 h1=0.0001 ssim=0.1419 mlw=85.5046]
epoch 2 step 250  loss=0.100912  lr=4.99e-05  [rmse=0.0172 h1=0.0001 ssim=0.1321 mlw=83.6216]
INFO     [rank 0] Loss weights: rmse=1.0000, h1=50.0000,      vae_trainer.py:975
         ssim=0.1500, mlw=0.0001                                                
INFO     [rank 0] Epoch 2: train_loss=0.100912               vae_trainer.py:1014
         val_loss=0.058914  val_VRMSE=0.160682  lr=4.99e-05                     
INFO     [rank 0] Metrics updated: metrics/metrics.csv,      vae_trainer.py:1040
         metrics/loss_curves.png                                                
INFO     [rank 0] New best checkpoint (epoch 2,              vae_trainer.py:1353
         val_vrmse=0.160682):                                                   
         checkpoints/vae_shockwave_best.safetensors                             
INFO     [rank 0] Training state saved:                      vae_trainer.py:1429
         checkpoints/vae_shockwave_last.state.pt                                
INFO     [rank 0] Epoch 2 timing: train=2770.6s eval=79.3s   vae_trainer.py:1074
         viz=0.0s ckpt=9.1s total=2859.6s                                       
epoch 3 step 260  loss=0.064115  lr=4.99e-05  [rmse=0.0297 h1=0.0003 ssim=0.1632 mlw=64.8122]
epoch 3 step 270  loss=0.060059  lr=4.99e-05  [rmse=0.0176 h1=0.0001 ssim=0.0977 mlw=60.3790]
epoch 3 step 280  loss=0.057207  lr=4.99e-05  [rmse=0.0139 h1=0.0001 ssim=0.0717 mlw=71.1980]
epoch 3 step 290  loss=0.056208  lr=4.98e-05  [rmse=0.0189 h1=0.0001 ssim=0.0969 mlw=89.6488]
epoch 3 step 300  loss=0.056150  lr=4.98e-05  [rmse=0.0304 h1=0.0002 ssim=0.1233 mlw=95.9684]
epoch 3 step 310  loss=0.056870  lr=4.97e-05  [rmse=0.0364 h1=0.0002 ssim=0.1248 mlw=110.2726]
epoch 3 step 320  loss=0.056757  lr=4.97e-05  [rmse=0.0249 h1=0.0002 ssim=0.1017 mlw=82.5518]
epoch 3 step 330  loss=0.056469  lr=4.96e-05  [rmse=0.0311 h1=0.0003 ssim=0.1312 mlw=71.5871]
epoch 3 step 340  loss=0.056516  lr=4.96e-05  [rmse=0.0236 h1=0.0002 ssim=0.0919 mlw=67.7243]
epoch 3 step 350  loss=0.056524  lr=4.95e-05  [rmse=0.0396 h1=0.0003 ssim=0.1357 mlw=71.6606]
epoch 3 step 360  loss=0.056557  lr=4.94e-05  [rmse=0.0131 h1=0.0001 ssim=0.0592 mlw=79.5455]
epoch 3 step 370  loss=0.055945  lr=4.93e-05  [rmse=0.0176 h1=0.0001 ssim=0.1044 mlw=73.1149]
INFO     [rank 0] Loss weights: rmse=1.0000, h1=50.0000,      vae_trainer.py:975
         ssim=0.1500, mlw=0.0001                                                
INFO     [rank 0] Epoch 3: train_loss=0.055370               vae_trainer.py:1014
         val_loss=0.042199  val_VRMSE=0.112495  lr=4.93e-05                     
INFO     [rank 0] Metrics updated: metrics/metrics.csv,      vae_trainer.py:1040
         metrics/loss_curves.png                                                
INFO     [rank 0] New best checkpoint (epoch 3,              vae_trainer.py:1353
         val_vrmse=0.112495):                                                   
         checkpoints/vae_shockwave_best.safetensors                             
INFO     [rank 0] Training state saved:                      vae_trainer.py:1429
         checkpoints/vae_shockwave_last.state.pt                                
INFO     [rank 0] Epoch 3 timing: train=2771.2s eval=78.5s   vae_trainer.py:1074
         viz=0.0s ckpt=8.6s total=2858.9s                                       
epoch 4 step 380  loss=0.045326  lr=4.93e-05  [rmse=0.0138 h1=0.0001 ssim=0.0682 mlw=69.0272]
epoch 4 step 390  loss=0.048539  lr=4.92e-05  [rmse=0.0292 h1=0.0003 ssim=0.1005 mlw=85.3282]
epoch 4 step 400  loss=0.047700  lr=4.91e-05  [rmse=0.0137 h1=0.0001 ssim=0.0767 mlw=61.9037]
epoch 4 step 410  loss=0.046823  lr=4.90e-05  [rmse=0.0270 h1=0.0003 ssim=0.0999 mlw=74.0786]
epoch 4 step 420  loss=0.049017  lr=4.89e-05  [rmse=0.0173 h1=0.0001 ssim=0.0894 mlw=76.5342]
epoch 4 step 430  loss=0.049987  lr=4.88e-05  [rmse=0.0403 h1=0.0004 ssim=0.1034 mlw=70.0527]
epoch 4 step 440  loss=0.050179  lr=4.87e-05  [rmse=0.0213 h1=0.0002 ssim=0.0828 mlw=59.7996]
epoch 4 step 450  loss=0.050270  lr=4.86e-05  [rmse=0.0183 h1=0.0001 ssim=0.0789 mlw=78.4170]
epoch 4 step 460  loss=0.049729  lr=4.85e-05  [rmse=0.0117 h1=0.0000 ssim=0.0701 mlw=112.1906]
epoch 4 step 470  loss=0.049454  lr=4.84e-05  [rmse=0.0265 h1=0.0003 ssim=0.0956 mlw=62.8741]
epoch 4 step 480  loss=0.049077  lr=4.82e-05  [rmse=0.0156 h1=0.0001 ssim=0.0598 mlw=74.7334]
epoch 4 step 490  loss=0.047962  lr=4.81e-05  [rmse=0.0159 h1=0.0001 ssim=0.0723 mlw=74.4357]
epoch 4 step 500  loss=0.047250  lr=4.80e-05  [rmse=0.0107 h1=0.0000 ssim=0.0536 mlw=70.5494]
INFO     [rank 0] Loss weights: rmse=1.0000, h1=50.0000,      vae_trainer.py:975
         ssim=0.1500, mlw=0.0001                                                
INFO     [rank 0] Epoch 4: train_loss=0.047250               vae_trainer.py:1014
         val_loss=0.039343  val_VRMSE=0.104141  lr=4.80e-05                     
INFO     [rank 0] Metrics updated: metrics/metrics.csv,      vae_trainer.py:1040
         metrics/loss_curves.png                                                
INFO     [rank 0] Saved 12 validation reconstruction PNGs    vae_trainer.py:1254
         for epoch 4                                                            
INFO     [rank 0] New best checkpoint (epoch 4,              vae_trainer.py:1353
         val_vrmse=0.104141):                                                   
         checkpoints/vae_shockwave_best.safetensors                             
INFO     [rank 0] Training state saved:                      vae_trainer.py:1429
         checkpoints/vae_shockwave_last.state.pt                                
INFO     [rank 0] Epoch 4 timing: train=2771.7s eval=78.6s   vae_trainer.py:1074
         viz=24.9s ckpt=8.4s total=2884.2s                                      
epoch 5 step 510  loss=0.045129  lr=4.78e-05  [rmse=0.0225 h1=0.0003 ssim=0.0720 mlw=73.4067]
epoch 5 step 520  loss=0.049171  lr=4.77e-05  [rmse=0.0227 h1=0.0003 ssim=0.0800 mlw=73.7906]
epoch 5 step 530  loss=0.043789  lr=4.76e-05  [rmse=0.0107 h1=0.0001 ssim=0.0482 mlw=65.8387]
epoch 5 step 540  loss=0.041991  lr=4.74e-05  [rmse=0.0153 h1=0.0001 ssim=0.0473 mlw=71.5013]
epoch 5 step 550  loss=0.041603  lr=4.73e-05  [rmse=0.0145 h1=0.0001 ssim=0.0431 mlw=72.2758]
epoch 5 step 560  loss=0.041590  lr=4.71e-05  [rmse=0.0234 h1=0.0002 ssim=0.0495 mlw=83.7299]
epoch 5 step 570  loss=0.041138  lr=4.69e-05  [rmse=0.0129 h1=0.0001 ssim=0.0564 mlw=70.8997]
epoch 5 step 580  loss=0.041386  lr=4.68e-05  [rmse=0.0205 h1=0.0002 ssim=0.0810 mlw=71.8125]
epoch 5 step 590  loss=0.040738  lr=4.66e-05  [rmse=0.0133 h1=0.0001 ssim=0.0745 mlw=69.3895]
epoch 5 step 600  loss=0.040984  lr=4.64e-05  [rmse=0.0216 h1=0.0002 ssim=0.1201 mlw=58.1019]
epoch 5 step 610  loss=0.041334  lr=4.63e-05  [rmse=0.0323 h1=0.0004 ssim=0.0949 mlw=78.3199]
epoch 5 step 620  loss=0.040982  lr=4.61e-05  [rmse=0.0136 h1=0.0001 ssim=0.0481 mlw=71.5178]
INFO     [rank 0] Loss weights: rmse=1.0000, h1=50.0000,      vae_trainer.py:975
         ssim=0.1500, mlw=0.0001                                                
INFO     [rank 0] Epoch 5: train_loss=0.040923               vae_trainer.py:1014
         val_loss=0.039014  val_VRMSE=0.105413  lr=4.60e-05                     
INFO     [rank 0] Metrics updated: metrics/metrics.csv,      vae_trainer.py:1040
         metrics/loss_curves.png                                                
INFO     [rank 0] Training state saved:                      vae_trainer.py:1429
         checkpoints/vae_shockwave_last.state.pt                                
INFO     [rank 0] Epoch 5 timing: train=2773.6s eval=78.7s   vae_trainer.py:1074
         viz=0.0s ckpt=6.8s total=2859.9s                                       
epoch 6 step 630  loss=0.046302  lr=4.59e-05  [rmse=0.0254 h1=0.0002 ssim=0.0684 mlw=78.9441]
epoch 6 step 640  loss=0.041815  lr=4.57e-05  [rmse=0.0143 h1=0.0001 ssim=0.0575 mlw=61.1308]
epoch 6 step 650  loss=0.044001  lr=4.55e-05  [rmse=0.0255 h1=0.0003 ssim=0.0912 mlw=85.7824]
epoch 6 step 660  loss=0.045257  lr=4.53e-05  [rmse=0.0214 h1=0.0002 ssim=0.1013 mlw=61.2598]
epoch 6 step 670  loss=0.044775  lr=4.51e-05  [rmse=0.0161 h1=0.0001 ssim=0.0621 mlw=63.4206]
epoch 6 step 680  loss=0.044154  lr=4.49e-05  [rmse=0.0213 h1=0.0003 ssim=0.0844 mlw=88.4432]
epoch 6 step 690  loss=0.043826  lr=4.47e-05  [rmse=0.0173 h1=0.0001 ssim=0.0548 mlw=74.6962]
epoch 6 step 700  loss=0.043020  lr=4.45e-05  [rmse=0.0101 h1=0.0000 ssim=0.0457 mlw=82.2570]
epoch 6 step 710  loss=0.042680  lr=4.43e-05  [rmse=0.0081 h1=0.0000 ssim=0.0339 mlw=89.2697]
epoch 6 step 720  loss=0.042587  lr=4.41e-05  [rmse=0.0219 h1=0.0003 ssim=0.0688 mlw=70.8956]
epoch 6 step 730  loss=0.041959  lr=4.39e-05  [rmse=0.0175 h1=0.0002 ssim=0.0563 mlw=79.6026]
epoch 6 step 740  loss=0.042210  lr=4.36e-05  [rmse=0.0156 h1=0.0001 ssim=0.0489 mlw=62.2696]
epoch 6 step 750  loss=0.042268  lr=4.34e-05  [rmse=0.0128 h1=0.0001 ssim=0.0747 mlw=79.2493]
INFO     [rank 0] Loss weights: rmse=1.0000, h1=50.0000,      vae_trainer.py:975
         ssim=0.1500, mlw=0.0001                                                
INFO     [rank 0] Epoch 6: train_loss=0.042268               vae_trainer.py:1014
         val_loss=0.037861  val_VRMSE=0.101274  lr=4.34e-05                     
INFO     [rank 0] Metrics updated: metrics/metrics.csv,      vae_trainer.py:1040
         metrics/loss_curves.png                                                
INFO     [rank 0] New best checkpoint (epoch 6,              vae_trainer.py:1353
         val_vrmse=0.101274):                                                   
         checkpoints/vae_shockwave_best.safetensors                             
INFO     [rank 0] Training state saved:                      vae_trainer.py:1429
         checkpoints/vae_shockwave_last.state.pt                                
INFO     [rank 0] Epoch 6 timing: train=2773.7s eval=78.8s   vae_trainer.py:1074
         viz=0.0s ckpt=9.3s total=2862.3s                                       
epoch 7 step 760  loss=0.038701  lr=4.32e-05  [rmse=0.0197 h1=0.0002 ssim=0.0695 mlw=72.6229]
epoch 7 step 770  loss=0.039355  lr=4.29e-05  [rmse=0.0231 h1=0.0002 ssim=0.0652 mlw=78.7383]
epoch 7 step 780  loss=0.038547  lr=4.27e-05  [rmse=0.0144 h1=0.0001 ssim=0.0660 mlw=62.1541]
epoch 7 step 790  loss=0.039547  lr=4.25e-05  [rmse=0.0124 h1=0.0001 ssim=0.0465 mlw=67.5726]
epoch 7 step 800  loss=0.038371  lr=4.22e-05  [rmse=0.0115 h1=0.0000 ssim=0.0415 mlw=64.1399]
epoch 7 step 810  loss=0.037219  lr=4.20e-05  [rmse=0.0099 h1=0.0001 ssim=0.0515 mlw=55.8627]
epoch 7 step 820  loss=0.037534  lr=4.17e-05  [rmse=0.0139 h1=0.0001 ssim=0.0559 mlw=59.7500]
epoch 7 step 830  loss=0.037032  lr=4.15e-05  [rmse=0.0120 h1=0.0001 ssim=0.0529 mlw=69.0638]
epoch 7 step 840  loss=0.037173  lr=4.12e-05  [rmse=0.0066 h1=0.0000 ssim=0.0326 mlw=81.8982]
epoch 7 step 850  loss=0.037636  lr=4.10e-05  [rmse=0.0134 h1=0.0001 ssim=0.0482 mlw=96.2996]
epoch 7 step 860  loss=0.037325  lr=4.07e-05  [rmse=0.0089 h1=0.0000 ssim=0.0472 mlw=87.5931]
epoch 7 step 870  loss=0.037737  lr=4.04e-05  [rmse=0.0221 h1=0.0002 ssim=0.0527 mlw=67.7272]
INFO     [rank 0] Loss weights: rmse=1.0000, h1=50.0000,      vae_trainer.py:975
         ssim=0.1500, mlw=0.0001                                                
INFO     [rank 0] Epoch 7: train_loss=0.037651               vae_trainer.py:1014
         val_loss=0.033339  val_VRMSE=0.085925  lr=4.03e-05                     
INFO     [rank 0] Metrics updated: metrics/metrics.csv,      vae_trainer.py:1040
         metrics/loss_curves.png                                                
INFO     [rank 0] New best checkpoint (epoch 7,              vae_trainer.py:1353
         val_vrmse=0.085925):                                                   
         checkpoints/vae_shockwave_best.safetensors                             
INFO     [rank 0] Training state saved:                      vae_trainer.py:1429
         checkpoints/vae_shockwave_last.state.pt                                
INFO     [rank 0] Epoch 7 timing: train=2771.3s eval=79.1s   vae_trainer.py:1074
         viz=0.0s ckpt=8.7s total=2859.7s                                       
epoch 8 step 880  loss=0.032800  lr=4.02e-05  [rmse=0.0111 h1=0.0001 ssim=0.0420 mlw=62.3593]
epoch 8 step 890  loss=0.032227  lr=3.99e-05  [rmse=0.0186 h1=0.0002 ssim=0.0656 mlw=58.8848]
epoch 8 step 900  loss=0.035185  lr=3.96e-05  [rmse=0.0183 h1=0.0002 ssim=0.0594 mlw=60.1658]
epoch 8 step 910  loss=0.036335  lr=3.94e-05  [rmse=0.0098 h1=0.0000 ssim=0.0417 mlw=77.4111]
epoch 8 step 920  loss=0.036660  lr=3.91e-05  [rmse=0.0135 h1=0.0001 ssim=0.0465 mlw=59.2236]
epoch 8 step 930  loss=0.035292  lr=3.88e-05  [rmse=0.0053 h1=0.0000 ssim=0.0210 mlw=69.3154]
epoch 8 step 940  loss=0.035938  lr=3.85e-05  [rmse=0.0169 h1=0.0002 ssim=0.0577 mlw=64.2900]
epoch 8 step 950  loss=0.036992  lr=3.82e-05  [rmse=0.0191 h1=0.0002 ssim=0.0735 mlw=59.6375]
epoch 8 step 960  loss=0.037409  lr=3.79e-05  [rmse=0.0202 h1=0.0002 ssim=0.0579 mlw=94.0013]
epoch 8 step 970  loss=0.037536  lr=3.77e-05  [rmse=0.0118 h1=0.0001 ssim=0.0486 mlw=56.1744]
epoch 8 step 980  loss=0.037556  lr=3.74e-05  [rmse=0.0121 h1=0.0001 ssim=0.0444 mlw=60.3571]
epoch 8 step 990  loss=0.037529  lr=3.71e-05  [rmse=0.0155 h1=0.0001 ssim=0.0362 mlw=67.9742]
epoch 8 step 1000  loss=0.037313  lr=3.68e-05  [rmse=0.0137 h1=0.0001 ssim=0.0402 mlw=70.3349]
INFO     [rank 0] Loss weights: rmse=1.0000, h1=50.0000,      vae_trainer.py:975
         ssim=0.1500, mlw=0.0001                                                
INFO     [rank 0] Epoch 8: train_loss=0.037313               vae_trainer.py:1014
         val_loss=0.031942  val_VRMSE=0.082310  lr=3.68e-05                     
INFO     [rank 0] Metrics updated: metrics/metrics.csv,      vae_trainer.py:1040
         metrics/loss_curves.png                                                
INFO     [rank 0] Saved 12 validation reconstruction PNGs    vae_trainer.py:1254
         for epoch 8                                                            
INFO     [rank 0] New best checkpoint (epoch 8,              vae_trainer.py:1353
         val_vrmse=0.082310):                                                   
         checkpoints/vae_shockwave_best.safetensors                             
INFO     [rank 0] Training state saved:                      vae_trainer.py:1429
         checkpoints/vae_shockwave_last.state.pt                                
INFO     [rank 0] Epoch 8 timing: train=2775.7s eval=78.8s   vae_trainer.py:1074
         viz=24.4s ckpt=7.9s total=2887.3s                                      
epoch 9 step 1010  loss=0.037733  lr=3.65e-05  [rmse=0.0104 h1=0.0001 ssim=0.0293 mlw=80.1776]
epoch 9 step 1020  loss=0.034954  lr=3.62e-05  [rmse=0.0121 h1=0.0001 ssim=0.0480 mlw=66.2730]
epoch 9 step 1030  loss=0.033645  lr=3.59e-05  [rmse=0.0113 h1=0.0001 ssim=0.0384 mlw=74.8399]
epoch 9 step 1040  loss=0.033732  lr=3.56e-05  [rmse=0.0120 h1=0.0001 ssim=0.0393 mlw=63.6328]
epoch 9 step 1050  loss=0.032919  lr=3.53e-05  [rmse=0.0083 h1=0.0001 ssim=0.0370 mlw=69.6849]
epoch 9 step 1060  loss=0.033071  lr=3.50e-05  [rmse=0.0076 h1=0.0000 ssim=0.0387 mlw=59.4534]
epoch 9 step 1070  loss=0.032888  lr=3.46e-05  [rmse=0.0076 h1=0.0000 ssim=0.0304 mlw=72.8457]
epoch 9 step 1080  loss=0.032763  lr=3.43e-05  [rmse=0.0086 h1=0.0000 ssim=0.0351 mlw=73.0166]
epoch 9 step 1090  loss=0.033593  lr=3.40e-05  [rmse=0.0162 h1=0.0002 ssim=0.0721 mlw=67.6262]
epoch 9 step 1100  loss=0.033455  lr=3.37e-05  [rmse=0.0096 h1=0.0001 ssim=0.0404 mlw=60.9567]
epoch 9 step 1110  loss=0.033175  lr=3.34e-05  [rmse=0.0116 h1=0.0001 ssim=0.0386 mlw=78.6136]
epoch 9 step 1120  loss=0.033467  lr=3.31e-05  [rmse=0.0234 h1=0.0004 ssim=0.0539 mlw=65.8209]
INFO     [rank 0] Loss weights: rmse=1.0000, h1=50.0000,      vae_trainer.py:975
         ssim=0.1500, mlw=0.0001                                                
INFO     [rank 0] Epoch 9: train_loss=0.033793               vae_trainer.py:1014
         val_loss=0.032710  val_VRMSE=0.086017  lr=3.29e-05                     
INFO     [rank 0] Metrics updated: metrics/metrics.csv,      vae_trainer.py:1040
         metrics/loss_curves.png                                                
INFO     [rank 0] Training state saved:                      vae_trainer.py:1429
         checkpoints/vae_shockwave_last.state.pt                                
INFO     [rank 0] Epoch 9 timing: train=2773.2s eval=78.4s   vae_trainer.py:1074
         viz=0.0s ckpt=6.8s total=2859.0s                                       
epoch 10 step 1130  loss=0.026073  lr=3.28e-05  [rmse=0.0108 h1=0.0001 ssim=0.0424 mlw=70.5864]
epoch 10 step 1140  loss=0.029446  lr=3.24e-05  [rmse=0.0135 h1=0.0001 ssim=0.0477 mlw=56.1972]
epoch 10 step 1150  loss=0.030309  lr=3.21e-05  [rmse=0.0059 h1=0.0000 ssim=0.0231 mlw=67.8098]
epoch 10 step 1160  loss=0.030819  lr=3.18e-05  [rmse=0.0093 h1=0.0001 ssim=0.0603 mlw=77.4611]
epoch 10 step 1170  loss=0.031950  lr=3.15e-05  [rmse=0.0107 h1=0.0001 ssim=0.0294 mlw=76.8131]
epoch 10 step 1180  loss=0.031579  lr=3.11e-05  [rmse=0.0086 h1=0.0001 ssim=0.0338 mlw=65.1299]
epoch 10 step 1190  loss=0.030888  lr=3.08e-05  [rmse=0.0110 h1=0.0001 ssim=0.0452 mlw=57.7328]
epoch 10 step 1200  loss=0.030618  lr=3.05e-05  [rmse=0.0127 h1=0.0001 ssim=0.0382 mlw=66.7227]
epoch 10 step 1210  loss=0.030431  lr=3.02e-05  [rmse=0.0102 h1=0.0001 ssim=0.0365 mlw=61.5244]
epoch 10 step 1220  loss=0.030577  lr=2.98e-05  [rmse=0.0071 h1=0.0000 ssim=0.0240 mlw=68.0494]
epoch 10 step 1230  loss=0.030632  lr=2.95e-05  [rmse=0.0070 h1=0.0000 ssim=0.0285 mlw=70.0884]
epoch 10 step 1240  loss=0.030421  lr=2.92e-05  [rmse=0.0106 h1=0.0001 ssim=0.0401 mlw=57.7940]
epoch 10 step 1250  loss=0.030430  lr=2.88e-05  [rmse=0.0121 h1=0.0001 ssim=0.0404 mlw=59.9016]
INFO     [rank 0] Loss weights: rmse=1.0000, h1=50.0000,      vae_trainer.py:975
         ssim=0.1500, mlw=0.0001                                                
INFO     [rank 0] Epoch 10: train_loss=0.030430              vae_trainer.py:1014
         val_loss=0.031118  val_VRMSE=0.082367  lr=2.88e-05                     
INFO     [rank 0] Metrics updated: metrics/metrics.csv,      vae_trainer.py:1040
         metrics/loss_curves.png                                                
INFO     [rank 0] Training state saved:                      vae_trainer.py:1429
         checkpoints/vae_shockwave_last.state.pt                                
INFO     [rank 0] Epoch 10 timing: train=2770.0s eval=78.6s  vae_trainer.py:1074
         viz=0.0s ckpt=7.0s total=2856.1s                                       
epoch 11 step 1260  loss=0.031216  lr=2.85e-05  [rmse=0.0062 h1=0.0000 ssim=0.0227 mlw=83.6683]
epoch 11 step 1270  loss=0.031708  lr=2.82e-05  [rmse=0.0106 h1=0.0001 ssim=0.0313 mlw=63.4589]
epoch 11 step 1280  loss=0.030606  lr=2.78e-05  [rmse=0.0099 h1=0.0001 ssim=0.0405 mlw=81.7597]
epoch 11 step 1290  loss=0.030513  lr=2.75e-05  [rmse=0.0218 h1=0.0004 ssim=0.0594 mlw=79.3511]
epoch 11 step 1300  loss=0.029700  lr=2.72e-05  [rmse=0.0092 h1=0.0001 ssim=0.0329 mlw=71.1322]
epoch 11 step 1310  loss=0.029478  lr=2.68e-05  [rmse=0.0068 h1=0.0000 ssim=0.0305 mlw=59.3698]
epoch 11 step 1320  loss=0.029100  lr=2.65e-05  [rmse=0.0150 h1=0.0002 ssim=0.0578 mlw=63.6204]
epoch 11 step 1330  loss=0.029906  lr=2.62e-05  [rmse=0.0122 h1=0.0001 ssim=0.0502 mlw=56.3321]
epoch 11 step 1340  loss=0.030468  lr=2.58e-05  [rmse=0.0196 h1=0.0002 ssim=0.0451 mlw=90.5557]
epoch 11 step 1350  loss=0.030566  lr=2.55e-05  [rmse=0.0098 h1=0.0001 ssim=0.0405 mlw=63.7407]
epoch 11 step 1360  loss=0.030321  lr=2.52e-05  [rmse=0.0140 h1=0.0001 ssim=0.0575 mlw=66.2677]
epoch 11 step 1370  loss=0.030622  lr=2.48e-05  [rmse=0.0164 h1=0.0002 ssim=0.0525 mlw=57.4299]
INFO     [rank 0] Loss weights: rmse=1.0000, h1=50.0000,      vae_trainer.py:975
         ssim=0.1500, mlw=0.0001                                                
INFO     [rank 0] Epoch 11: train_loss=0.031014              vae_trainer.py:1014
         val_loss=0.031324  val_VRMSE=0.085076  lr=2.47e-05                     
INFO     [rank 0] Metrics updated: metrics/metrics.csv,      vae_trainer.py:1040
         metrics/loss_curves.png                                                
INFO     [rank 0] Training state saved:                      vae_trainer.py:1429
         checkpoints/vae_shockwave_last.state.pt                                
INFO     [rank 0] Epoch 11 timing: train=2773.6s eval=78.4s  vae_trainer.py:1074
         viz=0.0s ckpt=6.7s total=2859.3s                                       
epoch 12 step 1380  loss=0.026729  lr=2.45e-05  [rmse=0.0159 h1=0.0002 ssim=0.0593 mlw=70.4625]
epoch 12 step 1390  loss=0.029114  lr=2.42e-05  [rmse=0.0148 h1=0.0002 ssim=0.0520 mlw=60.0421]
epoch 12 step 1400  loss=0.027992  lr=2.38e-05  [rmse=0.0122 h1=0.0001 ssim=0.0332 mlw=78.3410]
epoch 12 step 1410  loss=0.031726  lr=2.35e-05  [rmse=0.0166 h1=0.0002 ssim=0.0385 mlw=88.5156]
epoch 12 step 1420  loss=0.032333  lr=2.32e-05  [rmse=0.0123 h1=0.0001 ssim=0.0551 mlw=54.6500]
epoch 12 step 1430  loss=0.032108  lr=2.28e-05  [rmse=0.0167 h1=0.0002 ssim=0.0549 mlw=53.9423]
epoch 12 step 1440  loss=0.032190  lr=2.25e-05  [rmse=0.0061 h1=0.0000 ssim=0.0241 mlw=79.4495]
epoch 12 step 1450  loss=0.031867  lr=2.22e-05  [rmse=0.0081 h1=0.0000 ssim=0.0353 mlw=71.2640]
epoch 12 step 1460  loss=0.031317  lr=2.18e-05  [rmse=0.0113 h1=0.0001 ssim=0.0390 mlw=69.8873]
epoch 12 step 1470  loss=0.031065  lr=2.15e-05  [rmse=0.0200 h1=0.0002 ssim=0.0378 mlw=94.4139]
epoch 12 step 1480  loss=0.031258  lr=2.12e-05  [rmse=0.0164 h1=0.0001 ssim=0.0335 mlw=82.9885]
epoch 12 step 1490  loss=0.030876  lr=2.08e-05  [rmse=0.0091 h1=0.0001 ssim=0.0301 mlw=70.6173]
epoch 12 step 1500  loss=0.030659  lr=2.05e-05  [rmse=0.0130 h1=0.0001 ssim=0.0356 mlw=56.9721]
INFO     [rank 0] Loss weights: rmse=1.0000, h1=50.0000,      vae_trainer.py:975
         ssim=0.1500, mlw=0.0001                                                
INFO     [rank 0] Epoch 12: train_loss=0.030659              vae_trainer.py:1014
         val_loss=0.028719  val_VRMSE=0.072853  lr=2.05e-05                     
INFO     [rank 0] Metrics updated: metrics/metrics.csv,      vae_trainer.py:1040
         metrics/loss_curves.png                                                
INFO     [rank 0] Saved 12 validation reconstruction PNGs    vae_trainer.py:1254
         for epoch 12                                                           
INFO     [rank 0] New best checkpoint (epoch 12,             vae_trainer.py:1353
         val_vrmse=0.072853):                                                   
         checkpoints/vae_shockwave_best.safetensors                             
INFO     [rank 0] Training state saved:                      vae_trainer.py:1429
         checkpoints/vae_shockwave_last.state.pt                                
INFO     [rank 0] Epoch 12 timing: train=2921.3s eval=79.2s  vae_trainer.py:1074
         viz=24.2s ckpt=7.9s total=3033.1s                                      
epoch 13 step 1510  loss=0.028052  lr=2.02e-05  [rmse=0.0107 h1=0.0001 ssim=0.0347 mlw=54.5359]
epoch 13 step 1520  loss=0.027476  lr=1.99e-05  [rmse=0.0067 h1=0.0000 ssim=0.0299 mlw=57.1996]
epoch 13 step 1530  loss=0.029336  lr=1.95e-05  [rmse=0.0132 h1=0.0002 ssim=0.0282 mlw=70.3410]
epoch 13 step 1540  loss=0.029314  lr=1.92e-05  [rmse=0.0054 h1=0.0000 ssim=0.0167 mlw=74.4352]
epoch 13 step 1550  loss=0.028692  lr=1.89e-05  [rmse=0.0081 h1=0.0001 ssim=0.0287 mlw=71.1471]
epoch 13 step 1560  loss=0.028324  lr=1.86e-05  [rmse=0.0169 h1=0.0002 ssim=0.0512 mlw=66.7401]
epoch 13 step 1570  loss=0.028788  lr=1.82e-05  [rmse=0.0124 h1=0.0001 ssim=0.0427 mlw=66.8105]
epoch 13 step 1580  loss=0.028579  lr=1.79e-05  [rmse=0.0052 h1=0.0000 ssim=0.0187 mlw=80.5590]
epoch 13 step 1590  loss=0.028257  lr=1.76e-05  [rmse=0.0070 h1=0.0000 ssim=0.0250 mlw=71.6110]
epoch 13 step 1600  loss=0.028582  lr=1.73e-05  [rmse=0.0177 h1=0.0002 ssim=0.0426 mlw=59.8386]
epoch 13 step 1610  loss=0.028603  lr=1.70e-05  [rmse=0.0080 h1=0.0001 ssim=0.0295 mlw=52.1601]
epoch 13 step 1620  loss=0.029170  lr=1.67e-05  [rmse=0.0117 h1=0.0001 ssim=0.0376 mlw=63.1771]
INFO     [rank 0] Loss weights: rmse=1.0000, h1=50.0000,      vae_trainer.py:975
         ssim=0.1500, mlw=0.0001                                                
INFO     [rank 0] Epoch 13: train_loss=0.029383              vae_trainer.py:1014
         val_loss=0.027136  val_VRMSE=0.067011  lr=1.65e-05                     
INFO     [rank 0] Metrics updated: metrics/metrics.csv,      vae_trainer.py:1040
         metrics/loss_curves.png                                                
INFO     [rank 0] New best checkpoint (epoch 13,             vae_trainer.py:1353
         val_vrmse=0.067011):                                                   
         checkpoints/vae_shockwave_best.safetensors                             
INFO     [rank 0] Training state saved:                      vae_trainer.py:1429
         checkpoints/vae_shockwave_last.state.pt                                
INFO     [rank 0] Epoch 13 timing: train=2775.3s eval=79.7s  vae_trainer.py:1074
         viz=0.0s ckpt=8.0s total=2863.6s                                       
epoch 14 step 1630  loss=0.036066  lr=1.64e-05  [rmse=0.0102 h1=0.0001 ssim=0.0381 mlw=50.8252]
epoch 14 step 1640  loss=0.030335  lr=1.60e-05  [rmse=0.0084 h1=0.0001 ssim=0.0380 mlw=52.4850]
epoch 14 step 1650  loss=0.028708  lr=1.57e-05  [rmse=0.0101 h1=0.0001 ssim=0.0374 mlw=54.9580]
epoch 14 step 1660  loss=0.028553  lr=1.54e-05  [rmse=0.0123 h1=0.0002 ssim=0.0254 mlw=98.7410]
epoch 14 step 1670  loss=0.028135  lr=1.51e-05  [rmse=0.0108 h1=0.0001 ssim=0.0304 mlw=58.2080]
epoch 14 step 1680  loss=0.028754  lr=1.48e-05  [rmse=0.0036 h1=0.0000 ssim=0.0146 mlw=96.6516]
epoch 14 step 1690  loss=0.028078  lr=1.45e-05  [rmse=0.0105 h1=0.0001 ssim=0.0270 mlw=67.5946]
epoch 14 step 1700  loss=0.028134  lr=1.42e-05  [rmse=0.0136 h1=0.0002 ssim=0.0335 mlw=77.9235]
epoch 14 step 1710  loss=0.027623  lr=1.39e-05  [rmse=0.0131 h1=0.0002 ssim=0.0435 mlw=59.1494]
epoch 14 step 1720  loss=0.027740  lr=1.36e-05  [rmse=0.0048 h1=0.0000 ssim=0.0147 mlw=82.9515]
epoch 14 step 1730  loss=0.027868  lr=1.33e-05  [rmse=0.0086 h1=0.0001 ssim=0.0329 mlw=62.5952]
epoch 14 step 1740  loss=0.027931  lr=1.31e-05  [rmse=0.0146 h1=0.0002 ssim=0.0518 mlw=50.5730]
epoch 14 step 1750  loss=0.028114  lr=1.28e-05  [rmse=0.0096 h1=0.0001 ssim=0.0349 mlw=61.0530]
INFO     [rank 0] Loss weights: rmse=1.0000, h1=50.0000,      vae_trainer.py:975
         ssim=0.1500, mlw=0.0001                                                
INFO     [rank 0] Epoch 14: train_loss=0.028114              vae_trainer.py:1014
         val_loss=0.026472  val_VRMSE=0.065068  lr=1.28e-05                     
INFO     [rank 0] Metrics updated: metrics/metrics.csv,      vae_trainer.py:1040
         metrics/loss_curves.png                                                
INFO     [rank 0] New best checkpoint (epoch 14,             vae_trainer.py:1353
         val_vrmse=0.065068):                                                   
         checkpoints/vae_shockwave_best.safetensors                             
INFO     [rank 0] Training state saved:                      vae_trainer.py:1429
         checkpoints/vae_shockwave_last.state.pt                                
INFO     [rank 0] Epoch 14 timing: train=2773.8s eval=79.7s  vae_trainer.py:1074
         viz=0.0s ckpt=7.9s total=2862.0s                                       
epoch 15 step 1760  loss=0.026825  lr=1.25e-05  [rmse=0.0091 h1=0.0001 ssim=0.0351 mlw=68.4832]
epoch 15 step 1770  loss=0.026109  lr=1.22e-05  [rmse=0.0085 h1=0.0001 ssim=0.0299 mlw=60.1501]
epoch 15 step 1780  loss=0.026547  lr=1.19e-05  [rmse=0.0131 h1=0.0002 ssim=0.0450 mlw=53.7141]
epoch 15 step 1790  loss=0.027081  lr=1.16e-05  [rmse=0.0230 h1=0.0004 ssim=0.0614 mlw=56.4452]
epoch 15 step 1800  loss=0.026956  lr=1.14e-05  [rmse=0.0068 h1=0.0000 ssim=0.0262 mlw=67.2677]
epoch 15 step 1810  loss=0.027382  lr=1.11e-05  [rmse=0.0113 h1=0.0001 ssim=0.0317 mlw=67.8297]
epoch 15 step 1820  loss=0.026868  lr=1.08e-05  [rmse=0.0055 h1=0.0000 ssim=0.0231 mlw=72.7564]
epoch 15 step 1830  loss=0.026974  lr=1.06e-05  [rmse=0.0177 h1=0.0002 ssim=0.0430 mlw=69.3421]
epoch 15 step 1840  loss=0.027419  lr=1.03e-05  [rmse=0.0112 h1=0.0001 ssim=0.0285 mlw=70.5299]
epoch 15 step 1850  loss=0.027764  lr=1.00e-05  [rmse=0.0150 h1=0.0002 ssim=0.0436 mlw=78.6206]
epoch 15 step 1860  loss=0.027706  lr=9.78e-06  [rmse=0.0079 h1=0.0001 ssim=0.0315 mlw=54.0012]
epoch 15 step 1870  loss=0.027494  lr=9.52e-06  [rmse=0.0079 h1=0.0001 ssim=0.0210 mlw=60.4959]
INFO     [rank 0] Loss weights: rmse=1.0000, h1=50.0000,      vae_trainer.py:975
         ssim=0.1500, mlw=0.0001                                                
INFO     [rank 0] Epoch 15: train_loss=0.027521              vae_trainer.py:1014
         val_loss=0.026133  val_VRMSE=0.064205  lr=9.40e-06                     
INFO     [rank 0] Metrics updated: metrics/metrics.csv,      vae_trainer.py:1040
         metrics/loss_curves.png                                                
INFO     [rank 0] New best checkpoint (epoch 15,             vae_trainer.py:1353
         val_vrmse=0.064205):                                                   
         checkpoints/vae_shockwave_best.safetensors                             
INFO     [rank 0] Training state saved:                      vae_trainer.py:1429
         checkpoints/vae_shockwave_last.state.pt                                
INFO     [rank 0] Epoch 15 timing: train=2772.7s eval=78.7s  vae_trainer.py:1074
         viz=0.0s ckpt=8.3s total=2860.3s                                       
epoch 16 step 1880  loss=0.026373  lr=9.27e-06  [rmse=0.0102 h1=0.0001 ssim=0.0333 mlw=51.6070]
epoch 16 step 1890  loss=0.028113  lr=9.02e-06  [rmse=0.0088 h1=0.0001 ssim=0.0245 mlw=66.7884]
epoch 16 step 1900  loss=0.027354  lr=8.78e-06  [rmse=0.0036 h1=0.0000 ssim=0.0140 mlw=90.0961]
epoch 16 step 1910  loss=0.027262  lr=8.53e-06  [rmse=0.0085 h1=0.0001 ssim=0.0297 mlw=51.9741]
epoch 16 step 1920  loss=0.026840  lr=8.29e-06  [rmse=0.0102 h1=0.0001 ssim=0.0292 mlw=75.6284]
epoch 16 step 1930  loss=0.026560  lr=8.06e-06  [rmse=0.0141 h1=0.0002 ssim=0.0373 mlw=60.2076]
epoch 16 step 1940  loss=0.027499  lr=7.82e-06  [rmse=0.0107 h1=0.0001 ssim=0.0403 mlw=53.8771]
epoch 16 step 1950  loss=0.027265  lr=7.59e-06  [rmse=0.0030 h1=0.0000 ssim=0.0153 mlw=75.0968]
epoch 16 step 1960  loss=0.027582  lr=7.37e-06  [rmse=0.0080 h1=0.0001 ssim=0.0264 mlw=64.9946]
epoch 16 step 1970  loss=0.027994  lr=7.14e-06  [rmse=0.0113 h1=0.0001 ssim=0.0431 mlw=55.9766]
epoch 16 step 1980  loss=0.027738  lr=6.92e-06  [rmse=0.0126 h1=0.0001 ssim=0.0348 mlw=60.4425]
epoch 16 step 1990  loss=0.027784  lr=6.71e-06  [rmse=0.0085 h1=0.0001 ssim=0.0301 mlw=70.5180]
epoch 16 step 2000  loss=0.027936  lr=6.50e-06  [rmse=0.0039 h1=0.0000 ssim=0.0189 mlw=85.9355]
INFO     [rank 0] Loss weights: rmse=1.0000, h1=50.0000,      vae_trainer.py:975
         ssim=0.1500, mlw=0.0001                                                
INFO     [rank 0] Epoch 16: train_loss=0.027936              vae_trainer.py:1014
         val_loss=0.026156  val_VRMSE=0.064021  lr=6.50e-06                     
INFO     [rank 0] Metrics updated: metrics/metrics.csv,      vae_trainer.py:1040
         metrics/loss_curves.png                                                
INFO     [rank 0] Saved 12 validation reconstruction PNGs    vae_trainer.py:1254
         for epoch 16                                                           
INFO     [rank 0] New best checkpoint (epoch 16,             vae_trainer.py:1353
         val_vrmse=0.064021):                                                   
         checkpoints/vae_shockwave_best.safetensors                             
INFO     [rank 0] Training state saved:                      vae_trainer.py:1429
         checkpoints/vae_shockwave_last.state.pt                                
INFO     [rank 0] Epoch 16 timing: train=2773.8s eval=78.7s  vae_trainer.py:1074
         viz=23.5s ckpt=8.0s total=2884.5s                                      
epoch 17 step 2010  loss=0.027826  lr=6.29e-06  [rmse=0.0077 h1=0.0001 ssim=0.0264 mlw=57.7244]
epoch 17 step 2020  loss=0.025495  lr=6.08e-06  [rmse=0.0092 h1=0.0001 ssim=0.0234 mlw=56.3515]
epoch 17 step 2030  loss=0.026342  lr=5.88e-06  [rmse=0.0142 h1=0.0002 ssim=0.0477 mlw=53.9503]
epoch 17 step 2040  loss=0.027542  lr=5.68e-06  [rmse=0.0154 h1=0.0002 ssim=0.0467 mlw=54.4627]
epoch 17 step 2050  loss=0.026944  lr=5.48e-06  [rmse=0.0096 h1=0.0001 ssim=0.0279 mlw=69.6443]
epoch 17 step 2060  loss=0.026690  lr=5.29e-06  [rmse=0.0055 h1=0.0000 ssim=0.0172 mlw=74.9076]
epoch 17 step 2070  loss=0.027232  lr=5.11e-06  [rmse=0.0088 h1=0.0001 ssim=0.0410 mlw=67.7045]
epoch 17 step 2080  loss=0.027539  lr=4.92e-06  [rmse=0.0142 h1=0.0002 ssim=0.0252 mlw=68.3228]
epoch 17 step 2090  loss=0.027506  lr=4.74e-06  [rmse=0.0074 h1=0.0001 ssim=0.0249 mlw=56.1153]
epoch 17 step 2100  loss=0.027550  lr=4.57e-06  [rmse=0.0113 h1=0.0001 ssim=0.0365 mlw=65.0533]
epoch 17 step 2110  loss=0.027741  lr=4.39e-06  [rmse=0.0093 h1=0.0001 ssim=0.0245 mlw=74.4985]
epoch 17 step 2120  loss=0.027610  lr=4.23e-06  [rmse=0.0157 h1=0.0002 ssim=0.0493 mlw=64.1415]
INFO     [rank 0] Loss weights: rmse=1.0000, h1=50.0000,      vae_trainer.py:975
         ssim=0.1500, mlw=0.0001                                                
INFO     [rank 0] Epoch 17: train_loss=0.027548              vae_trainer.py:1014
         val_loss=0.025814  val_VRMSE=0.063435  lr=4.14e-06                     
INFO     [rank 0] Metrics updated: metrics/metrics.csv,      vae_trainer.py:1040
         metrics/loss_curves.png                                                
INFO     [rank 0] New best checkpoint (epoch 17,             vae_trainer.py:1353
         val_vrmse=0.063435):                                                   
         checkpoints/vae_shockwave_best.safetensors                             
INFO     [rank 0] Training state saved:                      vae_trainer.py:1429
         checkpoints/vae_shockwave_last.state.pt                                
INFO     [rank 0] Epoch 17 timing: train=2773.9s eval=78.4s  vae_trainer.py:1074
         viz=0.0s ckpt=8.4s total=2861.2s                                       
epoch 18 step 2130  loss=0.028876  lr=4.06e-06  [rmse=0.0135 h1=0.0002 ssim=0.0472 mlw=56.1164]
epoch 18 step 2140  loss=0.027236  lr=3.90e-06  [rmse=0.0073 h1=0.0000 ssim=0.0227 mlw=78.9523]
epoch 18 step 2150  loss=0.027544  lr=3.75e-06  [rmse=0.0053 h1=0.0000 ssim=0.0194 mlw=85.6678]
epoch 18 step 2160  loss=0.027700  lr=3.59e-06  [rmse=0.0078 h1=0.0001 ssim=0.0251 mlw=72.1580]
epoch 18 step 2170  loss=0.027131  lr=3.45e-06  [rmse=0.0137 h1=0.0002 ssim=0.0300 mlw=74.0528]
epoch 18 step 2180  loss=0.026424  lr=3.30e-06  [rmse=0.0071 h1=0.0000 ssim=0.0287 mlw=56.1976]
epoch 18 step 2190  loss=0.026171  lr=3.16e-06  [rmse=0.0163 h1=0.0002 ssim=0.0378 mlw=53.2873]
epoch 18 step 2200  loss=0.027511  lr=3.03e-06  [rmse=0.0078 h1=0.0001 ssim=0.0215 mlw=81.9590]
epoch 18 step 2210  loss=0.027326  lr=2.90e-06  [rmse=0.0119 h1=0.0001 ssim=0.0295 mlw=69.7252]
epoch 18 step 2220  loss=0.027432  lr=2.77e-06  [rmse=0.0108 h1=0.0001 ssim=0.0231 mlw=72.4967]
epoch 18 step 2230  loss=0.027632  lr=2.65e-06  [rmse=0.0097 h1=0.0001 ssim=0.0299 mlw=69.6406]
epoch 18 step 2240  loss=0.027951  lr=2.53e-06  [rmse=0.0131 h1=0.0002 ssim=0.0296 mlw=83.9886]
epoch 18 step 2250  loss=0.027738  lr=2.41e-06  [rmse=0.0087 h1=0.0001 ssim=0.0285 mlw=77.0499]
INFO     [rank 0] Loss weights: rmse=1.0000, h1=50.0000,      vae_trainer.py:975
         ssim=0.1500, mlw=0.0001                                                
INFO     [rank 0] Epoch 18: train_loss=0.027738              vae_trainer.py:1014
         val_loss=0.025686  val_VRMSE=0.062980  lr=2.41e-06                     
INFO     [rank 0] Metrics updated: metrics/metrics.csv,      vae_trainer.py:1040
         metrics/loss_curves.png                                                
INFO     [rank 0] New best checkpoint (epoch 18,             vae_trainer.py:1353
         val_vrmse=0.062980):                                                   
         checkpoints/vae_shockwave_best.safetensors                             
INFO     [rank 0] Training state saved:                      vae_trainer.py:1429
         checkpoints/vae_shockwave_last.state.pt                                
INFO     [rank 0] Epoch 18 timing: train=2771.3s eval=78.3s  vae_trainer.py:1074
         viz=0.0s ckpt=8.2s total=2858.3s                                       
epoch 19 step 2260  loss=0.027084  lr=2.30e-06  [rmse=0.0142 h1=0.0002 ssim=0.0489 mlw=59.9740]
epoch 19 step 2270  loss=0.026311  lr=2.20e-06  [rmse=0.0119 h1=0.0001 ssim=0.0226 mlw=75.4962]
epoch 19 step 2280  loss=0.026453  lr=2.10e-06  [rmse=0.0107 h1=0.0001 ssim=0.0264 mlw=71.9038]
epoch 19 step 2290  loss=0.026166  lr=2.00e-06  [rmse=0.0084 h1=0.0001 ssim=0.0325 mlw=58.0075]
epoch 19 step 2300  loss=0.026374  lr=1.91e-06  [rmse=0.0117 h1=0.0001 ssim=0.0304 mlw=62.7822]
epoch 19 step 2310  loss=0.025902  lr=1.82e-06  [rmse=0.0130 h1=0.0002 ssim=0.0426 mlw=50.4125]
epoch 19 step 2320  loss=0.026606  lr=1.74e-06  [rmse=0.0208 h1=0.0003 ssim=0.0463 mlw=63.1846]
epoch 19 step 2330  loss=0.026823  lr=1.66e-06  [rmse=0.0099 h1=0.0001 ssim=0.0266 mlw=79.1578]
epoch 19 step 2340  loss=0.026893  lr=1.58e-06  [rmse=0.0075 h1=0.0000 ssim=0.0239 mlw=63.9813]
epoch 19 step 2350  loss=0.026755  lr=1.51e-06  [rmse=0.0089 h1=0.0001 ssim=0.0309 mlw=60.1146]
epoch 19 step 2360  loss=0.026714  lr=1.45e-06  [rmse=0.0130 h1=0.0001 ssim=0.0329 mlw=59.7723]
epoch 19 step 2370  loss=0.026764  lr=1.39e-06  [rmse=0.0176 h1=0.0002 ssim=0.0324 mlw=74.4490]
INFO     [rank 0] Loss weights: rmse=1.0000, h1=50.0000,      vae_trainer.py:975
         ssim=0.1500, mlw=0.0001                                                
INFO     [rank 0] Epoch 19: train_loss=0.026873              vae_trainer.py:1014
         val_loss=0.025600  val_VRMSE=0.062868  lr=1.36e-06                     
INFO     [rank 0] Metrics updated: metrics/metrics.csv,      vae_trainer.py:1040
         metrics/loss_curves.png                                                
INFO     [rank 0] New best checkpoint (epoch 19,             vae_trainer.py:1353
         val_vrmse=0.062868):                                                   
         checkpoints/vae_shockwave_best.safetensors                             
INFO     [rank 0] Training state saved:                      vae_trainer.py:1429
         checkpoints/vae_shockwave_last.state.pt                                
INFO     [rank 0] Epoch 19 timing: train=2773.1s eval=78.3s  vae_trainer.py:1074
         viz=0.0s ckpt=7.9s total=2859.8s                                       
epoch 20 step 2380  loss=0.022630  lr=1.33e-06  [rmse=0.0065 h1=0.0000 ssim=0.0282 mlw=72.0812]
epoch 20 step 2390  loss=0.025721  lr=1.28e-06  [rmse=0.0060 h1=0.0000 ssim=0.0230 mlw=75.3251]
epoch 20 step 2400  loss=0.027441  lr=1.23e-06  [rmse=0.0145 h1=0.0002 ssim=0.0492 mlw=52.0166]
epoch 20 step 2410  loss=0.027133  lr=1.18e-06  [rmse=0.0060 h1=0.0000 ssim=0.0243 mlw=68.0984]
epoch 20 step 2420  loss=0.028422  lr=1.15e-06  [rmse=0.0158 h1=0.0002 ssim=0.0411 mlw=53.6070]
epoch 20 step 2430  loss=0.027845  lr=1.11e-06  [rmse=0.0139 h1=0.0002 ssim=0.0505 mlw=49.5333]
epoch 20 step 2440  loss=0.027698  lr=1.08e-06  [rmse=0.0066 h1=0.0000 ssim=0.0213 mlw=60.7365]
epoch 20 step 2450  loss=0.027625  lr=1.06e-06  [rmse=0.0151 h1=0.0002 ssim=0.0318 mlw=64.4940]
epoch 20 step 2460  loss=0.027595  lr=1.04e-06  [rmse=0.0058 h1=0.0000 ssim=0.0242 mlw=65.4002]
epoch 20 step 2470  loss=0.027609  lr=1.02e-06  [rmse=0.0118 h1=0.0001 ssim=0.0244 mlw=69.1177]
epoch 20 step 2480  loss=0.027745  lr=1.01e-06  [rmse=0.0113 h1=0.0001 ssim=0.0296 mlw=68.2707]
epoch 20 step 2490  loss=0.028183  lr=1.00e-06  [rmse=0.0070 h1=0.0000 ssim=0.0197 mlw=76.0118]
epoch 20 step 2500  loss=0.028004  lr=1.00e-06  [rmse=0.0068 h1=0.0001 ssim=0.0235 mlw=55.5463]
INFO     [rank 0] Loss weights: rmse=1.0000, h1=50.0000,      vae_trainer.py:975
         ssim=0.1500, mlw=0.0001                                                
INFO     [rank 0] Epoch 20: train_loss=0.028004              vae_trainer.py:1014
         val_loss=0.025599  val_VRMSE=0.062783  lr=1.00e-06                     
INFO     [rank 0] Metrics updated: metrics/metrics.csv,      vae_trainer.py:1040
         metrics/loss_curves.png                                                
INFO     [rank 0] Saved 12 validation reconstruction PNGs    vae_trainer.py:1254
         for epoch 20                                                           
INFO     [rank 0] New best checkpoint (epoch 20,             vae_trainer.py:1353
         val_vrmse=0.062783):                                                   
         checkpoints/vae_shockwave_best.safetensors                             
INFO     [rank 0] Training state saved:                      vae_trainer.py:1429
         checkpoints/vae_shockwave_last.state.pt                                
INFO     [rank 0] Epoch 20 timing: train=2771.5s eval=78.6s  vae_trainer.py:1074
         viz=23.2s ckpt=8.2s total=2882.2s                                      
╭──────────────────────────────────────────────────────────────────────────────╮
╰──────────────────────────────────────────────────────────────────────────────╯INFO     [rank 0] Training state saved:                      vae_trainer.py:1429
         checkpoints/vae_shockwave_last.state.pt                                
INFO     [rank 0] Best epoch: 20 (val_vrmse=0.062783)        vae_trainer.py:1092
INFO     [rank 0] Run finished: removed                      vae_trainer.py:1110
         ['vae_shockwave_last.safetensors',                                     
         'vae_shockwave_last.state.pt'] (kept only                              
         vae_shockwave_best.safetensors)                                        

Training complete. Checkpoint: 
/hppfs/scratch/0D/go76fuz2/windinet/finetune_vae_outputs_sng_pvc/finetune_vae_ch
6_loss_full_mlw_256res/checkpoints/vae_shockwave_best.safetensors
Mirrored (excl. checkpoints/) to finetune_vae_outputs/sng_pvc/finetune_vae_ch6_loss_full_mlw_256res
END TIME: Thu 24 Sep 2026 06:47:00 AM CEST
end_time=2026-09-24T06:47:00+02:00 elapsed=58132s
