START TIME: Thu 24 Sep 2026 07:32:05 PM CEST
job=545280 node=i20r01c03s08
start_time=2026-09-24T19:32:05+02:00
+-----------+--------------------------------------------------------------------------------------+
| Device ID | Device Information                                                                   |
+-----------+--------------------------------------------------------------------------------------+
| 0         | Device Name: Intel(R) Data Center GPU Max 1550                                       |
|           | Vendor Name: Intel(R) Corporation                                                    |
|           | SOC UUID: 00000000-0000-003a-0000-002f0bd58086                                       |
|           | PCI BDF Address: 0000:3a:00.0                                                        |
|           | DRM Device: /dev/dri/card0                                                           |
|           | Function Type: physical                                                              |
+-----------+--------------------------------------------------------------------------------------+
| 1         | Device Name: Intel(R) Data Center GPU Max 1550                                       |
|           | Vendor Name: Intel(R) Corporation                                                    |
|           | SOC UUID: 00000000-0000-004b-0000-002f0bd58086                                       |
|           | PCI BDF Address: 0000:4b:00.0                                                        |
|           | DRM Device: /dev/dri/card1                                                           |
|           | Function Type: physical                                                              |
+-----------+--------------------------------------------------------------------------------------+
| 2         | Device Name: Intel(R) Data Center GPU Max 1550                                       |
|           | Vendor Name: Intel(R) Corporation                                                    |
|           | SOC UUID: 00000000-0000-00ca-0000-002f0bd58086                                       |
|           | PCI BDF Address: 0000:ca:00.0                                                        |
|           | DRM Device: /dev/dri/card2                                                           |
|           | Function Type: physical                                                              |
+-----------+--------------------------------------------------------------------------------------+
| 3         | Device Name: Intel(R) Data Center GPU Max 1550                                       |
|           | Vendor Name: Intel(R) Corporation                                                    |
|           | SOC UUID: 00000000-0000-00da-0000-002f0bd58086                                       |
|           | PCI BDF Address: 0000:da:00.0                                                        |
|           | DRM Device: /dev/dri/card3                                                           |
|           | Function Type: physical                                                              |
+-----------+--------------------------------------------------------------------------------------+
MASTER_ADDR: i20r01c03s08  MASTER_PORT: 51471
8 XPU tiles x batch_size 4 x accum 1 -> effective batch 32; output_dir /hppfs/scratch/0D/go76fuz2/windinet/finetune_vae_outputs_sng_pvc/finetune_vae_ch6_color_adapter_nossim_256res
INFO     [rank 2] Failed to extract font properties from    font_manager.py:1107
         /usr/share/fonts/truetype/Cantarell-VF.otf: Can                        
         not load face (SFNT font table missing; error code                     
         0x8e)                                                                  
INFO     [rank 0] Failed to extract font properties from    font_manager.py:1107
         /usr/share/fonts/truetype/Cantarell-VF.otf: Can                        
         not load face (SFNT font table missing; error code                     
         0x8e)                                                                  
INFO     [rank 4] Failed to extract font properties from    font_manager.py:1107
         /usr/share/fonts/truetype/Cantarell-VF.otf: Can                        
         not load face (SFNT font table missing; error code                     
         0x8e)                                                                  
INFO     [rank 5] Failed to extract font properties from    font_manager.py:1107
         /usr/share/fonts/truetype/Cantarell-VF.otf: Can                        
         not load face (SFNT font table missing; error code                     
         0x8e)                                                                  
INFO     [rank 1] Failed to extract font properties from    font_manager.py:1107
         /usr/share/fonts/truetype/Cantarell-VF.otf: Can                        
         not load face (SFNT font table missing; error code                     
         0x8e)                                                                  
INFO     [rank 6] Failed to extract font properties from    font_manager.py:1107
         /usr/share/fonts/truetype/Cantarell-VF.otf: Can                        
         not load face (SFNT font table missing; error code                     
         0x8e)                                                                  
INFO     [rank 7] Failed to extract font properties from    font_manager.py:1107
         /usr/share/fonts/truetype/Cantarell-VF.otf: Can                        
         not load face (SFNT font table missing; error code                     
         0x8e)                                                                  
INFO     [rank 2] generated new fontManager                 font_manager.py:1639
INFO     [rank 3] Failed to extract font properties from    font_manager.py:1107
         /usr/share/fonts/truetype/Cantarell-VF.otf: Can                        
         not load face (SFNT font table missing; error code                     
         0x8e)                                                                  
INFO     [rank 0] generated new fontManager                 font_manager.py:1639
INFO     [rank 4] generated new fontManager                 font_manager.py:1639
INFO     [rank 3] generated new fontManager                 font_manager.py:1639
INFO     [rank 1] generated new fontManager                 font_manager.py:1639
INFO     [rank 6] generated new fontManager                 font_manager.py:1639
INFO     [rank 5] generated new fontManager                 font_manager.py:1639
INFO     [rank 7] generated new fontManager                 font_manager.py:1639
                          VAE Finetuning Configuration                          
┏━━━━━━━━━━━━━━━━━━━━━━━━━━━━━━━━━━━━━━━┳━━━━━━━━━━━━━━━━━━━━━━━━━━━━━━━━━━━━━━┓
┃ Parameter                             ┃ Value                                ┃
┡━━━━━━━━━━━━━━━━━━━━━━━━━━━━━━━━━━━━━━━╇━━━━━━━━━━━━━━━━━━━━━━━━━━━━━━━━━━━━━━┩
│ model.model_source                    │ LTXV_2B_0.9.6_DEV                    │
│ model.load_checkpoint                 │ None                                 │
│ adapter.enabled                       │ True                                 │
│ adapter.checkpoint                    │ None                                 │
│ adapter.channels                      │ ['density', 'momentum_x',            │
│                                       │ 'momentum_y', 'pressure']            │
│ adapter.mode                          │ adapter                              │
│ adapter.inflate_init                  │ zeros                                │
│ adapter.inflate_copy_channel          │ None                                 │
│ adapter.freeze_conv_in                │ False                                │
│ adapter.unfreeze_encoder_trunk        │ True                                 │
│ adapter.hidden_channels               │ 32                                   │
│ adapter.activation                    │ gelu                                 │
│ adapter.identity_init                 │ True                                 │
│ adapter.default_temb                  │ 0.0                                  │
│ data.data_root                        │ /hppfs/scratch/0D/go76fuz2/windinet… │
│ data.eval_sims                        │ 500                                  │
│ data.num_dataloader_workers           │ 4                                    │
│ data.num_sim_frames                   │ None                                 │
│ data.overfit_sims                     │ None                                 │
│ data.overfit_repeat                   │ 1                                    │
│ data.channel_mean                     │ [0.9050976477108856,                 │
│                                       │ 0.004045365949982484,                │
│                                       │ -0.0019089379638760548, 0.9          │
│ data.channel_std                      │ [0.6618199912434938,                 │
│                                       │ 0.5335233432828087,                  │
│                                       │ 0.5268940723644505, 0.8053303        │
│ data.normalization_stats_file         │ None                                 │
│ data.normalization_clip               │ 5.0                                  │
│ data.channel_order                    │ ['density', 'momentum_x',            │
│                                       │ 'momentum_y', 'pressure']            │
│ data.log_transform_channels           │ []                                   │
│ optimization.learning_rate            │ 5e-05                                │
│ optimization.min_learning_rate        │ 1e-06                                │
│ optimization.scheduler_type           │ cosine                               │
│ optimization.stable_fraction          │ 0.7                                  │
│ optimization.stable_end_epoch         │ None                                 │
│ optimization.plateau_factor           │ 0.5                                  │
│ optimization.plateau_patience         │ 3                                    │
│ optimization.plateau_threshold        │ 0.0001                               │
│ optimization.epochs                   │ 20                                   │
│ optimization.batch_size               │ 4                                    │
│ optimization.gradient_accumulation_s… │ 1                                    │
│ optimization.max_grad_norm            │ 5.0                                  │
│ optimization.weight_decay             │ 0.0                                  │
│ optimization.warmup_steps             │ 200                                  │
│ optimization.warmup_start_factor      │ 0.01                                 │
│ optimization.enable_gradient_checkpo… │ True                                 │
│ loss.wavelet                          │ db2                                  │
│ loss.spatial_level                    │ 2                                    │
│ loss.temporal_level                   │ 2                                    │
│ loss.mlw_beta                         │ 10.0                                 │
│ loss.mlw_eps                          │ 1e-06                                │
│ loss_weighting.strategy               │ fixed                                │
│ loss_weighting.weights                │ {'rmse': 1.0, 'h1': 50.0, 'ssim':    │
│                                       │ 0.0, 'mlw': 0.0}                     │
│ loss_weighting.loss_names             │ ['rmse', 'h1', 'ssim', 'mlw']        │
│ loss_weighting.alpha                  │ 1.5                                  │
│ loss_weighting.weight_lr              │ 0.025                                │
│ loss_weighting.temperature            │ 0.1                                  │
│ sds.enabled                           │ False                                │
│ sds.model_source                      │ LTXV_13B_097_DEV                     │
│ sds.dit_checkpoint                    │ None                                 │
│ sds.untrained_dit                     │ False                                │
│ sds.scalar_conditioning.enabled       │ True                                 │
│ sds.scalar_conditioning.scalar_names  │ ['gamma']                            │
│ sds.scalar_conditioning.scalar_ranges │ {'gamma': (1.0, 2.0)}                │
│ sds.scalar_conditioning.embedding_dim │ 4096                                 │
│ sds.scalar_conditioning.num_tokens_p… │ 4                                    │
│ sds.scalar_conditioning.fourier_feat… │ 64                                   │
│ sds.scalar_conditioning.mlp_hidden_d… │ 256                                  │
│ sds.scalar_conditioning.dropout       │ 0.1                                  │
│ sds.timestep_sampling_mode            │ shifted_logit_normal                 │
│ sds.timestep_sampling_params          │ {}                                   │
│ visualization.enabled                 │ True                                 │
│ visualization.interval_epochs         │ 4                                    │
│ visualization.num_samples             │ 3                                    │
│ visualization.frame_numbers           │ [25, 50, 75, 100]                    │
│ visualization.dpi                     │ 150                                  │
│ acceleration.mixed_precision_mode     │ bf16                                 │
│ acceleration.compile_with_inductor    │ False                                │
│ acceleration.compilation_mode         │ reduce-overhead                      │
│ checkpoints.interval                  │ 1                                    │
│ checkpoints.keep_last_n               │ 1                                    │
│ checkpoints.save_best_only            │ True                                 │
│ checkpoints.best_metric               │ val_vrmse                            │
│ checkpoints.save_last_state           │ True                                 │
│ checkpoints.save_epochs               │ []                                   │
│ wandb.enabled                         │ False                                │
│ wandb.project                         │ windinet                             │
│ wandb.entity                          │ None                                 │
│ wandb.tags                            │ ['vae', 'adapter', 'identity-init',  │
│                                       │ 'cosine', '20ep', 'shockwave-cfd',   │
│ seed                                  │ 42                                   │
│ output_dir                            │ /hppfs/scratch/0D/go76fuz2/windinet… │
│ clean_output_dir                      │ True                                 │
│ resume_from                           │ None                                 │
│ resume_weights_only                   │ False                                │
└───────────────────────────────────────┴──────────────────────────────────────┘
INFO     [rank 0] Distributed training: 8 processes          vae_trainer.py:1484
[windinet] channels=['density', 'momentum_x', 'momentum_y', 'pressure'], n=4, k=32, activation=gelu
[windinet] channels=['density', 'momentum_x', 'momentum_y', 'pressure'], n=4, k=32, activation=gelu
[windinet] channels=['density', 'momentum_x', 'momentum_y', 'pressure'], n=4, k=32, activation=gelu[windinet] channels=['density', 'momentum_x', 'momentum_y', 'pressure'], n=4, k=32, activation=gelu
[windinet] channels=['density', 'momentum_x', 'momentum_y', 'pressure'], n=4, k=32, activation=gelu
[windinet] channels=['density', 'momentum_x', 'momentum_y', 'pressure'], n=4, k=32, activation=gelu
[windinet] channels=['density', 'momentum_x', 'momentum_y', 'pressure'], n=4, k=32, activation=gelu

[windinet] channels=['density', 'momentum_x', 'momentum_y', 'pressure'], n=4, k=32, activation=gelu
INFO     [rank 0] VAE adapters enabled: channels=['density',  vae_trainer.py:190
         'momentum_x', 'momentum_y', 'pressure'],                               
         hidden_channels=32, activation=gelu                                    
INFO     [rank 0] Encoder extra modules (down_blocks/tail)    vae_trainer.py:269
         FROZEN (mode='adapter')                                                
INFO     [rank 0] VAE gradient checkpointing enabled          vae_trainer.py:274
INFO     [rank 0] VAE loaded. Decoder params: 552,814,641     vae_trainer.py:280
INFO     [rank 0] Trainable parameters: encoder_conv_in=0,    vae_trainer.py:351
         encoder_extra=0, decoder=552,814,641,                                  
         in_adapter=259, out_adapter=260                                        
INFO     [rank 0] Dataset: 4000 train, 500 eval samples       vae_trainer.py:615
INFO     [rank 0] adapter LR = 5.00e-05 (== decoder LR)       vae_trainer.py:639
INFO     [rank 0] LR schedule 'cosine': 2500 steps (200       vae_trainer.py:741
         warmup, 0 stable, 2300 anneal), peak 5.00e-05 ->                       
         floor 1.00e-06                                                         
2026:09:24-19:43:09:121737 |CCL_WARN| value of CCL_ATL_TRANSPORT changed to be ofi (default:mpi)
2026:09:24-19:43:09:121737 |CCL_WARN| value of CCL_ALLREDUCE changed to be ring (default:)
2026:09:24-19:43:09:121737 |CCL_WARN| could not get local_idx/count from environment variables, trying to get them from ATL
2026:09:24-19:43:09:121738 |CCL_WARN| could not get local_idx/count from environment variables, trying to get them from ATL
2026:09:24-19:43:09:121739 |CCL_WARN| could not get local_idx/count from environment variables, trying to get them from ATL
2026:09:24-19:43:09:121740 |CCL_WARN| could not get local_idx/count from environment variables, trying to get them from ATL
2026:09:24-19:43:10:121741 |CCL_WARN| could not get local_idx/count from environment variables, trying to get them from ATL
2026:09:24-19:43:10:121742 |CCL_WARN| could not get local_idx/count from environment variables, trying to get them from ATL
2026:09:24-19:43:10:121743 |CCL_WARN| could not get local_idx/count from environment variables, trying to get them from ATL
2026:09:24-19:43:11:121744 |CCL_WARN| could not get local_idx/count from environment variables, trying to get them from ATL
INFO     [rank 0] Config saved:                              vae_trainer.py:1516
         /hppfs/scratch/0D/go76fuz2/windinet/finetune_vae_ou                    
         tputs_sng_pvc/finetune_vae_ch6_color_adapter_nossim                    
         _256res/training_config.yaml                                           
INFO     [rank 0] Starting VAE decoder finetuning...          vae_trainer.py:795
epoch 1 step 10  loss=0.103682  lr=2.98e-06  [rmse=0.0654 h1=0.0001 ssim=0.0076 mlw=0.0000]
epoch 1 step 20  loss=0.104067  lr=5.45e-06  [rmse=0.1405 h1=0.0001 ssim=0.0171 mlw=0.0000]
epoch 1 step 30  loss=0.092976  lr=7.93e-06  [rmse=0.0906 h1=0.0003 ssim=0.0204 mlw=0.0000]
epoch 1 step 40  loss=0.096254  lr=1.04e-05  [rmse=0.1657 h1=0.0004 ssim=0.0292 mlw=0.0000]
epoch 1 step 50  loss=0.089578  lr=1.29e-05  [rmse=0.0477 h1=0.0001 ssim=0.0075 mlw=0.0000]
epoch 1 step 60  loss=0.085858  lr=1.54e-05  [rmse=0.1125 h1=0.0001 ssim=0.0089 mlw=0.0000]
epoch 1 step 70  loss=0.084831  lr=1.78e-05  [rmse=0.1169 h1=0.0006 ssim=0.0399 mlw=0.0000]
epoch 1 step 80  loss=0.082714  lr=2.03e-05  [rmse=0.0404 h1=0.0001 ssim=0.0134 mlw=0.0000]
epoch 1 step 90  loss=0.083537  lr=2.28e-05  [rmse=0.0987 h1=0.0002 ssim=0.0234 mlw=0.0000]
epoch 1 step 100  loss=0.081238  lr=2.53e-05  [rmse=0.0449 h1=0.0001 ssim=0.0126 mlw=0.0000]
epoch 1 step 110  loss=0.081004  lr=2.77e-05  [rmse=0.0590 h1=0.0001 ssim=0.0102 mlw=0.0000]
epoch 1 step 120  loss=0.080683  lr=3.02e-05  [rmse=0.0924 h1=0.0002 ssim=0.0162 mlw=0.0000]
INFO     [rank 0] Loss weights: rmse=1.0000, h1=50.0000,      vae_trainer.py:975
         ssim=0.0000, mlw=0.0000                                                
INFO     [rank 0] Epoch 1: train_loss=0.081384               vae_trainer.py:1014
         val_loss=0.073162  val_VRMSE=0.469297                                  
         val_VRMSE_chmean=0.555094  lr=3.14e-05                                 
INFO     [rank 0] Metrics updated: metrics/metrics.csv,      vae_trainer.py:1041
         metrics/loss_curves.png                                                
INFO     [rank 0] New best checkpoint (epoch 1,              vae_trainer.py:1362
         val_vrmse=0.469297):                                                   
         checkpoints/vae_shockwave_best.safetensors                             
INFO     [rank 0] Training state saved:                      vae_trainer.py:1438
         checkpoints/vae_shockwave_last.state.pt                                
INFO     [rank 0] Epoch 1 timing: train=2269.0s eval=79.3s   vae_trainer.py:1076
         viz=0.0s ckpt=5.9s total=2355.4s                                       
epoch 2 step 130  loss=0.111334  lr=3.27e-05  [rmse=0.0725 h1=0.0001 ssim=0.0075 mlw=0.0000]
epoch 2 step 140  loss=0.103028  lr=3.52e-05  [rmse=0.2927 h1=0.0003 ssim=0.0330 mlw=0.0000]
epoch 2 step 150  loss=0.104762  lr=3.76e-05  [rmse=0.0699 h1=0.0002 ssim=0.0139 mlw=0.0000]
epoch 2 step 160  loss=0.094625  lr=4.01e-05  [rmse=0.0468 h1=0.0000 ssim=0.0061 mlw=0.0000]
epoch 2 step 170  loss=0.093031  lr=4.26e-05  [rmse=0.0385 h1=0.0001 ssim=0.0153 mlw=0.0000]
epoch 2 step 180  loss=0.097222  lr=4.51e-05  [rmse=0.0968 h1=0.0003 ssim=0.0213 mlw=0.0000]
epoch 2 step 190  loss=0.096346  lr=4.75e-05  [rmse=0.0560 h1=0.0001 ssim=0.0054 mlw=0.0000]
epoch 2 step 200  loss=0.094314  lr=5.00e-05  [rmse=0.0768 h1=0.0001 ssim=0.0147 mlw=0.0000]
epoch 2 step 210  loss=0.094199  lr=5.00e-05  [rmse=0.0534 h1=0.0000 ssim=0.0078 mlw=0.0000]
epoch 2 step 220  loss=0.093067  lr=5.00e-05  [rmse=0.0984 h1=0.0001 ssim=0.0141 mlw=0.0000]
epoch 2 step 230  loss=0.090772  lr=5.00e-05  [rmse=0.0528 h1=0.0001 ssim=0.0081 mlw=0.0000]
epoch 2 step 240  loss=0.090470  lr=5.00e-05  [rmse=0.1379 h1=0.0001 ssim=0.0147 mlw=0.0000]
epoch 2 step 250  loss=0.091125  lr=4.99e-05  [rmse=0.0333 h1=0.0000 ssim=0.0048 mlw=0.0000]
INFO     [rank 0] Loss weights: rmse=1.0000, h1=50.0000,      vae_trainer.py:975
         ssim=0.0000, mlw=0.0000                                                
INFO     [rank 0] Epoch 2: train_loss=0.091125               vae_trainer.py:1014
         val_loss=0.071511  val_VRMSE=0.452436                                  
         val_VRMSE_chmean=0.533858  lr=4.99e-05                                 
INFO     [rank 0] Metrics updated: metrics/metrics.csv,      vae_trainer.py:1041
         metrics/loss_curves.png                                                
INFO     [rank 0] New best checkpoint (epoch 2,              vae_trainer.py:1362
         val_vrmse=0.452436):                                                   
         checkpoints/vae_shockwave_best.safetensors                             
INFO     [rank 0] Training state saved:                      vae_trainer.py:1438
         checkpoints/vae_shockwave_last.state.pt                                
INFO     [rank 0] Epoch 2 timing: train=2256.1s eval=78.2s   vae_trainer.py:1076
         viz=0.0s ckpt=5.5s total=2340.5s                                       
epoch 3 step 260  loss=0.095179  lr=4.99e-05  [rmse=0.0760 h1=0.0002 ssim=0.0158 mlw=0.0000]
epoch 3 step 270  loss=0.085923  lr=4.99e-05  [rmse=0.0476 h1=0.0001 ssim=0.0120 mlw=0.0000]
epoch 3 step 280  loss=0.082604  lr=4.99e-05  [rmse=0.0385 h1=0.0000 ssim=0.0059 mlw=0.0000]
epoch 3 step 290  loss=0.082823  lr=4.98e-05  [rmse=0.0350 h1=0.0001 ssim=0.0081 mlw=0.0000]
epoch 3 step 300  loss=0.079718  lr=4.98e-05  [rmse=0.0570 h1=0.0001 ssim=0.0107 mlw=0.0000]
epoch 3 step 310  loss=0.080785  lr=4.97e-05  [rmse=0.1778 h1=0.0002 ssim=0.0177 mlw=0.0000]
epoch 3 step 320  loss=0.079551  lr=4.97e-05  [rmse=0.1225 h1=0.0002 ssim=0.0178 mlw=0.0000]
epoch 3 step 330  loss=0.078785  lr=4.96e-05  [rmse=0.1280 h1=0.0003 ssim=0.0269 mlw=0.0000]
epoch 3 step 340  loss=0.078566  lr=4.96e-05  [rmse=0.0807 h1=0.0001 ssim=0.0142 mlw=0.0000]
epoch 3 step 350  loss=0.079570  lr=4.95e-05  [rmse=0.1683 h1=0.0002 ssim=0.0238 mlw=0.0000]
epoch 3 step 360  loss=0.080770  lr=4.94e-05  [rmse=0.0567 h1=0.0001 ssim=0.0086 mlw=0.0000]
epoch 3 step 370  loss=0.080916  lr=4.93e-05  [rmse=0.0511 h1=0.0001 ssim=0.0115 mlw=0.0000]
INFO     [rank 0] Loss weights: rmse=1.0000, h1=50.0000,      vae_trainer.py:975
         ssim=0.0000, mlw=0.0000                                                
INFO     [rank 0] Epoch 3: train_loss=0.080482               vae_trainer.py:1014
         val_loss=0.070669  val_VRMSE=0.440705                                  
         val_VRMSE_chmean=0.525390  lr=4.93e-05                                 
INFO     [rank 0] Metrics updated: metrics/metrics.csv,      vae_trainer.py:1041
         metrics/loss_curves.png                                                
INFO     [rank 0] New best checkpoint (epoch 3,              vae_trainer.py:1362
         val_vrmse=0.440705):                                                   
         checkpoints/vae_shockwave_best.safetensors                             
INFO     [rank 0] Training state saved:                      vae_trainer.py:1438
         checkpoints/vae_shockwave_last.state.pt                                
INFO     [rank 0] Epoch 3 timing: train=2255.8s eval=78.9s   vae_trainer.py:1076
         viz=0.0s ckpt=9.1s total=2344.5s                                       
epoch 4 step 380  loss=0.066148  lr=4.93e-05  [rmse=0.0537 h1=0.0001 ssim=0.0073 mlw=0.0000]
epoch 4 step 390  loss=0.101198  lr=4.92e-05  [rmse=0.0974 h1=0.0002 ssim=0.0192 mlw=0.0000]
epoch 4 step 400  loss=0.092232  lr=4.91e-05  [rmse=0.0428 h1=0.0001 ssim=0.0089 mlw=0.0000]
epoch 4 step 410  loss=0.085190  lr=4.90e-05  [rmse=0.0693 h1=0.0002 ssim=0.0178 mlw=0.0000]
epoch 4 step 420  loss=0.080451  lr=4.89e-05  [rmse=0.0469 h1=0.0001 ssim=0.0092 mlw=0.0000]
epoch 4 step 430  loss=0.083173  lr=4.88e-05  [rmse=0.1924 h1=0.0003 ssim=0.0216 mlw=0.0000]
epoch 4 step 440  loss=0.081062  lr=4.87e-05  [rmse=0.0555 h1=0.0001 ssim=0.0114 mlw=0.0000]
epoch 4 step 450  loss=0.081930  lr=4.86e-05  [rmse=0.0617 h1=0.0001 ssim=0.0097 mlw=0.0000]
epoch 4 step 460  loss=0.081703  lr=4.85e-05  [rmse=0.0491 h1=0.0000 ssim=0.0051 mlw=0.0000]
epoch 4 step 470  loss=0.080376  lr=4.84e-05  [rmse=0.1154 h1=0.0002 ssim=0.0176 mlw=0.0000]
epoch 4 step 480  loss=0.081321  lr=4.82e-05  [rmse=0.0768 h1=0.0001 ssim=0.0090 mlw=0.0000]
epoch 4 step 490  loss=0.079329  lr=4.81e-05  [rmse=0.0572 h1=0.0001 ssim=0.0094 mlw=0.0000]
epoch 4 step 500  loss=0.078029  lr=4.80e-05  [rmse=0.0566 h1=0.0000 ssim=0.0071 mlw=0.0000]
INFO     [rank 0] Loss weights: rmse=1.0000, h1=50.0000,      vae_trainer.py:975
         ssim=0.0000, mlw=0.0000                                                
INFO     [rank 0] Epoch 4: train_loss=0.078029               vae_trainer.py:1014
         val_loss=0.069464  val_VRMSE=0.429661                                  
         val_VRMSE_chmean=0.499981  lr=4.80e-05                                 
INFO     [rank 0] Metrics updated: metrics/metrics.csv,      vae_trainer.py:1041
         metrics/loss_curves.png                                                
INFO     [rank 0] Saved 12 validation reconstruction PNGs    vae_trainer.py:1263
         for epoch 4                                                            
INFO     [rank 0] New best checkpoint (epoch 4,              vae_trainer.py:1362
         val_vrmse=0.429661):                                                   
         checkpoints/vae_shockwave_best.safetensors                             
INFO     [rank 0] Training state saved:                      vae_trainer.py:1438
         checkpoints/vae_shockwave_last.state.pt                                
INFO     [rank 0] Epoch 4 timing: train=2255.0s eval=79.3s   vae_trainer.py:1076
         viz=22.7s ckpt=5.8s total=2363.3s                                      
epoch 5 step 510  loss=0.081049  lr=4.78e-05  [rmse=0.1288 h1=0.0002 ssim=0.0201 mlw=0.0000]
epoch 5 step 520  loss=0.089872  lr=4.77e-05  [rmse=0.0615 h1=0.0002 ssim=0.0138 mlw=0.0000]
epoch 5 step 530  loss=0.082566  lr=4.76e-05  [rmse=0.0522 h1=0.0000 ssim=0.0070 mlw=0.0000]
epoch 5 step 540  loss=0.081628  lr=4.74e-05  [rmse=0.0504 h1=0.0001 ssim=0.0071 mlw=0.0000]
epoch 5 step 550  loss=0.079952  lr=4.73e-05  [rmse=0.0523 h1=0.0001 ssim=0.0076 mlw=0.0000]
epoch 5 step 560  loss=0.079722  lr=4.71e-05  [rmse=0.1562 h1=0.0002 ssim=0.0142 mlw=0.0000]
epoch 5 step 570  loss=0.079589  lr=4.69e-05  [rmse=0.0497 h1=0.0001 ssim=0.0090 mlw=0.0000]
epoch 5 step 580  loss=0.079267  lr=4.68e-05  [rmse=0.0518 h1=0.0002 ssim=0.0157 mlw=0.0000]
epoch 5 step 590  loss=0.077569  lr=4.66e-05  [rmse=0.0426 h1=0.0001 ssim=0.0100 mlw=0.0000]
epoch 5 step 600  loss=0.077083  lr=4.64e-05  [rmse=0.0441 h1=0.0002 ssim=0.0187 mlw=0.0000]
epoch 5 step 610  loss=0.076759  lr=4.63e-05  [rmse=0.1541 h1=0.0004 ssim=0.0238 mlw=0.0000]
epoch 5 step 620  loss=0.075180  lr=4.61e-05  [rmse=0.0829 h1=0.0001 ssim=0.0078 mlw=0.0000]
INFO     [rank 0] Loss weights: rmse=1.0000, h1=50.0000,      vae_trainer.py:975
         ssim=0.0000, mlw=0.0000                                                
INFO     [rank 0] Epoch 5: train_loss=0.074262               vae_trainer.py:1014
         val_loss=0.068476  val_VRMSE=0.423006                                  
         val_VRMSE_chmean=0.488944  lr=4.60e-05                                 
INFO     [rank 0] Metrics updated: metrics/metrics.csv,      vae_trainer.py:1041
         metrics/loss_curves.png                                                
INFO     [rank 0] New best checkpoint (epoch 5,              vae_trainer.py:1362
         val_vrmse=0.423006):                                                   
         checkpoints/vae_shockwave_best.safetensors                             
INFO     [rank 0] Training state saved:                      vae_trainer.py:1438
         checkpoints/vae_shockwave_last.state.pt                                
INFO     [rank 0] Epoch 5 timing: train=2256.1s eval=78.9s   vae_trainer.py:1076
         viz=0.0s ckpt=5.6s total=2341.1s                                       
epoch 6 step 630  loss=0.146035  lr=4.59e-05  [rmse=0.2095 h1=0.0002 ssim=0.0202 mlw=0.0000]
epoch 6 step 640  loss=0.114592  lr=4.57e-05  [rmse=0.0645 h1=0.0001 ssim=0.0096 mlw=0.0000]
epoch 6 step 650  loss=0.106299  lr=4.55e-05  [rmse=0.0870 h1=0.0002 ssim=0.0185 mlw=0.0000]
epoch 6 step 660  loss=0.098965  lr=4.53e-05  [rmse=0.0582 h1=0.0002 ssim=0.0184 mlw=0.0000]
epoch 6 step 670  loss=0.096645  lr=4.51e-05  [rmse=0.0468 h1=0.0001 ssim=0.0129 mlw=0.0000]
epoch 6 step 680  loss=0.095150  lr=4.49e-05  [rmse=0.0953 h1=0.0002 ssim=0.0173 mlw=0.0000]
epoch 6 step 690  loss=0.095138  lr=4.47e-05  [rmse=0.0996 h1=0.0001 ssim=0.0092 mlw=0.0000]
epoch 6 step 700  loss=0.092802  lr=4.45e-05  [rmse=0.0499 h1=0.0000 ssim=0.0063 mlw=0.0000]
epoch 6 step 710  loss=0.090675  lr=4.43e-05  [rmse=0.0516 h1=0.0000 ssim=0.0051 mlw=0.0000]
epoch 6 step 720  loss=0.088891  lr=4.41e-05  [rmse=0.0741 h1=0.0002 ssim=0.0142 mlw=0.0000]
epoch 6 step 730  loss=0.086986  lr=4.39e-05  [rmse=0.0535 h1=0.0002 ssim=0.0130 mlw=0.0000]
epoch 6 step 740  loss=0.088326  lr=4.36e-05  [rmse=0.0642 h1=0.0001 ssim=0.0102 mlw=0.0000]
epoch 6 step 750  loss=0.089888  lr=4.34e-05  [rmse=0.0510 h1=0.0001 ssim=0.0078 mlw=0.0000]
INFO     [rank 0] Loss weights: rmse=1.0000, h1=50.0000,      vae_trainer.py:975
         ssim=0.0000, mlw=0.0000                                                
INFO     [rank 0] Epoch 6: train_loss=0.089888               vae_trainer.py:1014
         val_loss=0.068092  val_VRMSE=0.419293                                  
         val_VRMSE_chmean=0.493307  lr=4.34e-05                                 
INFO     [rank 0] Metrics updated: metrics/metrics.csv,      vae_trainer.py:1041
         metrics/loss_curves.png                                                
INFO     [rank 0] New best checkpoint (epoch 6,              vae_trainer.py:1362
         val_vrmse=0.419293):                                                   
         checkpoints/vae_shockwave_best.safetensors                             
INFO     [rank 0] Training state saved:                      vae_trainer.py:1438
         checkpoints/vae_shockwave_last.state.pt                                
INFO     [rank 0] Epoch 6 timing: train=2257.1s eval=78.0s   vae_trainer.py:1076
         viz=0.0s ckpt=5.5s total=2341.2s                                       
epoch 7 step 760  loss=0.065572  lr=4.32e-05  [rmse=0.0715 h1=0.0002 ssim=0.0168 mlw=0.0000]
epoch 7 step 770  loss=0.088332  lr=4.29e-05  [rmse=0.2308 h1=0.0001 ssim=0.0197 mlw=0.0000]
epoch 7 step 780  loss=0.091235  lr=4.27e-05  [rmse=0.0494 h1=0.0001 ssim=0.0094 mlw=0.0000]
epoch 7 step 790  loss=0.089682  lr=4.25e-05  [rmse=0.0446 h1=0.0001 ssim=0.0067 mlw=0.0000]
epoch 7 step 800  loss=0.087341  lr=4.22e-05  [rmse=0.0533 h1=0.0000 ssim=0.0067 mlw=0.0000]
epoch 7 step 810  loss=0.085340  lr=4.20e-05  [rmse=0.0329 h1=0.0000 ssim=0.0066 mlw=0.0000]
epoch 7 step 820  loss=0.084987  lr=4.17e-05  [rmse=0.0531 h1=0.0001 ssim=0.0094 mlw=0.0000]
epoch 7 step 830  loss=0.080764  lr=4.15e-05  [rmse=0.0411 h1=0.0001 ssim=0.0103 mlw=0.0000]
epoch 7 step 840  loss=0.082483  lr=4.12e-05  [rmse=0.0349 h1=0.0000 ssim=0.0036 mlw=0.0000]
epoch 7 step 850  loss=0.083456  lr=4.10e-05  [rmse=0.0932 h1=0.0001 ssim=0.0105 mlw=0.0000]
epoch 7 step 860  loss=0.082328  lr=4.07e-05  [rmse=0.0293 h1=0.0000 ssim=0.0026 mlw=0.0000]
epoch 7 step 870  loss=0.084251  lr=4.04e-05  [rmse=0.1612 h1=0.0002 ssim=0.0191 mlw=0.0000]
INFO     [rank 0] Loss weights: rmse=1.0000, h1=50.0000,      vae_trainer.py:975
         ssim=0.0000, mlw=0.0000                                                
INFO     [rank 0] Epoch 7: train_loss=0.083558               vae_trainer.py:1014
         val_loss=0.067499  val_VRMSE=0.414081                                  
         val_VRMSE_chmean=0.477781  lr=4.03e-05                                 
INFO     [rank 0] Metrics updated: metrics/metrics.csv,      vae_trainer.py:1041
         metrics/loss_curves.png                                                
INFO     [rank 0] New best checkpoint (epoch 7,              vae_trainer.py:1362
         val_vrmse=0.414081):                                                   
         checkpoints/vae_shockwave_best.safetensors                             
INFO     [rank 0] Training state saved:                      vae_trainer.py:1438
         checkpoints/vae_shockwave_last.state.pt                                
INFO     [rank 0] Epoch 7 timing: train=2253.0s eval=79.3s   vae_trainer.py:1076
         viz=0.0s ckpt=5.6s total=2338.4s                                       
epoch 8 step 880  loss=0.056608  lr=4.02e-05  [rmse=0.0525 h1=0.0001 ssim=0.0061 mlw=0.0000]
epoch 8 step 890  loss=0.063627  lr=3.99e-05  [rmse=0.0679 h1=0.0002 ssim=0.0135 mlw=0.0000]
epoch 8 step 900  loss=0.069647  lr=3.96e-05  [rmse=0.0978 h1=0.0002 ssim=0.0180 mlw=0.0000]
epoch 8 step 910  loss=0.072189  lr=3.94e-05  [rmse=0.0548 h1=0.0000 ssim=0.0065 mlw=0.0000]
epoch 8 step 920  loss=0.075838  lr=3.91e-05  [rmse=0.0900 h1=0.0001 ssim=0.0109 mlw=0.0000]
epoch 8 step 930  loss=0.072854  lr=3.88e-05  [rmse=0.0505 h1=0.0000 ssim=0.0034 mlw=0.0000]
epoch 8 step 940  loss=0.074544  lr=3.85e-05  [rmse=0.0760 h1=0.0001 ssim=0.0118 mlw=0.0000]
epoch 8 step 950  loss=0.077920  lr=3.82e-05  [rmse=0.0796 h1=0.0001 ssim=0.0134 mlw=0.0000]
epoch 8 step 960  loss=0.076816  lr=3.79e-05  [rmse=0.1041 h1=0.0002 ssim=0.0133 mlw=0.0000]
epoch 8 step 970  loss=0.077060  lr=3.77e-05  [rmse=0.0474 h1=0.0001 ssim=0.0098 mlw=0.0000]
epoch 8 step 980  loss=0.077055  lr=3.74e-05  [rmse=0.0480 h1=0.0001 ssim=0.0079 mlw=0.0000]
epoch 8 step 990  loss=0.077723  lr=3.71e-05  [rmse=0.0644 h1=0.0001 ssim=0.0078 mlw=0.0000]
epoch 8 step 1000  loss=0.077621  lr=3.68e-05  [rmse=0.0700 h1=0.0001 ssim=0.0113 mlw=0.0000]
INFO     [rank 0] Loss weights: rmse=1.0000, h1=50.0000,      vae_trainer.py:975
         ssim=0.0000, mlw=0.0000                                                
INFO     [rank 0] Epoch 8: train_loss=0.077621               vae_trainer.py:1014
         val_loss=0.067577  val_VRMSE=0.415069                                  
         val_VRMSE_chmean=0.491341  lr=3.68e-05                                 
INFO     [rank 0] Metrics updated: metrics/metrics.csv,      vae_trainer.py:1041
         metrics/loss_curves.png                                                
INFO     [rank 0] Saved 12 validation reconstruction PNGs    vae_trainer.py:1263
         for epoch 8                                                            
INFO     [rank 0] Training state saved:                      vae_trainer.py:1438
         checkpoints/vae_shockwave_last.state.pt                                
INFO     [rank 0] Epoch 8 timing: train=2265.3s eval=79.6s   vae_trainer.py:1076
         viz=22.6s ckpt=4.5s total=2372.6s                                      
epoch 9 step 1010  loss=0.112876  lr=3.65e-05  [rmse=0.0549 h1=0.0001 ssim=0.0067 mlw=0.0000]
epoch 9 step 1020  loss=0.087623  lr=3.62e-05  [rmse=0.0525 h1=0.0001 ssim=0.0068 mlw=0.0000]
epoch 9 step 1030  loss=0.091210  lr=3.59e-05  [rmse=0.0448 h1=0.0001 ssim=0.0060 mlw=0.0000]
epoch 9 step 1040  loss=0.089372  lr=3.56e-05  [rmse=0.0461 h1=0.0001 ssim=0.0074 mlw=0.0000]
epoch 9 step 1050  loss=0.085751  lr=3.53e-05  [rmse=0.0480 h1=0.0000 ssim=0.0063 mlw=0.0000]
epoch 9 step 1060  loss=0.082687  lr=3.50e-05  [rmse=0.0424 h1=0.0000 ssim=0.0059 mlw=0.0000]
epoch 9 step 1070  loss=0.078447  lr=3.46e-05  [rmse=0.0498 h1=0.0000 ssim=0.0036 mlw=0.0000]
epoch 9 step 1080  loss=0.078613  lr=3.43e-05  [rmse=0.0513 h1=0.0000 ssim=0.0072 mlw=0.0000]
epoch 9 step 1090  loss=0.079674  lr=3.40e-05  [rmse=0.0409 h1=0.0002 ssim=0.0141 mlw=0.0000]
epoch 9 step 1100  loss=0.078495  lr=3.37e-05  [rmse=0.0449 h1=0.0001 ssim=0.0074 mlw=0.0000]
epoch 9 step 1110  loss=0.077730  lr=3.34e-05  [rmse=0.0830 h1=0.0001 ssim=0.0079 mlw=0.0000]
epoch 9 step 1120  loss=0.080849  lr=3.31e-05  [rmse=0.1756 h1=0.0003 ssim=0.0201 mlw=0.0000]
INFO     [rank 0] Loss weights: rmse=1.0000, h1=50.0000,      vae_trainer.py:975
         ssim=0.0000, mlw=0.0000                                                
INFO     [rank 0] Epoch 9: train_loss=0.081381               vae_trainer.py:1014
         val_loss=0.066917  val_VRMSE=0.409992                                  
         val_VRMSE_chmean=0.472705  lr=3.29e-05                                 
INFO     [rank 0] Metrics updated: metrics/metrics.csv,      vae_trainer.py:1041
         metrics/loss_curves.png                                                
INFO     [rank 0] New best checkpoint (epoch 9,              vae_trainer.py:1362
         val_vrmse=0.409992):                                                   
         checkpoints/vae_shockwave_best.safetensors                             
INFO     [rank 0] Training state saved:                      vae_trainer.py:1438
         checkpoints/vae_shockwave_last.state.pt                                
INFO     [rank 0] Epoch 9 timing: train=2257.1s eval=78.5s   vae_trainer.py:1076
         viz=0.0s ckpt=5.5s total=2341.6s                                       
epoch 10 step 1130  loss=0.053705  lr=3.28e-05  [rmse=0.0462 h1=0.0001 ssim=0.0082 mlw=0.0000]
epoch 10 step 1140  loss=0.062811  lr=3.24e-05  [rmse=0.0464 h1=0.0001 ssim=0.0110 mlw=0.0000]
epoch 10 step 1150  loss=0.067740  lr=3.21e-05  [rmse=0.0548 h1=0.0000 ssim=0.0046 mlw=0.0000]
epoch 10 step 1160  loss=0.074655  lr=3.18e-05  [rmse=0.0279 h1=0.0001 ssim=0.0062 mlw=0.0000]
epoch 10 step 1170  loss=0.074414  lr=3.15e-05  [rmse=0.0622 h1=0.0000 ssim=0.0052 mlw=0.0000]
epoch 10 step 1180  loss=0.075515  lr=3.11e-05  [rmse=0.0376 h1=0.0000 ssim=0.0053 mlw=0.0000]
epoch 10 step 1190  loss=0.071456  lr=3.08e-05  [rmse=0.0419 h1=0.0001 ssim=0.0081 mlw=0.0000]
epoch 10 step 1200  loss=0.071123  lr=3.05e-05  [rmse=0.0596 h1=0.0001 ssim=0.0096 mlw=0.0000]
epoch 10 step 1210  loss=0.070145  lr=3.02e-05  [rmse=0.0455 h1=0.0001 ssim=0.0059 mlw=0.0000]
epoch 10 step 1220  loss=0.071621  lr=2.98e-05  [rmse=0.0391 h1=0.0000 ssim=0.0045 mlw=0.0000]
epoch 10 step 1230  loss=0.073125  lr=2.95e-05  [rmse=0.0476 h1=0.0000 ssim=0.0044 mlw=0.0000]
epoch 10 step 1240  loss=0.071605  lr=2.92e-05  [rmse=0.0453 h1=0.0001 ssim=0.0078 mlw=0.0000]
epoch 10 step 1250  loss=0.073495  lr=2.88e-05  [rmse=0.0524 h1=0.0001 ssim=0.0086 mlw=0.0000]
INFO     [rank 0] Loss weights: rmse=1.0000, h1=50.0000,      vae_trainer.py:975
         ssim=0.0000, mlw=0.0000                                                
INFO     [rank 0] Epoch 10: train_loss=0.073495              vae_trainer.py:1014
         val_loss=0.067004  val_VRMSE=0.410264                                  
         val_VRMSE_chmean=0.482143  lr=2.88e-05                                 
INFO     [rank 0] Metrics updated: metrics/metrics.csv,      vae_trainer.py:1041
         metrics/loss_curves.png                                                
INFO     [rank 0] Training state saved:                      vae_trainer.py:1438
         checkpoints/vae_shockwave_last.state.pt                                
INFO     [rank 0] Epoch 10 timing: train=2253.3s eval=78.8s  vae_trainer.py:1076
         viz=0.0s ckpt=4.4s total=2337.0s                                       
epoch 11 step 1260  loss=0.075577  lr=2.85e-05  [rmse=0.0432 h1=0.0000 ssim=0.0035 mlw=0.0000]
epoch 11 step 1270  loss=0.080842  lr=2.82e-05  [rmse=0.0707 h1=0.0001 ssim=0.0085 mlw=0.0000]
epoch 11 step 1280  loss=0.080480  lr=2.78e-05  [rmse=0.0442 h1=0.0001 ssim=0.0082 mlw=0.0000]
epoch 11 step 1290  loss=0.082605  lr=2.75e-05  [rmse=0.0865 h1=0.0003 ssim=0.0229 mlw=0.0000]
epoch 11 step 1300  loss=0.078458  lr=2.72e-05  [rmse=0.0512 h1=0.0001 ssim=0.0086 mlw=0.0000]
epoch 11 step 1310  loss=0.075553  lr=2.68e-05  [rmse=0.0355 h1=0.0000 ssim=0.0045 mlw=0.0000]
epoch 11 step 1320  loss=0.072176  lr=2.65e-05  [rmse=0.0468 h1=0.0002 ssim=0.0142 mlw=0.0000]
epoch 11 step 1330  loss=0.079076  lr=2.62e-05  [rmse=0.0424 h1=0.0001 ssim=0.0075 mlw=0.0000]
epoch 11 step 1340  loss=0.079838  lr=2.58e-05  [rmse=0.0578 h1=0.0002 ssim=0.0123 mlw=0.0000]
epoch 11 step 1350  loss=0.078314  lr=2.55e-05  [rmse=0.0364 h1=0.0001 ssim=0.0076 mlw=0.0000]
epoch 11 step 1360  loss=0.076729  lr=2.52e-05  [rmse=0.1350 h1=0.0001 ssim=0.0162 mlw=0.0000]
epoch 11 step 1370  loss=0.076275  lr=2.48e-05  [rmse=0.0888 h1=0.0001 ssim=0.0140 mlw=0.0000]
INFO     [rank 0] Loss weights: rmse=1.0000, h1=50.0000,      vae_trainer.py:975
         ssim=0.0000, mlw=0.0000                                                
INFO     [rank 0] Epoch 11: train_loss=0.077513              vae_trainer.py:1014
         val_loss=0.085757  val_VRMSE=0.552478                                  
         val_VRMSE_chmean=0.770691  lr=2.47e-05                                 
INFO     [rank 0] Metrics updated: metrics/metrics.csv,      vae_trainer.py:1041
         metrics/loss_curves.png                                                
INFO     [rank 0] Training state saved:                      vae_trainer.py:1438
         checkpoints/vae_shockwave_last.state.pt                                
INFO     [rank 0] Epoch 11 timing: train=2258.1s eval=79.4s  vae_trainer.py:1076
         viz=0.0s ckpt=4.2s total=2342.2s                                       
epoch 12 step 1380  loss=6.261367  lr=2.45e-05  [rmse=0.1231 h1=0.0004 ssim=0.0523 mlw=0.0000]
epoch 12 step 1390  loss=2.215766  lr=2.42e-05  [rmse=0.1400 h1=0.0005 ssim=0.0628 mlw=0.0000]
epoch 12 step 1400  loss=1.539708  lr=2.38e-05  [rmse=0.2179 h1=0.0074 ssim=0.1043 mlw=0.0000]
epoch 12 step 1410  loss=1.166994  lr=2.35e-05  [rmse=0.2973 h1=0.0007 ssim=0.0933 mlw=0.0000]
epoch 12 step 1420  loss=0.953472  lr=2.32e-05  [rmse=0.1081 h1=0.0004 ssim=0.0557 mlw=0.0000]
epoch 12 step 1430  loss=0.806875  lr=2.28e-05  [rmse=0.1476 h1=0.0004 ssim=0.0584 mlw=0.0000]
epoch 12 step 1440  loss=0.704661  lr=2.25e-05  [rmse=0.0671 h1=0.0001 ssim=0.0197 mlw=0.0000]
epoch 12 step 1450  loss=0.628234  lr=2.22e-05  [rmse=0.0567 h1=0.0001 ssim=0.0201 mlw=0.0000]
epoch 12 step 1460  loss=0.565616  lr=2.18e-05  [rmse=0.0603 h1=0.0002 ssim=0.0240 mlw=0.0000]
epoch 12 step 1470  loss=0.516167  lr=2.15e-05  [rmse=0.2390 h1=0.0004 ssim=0.0428 mlw=0.0000]
epoch 12 step 1480  loss=0.478031  lr=2.12e-05  [rmse=0.1367 h1=0.0003 ssim=0.0328 mlw=0.0000]
epoch 12 step 1490  loss=0.444064  lr=2.08e-05  [rmse=0.0474 h1=0.0002 ssim=0.0233 mlw=0.0000]
epoch 12 step 1500  loss=0.414435  lr=2.05e-05  [rmse=0.0548 h1=0.0002 ssim=0.0192 mlw=0.0000]
INFO     [rank 0] Loss weights: rmse=1.0000, h1=50.0000,      vae_trainer.py:975
         ssim=0.0000, mlw=0.0000                                                
INFO     [rank 0] Epoch 12: train_loss=0.414435              vae_trainer.py:1014
         val_loss=0.078145  val_VRMSE=0.447933                                  
         val_VRMSE_chmean=0.598482  lr=2.05e-05                                 
INFO     [rank 0] Metrics updated: metrics/metrics.csv,      vae_trainer.py:1041
         metrics/loss_curves.png                                                
INFO     [rank 0] Saved 12 validation reconstruction PNGs    vae_trainer.py:1263
         for epoch 12                                                           
INFO     [rank 0] Training state saved:                      vae_trainer.py:1438
         checkpoints/vae_shockwave_last.state.pt                                
INFO     [rank 0] Epoch 12 timing: train=2256.3s eval=77.8s  vae_trainer.py:1076
         viz=23.5s ckpt=4.2s total=2362.3s                                      
epoch 13 step 1510  loss=0.085627  lr=2.02e-05  [rmse=0.0551 h1=0.0002 ssim=0.0172 mlw=0.0000]
epoch 13 step 1520  loss=0.077874  lr=1.99e-05  [rmse=0.0416 h1=0.0001 ssim=0.0097 mlw=0.0000]
epoch 13 step 1530  loss=0.077214  lr=1.95e-05  [rmse=0.0687 h1=0.0002 ssim=0.0166 mlw=0.0000]
epoch 13 step 1540  loss=0.080121  lr=1.92e-05  [rmse=0.0595 h1=0.0000 ssim=0.0049 mlw=0.0000]
epoch 13 step 1550  loss=0.075680  lr=1.89e-05  [rmse=0.0458 h1=0.0001 ssim=0.0085 mlw=0.0000]
epoch 13 step 1560  loss=0.074270  lr=1.86e-05  [rmse=0.1984 h1=0.0002 ssim=0.0273 mlw=0.0000]
epoch 13 step 1570  loss=0.077655  lr=1.82e-05  [rmse=0.1599 h1=0.0001 ssim=0.0208 mlw=0.0000]
epoch 13 step 1580  loss=0.075191  lr=1.79e-05  [rmse=0.0499 h1=0.0000 ssim=0.0052 mlw=0.0000]
epoch 13 step 1590  loss=0.074080  lr=1.76e-05  [rmse=0.0358 h1=0.0001 ssim=0.0070 mlw=0.0000]
epoch 13 step 1600  loss=0.076192  lr=1.73e-05  [rmse=0.1793 h1=0.0002 ssim=0.0234 mlw=0.0000]
epoch 13 step 1610  loss=0.076289  lr=1.70e-05  [rmse=0.0370 h1=0.0001 ssim=0.0081 mlw=0.0000]
epoch 13 step 1620  loss=0.079591  lr=1.67e-05  [rmse=0.0762 h1=0.0001 ssim=0.0137 mlw=0.0000]
INFO     [rank 0] Loss weights: rmse=1.0000, h1=50.0000,      vae_trainer.py:975
         ssim=0.0000, mlw=0.0000                                                
INFO     [rank 0] Epoch 13: train_loss=0.080359              vae_trainer.py:1014
         val_loss=0.068047  val_VRMSE=0.411908                                  
         val_VRMSE_chmean=0.493918  lr=1.65e-05                                 
INFO     [rank 0] Metrics updated: metrics/metrics.csv,      vae_trainer.py:1041
         metrics/loss_curves.png                                                
INFO     [rank 0] Training state saved:                      vae_trainer.py:1438
         checkpoints/vae_shockwave_last.state.pt                                
INFO     [rank 0] Epoch 13 timing: train=2260.9s eval=79.2s  vae_trainer.py:1076
         viz=0.0s ckpt=4.3s total=2345.0s                                       
epoch 14 step 1630  loss=0.108590  lr=1.64e-05  [rmse=0.0456 h1=0.0001 ssim=0.0117 mlw=0.0000]
epoch 14 step 1640  loss=0.076632  lr=1.60e-05  [rmse=0.0503 h1=0.0001 ssim=0.0114 mlw=0.0000]
epoch 14 step 1650  loss=0.079511  lr=1.57e-05  [rmse=0.0780 h1=0.0001 ssim=0.0132 mlw=0.0000]
epoch 14 step 1660  loss=0.082072  lr=1.54e-05  [rmse=0.1059 h1=0.0002 ssim=0.0117 mlw=0.0000]
epoch 14 step 1670  loss=0.081201  lr=1.51e-05  [rmse=0.0722 h1=0.0001 ssim=0.0109 mlw=0.0000]
epoch 14 step 1680  loss=0.085647  lr=1.48e-05  [rmse=0.0542 h1=0.0000 ssim=0.0033 mlw=0.0000]
epoch 14 step 1690  loss=0.084215  lr=1.45e-05  [rmse=0.0773 h1=0.0001 ssim=0.0091 mlw=0.0000]
epoch 14 step 1700  loss=0.082063  lr=1.42e-05  [rmse=0.0635 h1=0.0002 ssim=0.0144 mlw=0.0000]
epoch 14 step 1710  loss=0.079028  lr=1.39e-05  [rmse=0.0451 h1=0.0002 ssim=0.0146 mlw=0.0000]
epoch 14 step 1720  loss=0.080726  lr=1.36e-05  [rmse=0.0555 h1=0.0000 ssim=0.0048 mlw=0.0000]
epoch 14 step 1730  loss=0.080909  lr=1.33e-05  [rmse=0.0377 h1=0.0001 ssim=0.0090 mlw=0.0000]
epoch 14 step 1740  loss=0.079879  lr=1.31e-05  [rmse=0.0511 h1=0.0002 ssim=0.0174 mlw=0.0000]
epoch 14 step 1750  loss=0.079799  lr=1.28e-05  [rmse=0.0414 h1=0.0001 ssim=0.0101 mlw=0.0000]
INFO     [rank 0] Loss weights: rmse=1.0000, h1=50.0000,      vae_trainer.py:975
         ssim=0.0000, mlw=0.0000                                                
INFO     [rank 0] Epoch 14: train_loss=0.079799              vae_trainer.py:1014
         val_loss=0.067165  val_VRMSE=0.408857                                  
         val_VRMSE_chmean=0.481968  lr=1.28e-05                                 
INFO     [rank 0] Metrics updated: metrics/metrics.csv,      vae_trainer.py:1041
         metrics/loss_curves.png                                                
INFO     [rank 0] New best checkpoint (epoch 14,             vae_trainer.py:1362
         val_vrmse=0.408857):                                                   
         checkpoints/vae_shockwave_best.safetensors                             
INFO     [rank 0] Training state saved:                      vae_trainer.py:1438
         checkpoints/vae_shockwave_last.state.pt                                
INFO     [rank 0] Epoch 14 timing: train=2258.6s eval=79.7s  vae_trainer.py:1076
         viz=0.0s ckpt=11.1s total=2349.8s                                      
epoch 15 step 1760  loss=0.063891  lr=1.25e-05  [rmse=0.0332 h1=0.0001 ssim=0.0097 mlw=0.0000]
epoch 15 step 1770  loss=0.069599  lr=1.22e-05  [rmse=0.0380 h1=0.0001 ssim=0.0085 mlw=0.0000]
epoch 15 step 1780  loss=0.071766  lr=1.19e-05  [rmse=0.0792 h1=0.0002 ssim=0.0170 mlw=0.0000]
epoch 15 step 1790  loss=0.076117  lr=1.16e-05  [rmse=0.2276 h1=0.0004 ssim=0.0332 mlw=0.0000]
epoch 15 step 1800  loss=0.076938  lr=1.14e-05  [rmse=0.0549 h1=0.0000 ssim=0.0066 mlw=0.0000]
epoch 15 step 1810  loss=0.080623  lr=1.11e-05  [rmse=0.1092 h1=0.0001 ssim=0.0130 mlw=0.0000]
epoch 15 step 1820  loss=0.077873  lr=1.08e-05  [rmse=0.0463 h1=0.0000 ssim=0.0053 mlw=0.0000]
epoch 15 step 1830  loss=0.077397  lr=1.06e-05  [rmse=0.2442 h1=0.0002 ssim=0.0285 mlw=0.0000]
epoch 15 step 1840  loss=0.078512  lr=1.03e-05  [rmse=0.0786 h1=0.0001 ssim=0.0100 mlw=0.0000]
epoch 15 step 1850  loss=0.078466  lr=1.00e-05  [rmse=0.0588 h1=0.0002 ssim=0.0201 mlw=0.0000]
epoch 15 step 1860  loss=0.077674  lr=9.78e-06  [rmse=0.0341 h1=0.0001 ssim=0.0089 mlw=0.0000]
epoch 15 step 1870  loss=0.076526  lr=9.52e-06  [rmse=0.0645 h1=0.0001 ssim=0.0074 mlw=0.0000]
INFO     [rank 0] Loss weights: rmse=1.0000, h1=50.0000,      vae_trainer.py:975
         ssim=0.0000, mlw=0.0000                                                
INFO     [rank 0] Epoch 15: train_loss=0.075693              vae_trainer.py:1014
         val_loss=0.066712  val_VRMSE=0.406942                                  
         val_VRMSE_chmean=0.476305  lr=9.40e-06                                 
INFO     [rank 0] Metrics updated: metrics/metrics.csv,      vae_trainer.py:1041
         metrics/loss_curves.png                                                
INFO     [rank 0] New best checkpoint (epoch 15,             vae_trainer.py:1362
         val_vrmse=0.406942):                                                   
         checkpoints/vae_shockwave_best.safetensors                             
INFO     [rank 0] Training state saved:                      vae_trainer.py:1438
         checkpoints/vae_shockwave_last.state.pt                                
INFO     [rank 0] Epoch 15 timing: train=2259.2s eval=78.6s  vae_trainer.py:1076
         viz=0.0s ckpt=6.2s total=2344.6s                                       
epoch 16 step 1880  loss=0.102575  lr=9.27e-06  [rmse=0.0824 h1=0.0001 ssim=0.0120 mlw=0.0000]
epoch 16 step 1890  loss=0.077154  lr=9.02e-06  [rmse=0.1050 h1=0.0001 ssim=0.0104 mlw=0.0000]
epoch 16 step 1900  loss=0.074149  lr=8.78e-06  [rmse=0.0491 h1=0.0000 ssim=0.0034 mlw=0.0000]
epoch 16 step 1910  loss=0.071594  lr=8.53e-06  [rmse=0.0452 h1=0.0001 ssim=0.0092 mlw=0.0000]
epoch 16 step 1920  loss=0.068677  lr=8.29e-06  [rmse=0.0866 h1=0.0001 ssim=0.0097 mlw=0.0000]
epoch 16 step 1930  loss=0.069739  lr=8.06e-06  [rmse=0.0776 h1=0.0002 ssim=0.0170 mlw=0.0000]
epoch 16 step 1940  loss=0.070989  lr=7.82e-06  [rmse=0.0332 h1=0.0001 ssim=0.0097 mlw=0.0000]
epoch 16 step 1950  loss=0.069440  lr=7.59e-06  [rmse=0.0232 h1=0.0000 ssim=0.0017 mlw=0.0000]
epoch 16 step 1960  loss=0.070943  lr=7.37e-06  [rmse=0.1012 h1=0.0001 ssim=0.0103 mlw=0.0000]
epoch 16 step 1970  loss=0.072894  lr=7.14e-06  [rmse=0.0552 h1=0.0001 ssim=0.0140 mlw=0.0000]
epoch 16 step 1980  loss=0.072973  lr=6.92e-06  [rmse=0.0835 h1=0.0001 ssim=0.0125 mlw=0.0000]
epoch 16 step 1990  loss=0.074139  lr=6.71e-06  [rmse=0.0450 h1=0.0001 ssim=0.0082 mlw=0.0000]
epoch 16 step 2000  loss=0.073294  lr=6.50e-06  [rmse=0.0503 h1=0.0000 ssim=0.0036 mlw=0.0000]
INFO     [rank 0] Loss weights: rmse=1.0000, h1=50.0000,      vae_trainer.py:975
         ssim=0.0000, mlw=0.0000                                                
INFO     [rank 0] Epoch 16: train_loss=0.073294              vae_trainer.py:1014
         val_loss=0.066485  val_VRMSE=0.405990                                  
         val_VRMSE_chmean=0.475109  lr=6.50e-06                                 
INFO     [rank 0] Metrics updated: metrics/metrics.csv,      vae_trainer.py:1041
         metrics/loss_curves.png                                                
INFO     [rank 0] Saved 12 validation reconstruction PNGs    vae_trainer.py:1263
         for epoch 16                                                           
INFO     [rank 0] New best checkpoint (epoch 16,             vae_trainer.py:1362
         val_vrmse=0.405990):                                                   
         checkpoints/vae_shockwave_best.safetensors                             
INFO     [rank 0] Training state saved:                      vae_trainer.py:1438
         checkpoints/vae_shockwave_last.state.pt                                
INFO     [rank 0] Epoch 16 timing: train=2258.2s eval=79.1s  vae_trainer.py:1076
         viz=23.9s ckpt=5.8s total=2367.6s                                      
epoch 17 step 2010  loss=0.077930  lr=6.29e-06  [rmse=0.0332 h1=0.0001 ssim=0.0075 mlw=0.0000]
epoch 17 step 2020  loss=0.069996  lr=6.08e-06  [rmse=0.0646 h1=0.0001 ssim=0.0076 mlw=0.0000]
epoch 17 step 2030  loss=0.066230  lr=5.88e-06  [rmse=0.0456 h1=0.0002 ssim=0.0134 mlw=0.0000]
epoch 17 step 2040  loss=0.073624  lr=5.68e-06  [rmse=0.0665 h1=0.0002 ssim=0.0192 mlw=0.0000]
epoch 17 step 2050  loss=0.070893  lr=5.48e-06  [rmse=0.0524 h1=0.0001 ssim=0.0086 mlw=0.0000]
epoch 17 step 2060  loss=0.074188  lr=5.29e-06  [rmse=0.0502 h1=0.0000 ssim=0.0053 mlw=0.0000]
epoch 17 step 2070  loss=0.078439  lr=5.11e-06  [rmse=0.0281 h1=0.0001 ssim=0.0086 mlw=0.0000]
epoch 17 step 2080  loss=0.079870  lr=4.92e-06  [rmse=0.1782 h1=0.0002 ssim=0.0166 mlw=0.0000]
epoch 17 step 2090  loss=0.077969  lr=4.74e-06  [rmse=0.0360 h1=0.0001 ssim=0.0065 mlw=0.0000]
epoch 17 step 2100  loss=0.079158  lr=4.57e-06  [rmse=0.0376 h1=0.0001 ssim=0.0129 mlw=0.0000]
epoch 17 step 2110  loss=0.081695  lr=4.39e-06  [rmse=0.0900 h1=0.0001 ssim=0.0099 mlw=0.0000]
epoch 17 step 2120  loss=0.080463  lr=4.23e-06  [rmse=0.1012 h1=0.0002 ssim=0.0221 mlw=0.0000]
INFO     [rank 0] Loss weights: rmse=1.0000, h1=50.0000,      vae_trainer.py:975
         ssim=0.0000, mlw=0.0000                                                
INFO     [rank 0] Epoch 17: train_loss=0.079690              vae_trainer.py:1014
         val_loss=0.066219  val_VRMSE=0.404874                                  
         val_VRMSE_chmean=0.471248  lr=4.14e-06                                 
INFO     [rank 0] Metrics updated: metrics/metrics.csv,      vae_trainer.py:1041
         metrics/loss_curves.png                                                
INFO     [rank 0] New best checkpoint (epoch 17,             vae_trainer.py:1362
         val_vrmse=0.404874):                                                   
         checkpoints/vae_shockwave_best.safetensors                             
INFO     [rank 0] Training state saved:                      vae_trainer.py:1438
         checkpoints/vae_shockwave_last.state.pt                                
INFO     [rank 0] Epoch 17 timing: train=2262.7s eval=78.9s  vae_trainer.py:1076
         viz=0.0s ckpt=5.2s total=2347.4s                                       
epoch 18 step 2130  loss=0.078263  lr=4.06e-06  [rmse=0.0504 h1=0.0002 ssim=0.0172 mlw=0.0000]
epoch 18 step 2140  loss=0.083526  lr=3.90e-06  [rmse=0.0486 h1=0.0000 ssim=0.0069 mlw=0.0000]
epoch 18 step 2150  loss=0.076877  lr=3.75e-06  [rmse=0.0552 h1=0.0000 ssim=0.0054 mlw=0.0000]
epoch 18 step 2160  loss=0.084065  lr=3.59e-06  [rmse=0.0607 h1=0.0001 ssim=0.0079 mlw=0.0000]
epoch 18 step 2170  loss=0.080417  lr=3.45e-06  [rmse=0.0956 h1=0.0002 ssim=0.0134 mlw=0.0000]
epoch 18 step 2180  loss=0.075807  lr=3.30e-06  [rmse=0.0469 h1=0.0000 ssim=0.0076 mlw=0.0000]
epoch 18 step 2190  loss=0.073369  lr=3.16e-06  [rmse=0.0868 h1=0.0002 ssim=0.0170 mlw=0.0000]
epoch 18 step 2200  loss=0.075315  lr=3.03e-06  [rmse=0.0637 h1=0.0000 ssim=0.0057 mlw=0.0000]
epoch 18 step 2210  loss=0.075266  lr=2.90e-06  [rmse=0.0777 h1=0.0001 ssim=0.0109 mlw=0.0000]
epoch 18 step 2220  loss=0.076454  lr=2.77e-06  [rmse=0.1512 h1=0.0001 ssim=0.0130 mlw=0.0000]
epoch 18 step 2230  loss=0.077570  lr=2.65e-06  [rmse=0.0409 h1=0.0001 ssim=0.0102 mlw=0.0000]
epoch 18 step 2240  loss=0.077168  lr=2.53e-06  [rmse=0.0963 h1=0.0002 ssim=0.0167 mlw=0.0000]
epoch 18 step 2250  loss=0.077671  lr=2.41e-06  [rmse=0.0338 h1=0.0001 ssim=0.0078 mlw=0.0000]
INFO     [rank 0] Loss weights: rmse=1.0000, h1=50.0000,      vae_trainer.py:975
         ssim=0.0000, mlw=0.0000                                                
INFO     [rank 0] Epoch 18: train_loss=0.077671              vae_trainer.py:1014
         val_loss=0.066134  val_VRMSE=0.404554                                  
         val_VRMSE_chmean=0.471127  lr=2.41e-06                                 
INFO     [rank 0] Metrics updated: metrics/metrics.csv,      vae_trainer.py:1041
         metrics/loss_curves.png                                                
INFO     [rank 0] New best checkpoint (epoch 18,             vae_trainer.py:1362
         val_vrmse=0.404554):                                                   
         checkpoints/vae_shockwave_best.safetensors                             
INFO     [rank 0] Training state saved:                      vae_trainer.py:1438
         checkpoints/vae_shockwave_last.state.pt                                
INFO     [rank 0] Epoch 18 timing: train=2265.8s eval=77.7s  vae_trainer.py:1076
         viz=0.0s ckpt=5.4s total=2349.6s                                       
epoch 19 step 2260  loss=0.064283  lr=2.30e-06  [rmse=0.0703 h1=0.0002 ssim=0.0191 mlw=0.0000]
epoch 19 step 2270  loss=0.071339  lr=2.20e-06  [rmse=0.0899 h1=0.0001 ssim=0.0088 mlw=0.0000]
epoch 19 step 2280  loss=0.069234  lr=2.10e-06  [rmse=0.0622 h1=0.0001 ssim=0.0091 mlw=0.0000]
epoch 19 step 2290  loss=0.069105  lr=2.00e-06  [rmse=0.0365 h1=0.0001 ssim=0.0084 mlw=0.0000]
epoch 19 step 2300  loss=0.067766  lr=1.91e-06  [rmse=0.0631 h1=0.0001 ssim=0.0132 mlw=0.0000]
epoch 19 step 2310  loss=0.068542  lr=1.82e-06  [rmse=0.0484 h1=0.0002 ssim=0.0139 mlw=0.0000]
epoch 19 step 2320  loss=0.069517  lr=1.74e-06  [rmse=0.1529 h1=0.0003 ssim=0.0284 mlw=0.0000]
epoch 19 step 2330  loss=0.068670  lr=1.66e-06  [rmse=0.0508 h1=0.0001 ssim=0.0084 mlw=0.0000]
epoch 19 step 2340  loss=0.068612  lr=1.58e-06  [rmse=0.0541 h1=0.0000 ssim=0.0071 mlw=0.0000]
epoch 19 step 2350  loss=0.067707  lr=1.51e-06  [rmse=0.0382 h1=0.0001 ssim=0.0092 mlw=0.0000]
epoch 19 step 2360  loss=0.068444  lr=1.45e-06  [rmse=0.0724 h1=0.0001 ssim=0.0135 mlw=0.0000]
epoch 19 step 2370  loss=0.069870  lr=1.39e-06  [rmse=0.2264 h1=0.0002 ssim=0.0207 mlw=0.0000]
INFO     [rank 0] Loss weights: rmse=1.0000, h1=50.0000,      vae_trainer.py:975
         ssim=0.0000, mlw=0.0000                                                
INFO     [rank 0] Epoch 19: train_loss=0.069881              vae_trainer.py:1014
         val_loss=0.066096  val_VRMSE=0.404253                                  
         val_VRMSE_chmean=0.469364  lr=1.36e-06                                 
INFO     [rank 0] Metrics updated: metrics/metrics.csv,      vae_trainer.py:1041
         metrics/loss_curves.png                                                
INFO     [rank 0] New best checkpoint (epoch 19,             vae_trainer.py:1362
         val_vrmse=0.404253):                                                   
         checkpoints/vae_shockwave_best.safetensors                             
INFO     [rank 0] Training state saved:                      vae_trainer.py:1438
         checkpoints/vae_shockwave_last.state.pt                                
INFO     [rank 0] Epoch 19 timing: train=2262.7s eval=79.1s  vae_trainer.py:1076
         viz=0.0s ckpt=5.5s total=2347.9s                                       
epoch 20 step 2380  loss=0.064080  lr=1.33e-06  [rmse=0.0378 h1=0.0000 ssim=0.0065 mlw=0.0000]
epoch 20 step 2390  loss=0.069080  lr=1.28e-06  [rmse=0.0331 h1=0.0000 ssim=0.0053 mlw=0.0000]
epoch 20 step 2400  loss=0.074036  lr=1.23e-06  [rmse=0.0662 h1=0.0002 ssim=0.0184 mlw=0.0000]
epoch 20 step 2410  loss=0.068420  lr=1.18e-06  [rmse=0.0448 h1=0.0000 ssim=0.0061 mlw=0.0000]
epoch 20 step 2420  loss=0.071432  lr=1.15e-06  [rmse=0.1104 h1=0.0002 ssim=0.0189 mlw=0.0000]
epoch 20 step 2430  loss=0.070832  lr=1.11e-06  [rmse=0.0549 h1=0.0002 ssim=0.0172 mlw=0.0000]
epoch 20 step 2440  loss=0.071774  lr=1.08e-06  [rmse=0.0385 h1=0.0000 ssim=0.0059 mlw=0.0000]
epoch 20 step 2450  loss=0.071992  lr=1.06e-06  [rmse=0.1324 h1=0.0002 ssim=0.0149 mlw=0.0000]
epoch 20 step 2460  loss=0.074027  lr=1.04e-06  [rmse=0.0346 h1=0.0000 ssim=0.0047 mlw=0.0000]
epoch 20 step 2470  loss=0.073292  lr=1.02e-06  [rmse=0.0562 h1=0.0002 ssim=0.0127 mlw=0.0000]
epoch 20 step 2480  loss=0.074454  lr=1.01e-06  [rmse=0.1097 h1=0.0001 ssim=0.0136 mlw=0.0000]
epoch 20 step 2490  loss=0.074896  lr=1.00e-06  [rmse=0.0435 h1=0.0000 ssim=0.0042 mlw=0.0000]
epoch 20 step 2500  loss=0.075095  lr=1.00e-06  [rmse=0.0365 h1=0.0001 ssim=0.0063 mlw=0.0000]
INFO     [rank 0] Loss weights: rmse=1.0000, h1=50.0000,      vae_trainer.py:975
         ssim=0.0000, mlw=0.0000                                                
INFO     [rank 0] Epoch 20: train_loss=0.075095              vae_trainer.py:1014
         val_loss=0.066050  val_VRMSE=0.404182                                  
         val_VRMSE_chmean=0.469109  lr=1.00e-06                                 
INFO     [rank 0] Metrics updated: metrics/metrics.csv,      vae_trainer.py:1041
         metrics/loss_curves.png                                                
INFO     [rank 0] Saved 12 validation reconstruction PNGs    vae_trainer.py:1263
         for epoch 20                                                           
INFO     [rank 0] New best checkpoint (epoch 20,             vae_trainer.py:1362
         val_vrmse=0.404182):                                                   
         checkpoints/vae_shockwave_best.safetensors                             
INFO     [rank 0] Training state saved:                      vae_trainer.py:1438
         checkpoints/vae_shockwave_last.state.pt                                
INFO     [rank 0] Epoch 20 timing: train=2256.8s eval=78.6s  vae_trainer.py:1076
         viz=23.1s ckpt=5.6s total=2364.7s                                      
╭──────────────────────────────────────────────────────────────────────────────╮
╰──────────────────────────────────────────────────────────────────────────────╯INFO     [rank 0] Training state saved:                      vae_trainer.py:1438
         checkpoints/vae_shockwave_last.state.pt                                
INFO     [rank 0] Best epoch: 20 (val_vrmse=0.404182)        vae_trainer.py:1094
INFO     [rank 0] Run finished: removed                      vae_trainer.py:1112
         ['vae_shockwave_last.safetensors',                                     
         'vae_shockwave_last.state.pt'] (kept only                              
         vae_shockwave_best.safetensors)                                        

Training complete. Checkpoint: 
/hppfs/scratch/0D/go76fuz2/windinet/finetune_vae_outputs_sng_pvc/finetune_vae_ch
6_color_adapter_nossim_256res/checkpoints/vae_shockwave_best.safetensors
Mirrored (excl. checkpoints/) to finetune_vae_outputs/sng_pvc/finetune_vae_ch6_color_adapter_nossim_256res
END TIME: Fri 25 Sep 2026 08:46:43 AM CEST
end_time=2026-09-25T08:46:43+02:00 elapsed=47678s
