START TIME: Thu 24 Sep 2026 07:32:05 PM CEST
job=545284 node=i20r01c04s04
start_time=2026-09-24T19:32:06+02:00
+-----------+--------------------------------------------------------------------------------------+
| Device ID | Device Information                                                                   |
+-----------+--------------------------------------------------------------------------------------+
| 0         | Device Name: Intel(R) Data Center GPU Max 1550                                       |
|           | Vendor Name: Intel(R) Corporation                                                    |
|           | SOC UUID: 00000000-0000-003a-0000-002f0bd58086                                       |
|           | PCI BDF Address: 0000:3a:00.0                                                        |
|           | DRM Device: /dev/dri/card0                                                           |
|           | Function Type: physical                                                              |
+-----------+--------------------------------------------------------------------------------------+
| 1         | Device Name: Intel(R) Data Center GPU Max 1550                                       |
|           | Vendor Name: Intel(R) Corporation                                                    |
|           | SOC UUID: 00000000-0000-004b-0000-002f0bd58086                                       |
|           | PCI BDF Address: 0000:4b:00.0                                                        |
|           | DRM Device: /dev/dri/card1                                                           |
|           | Function Type: physical                                                              |
+-----------+--------------------------------------------------------------------------------------+
| 2         | Device Name: Intel(R) Data Center GPU Max 1550                                       |
|           | Vendor Name: Intel(R) Corporation                                                    |
|           | SOC UUID: 00000000-0000-00ca-0000-002f0bd58086                                       |
|           | PCI BDF Address: 0000:ca:00.0                                                        |
|           | DRM Device: /dev/dri/card2                                                           |
|           | Function Type: physical                                                              |
+-----------+--------------------------------------------------------------------------------------+
| 3         | Device Name: Intel(R) Data Center GPU Max 1550                                       |
|           | Vendor Name: Intel(R) Corporation                                                    |
|           | SOC UUID: 00000000-0000-00da-0000-002f0bd58086                                       |
|           | PCI BDF Address: 0000:da:00.0                                                        |
|           | DRM Device: /dev/dri/card3                                                           |
|           | Function Type: physical                                                              |
+-----------+--------------------------------------------------------------------------------------+
VAE_CHECKPOINT: /hppfs/scratch/0D/go76fuz2/windinet/finetune_vae_outputs_sng_pvc/finetune_vae_ch6_unfinetuned_256res/checkpoints/vae_shockwave_last.safetensors
DATA_ROOT: /hppfs/scratch/0D/go76fuz2/windinet/euler_mq_dataset/256x256_ds/train.h5
OUTPUT_NAME: finetune_vae_ch6_unfinetuned_256res -> /hppfs/scratch/0D/go76fuz2/windinet/dit_preprocessed/finetune_vae_ch6_unfinetuned_256res
INFO     Found 4500 samples in                         preprocess_dataset.py:194
         /hppfs/scratch/0D/go76fuz2/windinet/euler_mq_                          
         dataset/256x256_ds/train.h5                                            
INFO     Split (seed=42): 4000 train, 500 val ->       preprocess_dataset.py:214
         /hppfs/scratch/0D/go76fuz2/windinet/dit_prepr                          
         ocessed/finetune_vae_ch6_unfinetuned_256res/v                          
         al                                                                     
INFO     Loading inflated VAE (LTXV_2B_0.9.6_DEV) +    preprocess_dataset.py:228
         checkpoint                                                             
         /hppfs/scratch/0D/go76fuz2/windinet/finetune_                          
         vae_outputs_sng_pvc/finetune_vae_ch6_unfinetu                          
         ned_256res/checkpoints/vae_shockwave_last.saf                          
         etensors...                                                            
