START TIME: Thu 24 Sep 2026 07:32:05 PM CEST
job=545277 node=i20r06c04s02
start_time=2026-09-24T19:32:05+02:00
+-----------+--------------------------------------------------------------------------------------+
| Device ID | Device Information                                                                   |
+-----------+--------------------------------------------------------------------------------------+
| 0         | Device Name: Intel(R) Data Center GPU Max 1550                                       |
|           | Vendor Name: Intel(R) Corporation                                                    |
|           | SOC UUID: 00000000-0000-003a-0000-002f0bd58086                                       |
|           | PCI BDF Address: 0000:3a:00.0                                                        |
|           | DRM Device: /dev/dri/card0                                                           |
|           | Function Type: physical                                                              |
+-----------+--------------------------------------------------------------------------------------+
| 1         | Device Name: Intel(R) Data Center GPU Max 1550                                       |
|           | Vendor Name: Intel(R) Corporation                                                    |
|           | SOC UUID: 00000000-0000-004b-0000-002f0bd58086                                       |
|           | PCI BDF Address: 0000:4b:00.0                                                        |
|           | DRM Device: /dev/dri/card1                                                           |
|           | Function Type: physical                                                              |
+-----------+--------------------------------------------------------------------------------------+
| 2         | Device Name: Intel(R) Data Center GPU Max 1550                                       |
|           | Vendor Name: Intel(R) Corporation                                                    |
|           | SOC UUID: 00000000-0000-00ca-0000-002f0bd58086                                       |
|           | PCI BDF Address: 0000:ca:00.0                                                        |
|           | DRM Device: /dev/dri/card2                                                           |
|           | Function Type: physical                                                              |
+-----------+--------------------------------------------------------------------------------------+
| 3         | Device Name: Intel(R) Data Center GPU Max 1550                                       |
|           | Vendor Name: Intel(R) Corporation                                                    |
|           | SOC UUID: 00000000-0000-00da-0000-002f0bd58086                                       |
|           | PCI BDF Address: 0000:da:00.0                                                        |
|           | DRM Device: /dev/dri/card3                                                           |
|           | Function Type: physical                                                              |
+-----------+--------------------------------------------------------------------------------------+
MASTER_ADDR: i20r06c04s02  MASTER_PORT: 59923
8 XPU tiles x batch_size 4 x accum 1 -> effective batch 32; output_dir /hppfs/scratch/0D/go76fuz2/windinet/finetune_vae_outputs_sng_pvc/finetune_vae_ch6_decoder_only_nossim_256res
INFO     [rank 4] Failed to extract font properties from    font_manager.py:1107
         /usr/share/fonts/truetype/Cantarell-VF.otf: Can                        
         not load face (SFNT font table missing; error code                     
         0x8e)                                                                  
INFO     [rank 6] Failed to extract font properties from    font_manager.py:1107
         /usr/share/fonts/truetype/Cantarell-VF.otf: Can                        
         not load face (SFNT font table missing; error code                     
         0x8e)                                                                  
INFO     [rank 6] generated new fontManager                 font_manager.py:1639
INFO     [rank 7] Failed to extract font properties from    font_manager.py:1107
         /usr/share/fonts/truetype/Cantarell-VF.otf: Can                        
         not load face (SFNT font table missing; error code                     
         0x8e)                                                                  
INFO     [rank 0] Failed to extract font properties from    font_manager.py:1107
         /usr/share/fonts/truetype/Cantarell-VF.otf: Can                        
         not load face (SFNT font table missing; error code                     
         0x8e)                                                                  
INFO     [rank 1] Failed to extract font properties from    font_manager.py:1107
         /usr/share/fonts/truetype/Cantarell-VF.otf: Can                        
         not load face (SFNT font table missing; error code                     
         0x8e)                                                                  
INFO     [rank 5] Failed to extract font properties from    font_manager.py:1107
         /usr/share/fonts/truetype/Cantarell-VF.otf: Can                        
         not load face (SFNT font table missing; error code                     
         0x8e)                                                                  
INFO     [rank 4] generated new fontManager                 font_manager.py:1639
INFO     [rank 3] Failed to extract font properties from    font_manager.py:1107
         /usr/share/fonts/truetype/Cantarell-VF.otf: Can                        
         not load face (SFNT font table missing; error code                     
         0x8e)                                                                  
INFO     [rank 2] Failed to extract font properties from    font_manager.py:1107
         /usr/share/fonts/truetype/Cantarell-VF.otf: Can                        
         not load face (SFNT font table missing; error code                     
         0x8e)                                                                  
INFO     [rank 7] generated new fontManager                 font_manager.py:1639
INFO     [rank 1] generated new fontManager                 font_manager.py:1639
INFO     [rank 5] generated new fontManager                 font_manager.py:1639
INFO     [rank 2] generated new fontManager                 font_manager.py:1639
INFO     [rank 0] generated new fontManager                 font_manager.py:1639
INFO     [rank 3] generated new fontManager                 font_manager.py:1639
                          VAE Finetuning Configuration                          
┏━━━━━━━━━━━━━━━━━━━━━━━━━━━━━━━━━━━━━━━┳━━━━━━━━━━━━━━━━━━━━━━━━━━━━━━━━━━━━━━┓
┃ Parameter                             ┃ Value                                ┃
┡━━━━━━━━━━━━━━━━━━━━━━━━━━━━━━━━━━━━━━━╇━━━━━━━━━━━━━━━━━━━━━━━━━━━━━━━━━━━━━━┩
│ model.model_source                    │ LTXV_2B_0.9.6_DEV                    │
│ model.load_checkpoint                 │ None                                 │
│ adapter.enabled                       │ True                                 │
│ adapter.checkpoint                    │ None                                 │
│ adapter.channels                      │ ['density', 'momentum_x',            │
│                                       │ 'momentum_y', 'pressure']            │
│ adapter.mode                          │ inflate                              │
│ adapter.inflate_init                  │ zeros                                │
│ adapter.inflate_copy_channel          │ None                                 │
│ adapter.freeze_conv_in                │ True                                 │
│ adapter.unfreeze_encoder_trunk        │ False                                │
│ adapter.hidden_channels               │ 32                                   │
│ adapter.activation                    │ gelu                                 │
│ adapter.identity_init                 │ False                                │
│ adapter.default_temb                  │ 0.0                                  │
│ data.data_root                        │ /hppfs/scratch/0D/go76fuz2/windinet… │
│ data.eval_sims                        │ 500                                  │
│ data.num_dataloader_workers           │ 4                                    │
│ data.num_sim_frames                   │ None                                 │
│ data.overfit_sims                     │ None                                 │
│ data.overfit_repeat                   │ 1                                    │
│ data.channel_mean                     │ [0.9050976477108856,                 │
│                                       │ 0.004045365949982484,                │
│                                       │ -0.0019089379638760548, 0.9          │
│ data.channel_std                      │ [0.6618199912434938,                 │
│                                       │ 0.5335233432828087,                  │
│                                       │ 0.5268940723644505, 0.8053303        │
│ data.normalization_stats_file         │ None                                 │
│ data.normalization_clip               │ 5.0                                  │
│ data.channel_order                    │ ['density', 'momentum_x',            │
│                                       │ 'momentum_y', 'pressure']            │
│ data.log_transform_channels           │ []                                   │
│ optimization.learning_rate            │ 5e-05                                │
│ optimization.min_learning_rate        │ 1e-06                                │
│ optimization.scheduler_type           │ cosine                               │
│ optimization.stable_fraction          │ 0.7                                  │
│ optimization.stable_end_epoch         │ None                                 │
│ optimization.plateau_factor           │ 0.5                                  │
│ optimization.plateau_patience         │ 3                                    │
│ optimization.plateau_threshold        │ 0.0001                               │
│ optimization.epochs                   │ 20                                   │
│ optimization.batch_size               │ 4                                    │
│ optimization.gradient_accumulation_s… │ 1                                    │
│ optimization.max_grad_norm            │ 5.0                                  │
│ optimization.weight_decay             │ 0.0                                  │
│ optimization.warmup_steps             │ 200                                  │
│ optimization.warmup_start_factor      │ 0.01                                 │
│ optimization.enable_gradient_checkpo… │ True                                 │
│ loss.wavelet                          │ db2                                  │
│ loss.spatial_level                    │ 2                                    │
│ loss.temporal_level                   │ 2                                    │
│ loss.mlw_beta                         │ 10.0                                 │
│ loss.mlw_eps                          │ 1e-06                                │
│ loss_weighting.strategy               │ fixed                                │
│ loss_weighting.weights                │ {'rmse': 1.0, 'h1': 50.0, 'ssim':    │
│                                       │ 0.0, 'mlw': 0.0}                     │
│ loss_weighting.loss_names             │ ['rmse', 'h1', 'ssim', 'mlw']        │
│ loss_weighting.alpha                  │ 1.5                                  │
│ loss_weighting.weight_lr              │ 0.025                                │
│ loss_weighting.temperature            │ 0.1                                  │
│ sds.enabled                           │ False                                │
│ sds.model_source                      │ LTXV_13B_097_DEV                     │
│ sds.dit_checkpoint                    │ None                                 │
│ sds.untrained_dit                     │ False                                │
│ sds.scalar_conditioning.enabled       │ True                                 │
│ sds.scalar_conditioning.scalar_names  │ ['gamma']                            │
│ sds.scalar_conditioning.scalar_ranges │ {'gamma': (1.0, 2.0)}                │
│ sds.scalar_conditioning.embedding_dim │ 4096                                 │
│ sds.scalar_conditioning.num_tokens_p… │ 4                                    │
│ sds.scalar_conditioning.fourier_feat… │ 64                                   │
│ sds.scalar_conditioning.mlp_hidden_d… │ 256                                  │
│ sds.scalar_conditioning.dropout       │ 0.1                                  │
│ sds.timestep_sampling_mode            │ shifted_logit_normal                 │
│ sds.timestep_sampling_params          │ {}                                   │
│ visualization.enabled                 │ True                                 │
│ visualization.interval_epochs         │ 4                                    │
│ visualization.num_samples             │ 3                                    │
│ visualization.frame_numbers           │ [25, 50, 75, 100]                    │
│ visualization.dpi                     │ 150                                  │
│ acceleration.mixed_precision_mode     │ bf16                                 │
│ acceleration.compile_with_inductor    │ False                                │
│ acceleration.compilation_mode         │ reduce-overhead                      │
│ checkpoints.interval                  │ 1                                    │
│ checkpoints.keep_last_n               │ 1                                    │
│ checkpoints.save_best_only            │ True                                 │
│ checkpoints.best_metric               │ val_vrmse                            │
│ checkpoints.save_last_state           │ True                                 │
│ checkpoints.save_epochs               │ []                                   │
│ wandb.enabled                         │ False                                │
│ wandb.project                         │ windinet                             │
│ wandb.entity                          │ None                                 │
│ wandb.tags                            │ ['vae', 'inflate', 'zeros-init',     │
│                                       │ 'cosine', '20ep', 'shockwave-cfd',   │
│                                       │ 'c                                   │
│ seed                                  │ 42                                   │
│ output_dir                            │ /hppfs/scratch/0D/go76fuz2/windinet… │
│ clean_output_dir                      │ True                                 │
│ resume_from                           │ None                                 │
│ resume_weights_only                   │ False                                │
└───────────────────────────────────────┴──────────────────────────────────────┘
INFO     [rank 0] Distributed training: 8 processes          vae_trainer.py:1484
INFO     [rank 0] VAE inflated to 4 native channels           vae_trainer.py:206
         (init=zeros); encoder.conv_in is trainable                             
INFO     [rank 0] encoder.conv_in FROZEN                      vae_trainer.py:245
         (freeze_conv_in=true): decoder-only refinement. The                    
         latent space is unchanged, so existing latents and                     
         any DiT trained on them remain valid and this VAE                      
         can be swapped in at inference.                                        
INFO     [rank 0] Encoder extra modules (down_blocks/tail)    vae_trainer.py:269
         FROZEN (unfreeze_encoder_trunk=false)                                  
INFO     [rank 0] VAE gradient checkpointing enabled          vae_trainer.py:274
INFO     [rank 0] VAE loaded. Decoder params: 552,869,953     vae_trainer.py:280
INFO     [rank 0] Trainable parameters: encoder_conv_in=0,    vae_trainer.py:351
         encoder_extra=0, decoder=552,869,953, in_adapter=0,                    
         out_adapter=0                                                          
INFO     [rank 0] Dataset: 4000 train, 500 eval samples       vae_trainer.py:615
INFO     [rank 0] LR schedule 'cosine': 2500 steps (200       vae_trainer.py:741
         warmup, 0 stable, 2300 anneal), peak 5.00e-05 ->                       
         floor 1.00e-06                                                         
2026:09:24-19:43:09:51751 |CCL_WARN| value of CCL_ATL_TRANSPORT changed to be ofi (default:mpi)
2026:09:24-19:43:09:51751 |CCL_WARN| value of CCL_ALLREDUCE changed to be ring (default:)
2026:09:24-19:43:09:51753 |CCL_WARN| could not get local_idx/count from environment variables, trying to get them from ATL2026:09:24-19:43:09:51751 |CCL_WARN| could not get local_idx/count from environment variables, trying to get them from ATL

2026:09:24-19:43:09:51752 |CCL_WARN| could not get local_idx/count from environment variables, trying to get them from ATL
2026:09:24-19:43:09:51754 |CCL_WARN| could not get local_idx/count from environment variables, trying to get them from ATL
2026:09:24-19:43:10:51755 |CCL_WARN| could not get local_idx/count from environment variables, trying to get them from ATL
2026:09:24-19:43:10:51756 |CCL_WARN| could not get local_idx/count from environment variables, trying to get them from ATL
2026:09:24-19:43:10:51757 |CCL_WARN| could not get local_idx/count from environment variables, trying to get them from ATL
2026:09:24-19:43:11:51758 |CCL_WARN| could not get local_idx/count from environment variables, trying to get them from ATL
INFO     [rank 0] Config saved:                              vae_trainer.py:1516
         /hppfs/scratch/0D/go76fuz2/windinet/finetune_vae_ou                    
         tputs_sng_pvc/finetune_vae_ch6_decoder_only_nossim_                    
         256res/training_config.yaml                                            
INFO     [rank 0] Starting VAE decoder finetuning...          vae_trainer.py:795
epoch 1 step 10  loss=0.103639  lr=2.98e-06  [rmse=0.0653 h1=0.0001 ssim=0.0076 mlw=0.0000]
epoch 1 step 20  loss=0.104023  lr=5.45e-06  [rmse=0.1424 h1=0.0001 ssim=0.0173 mlw=0.0000]
epoch 1 step 30  loss=0.092866  lr=7.93e-06  [rmse=0.0941 h1=0.0003 ssim=0.0210 mlw=0.0000]
epoch 1 step 40  loss=0.095988  lr=1.04e-05  [rmse=0.1654 h1=0.0004 ssim=0.0317 mlw=0.0000]
epoch 1 step 50  loss=0.088151  lr=1.29e-05  [rmse=0.0429 h1=0.0001 ssim=0.0108 mlw=0.0000]
epoch 1 step 60  loss=0.083332  lr=1.54e-05  [rmse=0.1028 h1=0.0001 ssim=0.0101 mlw=0.0000]
epoch 1 step 70  loss=0.081054  lr=1.78e-05  [rmse=0.0720 h1=0.0007 ssim=0.0517 mlw=0.0000]
epoch 1 step 80  loss=0.077669  lr=2.03e-05  [rmse=0.0565 h1=0.0001 ssim=0.0188 mlw=0.0000]
epoch 1 step 90  loss=0.077173  lr=2.28e-05  [rmse=0.0791 h1=0.0003 ssim=0.0281 mlw=0.0000]
epoch 1 step 100  loss=0.074487  lr=2.53e-05  [rmse=0.0316 h1=0.0002 ssim=0.0164 mlw=0.0000]
epoch 1 step 110  loss=0.072646  lr=2.77e-05  [rmse=0.0346 h1=0.0001 ssim=0.0123 mlw=0.0000]
epoch 1 step 120  loss=0.072202  lr=3.02e-05  [rmse=0.0739 h1=0.0003 ssim=0.0218 mlw=0.0000]
INFO     [rank 0] Loss weights: rmse=1.0000, h1=50.0000,      vae_trainer.py:975
         ssim=0.0000, mlw=0.0000                                                
INFO     [rank 0] Epoch 1: train_loss=0.074011               vae_trainer.py:1014
         val_loss=0.628987  val_VRMSE=1.466708                                  
         val_VRMSE_chmean=2.027001  lr=3.14e-05                                 
INFO     [rank 0] Metrics updated: metrics/metrics.csv,      vae_trainer.py:1041
         metrics/loss_curves.png                                                
INFO     [rank 0] New best checkpoint (epoch 1,              vae_trainer.py:1362
         val_vrmse=1.466708):                                                   
         checkpoints/vae_shockwave_best.safetensors                             
INFO     [rank 0] Training state saved:                      vae_trainer.py:1438
         checkpoints/vae_shockwave_last.state.pt                                
INFO     [rank 0] Epoch 1 timing: train=1424.2s eval=79.1s   vae_trainer.py:1076
         viz=0.0s ckpt=5.6s total=1510.3s                                       
epoch 2 step 130  loss=0.316897  lr=3.27e-05  [rmse=0.0639 h1=0.0001 ssim=0.0097 mlw=0.0000]
epoch 2 step 140  loss=0.164584  lr=3.52e-05  [rmse=0.2630 h1=0.0004 ssim=0.0402 mlw=0.0000]
epoch 2 step 150  loss=0.141529  lr=3.76e-05  [rmse=0.0725 h1=0.0002 ssim=0.0244 mlw=0.0000]
epoch 2 step 160  loss=0.118946  lr=4.01e-05  [rmse=0.0276 h1=0.0001 ssim=0.0083 mlw=0.0000]
epoch 2 step 170  loss=0.109203  lr=4.26e-05  [rmse=0.0365 h1=0.0001 ssim=0.0196 mlw=0.0000]
epoch 2 step 180  loss=0.110246  lr=4.51e-05  [rmse=0.0733 h1=0.0005 ssim=0.0341 mlw=0.0000]
epoch 2 step 190  loss=0.106237  lr=4.75e-05  [rmse=0.0389 h1=0.0001 ssim=0.0068 mlw=0.0000]
epoch 2 step 200  loss=0.101816  lr=5.00e-05  [rmse=0.0717 h1=0.0002 ssim=0.0240 mlw=0.0000]
epoch 2 step 210  loss=0.100006  lr=5.00e-05  [rmse=0.0289 h1=0.0001 ssim=0.0101 mlw=0.0000]
epoch 2 step 220  loss=0.097427  lr=5.00e-05  [rmse=0.0938 h1=0.0002 ssim=0.0184 mlw=0.0000]
epoch 2 step 230  loss=0.093370  lr=5.00e-05  [rmse=0.0428 h1=0.0001 ssim=0.0114 mlw=0.0000]
epoch 2 step 240  loss=0.092562  lr=5.00e-05  [rmse=0.1421 h1=0.0001 ssim=0.0201 mlw=0.0000]
epoch 2 step 250  loss=0.092435  lr=4.99e-05  [rmse=0.0361 h1=0.0001 ssim=0.0094 mlw=0.0000]
INFO     [rank 0] Loss weights: rmse=1.0000, h1=50.0000,      vae_trainer.py:975
         ssim=0.0000, mlw=0.0000                                                
INFO     [rank 0] Epoch 2: train_loss=0.092435               vae_trainer.py:1014
         val_loss=0.059747  val_VRMSE=0.347283                                  
         val_VRMSE_chmean=0.480182  lr=4.99e-05                                 
INFO     [rank 0] Metrics updated: metrics/metrics.csv,      vae_trainer.py:1041
         metrics/loss_curves.png                                                
INFO     [rank 0] New best checkpoint (epoch 2,              vae_trainer.py:1362
         val_vrmse=0.347283):                                                   
         checkpoints/vae_shockwave_best.safetensors                             
INFO     [rank 0] Training state saved:                      vae_trainer.py:1438
         checkpoints/vae_shockwave_last.state.pt                                
INFO     [rank 0] Epoch 2 timing: train=1413.2s eval=78.3s   vae_trainer.py:1076
         viz=0.0s ckpt=5.4s total=1497.6s                                       
epoch 3 step 260  loss=0.081469  lr=4.99e-05  [rmse=0.0647 h1=0.0003 ssim=0.0238 mlw=0.0000]
epoch 3 step 270  loss=0.074556  lr=4.99e-05  [rmse=0.0278 h1=0.0001 ssim=0.0152 mlw=0.0000]
epoch 3 step 280  loss=0.069661  lr=4.99e-05  [rmse=0.0432 h1=0.0001 ssim=0.0090 mlw=0.0000]
epoch 3 step 290  loss=0.067742  lr=4.98e-05  [rmse=0.0346 h1=0.0001 ssim=0.0117 mlw=0.0000]
epoch 3 step 300  loss=0.063893  lr=4.98e-05  [rmse=0.0337 h1=0.0002 ssim=0.0127 mlw=0.0000]
epoch 3 step 310  loss=0.062727  lr=4.97e-05  [rmse=0.1052 h1=0.0002 ssim=0.0171 mlw=0.0000]
epoch 3 step 320  loss=0.060796  lr=4.97e-05  [rmse=0.0752 h1=0.0002 ssim=0.0179 mlw=0.0000]
epoch 3 step 330  loss=0.060254  lr=4.96e-05  [rmse=0.0857 h1=0.0003 ssim=0.0304 mlw=0.0000]
epoch 3 step 340  loss=0.060058  lr=4.96e-05  [rmse=0.0551 h1=0.0002 ssim=0.0167 mlw=0.0000]
epoch 3 step 350  loss=0.059995  lr=4.95e-05  [rmse=0.1317 h1=0.0002 ssim=0.0269 mlw=0.0000]
epoch 3 step 360  loss=0.060015  lr=4.94e-05  [rmse=0.0240 h1=0.0001 ssim=0.0090 mlw=0.0000]
epoch 3 step 370  loss=0.059645  lr=4.93e-05  [rmse=0.0366 h1=0.0001 ssim=0.0132 mlw=0.0000]
INFO     [rank 0] Loss weights: rmse=1.0000, h1=50.0000,      vae_trainer.py:975
         ssim=0.0000, mlw=0.0000                                                
INFO     [rank 0] Epoch 3: train_loss=0.059159               vae_trainer.py:1014
         val_loss=0.048898  val_VRMSE=0.289059                                  
         val_VRMSE_chmean=0.384548  lr=4.93e-05                                 
INFO     [rank 0] Metrics updated: metrics/metrics.csv,      vae_trainer.py:1041
         metrics/loss_curves.png                                                
INFO     [rank 0] New best checkpoint (epoch 3,              vae_trainer.py:1362
         val_vrmse=0.289059):                                                   
         checkpoints/vae_shockwave_best.safetensors                             
INFO     [rank 0] Training state saved:                      vae_trainer.py:1438
         checkpoints/vae_shockwave_last.state.pt                                
INFO     [rank 0] Epoch 3 timing: train=1411.1s eval=78.9s   vae_trainer.py:1076
         viz=0.0s ckpt=5.6s total=1496.2s                                       
epoch 4 step 380  loss=0.054190  lr=4.93e-05  [rmse=0.0250 h1=0.0001 ssim=0.0076 mlw=0.0000]
epoch 4 step 390  loss=0.071574  lr=4.92e-05  [rmse=0.0457 h1=0.0003 ssim=0.0222 mlw=0.0000]
epoch 4 step 400  loss=0.064556  lr=4.91e-05  [rmse=0.0269 h1=0.0001 ssim=0.0120 mlw=0.0000]
epoch 4 step 410  loss=0.058998  lr=4.90e-05  [rmse=0.0417 h1=0.0003 ssim=0.0208 mlw=0.0000]
epoch 4 step 420  loss=0.056774  lr=4.89e-05  [rmse=0.0272 h1=0.0001 ssim=0.0107 mlw=0.0000]
epoch 4 step 430  loss=0.057145  lr=4.88e-05  [rmse=0.1124 h1=0.0003 ssim=0.0191 mlw=0.0000]
epoch 4 step 440  loss=0.056756  lr=4.87e-05  [rmse=0.0484 h1=0.0001 ssim=0.0138 mlw=0.0000]
epoch 4 step 450  loss=0.057644  lr=4.86e-05  [rmse=0.0303 h1=0.0001 ssim=0.0110 mlw=0.0000]
epoch 4 step 460  loss=0.056151  lr=4.85e-05  [rmse=0.0229 h1=0.0000 ssim=0.0047 mlw=0.0000]
epoch 4 step 470  loss=0.054964  lr=4.84e-05  [rmse=0.0384 h1=0.0003 ssim=0.0174 mlw=0.0000]
epoch 4 step 480  loss=0.054797  lr=4.82e-05  [rmse=0.0499 h1=0.0001 ssim=0.0098 mlw=0.0000]
epoch 4 step 490  loss=0.053102  lr=4.81e-05  [rmse=0.0241 h1=0.0001 ssim=0.0102 mlw=0.0000]
epoch 4 step 500  loss=0.051850  lr=4.80e-05  [rmse=0.0179 h1=0.0000 ssim=0.0063 mlw=0.0000]
INFO     [rank 0] Loss weights: rmse=1.0000, h1=50.0000,      vae_trainer.py:975
         ssim=0.0000, mlw=0.0000                                                
INFO     [rank 0] Epoch 4: train_loss=0.051850               vae_trainer.py:1014
         val_loss=0.040302  val_VRMSE=0.223895                                  
         val_VRMSE_chmean=0.312009  lr=4.80e-05                                 
INFO     [rank 0] Metrics updated: metrics/metrics.csv,      vae_trainer.py:1041
         metrics/loss_curves.png                                                
INFO     [rank 0] Saved 12 validation reconstruction PNGs    vae_trainer.py:1263
         for epoch 4                                                            
INFO     [rank 0] New best checkpoint (epoch 4,              vae_trainer.py:1362
         val_vrmse=0.223895):                                                   
         checkpoints/vae_shockwave_best.safetensors                             
INFO     [rank 0] Training state saved:                      vae_trainer.py:1438
         checkpoints/vae_shockwave_last.state.pt                                
INFO     [rank 0] Epoch 4 timing: train=1410.9s eval=78.3s   vae_trainer.py:1076
         viz=24.2s ckpt=5.7s total=1519.6s                                      
epoch 5 step 510  loss=0.046573  lr=4.78e-05  [rmse=0.0511 h1=0.0003 ssim=0.0192 mlw=0.0000]
epoch 5 step 520  loss=0.052538  lr=4.77e-05  [rmse=0.0343 h1=0.0003 ssim=0.0173 mlw=0.0000]
epoch 5 step 530  loss=0.045303  lr=4.76e-05  [rmse=0.0181 h1=0.0001 ssim=0.0068 mlw=0.0000]
epoch 5 step 540  loss=0.042829  lr=4.74e-05  [rmse=0.0192 h1=0.0001 ssim=0.0072 mlw=0.0000]
epoch 5 step 550  loss=0.043513  lr=4.73e-05  [rmse=0.0337 h1=0.0001 ssim=0.0085 mlw=0.0000]
epoch 5 step 560  loss=0.042970  lr=4.71e-05  [rmse=0.0525 h1=0.0002 ssim=0.0109 mlw=0.0000]
epoch 5 step 570  loss=0.043773  lr=4.69e-05  [rmse=0.0293 h1=0.0001 ssim=0.0102 mlw=0.0000]
epoch 5 step 580  loss=0.045742  lr=4.68e-05  [rmse=0.0324 h1=0.0002 ssim=0.0198 mlw=0.0000]
epoch 5 step 590  loss=0.045368  lr=4.66e-05  [rmse=0.0218 h1=0.0001 ssim=0.0114 mlw=0.0000]
epoch 5 step 600  loss=0.045657  lr=4.64e-05  [rmse=0.0315 h1=0.0002 ssim=0.0224 mlw=0.0000]
epoch 5 step 610  loss=0.045640  lr=4.63e-05  [rmse=0.0636 h1=0.0004 ssim=0.0236 mlw=0.0000]
epoch 5 step 620  loss=0.044541  lr=4.61e-05  [rmse=0.0370 h1=0.0001 ssim=0.0072 mlw=0.0000]
INFO     [rank 0] Loss weights: rmse=1.0000, h1=50.0000,      vae_trainer.py:975
         ssim=0.0000, mlw=0.0000                                                
INFO     [rank 0] Epoch 5: train_loss=0.044229               vae_trainer.py:1014
         val_loss=0.041466  val_VRMSE=0.239119                                  
         val_VRMSE_chmean=0.351929  lr=4.60e-05                                 
INFO     [rank 0] Metrics updated: metrics/metrics.csv,      vae_trainer.py:1041
         metrics/loss_curves.png                                                
INFO     [rank 0] Training state saved:                      vae_trainer.py:1438
         checkpoints/vae_shockwave_last.state.pt                                
INFO     [rank 0] Epoch 5 timing: train=1411.0s eval=78.5s   vae_trainer.py:1076
         viz=0.0s ckpt=4.4s total=1494.5s                                       
epoch 6 step 630  loss=0.067490  lr=4.59e-05  [rmse=0.0902 h1=0.0002 ssim=0.0161 mlw=0.0000]
epoch 6 step 640  loss=0.051190  lr=4.57e-05  [rmse=0.0309 h1=0.0001 ssim=0.0107 mlw=0.0000]
epoch 6 step 650  loss=0.051212  lr=4.55e-05  [rmse=0.0392 h1=0.0003 ssim=0.0220 mlw=0.0000]
epoch 6 step 660  loss=0.049397  lr=4.53e-05  [rmse=0.0303 h1=0.0002 ssim=0.0194 mlw=0.0000]
epoch 6 step 670  loss=0.047464  lr=4.51e-05  [rmse=0.0265 h1=0.0001 ssim=0.0147 mlw=0.0000]
epoch 6 step 680  loss=0.046772  lr=4.49e-05  [rmse=0.0353 h1=0.0003 ssim=0.0187 mlw=0.0000]
epoch 6 step 690  loss=0.046418  lr=4.47e-05  [rmse=0.0352 h1=0.0001 ssim=0.0075 mlw=0.0000]
epoch 6 step 700  loss=0.046001  lr=4.45e-05  [rmse=0.0238 h1=0.0001 ssim=0.0065 mlw=0.0000]
epoch 6 step 710  loss=0.045502  lr=4.43e-05  [rmse=0.0206 h1=0.0000 ssim=0.0052 mlw=0.0000]
epoch 6 step 720  loss=0.047179  lr=4.41e-05  [rmse=0.0586 h1=0.0004 ssim=0.0291 mlw=0.0000]
epoch 6 step 730  loss=0.047934  lr=4.39e-05  [rmse=0.0356 h1=0.0002 ssim=0.0187 mlw=0.0000]
epoch 6 step 740  loss=0.049620  lr=4.36e-05  [rmse=0.0316 h1=0.0002 ssim=0.0117 mlw=0.0000]
epoch 6 step 750  loss=0.050767  lr=4.34e-05  [rmse=0.0231 h1=0.0001 ssim=0.0093 mlw=0.0000]
INFO     [rank 0] Loss weights: rmse=1.0000, h1=50.0000,      vae_trainer.py:975
         ssim=0.0000, mlw=0.0000                                                
INFO     [rank 0] Epoch 6: train_loss=0.050767               vae_trainer.py:1014
         val_loss=0.040843  val_VRMSE=0.219161                                  
         val_VRMSE_chmean=0.307884  lr=4.34e-05                                 
INFO     [rank 0] Metrics updated: metrics/metrics.csv,      vae_trainer.py:1041
         metrics/loss_curves.png                                                
INFO     [rank 0] New best checkpoint (epoch 6,              vae_trainer.py:1362
         val_vrmse=0.219161):                                                   
         checkpoints/vae_shockwave_best.safetensors                             
INFO     [rank 0] Training state saved:                      vae_trainer.py:1438
         checkpoints/vae_shockwave_last.state.pt                                
INFO     [rank 0] Epoch 6 timing: train=1408.2s eval=78.3s   vae_trainer.py:1076
         viz=0.0s ckpt=5.3s total=1492.4s                                       
epoch 7 step 760  loss=0.043266  lr=4.32e-05  [rmse=0.0375 h1=0.0003 ssim=0.0196 mlw=0.0000]
epoch 7 step 770  loss=0.053169  lr=4.29e-05  [rmse=0.1658 h1=0.0002 ssim=0.0198 mlw=0.0000]
epoch 7 step 780  loss=0.054094  lr=4.27e-05  [rmse=0.0322 h1=0.0001 ssim=0.0119 mlw=0.0000]
epoch 7 step 790  loss=0.053836  lr=4.25e-05  [rmse=0.0280 h1=0.0001 ssim=0.0083 mlw=0.0000]
epoch 7 step 800  loss=0.050262  lr=4.22e-05  [rmse=0.0191 h1=0.0001 ssim=0.0066 mlw=0.0000]
epoch 7 step 810  loss=0.048204  lr=4.20e-05  [rmse=0.0224 h1=0.0001 ssim=0.0077 mlw=0.0000]
epoch 7 step 820  loss=0.047514  lr=4.17e-05  [rmse=0.0246 h1=0.0001 ssim=0.0102 mlw=0.0000]
epoch 7 step 830  loss=0.045171  lr=4.15e-05  [rmse=0.0220 h1=0.0001 ssim=0.0117 mlw=0.0000]
epoch 7 step 840  loss=0.044924  lr=4.12e-05  [rmse=0.0235 h1=0.0000 ssim=0.0040 mlw=0.0000]
epoch 7 step 850  loss=0.044364  lr=4.10e-05  [rmse=0.0265 h1=0.0001 ssim=0.0087 mlw=0.0000]
epoch 7 step 860  loss=0.044126  lr=4.07e-05  [rmse=0.0331 h1=0.0000 ssim=0.0034 mlw=0.0000]
epoch 7 step 870  loss=0.044699  lr=4.04e-05  [rmse=0.0550 h1=0.0002 ssim=0.0155 mlw=0.0000]
INFO     [rank 0] Loss weights: rmse=1.0000, h1=50.0000,      vae_trainer.py:975
         ssim=0.0000, mlw=0.0000                                                
INFO     [rank 0] Epoch 7: train_loss=0.044369               vae_trainer.py:1014
         val_loss=0.036956  val_VRMSE=0.208976                                  
         val_VRMSE_chmean=0.299951  lr=4.03e-05                                 
INFO     [rank 0] Metrics updated: metrics/metrics.csv,      vae_trainer.py:1041
         metrics/loss_curves.png                                                
INFO     [rank 0] New best checkpoint (epoch 7,              vae_trainer.py:1362
         val_vrmse=0.208976):                                                   
         checkpoints/vae_shockwave_best.safetensors                             
INFO     [rank 0] Training state saved:                      vae_trainer.py:1438
         checkpoints/vae_shockwave_last.state.pt                                
INFO     [rank 0] Epoch 7 timing: train=1417.1s eval=79.2s   vae_trainer.py:1076
         viz=0.0s ckpt=6.1s total=1503.1s                                       
epoch 8 step 880  loss=0.031041  lr=4.02e-05  [rmse=0.0187 h1=0.0001 ssim=0.0062 mlw=0.0000]
epoch 8 step 890  loss=0.030101  lr=3.99e-05  [rmse=0.0286 h1=0.0002 ssim=0.0147 mlw=0.0000]
epoch 8 step 900  loss=0.031085  lr=3.96e-05  [rmse=0.0325 h1=0.0002 ssim=0.0179 mlw=0.0000]
epoch 8 step 910  loss=0.032105  lr=3.94e-05  [rmse=0.0347 h1=0.0000 ssim=0.0062 mlw=0.0000]
epoch 8 step 920  loss=0.034192  lr=3.91e-05  [rmse=0.0357 h1=0.0001 ssim=0.0101 mlw=0.0000]
epoch 8 step 930  loss=0.032369  lr=3.88e-05  [rmse=0.0134 h1=0.0000 ssim=0.0021 mlw=0.0000]
epoch 8 step 940  loss=0.032904  lr=3.85e-05  [rmse=0.0218 h1=0.0002 ssim=0.0113 mlw=0.0000]
epoch 8 step 950  loss=0.033711  lr=3.82e-05  [rmse=0.0395 h1=0.0002 ssim=0.0142 mlw=0.0000]
epoch 8 step 960  loss=0.033520  lr=3.79e-05  [rmse=0.0403 h1=0.0002 ssim=0.0134 mlw=0.0000]
epoch 8 step 970  loss=0.033721  lr=3.77e-05  [rmse=0.0183 h1=0.0001 ssim=0.0111 mlw=0.0000]
epoch 8 step 980  loss=0.033970  lr=3.74e-05  [rmse=0.0206 h1=0.0001 ssim=0.0080 mlw=0.0000]
epoch 8 step 990  loss=0.034237  lr=3.71e-05  [rmse=0.0284 h1=0.0001 ssim=0.0077 mlw=0.0000]
epoch 8 step 1000  loss=0.034153  lr=3.68e-05  [rmse=0.0230 h1=0.0001 ssim=0.0115 mlw=0.0000]
INFO     [rank 0] Loss weights: rmse=1.0000, h1=50.0000,      vae_trainer.py:975
         ssim=0.0000, mlw=0.0000                                                
INFO     [rank 0] Epoch 8: train_loss=0.034153               vae_trainer.py:1014
         val_loss=0.031219  val_VRMSE=0.166118                                  
         val_VRMSE_chmean=0.232777  lr=3.68e-05                                 
INFO     [rank 0] Metrics updated: metrics/metrics.csv,      vae_trainer.py:1041
         metrics/loss_curves.png                                                
INFO     [rank 0] Saved 12 validation reconstruction PNGs    vae_trainer.py:1263
         for epoch 8                                                            
INFO     [rank 0] New best checkpoint (epoch 8,              vae_trainer.py:1362
         val_vrmse=0.166118):                                                   
         checkpoints/vae_shockwave_best.safetensors                             
INFO     [rank 0] Training state saved:                      vae_trainer.py:1438
         checkpoints/vae_shockwave_last.state.pt                                
INFO     [rank 0] Epoch 8 timing: train=1409.8s eval=78.9s   vae_trainer.py:1076
         viz=24.4s ckpt=5.8s total=1519.5s                                      
epoch 9 step 1010  loss=0.046439  lr=3.65e-05  [rmse=0.0173 h1=0.0001 ssim=0.0061 mlw=0.0000]
epoch 9 step 1020  loss=0.038998  lr=3.62e-05  [rmse=0.0242 h1=0.0001 ssim=0.0073 mlw=0.0000]
epoch 9 step 1030  loss=0.036542  lr=3.59e-05  [rmse=0.0251 h1=0.0001 ssim=0.0061 mlw=0.0000]
epoch 9 step 1040  loss=0.036554  lr=3.56e-05  [rmse=0.0228 h1=0.0001 ssim=0.0082 mlw=0.0000]
epoch 9 step 1050  loss=0.034530  lr=3.53e-05  [rmse=0.0148 h1=0.0001 ssim=0.0056 mlw=0.0000]
epoch 9 step 1060  loss=0.034246  lr=3.50e-05  [rmse=0.0182 h1=0.0000 ssim=0.0061 mlw=0.0000]
epoch 9 step 1070  loss=0.033397  lr=3.46e-05  [rmse=0.0138 h1=0.0000 ssim=0.0029 mlw=0.0000]
epoch 9 step 1080  loss=0.033113  lr=3.43e-05  [rmse=0.0164 h1=0.0001 ssim=0.0064 mlw=0.0000]
epoch 9 step 1090  loss=0.033716  lr=3.40e-05  [rmse=0.0244 h1=0.0002 ssim=0.0158 mlw=0.0000]
epoch 9 step 1100  loss=0.033398  lr=3.37e-05  [rmse=0.0158 h1=0.0001 ssim=0.0075 mlw=0.0000]
epoch 9 step 1110  loss=0.033089  lr=3.34e-05  [rmse=0.0297 h1=0.0001 ssim=0.0065 mlw=0.0000]
epoch 9 step 1120  loss=0.033496  lr=3.31e-05  [rmse=0.0681 h1=0.0004 ssim=0.0169 mlw=0.0000]
INFO     [rank 0] Loss weights: rmse=1.0000, h1=50.0000,      vae_trainer.py:975
         ssim=0.0000, mlw=0.0000                                                
INFO     [rank 0] Epoch 9: train_loss=0.033853               vae_trainer.py:1014
         val_loss=0.031254  val_VRMSE=0.180901                                  
         val_VRMSE_chmean=0.245594  lr=3.29e-05                                 
INFO     [rank 0] Metrics updated: metrics/metrics.csv,      vae_trainer.py:1041
         metrics/loss_curves.png                                                
INFO     [rank 0] Training state saved:                      vae_trainer.py:1438
         checkpoints/vae_shockwave_last.state.pt                                
INFO     [rank 0] Epoch 9 timing: train=1410.7s eval=79.2s   vae_trainer.py:1076
         viz=0.0s ckpt=4.5s total=1495.0s                                       
epoch 10 step 1130  loss=0.020774  lr=3.28e-05  [rmse=0.0195 h1=0.0001 ssim=0.0084 mlw=0.0000]
epoch 10 step 1140  loss=0.024724  lr=3.24e-05  [rmse=0.0196 h1=0.0001 ssim=0.0119 mlw=0.0000]
epoch 10 step 1150  loss=0.026110  lr=3.21e-05  [rmse=0.0123 h1=0.0000 ssim=0.0030 mlw=0.0000]
epoch 10 step 1160  loss=0.027646  lr=3.18e-05  [rmse=0.0137 h1=0.0001 ssim=0.0066 mlw=0.0000]
epoch 10 step 1170  loss=0.028365  lr=3.15e-05  [rmse=0.0213 h1=0.0001 ssim=0.0044 mlw=0.0000]
epoch 10 step 1180  loss=0.029204  lr=3.11e-05  [rmse=0.0163 h1=0.0001 ssim=0.0054 mlw=0.0000]
epoch 10 step 1190  loss=0.028000  lr=3.08e-05  [rmse=0.0148 h1=0.0001 ssim=0.0086 mlw=0.0000]
epoch 10 step 1200  loss=0.027835  lr=3.05e-05  [rmse=0.0288 h1=0.0001 ssim=0.0099 mlw=0.0000]
epoch 10 step 1210  loss=0.027566  lr=3.02e-05  [rmse=0.0190 h1=0.0001 ssim=0.0057 mlw=0.0000]
epoch 10 step 1220  loss=0.028244  lr=2.98e-05  [rmse=0.0141 h1=0.0000 ssim=0.0041 mlw=0.0000]
epoch 10 step 1230  loss=0.028322  lr=2.95e-05  [rmse=0.0168 h1=0.0000 ssim=0.0035 mlw=0.0000]
epoch 10 step 1240  loss=0.027862  lr=2.92e-05  [rmse=0.0159 h1=0.0001 ssim=0.0075 mlw=0.0000]
epoch 10 step 1250  loss=0.028071  lr=2.88e-05  [rmse=0.0172 h1=0.0001 ssim=0.0083 mlw=0.0000]
INFO     [rank 0] Loss weights: rmse=1.0000, h1=50.0000,      vae_trainer.py:975
         ssim=0.0000, mlw=0.0000                                                
INFO     [rank 0] Epoch 10: train_loss=0.028071              vae_trainer.py:1014
         val_loss=0.026339  val_VRMSE=0.140939                                  
         val_VRMSE_chmean=0.197789  lr=2.88e-05                                 
INFO     [rank 0] Metrics updated: metrics/metrics.csv,      vae_trainer.py:1041
         metrics/loss_curves.png                                                
INFO     [rank 0] New best checkpoint (epoch 10,             vae_trainer.py:1362
         val_vrmse=0.140939):                                                   
         checkpoints/vae_shockwave_best.safetensors                             
INFO     [rank 0] Training state saved:                      vae_trainer.py:1438
         checkpoints/vae_shockwave_last.state.pt                                
INFO     [rank 0] Epoch 10 timing: train=1411.5s eval=78.4s  vae_trainer.py:1076
         viz=0.0s ckpt=6.1s total=1496.5s                                       
epoch 11 step 1260  loss=0.028713  lr=2.85e-05  [rmse=0.0108 h1=0.0000 ssim=0.0026 mlw=0.0000]
epoch 11 step 1270  loss=0.028576  lr=2.82e-05  [rmse=0.0151 h1=0.0001 ssim=0.0068 mlw=0.0000]
epoch 11 step 1280  loss=0.028670  lr=2.78e-05  [rmse=0.0156 h1=0.0001 ssim=0.0078 mlw=0.0000]
epoch 11 step 1290  loss=0.028816  lr=2.75e-05  [rmse=0.0350 h1=0.0004 ssim=0.0262 mlw=0.0000]
epoch 11 step 1300  loss=0.027598  lr=2.72e-05  [rmse=0.0179 h1=0.0001 ssim=0.0075 mlw=0.0000]
epoch 11 step 1310  loss=0.027111  lr=2.68e-05  [rmse=0.0116 h1=0.0000 ssim=0.0043 mlw=0.0000]
epoch 11 step 1320  loss=0.026477  lr=2.65e-05  [rmse=0.0249 h1=0.0002 ssim=0.0150 mlw=0.0000]
epoch 11 step 1330  loss=0.027416  lr=2.62e-05  [rmse=0.0184 h1=0.0001 ssim=0.0074 mlw=0.0000]
epoch 11 step 1340  loss=0.027550  lr=2.58e-05  [rmse=0.0307 h1=0.0002 ssim=0.0146 mlw=0.0000]
epoch 11 step 1350  loss=0.027284  lr=2.55e-05  [rmse=0.0159 h1=0.0001 ssim=0.0082 mlw=0.0000]
epoch 11 step 1360  loss=0.027012  lr=2.52e-05  [rmse=0.0356 h1=0.0001 ssim=0.0123 mlw=0.0000]
epoch 11 step 1370  loss=0.027202  lr=2.48e-05  [rmse=0.0205 h1=0.0002 ssim=0.0128 mlw=0.0000]
INFO     [rank 0] Loss weights: rmse=1.0000, h1=50.0000,      vae_trainer.py:975
         ssim=0.0000, mlw=0.0000                                                
INFO     [rank 0] Epoch 11: train_loss=0.027627              vae_trainer.py:1014
         val_loss=0.025658  val_VRMSE=0.133844                                  
         val_VRMSE_chmean=0.186461  lr=2.47e-05                                 
INFO     [rank 0] Metrics updated: metrics/metrics.csv,      vae_trainer.py:1041
         metrics/loss_curves.png                                                
INFO     [rank 0] New best checkpoint (epoch 11,             vae_trainer.py:1362
         val_vrmse=0.133844):                                                   
         checkpoints/vae_shockwave_best.safetensors                             
INFO     [rank 0] Training state saved:                      vae_trainer.py:1438
         checkpoints/vae_shockwave_last.state.pt                                
INFO     [rank 0] Epoch 11 timing: train=1411.2s eval=78.2s  vae_trainer.py:1076
         viz=0.0s ckpt=6.2s total=1496.1s                                       
epoch 12 step 1380  loss=0.019999  lr=2.45e-05  [rmse=0.0209 h1=0.0002 ssim=0.0193 mlw=0.0000]
epoch 12 step 1390  loss=0.023168  lr=2.42e-05  [rmse=0.0243 h1=0.0002 ssim=0.0140 mlw=0.0000]
epoch 12 step 1400  loss=0.022838  lr=2.38e-05  [rmse=0.0243 h1=0.0001 ssim=0.0066 mlw=0.0000]
epoch 12 step 1410  loss=0.027650  lr=2.35e-05  [rmse=0.0236 h1=0.0002 ssim=0.0131 mlw=0.0000]
epoch 12 step 1420  loss=0.028200  lr=2.32e-05  [rmse=0.0173 h1=0.0001 ssim=0.0122 mlw=0.0000]
epoch 12 step 1430  loss=0.027849  lr=2.28e-05  [rmse=0.0300 h1=0.0002 ssim=0.0146 mlw=0.0000]
epoch 12 step 1440  loss=0.028062  lr=2.25e-05  [rmse=0.0102 h1=0.0000 ssim=0.0025 mlw=0.0000]
epoch 12 step 1450  loss=0.028372  lr=2.22e-05  [rmse=0.0167 h1=0.0001 ssim=0.0054 mlw=0.0000]
epoch 12 step 1460  loss=0.028105  lr=2.18e-05  [rmse=0.0182 h1=0.0001 ssim=0.0072 mlw=0.0000]
epoch 12 step 1470  loss=0.028151  lr=2.15e-05  [rmse=0.0545 h1=0.0002 ssim=0.0103 mlw=0.0000]
epoch 12 step 1480  loss=0.028392  lr=2.12e-05  [rmse=0.0269 h1=0.0001 ssim=0.0083 mlw=0.0000]
epoch 12 step 1490  loss=0.027904  lr=2.08e-05  [rmse=0.0156 h1=0.0001 ssim=0.0069 mlw=0.0000]
epoch 12 step 1500  loss=0.027647  lr=2.05e-05  [rmse=0.0191 h1=0.0001 ssim=0.0085 mlw=0.0000]
INFO     [rank 0] Loss weights: rmse=1.0000, h1=50.0000,      vae_trainer.py:975
         ssim=0.0000, mlw=0.0000                                                
INFO     [rank 0] Epoch 12: train_loss=0.027647              vae_trainer.py:1014
         val_loss=0.024730  val_VRMSE=0.127987                                  
         val_VRMSE_chmean=0.180020  lr=2.05e-05                                 
INFO     [rank 0] Metrics updated: metrics/metrics.csv,      vae_trainer.py:1041
         metrics/loss_curves.png                                                
INFO     [rank 0] Saved 12 validation reconstruction PNGs    vae_trainer.py:1263
         for epoch 12                                                           
INFO     [rank 0] New best checkpoint (epoch 12,             vae_trainer.py:1362
         val_vrmse=0.127987):                                                   
         checkpoints/vae_shockwave_best.safetensors                             
INFO     [rank 0] Training state saved:                      vae_trainer.py:1438
         checkpoints/vae_shockwave_last.state.pt                                
INFO     [rank 0] Epoch 12 timing: train=1414.0s eval=78.0s  vae_trainer.py:1076
         viz=24.2s ckpt=5.7s total=1522.4s                                      
epoch 13 step 1510  loss=0.023180  lr=2.02e-05  [rmse=0.0148 h1=0.0001 ssim=0.0074 mlw=0.0000]
epoch 13 step 1520  loss=0.022966  lr=1.99e-05  [rmse=0.0125 h1=0.0000 ssim=0.0044 mlw=0.0000]
epoch 13 step 1530  loss=0.024574  lr=1.95e-05  [rmse=0.0187 h1=0.0002 ssim=0.0092 mlw=0.0000]
epoch 13 step 1540  loss=0.025083  lr=1.92e-05  [rmse=0.0154 h1=0.0000 ssim=0.0021 mlw=0.0000]
epoch 13 step 1550  loss=0.024351  lr=1.89e-05  [rmse=0.0150 h1=0.0001 ssim=0.0057 mlw=0.0000]
epoch 13 step 1560  loss=0.024069  lr=1.86e-05  [rmse=0.0378 h1=0.0002 ssim=0.0142 mlw=0.0000]
epoch 13 step 1570  loss=0.024282  lr=1.82e-05  [rmse=0.0184 h1=0.0001 ssim=0.0110 mlw=0.0000]
epoch 13 step 1580  loss=0.023783  lr=1.79e-05  [rmse=0.0083 h1=0.0000 ssim=0.0028 mlw=0.0000]
epoch 13 step 1590  loss=0.023583  lr=1.76e-05  [rmse=0.0119 h1=0.0000 ssim=0.0050 mlw=0.0000]
epoch 13 step 1600  loss=0.024219  lr=1.73e-05  [rmse=0.0315 h1=0.0002 ssim=0.0135 mlw=0.0000]
epoch 13 step 1610  loss=0.024335  lr=1.70e-05  [rmse=0.0129 h1=0.0001 ssim=0.0060 mlw=0.0000]
epoch 13 step 1620  loss=0.025060  lr=1.67e-05  [rmse=0.0153 h1=0.0001 ssim=0.0098 mlw=0.0000]
INFO     [rank 0] Loss weights: rmse=1.0000, h1=50.0000,      vae_trainer.py:975
         ssim=0.0000, mlw=0.0000                                                
INFO     [rank 0] Epoch 13: train_loss=0.025229              vae_trainer.py:1014
         val_loss=0.023734  val_VRMSE=0.122476                                  
         val_VRMSE_chmean=0.172399  lr=1.65e-05                                 
INFO     [rank 0] Metrics updated: metrics/metrics.csv,      vae_trainer.py:1041
         metrics/loss_curves.png                                                
INFO     [rank 0] New best checkpoint (epoch 13,             vae_trainer.py:1362
         val_vrmse=0.122476):                                                   
         checkpoints/vae_shockwave_best.safetensors                             
INFO     [rank 0] Training state saved:                      vae_trainer.py:1438
         checkpoints/vae_shockwave_last.state.pt                                
INFO     [rank 0] Epoch 13 timing: train=1417.5s eval=79.1s  vae_trainer.py:1076
         viz=0.0s ckpt=5.7s total=1502.9s                                       
epoch 14 step 1630  loss=0.036456  lr=1.64e-05  [rmse=0.0179 h1=0.0001 ssim=0.0092 mlw=0.0000]
epoch 14 step 1640  loss=0.027153  lr=1.60e-05  [rmse=0.0132 h1=0.0001 ssim=0.0084 mlw=0.0000]
epoch 14 step 1650  loss=0.026260  lr=1.57e-05  [rmse=0.0198 h1=0.0001 ssim=0.0095 mlw=0.0000]
epoch 14 step 1660  loss=0.025438  lr=1.54e-05  [rmse=0.0181 h1=0.0002 ssim=0.0074 mlw=0.0000]
epoch 14 step 1670  loss=0.024604  lr=1.51e-05  [rmse=0.0189 h1=0.0001 ssim=0.0082 mlw=0.0000]
epoch 14 step 1680  loss=0.025107  lr=1.48e-05  [rmse=0.0093 h1=0.0000 ssim=0.0013 mlw=0.0000]
epoch 14 step 1690  loss=0.024509  lr=1.45e-05  [rmse=0.0315 h1=0.0001 ssim=0.0067 mlw=0.0000]
epoch 14 step 1700  loss=0.024528  lr=1.42e-05  [rmse=0.0194 h1=0.0002 ssim=0.0138 mlw=0.0000]
epoch 14 step 1710  loss=0.024046  lr=1.39e-05  [rmse=0.0194 h1=0.0002 ssim=0.0126 mlw=0.0000]
epoch 14 step 1720  loss=0.024045  lr=1.36e-05  [rmse=0.0076 h1=0.0000 ssim=0.0026 mlw=0.0000]
epoch 14 step 1730  loss=0.024185  lr=1.33e-05  [rmse=0.0124 h1=0.0001 ssim=0.0075 mlw=0.0000]
epoch 14 step 1740  loss=0.024049  lr=1.31e-05  [rmse=0.0194 h1=0.0002 ssim=0.0155 mlw=0.0000]
epoch 14 step 1750  loss=0.024149  lr=1.28e-05  [rmse=0.0137 h1=0.0001 ssim=0.0082 mlw=0.0000]
INFO     [rank 0] Loss weights: rmse=1.0000, h1=50.0000,      vae_trainer.py:975
         ssim=0.0000, mlw=0.0000                                                
INFO     [rank 0] Epoch 14: train_loss=0.024149              vae_trainer.py:1014
         val_loss=0.022414  val_VRMSE=0.113241                                  
         val_VRMSE_chmean=0.158444  lr=1.28e-05                                 
INFO     [rank 0] Metrics updated: metrics/metrics.csv,      vae_trainer.py:1041
         metrics/loss_curves.png                                                
INFO     [rank 0] New best checkpoint (epoch 14,             vae_trainer.py:1362
         val_vrmse=0.113241):                                                   
         checkpoints/vae_shockwave_best.safetensors                             
INFO     [rank 0] Training state saved:                      vae_trainer.py:1438
         checkpoints/vae_shockwave_last.state.pt                                
INFO     [rank 0] Epoch 14 timing: train=1420.9s eval=78.5s  vae_trainer.py:1076
         viz=0.0s ckpt=5.6s total=1505.5s                                       
epoch 15 step 1760  loss=0.022521  lr=1.25e-05  [rmse=0.0154 h1=0.0001 ssim=0.0083 mlw=0.0000]
epoch 15 step 1770  loss=0.022525  lr=1.22e-05  [rmse=0.0128 h1=0.0001 ssim=0.0070 mlw=0.0000]
epoch 15 step 1780  loss=0.022858  lr=1.19e-05  [rmse=0.0237 h1=0.0002 ssim=0.0140 mlw=0.0000]
epoch 15 step 1790  loss=0.023132  lr=1.16e-05  [rmse=0.0321 h1=0.0004 ssim=0.0231 mlw=0.0000]
epoch 15 step 1800  loss=0.023033  lr=1.14e-05  [rmse=0.0125 h1=0.0000 ssim=0.0045 mlw=0.0000]
epoch 15 step 1810  loss=0.023496  lr=1.11e-05  [rmse=0.0198 h1=0.0001 ssim=0.0090 mlw=0.0000]
epoch 15 step 1820  loss=0.022734  lr=1.08e-05  [rmse=0.0095 h1=0.0000 ssim=0.0037 mlw=0.0000]
epoch 15 step 1830  loss=0.022701  lr=1.06e-05  [rmse=0.0309 h1=0.0002 ssim=0.0160 mlw=0.0000]
epoch 15 step 1840  loss=0.022995  lr=1.03e-05  [rmse=0.0151 h1=0.0001 ssim=0.0069 mlw=0.0000]
epoch 15 step 1850  loss=0.023247  lr=1.00e-05  [rmse=0.0215 h1=0.0002 ssim=0.0190 mlw=0.0000]
epoch 15 step 1860  loss=0.023199  lr=9.78e-06  [rmse=0.0120 h1=0.0001 ssim=0.0073 mlw=0.0000]
epoch 15 step 1870  loss=0.023008  lr=9.52e-06  [rmse=0.0140 h1=0.0001 ssim=0.0050 mlw=0.0000]
INFO     [rank 0] Loss weights: rmse=1.0000, h1=50.0000,      vae_trainer.py:975
         ssim=0.0000, mlw=0.0000                                                
INFO     [rank 0] Epoch 15: train_loss=0.022993              vae_trainer.py:1014
         val_loss=0.022382  val_VRMSE=0.114310                                  
         val_VRMSE_chmean=0.158586  lr=9.40e-06                                 
INFO     [rank 0] Metrics updated: metrics/metrics.csv,      vae_trainer.py:1041
         metrics/loss_curves.png                                                
INFO     [rank 0] Training state saved:                      vae_trainer.py:1438
         checkpoints/vae_shockwave_last.state.pt                                
INFO     [rank 0] Epoch 15 timing: train=1420.5s eval=77.7s  vae_trainer.py:1076
         viz=0.0s ckpt=4.4s total=1503.2s                                       
epoch 16 step 1880  loss=0.024211  lr=9.27e-06  [rmse=0.0142 h1=0.0001 ssim=0.0087 mlw=0.0000]
epoch 16 step 1890  loss=0.023300  lr=9.02e-06  [rmse=0.0134 h1=0.0001 ssim=0.0060 mlw=0.0000]
epoch 16 step 1900  loss=0.022188  lr=8.78e-06  [rmse=0.0073 h1=0.0000 ssim=0.0017 mlw=0.0000]
epoch 16 step 1910  loss=0.021897  lr=8.53e-06  [rmse=0.0128 h1=0.0001 ssim=0.0077 mlw=0.0000]
epoch 16 step 1920  loss=0.021525  lr=8.29e-06  [rmse=0.0149 h1=0.0001 ssim=0.0063 mlw=0.0000]
epoch 16 step 1930  loss=0.021193  lr=8.06e-06  [rmse=0.0203 h1=0.0002 ssim=0.0138 mlw=0.0000]
epoch 16 step 1940  loss=0.022028  lr=7.82e-06  [rmse=0.0156 h1=0.0001 ssim=0.0090 mlw=0.0000]
epoch 16 step 1950  loss=0.021978  lr=7.59e-06  [rmse=0.0124 h1=0.0000 ssim=0.0014 mlw=0.0000]
epoch 16 step 1960  loss=0.022498  lr=7.37e-06  [rmse=0.0280 h1=0.0001 ssim=0.0065 mlw=0.0000]
epoch 16 step 1970  loss=0.022836  lr=7.14e-06  [rmse=0.0158 h1=0.0001 ssim=0.0123 mlw=0.0000]
epoch 16 step 1980  loss=0.022669  lr=6.92e-06  [rmse=0.0241 h1=0.0001 ssim=0.0095 mlw=0.0000]
epoch 16 step 1990  loss=0.022711  lr=6.71e-06  [rmse=0.0124 h1=0.0001 ssim=0.0067 mlw=0.0000]
epoch 16 step 2000  loss=0.022749  lr=6.50e-06  [rmse=0.0091 h1=0.0000 ssim=0.0019 mlw=0.0000]
INFO     [rank 0] Loss weights: rmse=1.0000, h1=50.0000,      vae_trainer.py:975
         ssim=0.0000, mlw=0.0000                                                
INFO     [rank 0] Epoch 16: train_loss=0.022749              vae_trainer.py:1014
         val_loss=0.021464  val_VRMSE=0.108049                                  
         val_VRMSE_chmean=0.149977  lr=6.50e-06                                 
INFO     [rank 0] Metrics updated: metrics/metrics.csv,      vae_trainer.py:1041
         metrics/loss_curves.png                                                
INFO     [rank 0] Saved 12 validation reconstruction PNGs    vae_trainer.py:1263
         for epoch 16                                                           
INFO     [rank 0] New best checkpoint (epoch 16,             vae_trainer.py:1362
         val_vrmse=0.108049):                                                   
         checkpoints/vae_shockwave_best.safetensors                             
INFO     [rank 0] Training state saved:                      vae_trainer.py:1438
         checkpoints/vae_shockwave_last.state.pt                                
INFO     [rank 0] Epoch 16 timing: train=1412.7s eval=79.2s  vae_trainer.py:1076
         viz=23.9s ckpt=5.4s total=1521.8s                                      
epoch 17 step 2010  loss=0.021008  lr=6.29e-06  [rmse=0.0108 h1=0.0001 ssim=0.0066 mlw=0.0000]
epoch 17 step 2020  loss=0.019031  lr=6.08e-06  [rmse=0.0138 h1=0.0001 ssim=0.0056 mlw=0.0000]
epoch 17 step 2030  loss=0.019828  lr=5.88e-06  [rmse=0.0187 h1=0.0002 ssim=0.0126 mlw=0.0000]
epoch 17 step 2040  loss=0.021145  lr=5.68e-06  [rmse=0.0208 h1=0.0002 ssim=0.0165 mlw=0.0000]
epoch 17 step 2050  loss=0.020636  lr=5.48e-06  [rmse=0.0137 h1=0.0001 ssim=0.0070 mlw=0.0000]
epoch 17 step 2060  loss=0.020334  lr=5.29e-06  [rmse=0.0090 h1=0.0000 ssim=0.0035 mlw=0.0000]
epoch 17 step 2070  loss=0.020983  lr=5.11e-06  [rmse=0.0111 h1=0.0001 ssim=0.0076 mlw=0.0000]
epoch 17 step 2080  loss=0.021415  lr=4.92e-06  [rmse=0.0281 h1=0.0002 ssim=0.0089 mlw=0.0000]
epoch 17 step 2090  loss=0.021465  lr=4.74e-06  [rmse=0.0129 h1=0.0001 ssim=0.0054 mlw=0.0000]
epoch 17 step 2100  loss=0.021530  lr=4.57e-06  [rmse=0.0159 h1=0.0001 ssim=0.0108 mlw=0.0000]
epoch 17 step 2110  loss=0.021718  lr=4.39e-06  [rmse=0.0134 h1=0.0001 ssim=0.0065 mlw=0.0000]
epoch 17 step 2120  loss=0.021610  lr=4.23e-06  [rmse=0.0205 h1=0.0003 ssim=0.0191 mlw=0.0000]
INFO     [rank 0] Loss weights: rmse=1.0000, h1=50.0000,      vae_trainer.py:975
         ssim=0.0000, mlw=0.0000                                                
INFO     [rank 0] Epoch 17: train_loss=0.021524              vae_trainer.py:1014
         val_loss=0.020902  val_VRMSE=0.103662                                  
         val_VRMSE_chmean=0.143754  lr=4.14e-06                                 
INFO     [rank 0] Metrics updated: metrics/metrics.csv,      vae_trainer.py:1041
         metrics/loss_curves.png                                                
INFO     [rank 0] New best checkpoint (epoch 17,             vae_trainer.py:1362
         val_vrmse=0.103662):                                                   
         checkpoints/vae_shockwave_best.safetensors                             
INFO     [rank 0] Training state saved:                      vae_trainer.py:1438
         checkpoints/vae_shockwave_last.state.pt                                
INFO     [rank 0] Epoch 17 timing: train=1413.2s eval=78.8s  vae_trainer.py:1076
         viz=0.0s ckpt=5.5s total=1498.0s                                       
epoch 18 step 2130  loss=0.022054  lr=4.06e-06  [rmse=0.0195 h1=0.0002 ssim=0.0149 mlw=0.0000]
epoch 18 step 2140  loss=0.021052  lr=3.90e-06  [rmse=0.0095 h1=0.0001 ssim=0.0050 mlw=0.0000]
epoch 18 step 2150  loss=0.021098  lr=3.75e-06  [rmse=0.0077 h1=0.0000 ssim=0.0035 mlw=0.0000]
epoch 18 step 2160  loss=0.021570  lr=3.59e-06  [rmse=0.0127 h1=0.0001 ssim=0.0059 mlw=0.0000]
epoch 18 step 2170  loss=0.021103  lr=3.45e-06  [rmse=0.0198 h1=0.0002 ssim=0.0100 mlw=0.0000]
epoch 18 step 2180  loss=0.020280  lr=3.30e-06  [rmse=0.0092 h1=0.0001 ssim=0.0055 mlw=0.0000]
epoch 18 step 2190  loss=0.019978  lr=3.16e-06  [rmse=0.0219 h1=0.0002 ssim=0.0143 mlw=0.0000]
epoch 18 step 2200  loss=0.021264  lr=3.03e-06  [rmse=0.0125 h1=0.0001 ssim=0.0041 mlw=0.0000]
epoch 18 step 2210  loss=0.021083  lr=2.90e-06  [rmse=0.0165 h1=0.0001 ssim=0.0086 mlw=0.0000]
epoch 18 step 2220  loss=0.021370  lr=2.77e-06  [rmse=0.0207 h1=0.0001 ssim=0.0063 mlw=0.0000]
epoch 18 step 2230  loss=0.021606  lr=2.65e-06  [rmse=0.0141 h1=0.0001 ssim=0.0086 mlw=0.0000]
epoch 18 step 2240  loss=0.021885  lr=2.53e-06  [rmse=0.0209 h1=0.0002 ssim=0.0095 mlw=0.0000]
epoch 18 step 2250  loss=0.021660  lr=2.41e-06  [rmse=0.0115 h1=0.0001 ssim=0.0066 mlw=0.0000]
INFO     [rank 0] Loss weights: rmse=1.0000, h1=50.0000,      vae_trainer.py:975
         ssim=0.0000, mlw=0.0000                                                
INFO     [rank 0] Epoch 18: train_loss=0.021660              vae_trainer.py:1014
         val_loss=0.020913  val_VRMSE=0.103374                                  
         val_VRMSE_chmean=0.143427  lr=2.41e-06                                 
INFO     [rank 0] Metrics updated: metrics/metrics.csv,      vae_trainer.py:1041
         metrics/loss_curves.png                                                
INFO     [rank 0] New best checkpoint (epoch 18,             vae_trainer.py:1362
         val_vrmse=0.103374):                                                   
         checkpoints/vae_shockwave_best.safetensors                             
INFO     [rank 0] Training state saved:                      vae_trainer.py:1438
         checkpoints/vae_shockwave_last.state.pt                                
INFO     [rank 0] Epoch 18 timing: train=1416.9s eval=78.7s  vae_trainer.py:1076
         viz=0.0s ckpt=5.5s total=1501.7s                                       
epoch 19 step 2260  loss=0.019845  lr=2.30e-06  [rmse=0.0195 h1=0.0002 ssim=0.0152 mlw=0.0000]
epoch 19 step 2270  loss=0.019402  lr=2.20e-06  [rmse=0.0160 h1=0.0001 ssim=0.0063 mlw=0.0000]
epoch 19 step 2280  loss=0.019767  lr=2.10e-06  [rmse=0.0155 h1=0.0001 ssim=0.0075 mlw=0.0000]
epoch 19 step 2290  loss=0.019777  lr=2.00e-06  [rmse=0.0129 h1=0.0001 ssim=0.0070 mlw=0.0000]
epoch 19 step 2300  loss=0.019943  lr=1.91e-06  [rmse=0.0163 h1=0.0002 ssim=0.0098 mlw=0.0000]
epoch 19 step 2310  loss=0.019448  lr=1.82e-06  [rmse=0.0160 h1=0.0002 ssim=0.0125 mlw=0.0000]
epoch 19 step 2320  loss=0.020066  lr=1.74e-06  [rmse=0.0248 h1=0.0003 ssim=0.0200 mlw=0.0000]
epoch 19 step 2330  loss=0.020218  lr=1.66e-06  [rmse=0.0130 h1=0.0001 ssim=0.0069 mlw=0.0000]
epoch 19 step 2340  loss=0.020260  lr=1.58e-06  [rmse=0.0103 h1=0.0000 ssim=0.0048 mlw=0.0000]
epoch 19 step 2350  loss=0.020066  lr=1.51e-06  [rmse=0.0117 h1=0.0001 ssim=0.0081 mlw=0.0000]
epoch 19 step 2360  loss=0.020080  lr=1.45e-06  [rmse=0.0178 h1=0.0002 ssim=0.0112 mlw=0.0000]
epoch 19 step 2370  loss=0.020147  lr=1.39e-06  [rmse=0.0235 h1=0.0002 ssim=0.0111 mlw=0.0000]
INFO     [rank 0] Loss weights: rmse=1.0000, h1=50.0000,      vae_trainer.py:975
         ssim=0.0000, mlw=0.0000                                                
INFO     [rank 0] Epoch 19: train_loss=0.020218              vae_trainer.py:1014
         val_loss=0.020648  val_VRMSE=0.102413                                  
         val_VRMSE_chmean=0.141515  lr=1.36e-06                                 
INFO     [rank 0] Metrics updated: metrics/metrics.csv,      vae_trainer.py:1041
         metrics/loss_curves.png                                                
INFO     [rank 0] New best checkpoint (epoch 19,             vae_trainer.py:1362
         val_vrmse=0.102413):                                                   
         checkpoints/vae_shockwave_best.safetensors                             
INFO     [rank 0] Training state saved:                      vae_trainer.py:1438
         checkpoints/vae_shockwave_last.state.pt                                
INFO     [rank 0] Epoch 19 timing: train=1418.9s eval=78.7s  vae_trainer.py:1076
         viz=0.0s ckpt=5.7s total=1503.8s                                       
epoch 20 step 2380  loss=0.015682  lr=1.33e-06  [rmse=0.0096 h1=0.0000 ssim=0.0052 mlw=0.0000]
epoch 20 step 2390  loss=0.018711  lr=1.28e-06  [rmse=0.0086 h1=0.0000 ssim=0.0043 mlw=0.0000]
epoch 20 step 2400  loss=0.020624  lr=1.23e-06  [rmse=0.0185 h1=0.0002 ssim=0.0162 mlw=0.0000]
epoch 20 step 2410  loss=0.020039  lr=1.18e-06  [rmse=0.0088 h1=0.0000 ssim=0.0043 mlw=0.0000]
epoch 20 step 2420  loss=0.021316  lr=1.15e-06  [rmse=0.0203 h1=0.0002 ssim=0.0146 mlw=0.0000]
epoch 20 step 2430  loss=0.020855  lr=1.11e-06  [rmse=0.0184 h1=0.0002 ssim=0.0157 mlw=0.0000]
epoch 20 step 2440  loss=0.020686  lr=1.08e-06  [rmse=0.0093 h1=0.0000 ssim=0.0044 mlw=0.0000]
epoch 20 step 2450  loss=0.020768  lr=1.06e-06  [rmse=0.0193 h1=0.0002 ssim=0.0100 mlw=0.0000]
epoch 20 step 2460  loss=0.020718  lr=1.04e-06  [rmse=0.0086 h1=0.0000 ssim=0.0036 mlw=0.0000]
epoch 20 step 2470  loss=0.020703  lr=1.02e-06  [rmse=0.0149 h1=0.0002 ssim=0.0087 mlw=0.0000]
epoch 20 step 2480  loss=0.020790  lr=1.01e-06  [rmse=0.0150 h1=0.0001 ssim=0.0098 mlw=0.0000]
epoch 20 step 2490  loss=0.021157  lr=1.00e-06  [rmse=0.0114 h1=0.0000 ssim=0.0034 mlw=0.0000]
epoch 20 step 2500  loss=0.021052  lr=1.00e-06  [rmse=0.0100 h1=0.0001 ssim=0.0049 mlw=0.0000]
INFO     [rank 0] Loss weights: rmse=1.0000, h1=50.0000,      vae_trainer.py:975
         ssim=0.0000, mlw=0.0000                                                
INFO     [rank 0] Epoch 20: train_loss=0.021052              vae_trainer.py:1014
         val_loss=0.020509  val_VRMSE=0.101293                                  
         val_VRMSE_chmean=0.140336  lr=1.00e-06                                 
INFO     [rank 0] Metrics updated: metrics/metrics.csv,      vae_trainer.py:1041
         metrics/loss_curves.png                                                
INFO     [rank 0] Saved 12 validation reconstruction PNGs    vae_trainer.py:1263
         for epoch 20                                                           
INFO     [rank 0] New best checkpoint (epoch 20,             vae_trainer.py:1362
         val_vrmse=0.101293):                                                   
         checkpoints/vae_shockwave_best.safetensors                             
INFO     [rank 0] Training state saved:                      vae_trainer.py:1438
         checkpoints/vae_shockwave_last.state.pt                                
INFO     [rank 0] Epoch 20 timing: train=1421.0s eval=78.4s  vae_trainer.py:1076
         viz=23.5s ckpt=5.4s total=1528.9s                                      
╭──────────────────────────────────────────────────────────────────────────────╮
╰──────────────────────────────────────────────────────────────────────────────╯INFO     [rank 0] Training state saved:                      vae_trainer.py:1438
         checkpoints/vae_shockwave_last.state.pt                                
INFO     [rank 0] Best epoch: 20 (val_vrmse=0.101293)        vae_trainer.py:1094
INFO     [rank 0] Run finished: removed                      vae_trainer.py:1112
         ['vae_shockwave_last.safetensors',                                     
         'vae_shockwave_last.state.pt'] (kept only                              
         vae_shockwave_best.safetensors)                                        

Training complete. Checkpoint: 
/hppfs/scratch/0D/go76fuz2/windinet/finetune_vae_outputs_sng_pvc/finetune_vae_ch
6_decoder_only_nossim_256res/checkpoints/vae_shockwave_best.safetensors
Mirrored (excl. checkpoints/) to finetune_vae_outputs/sng_pvc/finetune_vae_ch6_decoder_only_nossim_256res
END TIME: Fri 25 Sep 2026 04:05:15 AM CEST
end_time=2026-09-25T04:05:15+02:00 elapsed=30790s
