START TIME: Fri 25 Sep 2026 11:23:18 AM CEST
job=545293 node=i20r04c06s08
start_time=2026-09-25T11:23:18+02:00
+-----------+--------------------------------------------------------------------------------------+
| Device ID | Device Information                                                                   |
+-----------+--------------------------------------------------------------------------------------+
| 0         | Device Name: Intel(R) Data Center GPU Max 1550                                       |
|           | Vendor Name: Intel(R) Corporation                                                    |
|           | SOC UUID: 00000000-0000-003a-0000-002f0bd58086                                       |
|           | PCI BDF Address: 0000:3a:00.0                                                        |
|           | DRM Device: /dev/dri/card0                                                           |
|           | Function Type: physical                                                              |
+-----------+--------------------------------------------------------------------------------------+
| 1         | Device Name: Intel(R) Data Center GPU Max 1550                                       |
|           | Vendor Name: Intel(R) Corporation                                                    |
|           | SOC UUID: 00000000-0000-004b-0000-002f0bd58086                                       |
|           | PCI BDF Address: 0000:4b:00.0                                                        |
|           | DRM Device: /dev/dri/card1                                                           |
|           | Function Type: physical                                                              |
+-----------+--------------------------------------------------------------------------------------+
| 2         | Device Name: Intel(R) Data Center GPU Max 1550                                       |
|           | Vendor Name: Intel(R) Corporation                                                    |
|           | SOC UUID: 00000000-0000-00ca-0000-002f0bd58086                                       |
|           | PCI BDF Address: 0000:ca:00.0                                                        |
|           | DRM Device: /dev/dri/card2                                                           |
|           | Function Type: physical                                                              |
+-----------+--------------------------------------------------------------------------------------+
| 3         | Device Name: Intel(R) Data Center GPU Max 1550                                       |
|           | Vendor Name: Intel(R) Corporation                                                    |
|           | SOC UUID: 00000000-0000-00da-0000-002f0bd58086                                       |
|           | PCI BDF Address: 0000:da:00.0                                                        |
|           | DRM Device: /dev/dri/card3                                                           |
|           | Function Type: physical                                                              |
+-----------+--------------------------------------------------------------------------------------+
VAE_CHECKPOINT: /hppfs/scratch/0D/go76fuz2/windinet/finetune_vae_outputs_sng_pvc/finetune_vae_ch6_kl_1e5_256res/checkpoints/vae_shockwave_best.safetensors
DATA_ROOT: /hppfs/scratch/0D/go76fuz2/windinet/euler_mq_dataset/256x256_ds/train.h5
OUTPUT_NAME: finetune_vae_ch6_kl_1e5_256res -> /hppfs/scratch/0D/go76fuz2/windinet/dit_preprocessed/finetune_vae_ch6_kl_1e5_256res
INFO     Found 4500 samples in                         preprocess_dataset.py:194
         /hppfs/scratch/0D/go76fuz2/windinet/euler_mq_                          
         dataset/256x256_ds/train.h5                                            
INFO     Split (seed=42): 4000 train, 500 val ->       preprocess_dataset.py:214
         /hppfs/scratch/0D/go76fuz2/windinet/dit_prepr                          
         ocessed/finetune_vae_ch6_kl_1e5_256res/val                             
INFO     Loading inflated VAE (LTXV_2B_0.9.6_DEV) +    preprocess_dataset.py:228
         checkpoint                                                             
         /hppfs/scratch/0D/go76fuz2/windinet/finetune_                          
         vae_outputs_sng_pvc/finetune_vae_ch6_kl_1e5_2                          
         56res/checkpoints/vae_shockwave_best.safetens                          
         ors...                                                                 
[windinet] loaded inflated VAE checkpoint: /hppfs/scratch/0D/go76fuz2/windinet/finetune_vae_outputs_sng_pvc/finetune_vae_ch6_kl_1e5_256res/checkpoints/vae_shockwave_best.safetensors (epoch=20, step=2500)
INFO     Channel normalization from                    preprocess_dataset.py:238
         /hppfs/scratch/0D/go76fuz2/windinet/finetune_                          
         vae_outputs_sng_pvc/finetune_vae_ch6_kl_1e5_2                          
         56res/training_config.yaml:                                            
         mean=[0.9050976477108856,                                              
         0.004045365949982484, -0.0019089379638760548,                          
         0.9031908053900578], std=[0.6618199912434938,                          
         0.5335233432828087, 0.5268940723644505,                                
         0.8053303341374023], clip=5.0                                          
INFO     Latent space fingerprint: 7931106b4f0577b3    preprocess_dataset.py:249
Encoding ━━━━━━━━━━━━━━━━━━━━━━━━━━━━━━━━━━━━━━━━ 4500/4500 4:50:26 0:00:00
INFO     Done: 4500 processed, 0 skipped               preprocess_dataset.py:357
INFO     Latents:                                      preprocess_dataset.py:358
         /hppfs/scratch/0D/go76fuz2/windinet/dit_prepr                          
         ocessed/finetune_vae_ch6_kl_1e5_256res/latent                          
         s                                                                      
INFO     Scalars:                                      preprocess_dataset.py:359
         /hppfs/scratch/0D/go76fuz2/windinet/dit_prepr                          
         ocessed/finetune_vae_ch6_kl_1e5_256res/scalar                          
         s                                                                      
INFO     Held-out split (500 sims):                    preprocess_dataset.py:361
         /hppfs/scratch/0D/go76fuz2/windinet/dit_prepr                          
         ocessed/finetune_vae_ch6_kl_1e5_256res/val                             
INFO     Split manifest:                               preprocess_dataset.py:362
         /hppfs/scratch/0D/go76fuz2/windinet/dit_prepr                          
         ocessed/finetune_vae_ch6_kl_1e5_256res/split_                          
         manifest.json                                                          
Mirrored manifests to finetune_vae_outputs/sng_pvc/dit_preprocessed/finetune_vae_ch6_kl_1e5_256res
END TIME: Fri 25 Sep 2026 04:41:26 PM CEST
end_time=2026-09-25T16:41:26+02:00 elapsed=19088s
