START TIME: Thu 24 Sep 2026 07:32:07 PM CEST
job=545298 node=i20r02c03s06
start_time=2026-09-24T19:32:07+02:00
+-----------+--------------------------------------------------------------------------------------+
| Device ID | Device Information                                                                   |
+-----------+--------------------------------------------------------------------------------------+
| 0         | Device Name: Intel(R) Data Center GPU Max 1550                                       |
|           | Vendor Name: Intel(R) Corporation                                                    |
|           | SOC UUID: 00000000-0000-003a-0000-002f0bd58086                                       |
|           | PCI BDF Address: 0000:3a:00.0                                                        |
|           | DRM Device: /dev/dri/card0                                                           |
|           | Function Type: physical                                                              |
+-----------+--------------------------------------------------------------------------------------+
| 1         | Device Name: Intel(R) Data Center GPU Max 1550                                       |
|           | Vendor Name: Intel(R) Corporation                                                    |
|           | SOC UUID: 00000000-0000-004b-0000-002f0bd58086                                       |
|           | PCI BDF Address: 0000:4b:00.0                                                        |
|           | DRM Device: /dev/dri/card1                                                           |
|           | Function Type: physical                                                              |
+-----------+--------------------------------------------------------------------------------------+
| 2         | Device Name: Intel(R) Data Center GPU Max 1550                                       |
|           | Vendor Name: Intel(R) Corporation                                                    |
|           | SOC UUID: 00000000-0000-00ca-0000-002f0bd58086                                       |
|           | PCI BDF Address: 0000:ca:00.0                                                        |
|           | DRM Device: /dev/dri/card2                                                           |
|           | Function Type: physical                                                              |
+-----------+--------------------------------------------------------------------------------------+
| 3         | Device Name: Intel(R) Data Center GPU Max 1550                                       |
|           | Vendor Name: Intel(R) Corporation                                                    |
|           | SOC UUID: 00000000-0000-00da-0000-002f0bd58086                                       |
|           | PCI BDF Address: 0000:da:00.0                                                        |
|           | DRM Device: /dev/dri/card3                                                           |
|           | Function Type: physical                                                              |
+-----------+--------------------------------------------------------------------------------------+
MASTER_ADDR: i20r02c03s06  MASTER_PORT: 39241
8 XPU tiles x batch_size 4 x accum 1 -> effective batch 32; output_dir /hppfs/scratch/0D/go76fuz2/windinet/finetune_vae_outputs_sng_pvc/finetune_vae_ch6_sds_stock_w1e2_256res
INFO     [rank 7] Failed to extract font properties from    font_manager.py:1107
         /usr/share/fonts/truetype/Cantarell-VF.otf: Can                        
         not load face (SFNT font table missing; error code                     
         0x8e)                                                                  
INFO     [rank 1] Failed to extract font properties from    font_manager.py:1107
         /usr/share/fonts/truetype/Cantarell-VF.otf: Can                        
         not load face (SFNT font table missing; error code                     
         0x8e)                                                                  
INFO     [rank 4] Failed to extract font properties from    font_manager.py:1107
         /usr/share/fonts/truetype/Cantarell-VF.otf: Can                        
         not load face (SFNT font table missing; error code                     
         0x8e)                                                                  
INFO     [rank 0] Failed to extract font properties from    font_manager.py:1107
         /usr/share/fonts/truetype/Cantarell-VF.otf: Can                        
         not load face (SFNT font table missing; error code                     
         0x8e)                                                                  
INFO     [rank 1] generated new fontManager                 font_manager.py:1639
INFO     [rank 3] Failed to extract font properties from    font_manager.py:1107
         /usr/share/fonts/truetype/Cantarell-VF.otf: Can                        
         not load face (SFNT font table missing; error code                     
         0x8e)                                                                  
INFO     [rank 2] Failed to extract font properties from    font_manager.py:1107
         /usr/share/fonts/truetype/Cantarell-VF.otf: Can                        
         not load face (SFNT font table missing; error code                     
         0x8e)                                                                  
INFO     [rank 6] Failed to extract font properties from    font_manager.py:1107
         /usr/share/fonts/truetype/Cantarell-VF.otf: Can                        
         not load face (SFNT font table missing; error code                     
         0x8e)                                                                  
INFO     [rank 7] generated new fontManager                 font_manager.py:1639
INFO     [rank 5] Failed to extract font properties from    font_manager.py:1107
         /usr/share/fonts/truetype/Cantarell-VF.otf: Can                        
         not load face (SFNT font table missing; error code                     
         0x8e)                                                                  
INFO     [rank 3] generated new fontManager                 font_manager.py:1639
INFO     [rank 5] generated new fontManager                 font_manager.py:1639
INFO     [rank 4] generated new fontManager                 font_manager.py:1639
INFO     [rank 2] generated new fontManager                 font_manager.py:1639
INFO     [rank 0] generated new fontManager                 font_manager.py:1639
INFO     [rank 6] generated new fontManager                 font_manager.py:1639
                          VAE Finetuning Configuration                          
┏━━━━━━━━━━━━━━━━━━━━━━━━━━━━━━━━━━━━━━━┳━━━━━━━━━━━━━━━━━━━━━━━━━━━━━━━━━━━━━━┓
┃ Parameter                             ┃ Value                                ┃
┡━━━━━━━━━━━━━━━━━━━━━━━━━━━━━━━━━━━━━━━╇━━━━━━━━━━━━━━━━━━━━━━━━━━━━━━━━━━━━━━┩
│ model.model_source                    │ LTXV_2B_0.9.6_DEV                    │
│ model.load_checkpoint                 │ None                                 │
│ adapter.enabled                       │ True                                 │
│ adapter.checkpoint                    │ None                                 │
│ adapter.channels                      │ ['density', 'momentum_x',            │
│                                       │ 'momentum_y', 'pressure']            │
│ adapter.mode                          │ inflate                              │
│ adapter.inflate_init                  │ zeros                                │
│ adapter.inflate_copy_channel          │ None                                 │
│ adapter.freeze_conv_in                │ False                                │
│ adapter.unfreeze_encoder_trunk        │ True                                 │
│ adapter.hidden_channels               │ 32                                   │
│ adapter.activation                    │ gelu                                 │
│ adapter.identity_init                 │ False                                │
│ adapter.default_temb                  │ 0.0                                  │
│ data.data_root                        │ /hppfs/scratch/0D/go76fuz2/windinet… │
│ data.eval_sims                        │ 500                                  │
│ data.num_dataloader_workers           │ 4                                    │
│ data.num_sim_frames                   │ None                                 │
│ data.overfit_sims                     │ None                                 │
│ data.overfit_repeat                   │ 1                                    │
│ data.channel_mean                     │ [0.9050976477108856,                 │
│                                       │ 0.004045365949982484,                │
│                                       │ -0.0019089379638760548, 0.9          │
│ data.channel_std                      │ [0.6618199912434938,                 │
│                                       │ 0.5335233432828087,                  │
│                                       │ 0.5268940723644505, 0.8053303        │
│ data.normalization_stats_file         │ None                                 │
│ data.normalization_clip               │ 5.0                                  │
│ data.channel_order                    │ ['density', 'momentum_x',            │
│                                       │ 'momentum_y', 'pressure']            │
│ data.log_transform_channels           │ []                                   │
│ optimization.learning_rate            │ 5e-05                                │
│ optimization.min_learning_rate        │ 1e-06                                │
│ optimization.scheduler_type           │ cosine                               │
│ optimization.stable_fraction          │ 0.7                                  │
│ optimization.stable_end_epoch         │ None                                 │
│ optimization.plateau_factor           │ 0.5                                  │
│ optimization.plateau_patience         │ 3                                    │
│ optimization.plateau_threshold        │ 0.0001                               │
│ optimization.epochs                   │ 20                                   │
│ optimization.batch_size               │ 4                                    │
│ optimization.gradient_accumulation_s… │ 1                                    │
│ optimization.max_grad_norm            │ 5.0                                  │
│ optimization.weight_decay             │ 0.0                                  │
│ optimization.warmup_steps             │ 200                                  │
│ optimization.warmup_start_factor      │ 0.01                                 │
│ optimization.enable_gradient_checkpo… │ True                                 │
│ loss.wavelet                          │ db2                                  │
│ loss.spatial_level                    │ 2                                    │
│ loss.temporal_level                   │ 2                                    │
│ loss.mlw_beta                         │ 10.0                                 │
│ loss.mlw_eps                          │ 1e-06                                │
│ loss_weighting.strategy               │ fixed                                │
│ loss_weighting.weights                │ {'rmse': 1.0, 'h1': 50.0, 'ssim':    │
│                                       │ 0.0, 'mlw': 0.0, 'sds': 0.01}        │
│ loss_weighting.loss_names             │ ['rmse', 'h1', 'ssim', 'mlw']        │
│ loss_weighting.alpha                  │ 1.5                                  │
│ loss_weighting.weight_lr              │ 0.025                                │
│ loss_weighting.temperature            │ 0.1                                  │
│ sds.enabled                           │ True                                 │
│ sds.model_source                      │ LTXV_2B_0.9.6_DEV                    │
│ sds.dit_checkpoint                    │ None                                 │
│ sds.untrained_dit                     │ True                                 │
│ sds.scalar_conditioning.enabled       │ True                                 │
│ sds.scalar_conditioning.scalar_names  │ ['gamma']                            │
│ sds.scalar_conditioning.scalar_ranges │ {'gamma': (1.0, 2.0)}                │
│ sds.scalar_conditioning.embedding_dim │ 4096                                 │
│ sds.scalar_conditioning.num_tokens_p… │ 4                                    │
│ sds.scalar_conditioning.fourier_feat… │ 64                                   │
│ sds.scalar_conditioning.mlp_hidden_d… │ 256                                  │
│ sds.scalar_conditioning.dropout       │ 0.1                                  │
│ sds.timestep_sampling_mode            │ shifted_logit_normal                 │
│ sds.timestep_sampling_params          │ {}                                   │
│ visualization.enabled                 │ True                                 │
│ visualization.interval_epochs         │ 4                                    │
│ visualization.num_samples             │ 3                                    │
│ visualization.frame_numbers           │ [25, 50, 75, 100]                    │
│ visualization.dpi                     │ 150                                  │
│ acceleration.mixed_precision_mode     │ bf16                                 │
│ acceleration.compile_with_inductor    │ False                                │
│ acceleration.compilation_mode         │ reduce-overhead                      │
│ checkpoints.interval                  │ 1                                    │
│ checkpoints.keep_last_n               │ 1                                    │
│ checkpoints.save_best_only            │ True                                 │
│ checkpoints.best_metric               │ val_vrmse                            │
│ checkpoints.save_last_state           │ True                                 │
│ checkpoints.save_epochs               │ []                                   │
│ wandb.enabled                         │ False                                │
│ wandb.project                         │ windinet                             │
│ wandb.entity                          │ None                                 │
│ wandb.tags                            │ ['vae', 'inflate', 'zeros-init',     │
│                                       │ 'cosine', '20ep', 'shockwave-cfd',   │
│                                       │ 'c                                   │
│ seed                                  │ 42                                   │
│ output_dir                            │ /hppfs/scratch/0D/go76fuz2/windinet… │
│ clean_output_dir                      │ True                                 │
│ resume_from                           │ None                                 │
│ resume_weights_only                   │ False                                │
└───────────────────────────────────────┴──────────────────────────────────────┘
INFO     [rank 0] Distributed training: 8 processes          vae_trainer.py:1484
INFO     [rank 0] VAE inflated to 4 native channels           vae_trainer.py:206
         (init=zeros); encoder.conv_in is trainable                             
INFO     [rank 0] Encoder extra modules UNFROZEN:             vae_trainer.py:263
         down_blocks[0, 1, 2] + tail                                            
         (down_blocks[-1]+mid_block+norm_out+conv_out)                          
INFO     [rank 0] VAE gradient checkpointing enabled          vae_trainer.py:274
INFO     [rank 0] VAE loaded. Decoder params: 552,869,953     vae_trainer.py:280
INFO     [rank 0] Trainable parameters:                       vae_trainer.py:351
         encoder_conv_in=221,312, encoder_extra=693,932,865,                    
         decoder=552,869,953, in_adapter=0, out_adapter=0                       
INFO     [rank 0] SDS distillation loss: untrained_dit=true --    sds_loss.py:56
         using stock pretrained LTXV_2B_0.9.6_DEV transformer + a               
         freshly random-initialized ScalarEmbedding as the frozen               
         critic                                                                 
INFO     [rank 0] Dataset: 4000 train, 500 eval samples       vae_trainer.py:615
INFO     [rank 0] encoder.conv_in LR = 5.00e-05 (== decoder   vae_trainer.py:639
         LR)                                                                    
INFO     [rank 0] encoder extra (down_blocks[0, 1, 2]+tail)   vae_trainer.py:650
         LR = 5.00e-05 (== decoder LR)                                          
INFO     [rank 0] LR schedule 'cosine': 2500 steps (200       vae_trainer.py:741
         warmup, 0 stable, 2300 anneal), peak 5.00e-05 ->                       
         floor 1.00e-06                                                         
2026:09:24-19:56:22:100448 |CCL_WARN| value of CCL_ATL_TRANSPORT changed to be ofi (default:mpi)
2026:09:24-19:56:22:100448 |CCL_WARN| value of CCL_ALLREDUCE changed to be ring (default:)
2026:09:24-19:56:22:100448 |CCL_WARN| could not get local_idx/count from environment variables, trying to get them from ATL
2026:09:24-19:56:22:100449 |CCL_WARN| could not get local_idx/count from environment variables, trying to get them from ATL
2026:09:24-19:56:22:100450 |CCL_WARN| could not get local_idx/count from environment variables, trying to get them from ATL
2026:09:24-19:56:22:100451 |CCL_WARN| could not get local_idx/count from environment variables, trying to get them from ATL
2026:09:24-19:56:23:100452 |CCL_WARN| could not get local_idx/count from environment variables, trying to get them from ATL
2026:09:24-19:56:23:100453 |CCL_WARN| could not get local_idx/count from environment variables, trying to get them from ATL
2026:09:24-19:56:23:100454 |CCL_WARN| could not get local_idx/count from environment variables, trying to get them from ATL
2026:09:24-19:56:24:100455 |CCL_WARN| could not get local_idx/count from environment variables, trying to get them from ATL
INFO     [rank 0] Config saved:                              vae_trainer.py:1516
         /hppfs/scratch/0D/go76fuz2/windinet/finetune_vae_ou                    
         tputs_sng_pvc/finetune_vae_ch6_sds_stock_w1e2_256re                    
         s/training_config.yaml                                                 
INFO     [rank 0] Starting VAE decoder finetuning...          vae_trainer.py:795
epoch 1 step 10  loss=0.106255  lr=2.98e-06  [rmse=0.0654 h1=0.0001 ssim=0.0081 mlw=0.0000]
epoch 1 step 20  loss=0.106349  lr=5.45e-06  [rmse=0.1425 h1=0.0001 ssim=0.0180 mlw=0.0000]
epoch 1 step 30  loss=0.095108  lr=7.93e-06  [rmse=0.0931 h1=0.0003 ssim=0.0225 mlw=0.0000]
epoch 1 step 40  loss=0.096253  lr=1.04e-05  [rmse=0.1279 h1=0.0005 ssim=0.0522 mlw=0.0000]
epoch 1 step 50  loss=0.085900  lr=1.29e-05  [rmse=0.0289 h1=0.0001 ssim=0.0124 mlw=0.0000]
epoch 1 step 60  loss=0.078089  lr=1.54e-05  [rmse=0.0325 h1=0.0001 ssim=0.0125 mlw=0.0000]
epoch 1 step 70  loss=0.074070  lr=1.78e-05  [rmse=0.0440 h1=0.0008 ssim=0.0548 mlw=0.0000]
epoch 1 step 80  loss=0.069679  lr=2.03e-05  [rmse=0.0231 h1=0.0001 ssim=0.0180 mlw=0.0000]
epoch 1 step 90  loss=0.066451  lr=2.28e-05  [rmse=0.0355 h1=0.0003 ssim=0.0284 mlw=0.0000]
epoch 1 step 100  loss=0.062825  lr=2.53e-05  [rmse=0.0202 h1=0.0002 ssim=0.0148 mlw=0.0000]
epoch 1 step 110  loss=0.059999  lr=2.77e-05  [rmse=0.0244 h1=0.0001 ssim=0.0116 mlw=0.0000]
epoch 1 step 120  loss=0.058342  lr=3.02e-05  [rmse=0.0288 h1=0.0003 ssim=0.0195 mlw=0.0000]
INFO     [rank 0] Loss weights: rmse=1.0000, h1=50.0000,      vae_trainer.py:975
         ssim=0.0000, mlw=0.0000, sds=0.0100                                    
INFO     [rank 0] Epoch 1: train_loss=0.057687               vae_trainer.py:1014
         val_loss=0.036006  val_VRMSE=0.201451                                  
         val_VRMSE_chmean=0.282991  lr=3.14e-05                                 
INFO     [rank 0] Metrics updated: metrics/metrics.csv,      vae_trainer.py:1041
         metrics/loss_curves.png                                                
INFO     [rank 0] New best checkpoint (epoch 1,              vae_trainer.py:1362
         val_vrmse=0.201451):                                                   
         checkpoints/vae_shockwave_best.safetensors                             
INFO     [rank 0] Training state saved:                      vae_trainer.py:1438
         checkpoints/vae_shockwave_last.state.pt                                
INFO     [rank 0] Epoch 1 timing: train=2838.1s eval=88.6s   vae_trainer.py:1076
         viz=0.0s ckpt=8.7s total=2936.2s                                       
epoch 2 step 130  loss=0.043401  lr=3.27e-05  [rmse=0.0297 h1=0.0001 ssim=0.0072 mlw=0.0000]
epoch 2 step 140  loss=0.039447  lr=3.52e-05  [rmse=0.0434 h1=0.0005 ssim=0.0369 mlw=0.0000]
epoch 2 step 150  loss=0.039263  lr=3.76e-05  [rmse=0.0289 h1=0.0002 ssim=0.0177 mlw=0.0000]
epoch 2 step 160  loss=0.036148  lr=4.01e-05  [rmse=0.0166 h1=0.0001 ssim=0.0065 mlw=0.0000]
epoch 2 step 170  loss=0.036091  lr=4.26e-05  [rmse=0.0173 h1=0.0001 ssim=0.0164 mlw=0.0000]
epoch 2 step 180  loss=0.037652  lr=4.51e-05  [rmse=0.0339 h1=0.0004 ssim=0.0248 mlw=0.0000]
epoch 2 step 190  loss=0.038436  lr=4.75e-05  [rmse=0.0193 h1=0.0001 ssim=0.0054 mlw=0.0000]
epoch 2 step 200  loss=0.038576  lr=5.00e-05  [rmse=0.0229 h1=0.0002 ssim=0.0163 mlw=0.0000]
epoch 2 step 210  loss=0.037580  lr=5.00e-05  [rmse=0.0155 h1=0.0001 ssim=0.0073 mlw=0.0000]
epoch 2 step 220  loss=0.037061  lr=5.00e-05  [rmse=0.0269 h1=0.0002 ssim=0.0142 mlw=0.0000]
epoch 2 step 230  loss=0.036122  lr=5.00e-05  [rmse=0.0200 h1=0.0001 ssim=0.0083 mlw=0.0000]
epoch 2 step 240  loss=0.035858  lr=5.00e-05  [rmse=0.0312 h1=0.0001 ssim=0.0124 mlw=0.0000]
epoch 2 step 250  loss=0.035951  lr=4.99e-05  [rmse=0.0136 h1=0.0000 ssim=0.0051 mlw=0.0000]
INFO     [rank 0] Loss weights: rmse=1.0000, h1=50.0000,      vae_trainer.py:975
         ssim=0.0000, mlw=0.0000, sds=0.0100                                    
INFO     [rank 0] Epoch 2: train_loss=0.035951               vae_trainer.py:1014
         val_loss=0.033853  val_VRMSE=0.168260                                  
         val_VRMSE_chmean=0.246745  lr=4.99e-05                                 
INFO     [rank 0] Metrics updated: metrics/metrics.csv,      vae_trainer.py:1041
         metrics/loss_curves.png                                                
INFO     [rank 0] New best checkpoint (epoch 2,              vae_trainer.py:1362
         val_vrmse=0.168260):                                                   
         checkpoints/vae_shockwave_best.safetensors                             
INFO     [rank 0] Training state saved:                      vae_trainer.py:1438
         checkpoints/vae_shockwave_last.state.pt                                
INFO     [rank 0] Epoch 2 timing: train=2818.4s eval=88.4s   vae_trainer.py:1076
         viz=0.0s ckpt=9.6s total=2917.0s                                       
epoch 3 step 260  loss=0.029914  lr=4.99e-05  [rmse=0.0224 h1=0.0002 ssim=0.0176 mlw=0.0000]
epoch 3 step 270  loss=0.030855  lr=4.99e-05  [rmse=0.0180 h1=0.0001 ssim=0.0128 mlw=0.0000]
epoch 3 step 280  loss=0.030211  lr=4.99e-05  [rmse=0.0146 h1=0.0001 ssim=0.0063 mlw=0.0000]
epoch 3 step 290  loss=0.030097  lr=4.98e-05  [rmse=0.0166 h1=0.0001 ssim=0.0086 mlw=0.0000]
epoch 3 step 300  loss=0.029867  lr=4.98e-05  [rmse=0.0210 h1=0.0002 ssim=0.0122 mlw=0.0000]
epoch 3 step 310  loss=0.030160  lr=4.97e-05  [rmse=0.0338 h1=0.0002 ssim=0.0162 mlw=0.0000]
epoch 3 step 320  loss=0.030104  lr=4.97e-05  [rmse=0.0229 h1=0.0002 ssim=0.0157 mlw=0.0000]
epoch 3 step 330  loss=0.029831  lr=4.96e-05  [rmse=0.0295 h1=0.0003 ssim=0.0258 mlw=0.0000]
epoch 3 step 340  loss=0.029833  lr=4.96e-05  [rmse=0.0190 h1=0.0002 ssim=0.0144 mlw=0.0000]
epoch 3 step 350  loss=0.029641  lr=4.95e-05  [rmse=0.0237 h1=0.0002 ssim=0.0203 mlw=0.0000]
epoch 3 step 360  loss=0.029784  lr=4.94e-05  [rmse=0.0141 h1=0.0001 ssim=0.0074 mlw=0.0000]
epoch 3 step 370  loss=0.029508  lr=4.93e-05  [rmse=0.0146 h1=0.0001 ssim=0.0108 mlw=0.0000]
INFO     [rank 0] Loss weights: rmse=1.0000, h1=50.0000,      vae_trainer.py:975
         ssim=0.0000, mlw=0.0000, sds=0.0100                                    
INFO     [rank 0] Epoch 3: train_loss=0.029219               vae_trainer.py:1014
         val_loss=0.028102  val_VRMSE=0.148451                                  
         val_VRMSE_chmean=0.217991  lr=4.93e-05                                 
INFO     [rank 0] Metrics updated: metrics/metrics.csv,      vae_trainer.py:1041
         metrics/loss_curves.png                                                
INFO     [rank 0] New best checkpoint (epoch 3,              vae_trainer.py:1362
         val_vrmse=0.148451):                                                   
         checkpoints/vae_shockwave_best.safetensors                             
INFO     [rank 0] Training state saved:                      vae_trainer.py:1438
         checkpoints/vae_shockwave_last.state.pt                                
INFO     [rank 0] Epoch 3 timing: train=2819.1s eval=88.8s   vae_trainer.py:1076
         viz=0.0s ckpt=8.9s total=2917.3s                                       
epoch 4 step 380  loss=0.028770  lr=4.93e-05  [rmse=0.0167 h1=0.0001 ssim=0.0064 mlw=0.0000]
epoch 4 step 390  loss=0.028773  lr=4.92e-05  [rmse=0.0224 h1=0.0003 ssim=0.0196 mlw=0.0000]
epoch 4 step 400  loss=0.025880  lr=4.91e-05  [rmse=0.0117 h1=0.0001 ssim=0.0085 mlw=0.0000]
epoch 4 step 410  loss=0.025101  lr=4.90e-05  [rmse=0.0195 h1=0.0002 ssim=0.0175 mlw=0.0000]
epoch 4 step 420  loss=0.025115  lr=4.89e-05  [rmse=0.0153 h1=0.0001 ssim=0.0085 mlw=0.0000]
epoch 4 step 430  loss=0.025497  lr=4.88e-05  [rmse=0.0372 h1=0.0003 ssim=0.0158 mlw=0.0000]
epoch 4 step 440  loss=0.025444  lr=4.87e-05  [rmse=0.0181 h1=0.0001 ssim=0.0113 mlw=0.0000]
epoch 4 step 450  loss=0.025680  lr=4.86e-05  [rmse=0.0146 h1=0.0001 ssim=0.0088 mlw=0.0000]
epoch 4 step 460  loss=0.025486  lr=4.85e-05  [rmse=0.0103 h1=0.0000 ssim=0.0039 mlw=0.0000]
epoch 4 step 470  loss=0.025544  lr=4.84e-05  [rmse=0.0223 h1=0.0002 ssim=0.0153 mlw=0.0000]
epoch 4 step 480  loss=0.025519  lr=4.82e-05  [rmse=0.0142 h1=0.0001 ssim=0.0077 mlw=0.0000]
epoch 4 step 490  loss=0.024972  lr=4.81e-05  [rmse=0.0177 h1=0.0001 ssim=0.0087 mlw=0.0000]
epoch 4 step 500  loss=0.024709  lr=4.80e-05  [rmse=0.0130 h1=0.0000 ssim=0.0054 mlw=0.0000]
INFO     [rank 0] Loss weights: rmse=1.0000, h1=50.0000,      vae_trainer.py:975
         ssim=0.0000, mlw=0.0000, sds=0.0100                                    
INFO     [rank 0] Epoch 4: train_loss=0.024709               vae_trainer.py:1014
         val_loss=0.021312  val_VRMSE=0.093839                                  
         val_VRMSE_chmean=0.134462  lr=4.80e-05                                 
INFO     [rank 0] Metrics updated: metrics/metrics.csv,      vae_trainer.py:1041
         metrics/loss_curves.png                                                
INFO     [rank 0] Saved 12 validation reconstruction PNGs    vae_trainer.py:1263
         for epoch 4                                                            
INFO     [rank 0] New best checkpoint (epoch 4,              vae_trainer.py:1362
         val_vrmse=0.093839):                                                   
         checkpoints/vae_shockwave_best.safetensors                             
INFO     [rank 0] Training state saved:                      vae_trainer.py:1438
         checkpoints/vae_shockwave_last.state.pt                                
INFO     [rank 0] Epoch 4 timing: train=2818.9s eval=88.5s   vae_trainer.py:1076
         viz=23.8s ckpt=9.5s total=2941.3s                                      
epoch 5 step 510  loss=0.027642  lr=4.78e-05  [rmse=0.0239 h1=0.0002 ssim=0.0160 mlw=0.0000]
epoch 5 step 520  loss=0.031518  lr=4.77e-05  [rmse=0.0223 h1=0.0003 ssim=0.0143 mlw=0.0000]
epoch 5 step 530  loss=0.027033  lr=4.76e-05  [rmse=0.0119 h1=0.0001 ssim=0.0059 mlw=0.0000]
epoch 5 step 540  loss=0.025858  lr=4.74e-05  [rmse=0.0196 h1=0.0001 ssim=0.0065 mlw=0.0000]
epoch 5 step 550  loss=0.025770  lr=4.73e-05  [rmse=0.0150 h1=0.0001 ssim=0.0069 mlw=0.0000]
epoch 5 step 560  loss=0.026342  lr=4.71e-05  [rmse=0.0270 h1=0.0002 ssim=0.0101 mlw=0.0000]
epoch 5 step 570  loss=0.026246  lr=4.69e-05  [rmse=0.0135 h1=0.0001 ssim=0.0080 mlw=0.0000]
epoch 5 step 580  loss=0.026157  lr=4.68e-05  [rmse=0.0197 h1=0.0002 ssim=0.0162 mlw=0.0000]
epoch 5 step 590  loss=0.025633  lr=4.66e-05  [rmse=0.0136 h1=0.0001 ssim=0.0093 mlw=0.0000]
epoch 5 step 600  loss=0.025641  lr=4.64e-05  [rmse=0.0182 h1=0.0002 ssim=0.0178 mlw=0.0000]
epoch 5 step 610  loss=0.025634  lr=4.63e-05  [rmse=0.0277 h1=0.0004 ssim=0.0191 mlw=0.0000]
epoch 5 step 620  loss=0.025266  lr=4.61e-05  [rmse=0.0152 h1=0.0001 ssim=0.0059 mlw=0.0000]
INFO     [rank 0] Loss weights: rmse=1.0000, h1=50.0000,      vae_trainer.py:975
         ssim=0.0000, mlw=0.0000, sds=0.0100                                    
INFO     [rank 0] Epoch 5: train_loss=0.025171               vae_trainer.py:1014
         val_loss=0.025274  val_VRMSE=0.128328                                  
         val_VRMSE_chmean=0.181005  lr=4.60e-05                                 
INFO     [rank 0] Metrics updated: metrics/metrics.csv,      vae_trainer.py:1041
         metrics/loss_curves.png                                                
INFO     [rank 0] Training state saved:                      vae_trainer.py:1438
         checkpoints/vae_shockwave_last.state.pt                                
INFO     [rank 0] Epoch 5 timing: train=2820.2s eval=96.7s   vae_trainer.py:1076
         viz=0.0s ckpt=7.5s total=2924.9s                                       
epoch 6 step 630  loss=0.028793  lr=4.59e-05  [rmse=0.0263 h1=0.0002 ssim=0.0135 mlw=0.0000]
epoch 6 step 640  loss=0.025674  lr=4.57e-05  [rmse=0.0150 h1=0.0001 ssim=0.0089 mlw=0.0000]
epoch 6 step 650  loss=0.026167  lr=4.55e-05  [rmse=0.0234 h1=0.0003 ssim=0.0178 mlw=0.0000]
epoch 6 step 660  loss=0.026734  lr=4.53e-05  [rmse=0.0190 h1=0.0002 ssim=0.0167 mlw=0.0000]
epoch 6 step 670  loss=0.026451  lr=4.51e-05  [rmse=0.0166 h1=0.0001 ssim=0.0124 mlw=0.0000]
epoch 6 step 680  loss=0.026472  lr=4.49e-05  [rmse=0.0215 h1=0.0002 ssim=0.0154 mlw=0.0000]
epoch 6 step 690  loss=0.026295  lr=4.47e-05  [rmse=0.0167 h1=0.0001 ssim=0.0063 mlw=0.0000]
epoch 6 step 700  loss=0.026195  lr=4.45e-05  [rmse=0.0162 h1=0.0000 ssim=0.0048 mlw=0.0000]
epoch 6 step 710  loss=0.026148  lr=4.43e-05  [rmse=0.0117 h1=0.0000 ssim=0.0038 mlw=0.0000]
epoch 6 step 720  loss=0.026147  lr=4.41e-05  [rmse=0.0212 h1=0.0003 ssim=0.0144 mlw=0.0000]
epoch 6 step 730  loss=0.025727  lr=4.39e-05  [rmse=0.0190 h1=0.0002 ssim=0.0120 mlw=0.0000]
epoch 6 step 740  loss=0.026013  lr=4.36e-05  [rmse=0.0158 h1=0.0001 ssim=0.0088 mlw=0.0000]
epoch 6 step 750  loss=0.026270  lr=4.34e-05  [rmse=0.0107 h1=0.0001 ssim=0.0064 mlw=0.0000]
INFO     [rank 0] Loss weights: rmse=1.0000, h1=50.0000,      vae_trainer.py:975
         ssim=0.0000, mlw=0.0000, sds=0.0100                                    
INFO     [rank 0] Epoch 6: train_loss=0.026270               vae_trainer.py:1014
         val_loss=0.021176  val_VRMSE=0.093317                                  
         val_VRMSE_chmean=0.131073  lr=4.34e-05                                 
INFO     [rank 0] Metrics updated: metrics/metrics.csv,      vae_trainer.py:1041
         metrics/loss_curves.png                                                
INFO     [rank 0] New best checkpoint (epoch 6,              vae_trainer.py:1362
         val_vrmse=0.093317):                                                   
         checkpoints/vae_shockwave_best.safetensors                             
INFO     [rank 0] Training state saved:                      vae_trainer.py:1438
         checkpoints/vae_shockwave_last.state.pt                                
INFO     [rank 0] Epoch 6 timing: train=2827.0s eval=88.7s   vae_trainer.py:1076
         viz=0.0s ckpt=32.6s total=2948.8s                                      
epoch 7 step 760  loss=0.021438  lr=4.32e-05  [rmse=0.0183 h1=0.0002 ssim=0.0143 mlw=0.0000]
epoch 7 step 770  loss=0.022693  lr=4.29e-05  [rmse=0.0249 h1=0.0002 ssim=0.0104 mlw=0.0000]
epoch 7 step 780  loss=0.022398  lr=4.27e-05  [rmse=0.0169 h1=0.0001 ssim=0.0086 mlw=0.0000]
epoch 7 step 790  loss=0.023706  lr=4.25e-05  [rmse=0.0129 h1=0.0001 ssim=0.0058 mlw=0.0000]
epoch 7 step 800  loss=0.022626  lr=4.22e-05  [rmse=0.0140 h1=0.0000 ssim=0.0052 mlw=0.0000]
epoch 7 step 810  loss=0.021803  lr=4.20e-05  [rmse=0.0108 h1=0.0000 ssim=0.0059 mlw=0.0000]
epoch 7 step 820  loss=0.022109  lr=4.17e-05  [rmse=0.0135 h1=0.0001 ssim=0.0080 mlw=0.0000]
epoch 7 step 830  loss=0.021715  lr=4.15e-05  [rmse=0.0117 h1=0.0001 ssim=0.0089 mlw=0.0000]
epoch 7 step 840  loss=0.021971  lr=4.12e-05  [rmse=0.0084 h1=0.0000 ssim=0.0028 mlw=0.0000]
epoch 7 step 850  loss=0.022351  lr=4.10e-05  [rmse=0.0150 h1=0.0001 ssim=0.0068 mlw=0.0000]
epoch 7 step 860  loss=0.021926  lr=4.07e-05  [rmse=0.0072 h1=0.0000 ssim=0.0020 mlw=0.0000]
epoch 7 step 870  loss=0.022105  lr=4.04e-05  [rmse=0.0190 h1=0.0002 ssim=0.0121 mlw=0.0000]
INFO     [rank 0] Loss weights: rmse=1.0000, h1=50.0000,      vae_trainer.py:975
         ssim=0.0000, mlw=0.0000, sds=0.0100                                    
INFO     [rank 0] Epoch 7: train_loss=0.022081               vae_trainer.py:1014
         val_loss=0.019831  val_VRMSE=0.090274                                  
         val_VRMSE_chmean=0.128438  lr=4.03e-05                                 
INFO     [rank 0] Metrics updated: metrics/metrics.csv,      vae_trainer.py:1041
         metrics/loss_curves.png                                                
INFO     [rank 0] New best checkpoint (epoch 7,              vae_trainer.py:1362
         val_vrmse=0.090274):                                                   
         checkpoints/vae_shockwave_best.safetensors                             
INFO     [rank 0] Training state saved:                      vae_trainer.py:1438
         checkpoints/vae_shockwave_last.state.pt                                
INFO     [rank 0] Epoch 7 timing: train=2825.7s eval=88.7s   vae_trainer.py:1076
         viz=0.0s ckpt=8.3s total=2923.3s                                       
epoch 8 step 880  loss=0.018152  lr=4.02e-05  [rmse=0.0094 h1=0.0001 ssim=0.0047 mlw=0.0000]
epoch 8 step 890  loss=0.017400  lr=3.99e-05  [rmse=0.0157 h1=0.0002 ssim=0.0119 mlw=0.0000]
epoch 8 step 900  loss=0.018955  lr=3.96e-05  [rmse=0.0178 h1=0.0002 ssim=0.0145 mlw=0.0000]
epoch 8 step 910  loss=0.019327  lr=3.94e-05  [rmse=0.0095 h1=0.0000 ssim=0.0046 mlw=0.0000]
epoch 8 step 920  loss=0.019880  lr=3.91e-05  [rmse=0.0119 h1=0.0001 ssim=0.0078 mlw=0.0000]
epoch 8 step 930  loss=0.019061  lr=3.88e-05  [rmse=0.0065 h1=0.0000 ssim=0.0016 mlw=0.0000]
epoch 8 step 940  loss=0.019770  lr=3.85e-05  [rmse=0.0162 h1=0.0002 ssim=0.0095 mlw=0.0000]
epoch 8 step 950  loss=0.020567  lr=3.82e-05  [rmse=0.0194 h1=0.0002 ssim=0.0120 mlw=0.0000]
epoch 8 step 960  loss=0.020738  lr=3.79e-05  [rmse=0.0179 h1=0.0002 ssim=0.0113 mlw=0.0000]
epoch 8 step 970  loss=0.021219  lr=3.77e-05  [rmse=0.0142 h1=0.0001 ssim=0.0090 mlw=0.0000]
epoch 8 step 980  loss=0.021549  lr=3.74e-05  [rmse=0.0141 h1=0.0001 ssim=0.0070 mlw=0.0000]
epoch 8 step 990  loss=0.021849  lr=3.71e-05  [rmse=0.0153 h1=0.0001 ssim=0.0068 mlw=0.0000]
epoch 8 step 1000  loss=0.021874  lr=3.68e-05  [rmse=0.0148 h1=0.0001 ssim=0.0095 mlw=0.0000]
INFO     [rank 0] Loss weights: rmse=1.0000, h1=50.0000,      vae_trainer.py:975
         ssim=0.0000, mlw=0.0000, sds=0.0100                                    
INFO     [rank 0] Epoch 8: train_loss=0.021874               vae_trainer.py:1014
         val_loss=0.020114  val_VRMSE=0.094228                                  
         val_VRMSE_chmean=0.133041  lr=3.68e-05                                 
INFO     [rank 0] Metrics updated: metrics/metrics.csv,      vae_trainer.py:1041
         metrics/loss_curves.png                                                
INFO     [rank 0] Saved 12 validation reconstruction PNGs    vae_trainer.py:1263
         for epoch 8                                                            
INFO     [rank 0] Training state saved:                      vae_trainer.py:1438
         checkpoints/vae_shockwave_last.state.pt                                
INFO     [rank 0] Epoch 8 timing: train=2824.7s eval=88.8s   vae_trainer.py:1076
         viz=24.4s ckpt=7.4s total=2945.8s                                      
epoch 9 step 1010  loss=0.024698  lr=3.65e-05  [rmse=0.0112 h1=0.0001 ssim=0.0052 mlw=0.0000]
epoch 9 step 1020  loss=0.021998  lr=3.62e-05  [rmse=0.0120 h1=0.0001 ssim=0.0056 mlw=0.0000]
epoch 9 step 1030  loss=0.020825  lr=3.59e-05  [rmse=0.0109 h1=0.0001 ssim=0.0049 mlw=0.0000]
epoch 9 step 1040  loss=0.020996  lr=3.56e-05  [rmse=0.0122 h1=0.0001 ssim=0.0064 mlw=0.0000]
epoch 9 step 1050  loss=0.020285  lr=3.53e-05  [rmse=0.0084 h1=0.0000 ssim=0.0046 mlw=0.0000]
epoch 9 step 1060  loss=0.020440  lr=3.50e-05  [rmse=0.0085 h1=0.0000 ssim=0.0048 mlw=0.0000]
epoch 9 step 1070  loss=0.020067  lr=3.46e-05  [rmse=0.0055 h1=0.0000 ssim=0.0021 mlw=0.0000]
epoch 9 step 1080  loss=0.019779  lr=3.43e-05  [rmse=0.0082 h1=0.0000 ssim=0.0050 mlw=0.0000]
epoch 9 step 1090  loss=0.020175  lr=3.40e-05  [rmse=0.0144 h1=0.0002 ssim=0.0130 mlw=0.0000]
epoch 9 step 1100  loss=0.020010  lr=3.37e-05  [rmse=0.0084 h1=0.0001 ssim=0.0057 mlw=0.0000]
epoch 9 step 1110  loss=0.019695  lr=3.34e-05  [rmse=0.0099 h1=0.0001 ssim=0.0047 mlw=0.0000]
epoch 9 step 1120  loss=0.019826  lr=3.31e-05  [rmse=0.0219 h1=0.0004 ssim=0.0138 mlw=0.0000]
INFO     [rank 0] Loss weights: rmse=1.0000, h1=50.0000,      vae_trainer.py:975
         ssim=0.0000, mlw=0.0000, sds=0.0100                                    
INFO     [rank 0] Epoch 9: train_loss=0.020027               vae_trainer.py:1014
         val_loss=0.017518  val_VRMSE=0.076090                                  
         val_VRMSE_chmean=0.108367  lr=3.29e-05                                 
INFO     [rank 0] Metrics updated: metrics/metrics.csv,      vae_trainer.py:1041
         metrics/loss_curves.png                                                
INFO     [rank 0] New best checkpoint (epoch 9,              vae_trainer.py:1362
         val_vrmse=0.076090):                                                   
         checkpoints/vae_shockwave_best.safetensors                             
INFO     [rank 0] Training state saved:                      vae_trainer.py:1438
         checkpoints/vae_shockwave_last.state.pt                                
INFO     [rank 0] Epoch 9 timing: train=2824.7s eval=89.0s   vae_trainer.py:1076
         viz=0.0s ckpt=8.4s total=2922.7s                                       
epoch 10 step 1130  loss=0.012896  lr=3.28e-05  [rmse=0.0109 h1=0.0001 ssim=0.0066 mlw=0.0000]
epoch 10 step 1140  loss=0.015961  lr=3.24e-05  [rmse=0.0130 h1=0.0001 ssim=0.0095 mlw=0.0000]
epoch 10 step 1150  loss=0.017181  lr=3.21e-05  [rmse=0.0064 h1=0.0000 ssim=0.0024 mlw=0.0000]
epoch 10 step 1160  loss=0.017713  lr=3.18e-05  [rmse=0.0110 h1=0.0001 ssim=0.0054 mlw=0.0000]
epoch 10 step 1170  loss=0.018962  lr=3.15e-05  [rmse=0.0106 h1=0.0001 ssim=0.0035 mlw=0.0000]
epoch 10 step 1180  loss=0.018486  lr=3.11e-05  [rmse=0.0085 h1=0.0001 ssim=0.0044 mlw=0.0000]
epoch 10 step 1190  loss=0.018007  lr=3.08e-05  [rmse=0.0109 h1=0.0001 ssim=0.0070 mlw=0.0000]
epoch 10 step 1200  loss=0.017704  lr=3.05e-05  [rmse=0.0118 h1=0.0001 ssim=0.0078 mlw=0.0000]
epoch 10 step 1210  loss=0.017539  lr=3.02e-05  [rmse=0.0097 h1=0.0001 ssim=0.0045 mlw=0.0000]
epoch 10 step 1220  loss=0.017671  lr=2.98e-05  [rmse=0.0090 h1=0.0000 ssim=0.0032 mlw=0.0000]
epoch 10 step 1230  loss=0.017550  lr=2.95e-05  [rmse=0.0065 h1=0.0000 ssim=0.0026 mlw=0.0000]
epoch 10 step 1240  loss=0.017294  lr=2.92e-05  [rmse=0.0093 h1=0.0001 ssim=0.0062 mlw=0.0000]
epoch 10 step 1250  loss=0.017265  lr=2.88e-05  [rmse=0.0117 h1=0.0001 ssim=0.0068 mlw=0.0000]
INFO     [rank 0] Loss weights: rmse=1.0000, h1=50.0000,      vae_trainer.py:975
         ssim=0.0000, mlw=0.0000, sds=0.0100                                    
INFO     [rank 0] Epoch 10: train_loss=0.017265              vae_trainer.py:1014
         val_loss=0.018482  val_VRMSE=0.087803                                  
         val_VRMSE_chmean=0.127066  lr=2.88e-05                                 
INFO     [rank 0] Metrics updated: metrics/metrics.csv,      vae_trainer.py:1041
         metrics/loss_curves.png                                                
INFO     [rank 0] Training state saved:                      vae_trainer.py:1438
         checkpoints/vae_shockwave_last.state.pt                                
INFO     [rank 0] Epoch 10 timing: train=2826.5s eval=89.2s  vae_trainer.py:1076
         viz=0.0s ckpt=7.4s total=2923.8s                                       
epoch 11 step 1260  loss=0.018527  lr=2.85e-05  [rmse=0.0058 h1=0.0000 ssim=0.0021 mlw=0.0000]
epoch 11 step 1270  loss=0.018880  lr=2.82e-05  [rmse=0.0106 h1=0.0001 ssim=0.0055 mlw=0.0000]
epoch 11 step 1280  loss=0.017985  lr=2.78e-05  [rmse=0.0107 h1=0.0001 ssim=0.0064 mlw=0.0000]
epoch 11 step 1290  loss=0.017876  lr=2.75e-05  [rmse=0.0201 h1=0.0003 ssim=0.0217 mlw=0.0000]
epoch 11 step 1300  loss=0.017189  lr=2.72e-05  [rmse=0.0092 h1=0.0001 ssim=0.0061 mlw=0.0000]
epoch 11 step 1310  loss=0.017085  lr=2.68e-05  [rmse=0.0068 h1=0.0000 ssim=0.0034 mlw=0.0000]
epoch 11 step 1320  loss=0.016811  lr=2.65e-05  [rmse=0.0140 h1=0.0002 ssim=0.0121 mlw=0.0000]
epoch 11 step 1330  loss=0.017342  lr=2.62e-05  [rmse=0.0113 h1=0.0001 ssim=0.0061 mlw=0.0000]
epoch 11 step 1340  loss=0.017594  lr=2.58e-05  [rmse=0.0157 h1=0.0002 ssim=0.0113 mlw=0.0000]
epoch 11 step 1350  loss=0.017695  lr=2.55e-05  [rmse=0.0101 h1=0.0001 ssim=0.0066 mlw=0.0000]
epoch 11 step 1360  loss=0.017488  lr=2.52e-05  [rmse=0.0133 h1=0.0001 ssim=0.0097 mlw=0.0000]
epoch 11 step 1370  loss=0.017729  lr=2.48e-05  [rmse=0.0142 h1=0.0001 ssim=0.0103 mlw=0.0000]
INFO     [rank 0] Loss weights: rmse=1.0000, h1=50.0000,      vae_trainer.py:975
         ssim=0.0000, mlw=0.0000, sds=0.0100                                    
INFO     [rank 0] Epoch 11: train_loss=0.018023              vae_trainer.py:1014
         val_loss=0.017187  val_VRMSE=0.076377                                  
         val_VRMSE_chmean=0.108159  lr=2.47e-05                                 
INFO     [rank 0] Metrics updated: metrics/metrics.csv,      vae_trainer.py:1041
         metrics/loss_curves.png                                                
INFO     [rank 0] Training state saved:                      vae_trainer.py:1438
         checkpoints/vae_shockwave_last.state.pt                                
INFO     [rank 0] Epoch 11 timing: train=2837.2s eval=88.7s  vae_trainer.py:1076
         viz=0.0s ckpt=7.2s total=2933.5s                                       
epoch 12 step 1380  loss=0.014290  lr=2.45e-05  [rmse=0.0149 h1=0.0002 ssim=0.0158 mlw=0.0000]
epoch 12 step 1390  loss=0.015678  lr=2.42e-05  [rmse=0.0133 h1=0.0001 ssim=0.0112 mlw=0.0000]
epoch 12 step 1400  loss=0.015038  lr=2.38e-05  [rmse=0.0104 h1=0.0001 ssim=0.0052 mlw=0.0000]
epoch 12 step 1410  loss=0.018242  lr=2.35e-05  [rmse=0.0143 h1=0.0002 ssim=0.0101 mlw=0.0000]
epoch 12 step 1420  loss=0.018696  lr=2.32e-05  [rmse=0.0118 h1=0.0001 ssim=0.0100 mlw=0.0000]
epoch 12 step 1430  loss=0.018447  lr=2.28e-05  [rmse=0.0148 h1=0.0002 ssim=0.0122 mlw=0.0000]
epoch 12 step 1440  loss=0.018293  lr=2.25e-05  [rmse=0.0050 h1=0.0000 ssim=0.0020 mlw=0.0000]
epoch 12 step 1450  loss=0.017941  lr=2.22e-05  [rmse=0.0081 h1=0.0000 ssim=0.0042 mlw=0.0000]
epoch 12 step 1460  loss=0.017592  lr=2.18e-05  [rmse=0.0108 h1=0.0001 ssim=0.0057 mlw=0.0000]
epoch 12 step 1470  loss=0.017375  lr=2.15e-05  [rmse=0.0147 h1=0.0001 ssim=0.0081 mlw=0.0000]
epoch 12 step 1480  loss=0.017452  lr=2.12e-05  [rmse=0.0103 h1=0.0001 ssim=0.0064 mlw=0.0000]
epoch 12 step 1490  loss=0.017092  lr=2.08e-05  [rmse=0.0081 h1=0.0001 ssim=0.0053 mlw=0.0000]
epoch 12 step 1500  loss=0.016938  lr=2.05e-05  [rmse=0.0117 h1=0.0001 ssim=0.0069 mlw=0.0000]
INFO     [rank 0] Loss weights: rmse=1.0000, h1=50.0000,      vae_trainer.py:975
         ssim=0.0000, mlw=0.0000, sds=0.0100                                    
INFO     [rank 0] Epoch 12: train_loss=0.016938              vae_trainer.py:1014
         val_loss=0.015572  val_VRMSE=0.064608                                  
         val_VRMSE_chmean=0.090134  lr=2.05e-05                                 
INFO     [rank 0] Metrics updated: metrics/metrics.csv,      vae_trainer.py:1041
         metrics/loss_curves.png                                                
INFO     [rank 0] Saved 12 validation reconstruction PNGs    vae_trainer.py:1263
         for epoch 12                                                           
INFO     [rank 0] New best checkpoint (epoch 12,             vae_trainer.py:1362
         val_vrmse=0.064608):                                                   
         checkpoints/vae_shockwave_best.safetensors                             
INFO     [rank 0] Training state saved:                      vae_trainer.py:1438
         checkpoints/vae_shockwave_last.state.pt                                
INFO     [rank 0] Epoch 12 timing: train=2821.3s eval=89.0s  vae_trainer.py:1076
         viz=23.2s ckpt=8.3s total=2942.3s                                      
epoch 13 step 1510  loss=0.015319  lr=2.02e-05  [rmse=0.0095 h1=0.0001 ssim=0.0059 mlw=0.0000]
epoch 13 step 1520  loss=0.014980  lr=1.99e-05  [rmse=0.0063 h1=0.0000 ssim=0.0034 mlw=0.0000]
epoch 13 step 1530  loss=0.016637  lr=1.95e-05  [rmse=0.0125 h1=0.0001 ssim=0.0073 mlw=0.0000]
epoch 13 step 1540  loss=0.016751  lr=1.92e-05  [rmse=0.0059 h1=0.0000 ssim=0.0015 mlw=0.0000]
epoch 13 step 1550  loss=0.016339  lr=1.89e-05  [rmse=0.0079 h1=0.0001 ssim=0.0044 mlw=0.0000]
epoch 13 step 1560  loss=0.016061  lr=1.86e-05  [rmse=0.0154 h1=0.0002 ssim=0.0112 mlw=0.0000]
epoch 13 step 1570  loss=0.016383  lr=1.82e-05  [rmse=0.0110 h1=0.0001 ssim=0.0087 mlw=0.0000]
epoch 13 step 1580  loss=0.016254  lr=1.79e-05  [rmse=0.0051 h1=0.0000 ssim=0.0021 mlw=0.0000]
epoch 13 step 1590  loss=0.016022  lr=1.76e-05  [rmse=0.0069 h1=0.0000 ssim=0.0040 mlw=0.0000]
epoch 13 step 1600  loss=0.016363  lr=1.73e-05  [rmse=0.0163 h1=0.0002 ssim=0.0109 mlw=0.0000]
epoch 13 step 1610  loss=0.016458  lr=1.70e-05  [rmse=0.0075 h1=0.0001 ssim=0.0047 mlw=0.0000]
epoch 13 step 1620  loss=0.016870  lr=1.67e-05  [rmse=0.0109 h1=0.0001 ssim=0.0080 mlw=0.0000]
INFO     [rank 0] Loss weights: rmse=1.0000, h1=50.0000,      vae_trainer.py:975
         ssim=0.0000, mlw=0.0000, sds=0.0100                                    
INFO     [rank 0] Epoch 13: train_loss=0.017058              vae_trainer.py:1014
         val_loss=0.015325  val_VRMSE=0.063589                                  
         val_VRMSE_chmean=0.088384  lr=1.65e-05                                 
INFO     [rank 0] Metrics updated: metrics/metrics.csv,      vae_trainer.py:1041
         metrics/loss_curves.png                                                
INFO     [rank 0] New best checkpoint (epoch 13,             vae_trainer.py:1362
         val_vrmse=0.063589):                                                   
         checkpoints/vae_shockwave_best.safetensors                             
INFO     [rank 0] Training state saved:                      vae_trainer.py:1438
         checkpoints/vae_shockwave_last.state.pt                                
INFO     [rank 0] Epoch 13 timing: train=2826.4s eval=89.2s  vae_trainer.py:1076
         viz=0.0s ckpt=8.6s total=2924.7s                                       
epoch 14 step 1630  loss=0.023015  lr=1.64e-05  [rmse=0.0094 h1=0.0001 ssim=0.0072 mlw=0.0000]
epoch 14 step 1640  loss=0.018117  lr=1.60e-05  [rmse=0.0080 h1=0.0001 ssim=0.0067 mlw=0.0000]
epoch 14 step 1650  loss=0.016651  lr=1.57e-05  [rmse=0.0094 h1=0.0001 ssim=0.0075 mlw=0.0000]
epoch 14 step 1660  loss=0.016417  lr=1.54e-05  [rmse=0.0109 h1=0.0001 ssim=0.0060 mlw=0.0000]
epoch 14 step 1670  loss=0.015994  lr=1.51e-05  [rmse=0.0097 h1=0.0001 ssim=0.0063 mlw=0.0000]
epoch 14 step 1680  loss=0.016368  lr=1.48e-05  [rmse=0.0031 h1=0.0000 ssim=0.0009 mlw=0.0000]
epoch 14 step 1690  loss=0.015882  lr=1.45e-05  [rmse=0.0095 h1=0.0001 ssim=0.0050 mlw=0.0000]
epoch 14 step 1700  loss=0.015917  lr=1.42e-05  [rmse=0.0123 h1=0.0002 ssim=0.0106 mlw=0.0000]
epoch 14 step 1710  loss=0.015496  lr=1.39e-05  [rmse=0.0119 h1=0.0002 ssim=0.0100 mlw=0.0000]
epoch 14 step 1720  loss=0.015542  lr=1.36e-05  [rmse=0.0044 h1=0.0000 ssim=0.0020 mlw=0.0000]
epoch 14 step 1730  loss=0.015667  lr=1.33e-05  [rmse=0.0081 h1=0.0001 ssim=0.0058 mlw=0.0000]
epoch 14 step 1740  loss=0.015719  lr=1.31e-05  [rmse=0.0137 h1=0.0002 ssim=0.0126 mlw=0.0000]
epoch 14 step 1750  loss=0.015900  lr=1.28e-05  [rmse=0.0091 h1=0.0001 ssim=0.0065 mlw=0.0000]
INFO     [rank 0] Loss weights: rmse=1.0000, h1=50.0000,      vae_trainer.py:975
         ssim=0.0000, mlw=0.0000, sds=0.0100                                    
INFO     [rank 0] Epoch 14: train_loss=0.015900              vae_trainer.py:1014
         val_loss=0.015120  val_VRMSE=0.063093                                  
         val_VRMSE_chmean=0.087252  lr=1.28e-05                                 
INFO     [rank 0] Metrics updated: metrics/metrics.csv,      vae_trainer.py:1041
         metrics/loss_curves.png                                                
INFO     [rank 0] New best checkpoint (epoch 14,             vae_trainer.py:1362
         val_vrmse=0.063093):                                                   
         checkpoints/vae_shockwave_best.safetensors                             
INFO     [rank 0] Training state saved:                      vae_trainer.py:1438
         checkpoints/vae_shockwave_last.state.pt                                
INFO     [rank 0] Epoch 14 timing: train=2826.1s eval=88.6s  vae_trainer.py:1076
         viz=0.0s ckpt=9.0s total=2924.2s                                       
epoch 15 step 1760  loss=0.014928  lr=1.25e-05  [rmse=0.0084 h1=0.0001 ssim=0.0065 mlw=0.0000]
epoch 15 step 1770  loss=0.014546  lr=1.22e-05  [rmse=0.0081 h1=0.0001 ssim=0.0055 mlw=0.0000]
epoch 15 step 1780  loss=0.015023  lr=1.19e-05  [rmse=0.0122 h1=0.0001 ssim=0.0110 mlw=0.0000]
epoch 15 step 1790  loss=0.015278  lr=1.16e-05  [rmse=0.0204 h1=0.0003 ssim=0.0184 mlw=0.0000]
epoch 15 step 1800  loss=0.015112  lr=1.14e-05  [rmse=0.0063 h1=0.0000 ssim=0.0036 mlw=0.0000]
epoch 15 step 1810  loss=0.015481  lr=1.11e-05  [rmse=0.0103 h1=0.0001 ssim=0.0069 mlw=0.0000]
epoch 15 step 1820  loss=0.015024  lr=1.08e-05  [rmse=0.0051 h1=0.0000 ssim=0.0028 mlw=0.0000]
epoch 15 step 1830  loss=0.015091  lr=1.06e-05  [rmse=0.0156 h1=0.0002 ssim=0.0125 mlw=0.0000]
epoch 15 step 1840  loss=0.015367  lr=1.03e-05  [rmse=0.0103 h1=0.0001 ssim=0.0055 mlw=0.0000]
epoch 15 step 1850  loss=0.015651  lr=1.00e-05  [rmse=0.0135 h1=0.0002 ssim=0.0145 mlw=0.0000]
epoch 15 step 1860  loss=0.015640  lr=9.78e-06  [rmse=0.0076 h1=0.0001 ssim=0.0058 mlw=0.0000]
epoch 15 step 1870  loss=0.015482  lr=9.52e-06  [rmse=0.0072 h1=0.0000 ssim=0.0038 mlw=0.0000]
INFO     [rank 0] Loss weights: rmse=1.0000, h1=50.0000,      vae_trainer.py:975
         ssim=0.0000, mlw=0.0000, sds=0.0100                                    
INFO     [rank 0] Epoch 15: train_loss=0.015515              vae_trainer.py:1014
         val_loss=0.014629  val_VRMSE=0.059859                                  
         val_VRMSE_chmean=0.082612  lr=9.40e-06                                 
INFO     [rank 0] Metrics updated: metrics/metrics.csv,      vae_trainer.py:1041
         metrics/loss_curves.png                                                
INFO     [rank 0] New best checkpoint (epoch 15,             vae_trainer.py:1362
         val_vrmse=0.059859):                                                   
         checkpoints/vae_shockwave_best.safetensors                             
INFO     [rank 0] Training state saved:                      vae_trainer.py:1438
         checkpoints/vae_shockwave_last.state.pt                                
INFO     [rank 0] Epoch 15 timing: train=2821.2s eval=88.9s  vae_trainer.py:1076
         viz=0.0s ckpt=8.1s total=2918.7s                                       
epoch 16 step 1880  loss=0.015381  lr=9.27e-06  [rmse=0.0093 h1=0.0001 ssim=0.0068 mlw=0.0000]
epoch 16 step 1890  loss=0.016388  lr=9.02e-06  [rmse=0.0079 h1=0.0001 ssim=0.0047 mlw=0.0000]
epoch 16 step 1900  loss=0.015695  lr=8.78e-06  [rmse=0.0034 h1=0.0000 ssim=0.0013 mlw=0.0000]
epoch 16 step 1910  loss=0.015669  lr=8.53e-06  [rmse=0.0081 h1=0.0001 ssim=0.0060 mlw=0.0000]
epoch 16 step 1920  loss=0.015303  lr=8.29e-06  [rmse=0.0091 h1=0.0001 ssim=0.0050 mlw=0.0000]
epoch 16 step 1930  loss=0.015015  lr=8.06e-06  [rmse=0.0129 h1=0.0002 ssim=0.0109 mlw=0.0000]
epoch 16 step 1940  loss=0.015737  lr=7.82e-06  [rmse=0.0098 h1=0.0001 ssim=0.0071 mlw=0.0000]
epoch 16 step 1950  loss=0.015535  lr=7.59e-06  [rmse=0.0028 h1=0.0000 ssim=0.0010 mlw=0.0000]
epoch 16 step 1960  loss=0.015776  lr=7.37e-06  [rmse=0.0072 h1=0.0001 ssim=0.0047 mlw=0.0000]
epoch 16 step 1970  loss=0.016118  lr=7.14e-06  [rmse=0.0106 h1=0.0001 ssim=0.0097 mlw=0.0000]
epoch 16 step 1980  loss=0.015904  lr=6.92e-06  [rmse=0.0115 h1=0.0001 ssim=0.0075 mlw=0.0000]
epoch 16 step 1990  loss=0.015903  lr=6.71e-06  [rmse=0.0079 h1=0.0001 ssim=0.0052 mlw=0.0000]
epoch 16 step 2000  loss=0.015982  lr=6.50e-06  [rmse=0.0035 h1=0.0000 ssim=0.0014 mlw=0.0000]
INFO     [rank 0] Loss weights: rmse=1.0000, h1=50.0000,      vae_trainer.py:975
         ssim=0.0000, mlw=0.0000, sds=0.0100                                    
INFO     [rank 0] Epoch 16: train_loss=0.015982              vae_trainer.py:1014
         val_loss=0.014514  val_VRMSE=0.058872                                  
         val_VRMSE_chmean=0.081077  lr=6.50e-06                                 
INFO     [rank 0] Metrics updated: metrics/metrics.csv,      vae_trainer.py:1041
         metrics/loss_curves.png                                                
INFO     [rank 0] Saved 12 validation reconstruction PNGs    vae_trainer.py:1263
         for epoch 16                                                           
INFO     [rank 0] New best checkpoint (epoch 16,             vae_trainer.py:1362
         val_vrmse=0.058872):                                                   
         checkpoints/vae_shockwave_best.safetensors                             
INFO     [rank 0] Training state saved:                      vae_trainer.py:1438
         checkpoints/vae_shockwave_last.state.pt                                
INFO     [rank 0] Epoch 16 timing: train=2820.5s eval=89.2s  vae_trainer.py:1076
         viz=23.2s ckpt=8.6s total=2942.0s                                      
epoch 17 step 2010  loss=0.015510  lr=6.29e-06  [rmse=0.0072 h1=0.0001 ssim=0.0050 mlw=0.0000]
epoch 17 step 2020  loss=0.014010  lr=6.08e-06  [rmse=0.0083 h1=0.0001 ssim=0.0043 mlw=0.0000]
epoch 17 step 2030  loss=0.014629  lr=5.88e-06  [rmse=0.0128 h1=0.0002 ssim=0.0100 mlw=0.0000]
epoch 17 step 2040  loss=0.015581  lr=5.68e-06  [rmse=0.0140 h1=0.0002 ssim=0.0129 mlw=0.0000]
epoch 17 step 2050  loss=0.015103  lr=5.48e-06  [rmse=0.0087 h1=0.0001 ssim=0.0055 mlw=0.0000]
epoch 17 step 2060  loss=0.014855  lr=5.29e-06  [rmse=0.0052 h1=0.0000 ssim=0.0027 mlw=0.0000]
epoch 17 step 2070  loss=0.015236  lr=5.11e-06  [rmse=0.0083 h1=0.0001 ssim=0.0062 mlw=0.0000]
epoch 17 step 2080  loss=0.015465  lr=4.92e-06  [rmse=0.0124 h1=0.0002 ssim=0.0069 mlw=0.0000]
epoch 17 step 2090  loss=0.015472  lr=4.74e-06  [rmse=0.0069 h1=0.0001 ssim=0.0041 mlw=0.0000]
epoch 17 step 2100  loss=0.015480  lr=4.57e-06  [rmse=0.0105 h1=0.0001 ssim=0.0086 mlw=0.0000]
epoch 17 step 2110  loss=0.015617  lr=4.39e-06  [rmse=0.0081 h1=0.0001 ssim=0.0048 mlw=0.0000]
epoch 17 step 2120  loss=0.015517  lr=4.23e-06  [rmse=0.0144 h1=0.0002 ssim=0.0149 mlw=0.0000]
INFO     [rank 0] Loss weights: rmse=1.0000, h1=50.0000,      vae_trainer.py:975
         ssim=0.0000, mlw=0.0000, sds=0.0100                                    
INFO     [rank 0] Epoch 17: train_loss=0.015481              vae_trainer.py:1014
         val_loss=0.014356  val_VRMSE=0.058525                                  
         val_VRMSE_chmean=0.080587  lr=4.14e-06                                 
INFO     [rank 0] Metrics updated: metrics/metrics.csv,      vae_trainer.py:1041
         metrics/loss_curves.png                                                
INFO     [rank 0] New best checkpoint (epoch 17,             vae_trainer.py:1362
         val_vrmse=0.058525):                                                   
         checkpoints/vae_shockwave_best.safetensors                             
INFO     [rank 0] Training state saved:                      vae_trainer.py:1438
         checkpoints/vae_shockwave_last.state.pt                                
INFO     [rank 0] Epoch 17 timing: train=2821.0s eval=89.6s  vae_trainer.py:1076
         viz=0.0s ckpt=10.4s total=2921.6s                                      
epoch 18 step 2130  loss=0.016653  lr=4.06e-06  [rmse=0.0125 h1=0.0002 ssim=0.0116 mlw=0.0000]
epoch 18 step 2140  loss=0.015201  lr=3.90e-06  [rmse=0.0067 h1=0.0000 ssim=0.0039 mlw=0.0000]
epoch 18 step 2150  loss=0.015357  lr=3.75e-06  [rmse=0.0050 h1=0.0000 ssim=0.0027 mlw=0.0000]
epoch 18 step 2160  loss=0.015419  lr=3.59e-06  [rmse=0.0072 h1=0.0001 ssim=0.0046 mlw=0.0000]
epoch 18 step 2170  loss=0.015085  lr=3.45e-06  [rmse=0.0124 h1=0.0002 ssim=0.0079 mlw=0.0000]
epoch 18 step 2180  loss=0.014570  lr=3.30e-06  [rmse=0.0067 h1=0.0000 ssim=0.0044 mlw=0.0000]
epoch 18 step 2190  loss=0.014442  lr=3.16e-06  [rmse=0.0150 h1=0.0002 ssim=0.0116 mlw=0.0000]
epoch 18 step 2200  loss=0.015582  lr=3.03e-06  [rmse=0.0068 h1=0.0000 ssim=0.0030 mlw=0.0000]
epoch 18 step 2210  loss=0.015443  lr=2.90e-06  [rmse=0.0107 h1=0.0001 ssim=0.0068 mlw=0.0000]
epoch 18 step 2220  loss=0.015542  lr=2.77e-06  [rmse=0.0095 h1=0.0001 ssim=0.0048 mlw=0.0000]
epoch 18 step 2230  loss=0.015728  lr=2.65e-06  [rmse=0.0089 h1=0.0001 ssim=0.0067 mlw=0.0000]
epoch 18 step 2240  loss=0.015930  lr=2.53e-06  [rmse=0.0114 h1=0.0001 ssim=0.0075 mlw=0.0000]
epoch 18 step 2250  loss=0.015769  lr=2.41e-06  [rmse=0.0080 h1=0.0001 ssim=0.0053 mlw=0.0000]
INFO     [rank 0] Loss weights: rmse=1.0000, h1=50.0000,      vae_trainer.py:975
         ssim=0.0000, mlw=0.0000, sds=0.0100                                    
INFO     [rank 0] Epoch 18: train_loss=0.015769              vae_trainer.py:1014
         val_loss=0.014318  val_VRMSE=0.058198                                  
         val_VRMSE_chmean=0.080092  lr=2.41e-06                                 
INFO     [rank 0] Metrics updated: metrics/metrics.csv,      vae_trainer.py:1041
         metrics/loss_curves.png                                                
INFO     [rank 0] New best checkpoint (epoch 18,             vae_trainer.py:1362
         val_vrmse=0.058198):                                                   
         checkpoints/vae_shockwave_best.safetensors                             
INFO     [rank 0] Training state saved:                      vae_trainer.py:1438
         checkpoints/vae_shockwave_last.state.pt                                
INFO     [rank 0] Epoch 18 timing: train=2822.0s eval=88.4s  vae_trainer.py:1076
         viz=0.0s ckpt=8.6s total=2919.6s                                       
epoch 19 step 2260  loss=0.015084  lr=2.30e-06  [rmse=0.0130 h1=0.0002 ssim=0.0118 mlw=0.0000]
epoch 19 step 2270  loss=0.014492  lr=2.20e-06  [rmse=0.0106 h1=0.0001 ssim=0.0051 mlw=0.0000]
epoch 19 step 2280  loss=0.014604  lr=2.10e-06  [rmse=0.0094 h1=0.0001 ssim=0.0058 mlw=0.0000]
epoch 19 step 2290  loss=0.014464  lr=2.00e-06  [rmse=0.0079 h1=0.0001 ssim=0.0055 mlw=0.0000]
epoch 19 step 2300  loss=0.014640  lr=1.91e-06  [rmse=0.0107 h1=0.0001 ssim=0.0076 mlw=0.0000]
epoch 19 step 2310  loss=0.014247  lr=1.82e-06  [rmse=0.0120 h1=0.0001 ssim=0.0099 mlw=0.0000]
epoch 19 step 2320  loss=0.014860  lr=1.74e-06  [rmse=0.0185 h1=0.0003 ssim=0.0161 mlw=0.0000]
epoch 19 step 2330  loss=0.015060  lr=1.66e-06  [rmse=0.0089 h1=0.0001 ssim=0.0054 mlw=0.0000]
epoch 19 step 2340  loss=0.015133  lr=1.58e-06  [rmse=0.0065 h1=0.0000 ssim=0.0038 mlw=0.0000]
epoch 19 step 2350  loss=0.015000  lr=1.51e-06  [rmse=0.0084 h1=0.0001 ssim=0.0065 mlw=0.0000]
epoch 19 step 2360  loss=0.015013  lr=1.45e-06  [rmse=0.0120 h1=0.0001 ssim=0.0089 mlw=0.0000]
epoch 19 step 2370  loss=0.015055  lr=1.39e-06  [rmse=0.0156 h1=0.0002 ssim=0.0087 mlw=0.0000]
INFO     [rank 0] Loss weights: rmse=1.0000, h1=50.0000,      vae_trainer.py:975
         ssim=0.0000, mlw=0.0000, sds=0.0100                                    
INFO     [rank 0] Epoch 19: train_loss=0.015106              vae_trainer.py:1014
         val_loss=0.014232  val_VRMSE=0.058027                                  
         val_VRMSE_chmean=0.079834  lr=1.36e-06                                 
INFO     [rank 0] Metrics updated: metrics/metrics.csv,      vae_trainer.py:1041
         metrics/loss_curves.png                                                
INFO     [rank 0] New best checkpoint (epoch 19,             vae_trainer.py:1362
         val_vrmse=0.058027):                                                   
         checkpoints/vae_shockwave_best.safetensors                             
INFO     [rank 0] Training state saved:                      vae_trainer.py:1438
         checkpoints/vae_shockwave_last.state.pt                                
INFO     [rank 0] Epoch 19 timing: train=2819.3s eval=89.0s  vae_trainer.py:1076
         viz=0.0s ckpt=9.3s total=2918.1s                                       
epoch 20 step 2380  loss=0.011703  lr=1.33e-06  [rmse=0.0061 h1=0.0000 ssim=0.0041 mlw=0.0000]
epoch 20 step 2390  loss=0.014042  lr=1.28e-06  [rmse=0.0056 h1=0.0000 ssim=0.0033 mlw=0.0000]
epoch 20 step 2400  loss=0.015448  lr=1.23e-06  [rmse=0.0135 h1=0.0002 ssim=0.0129 mlw=0.0000]
epoch 20 step 2410  loss=0.015100  lr=1.18e-06  [rmse=0.0056 h1=0.0000 ssim=0.0034 mlw=0.0000]
epoch 20 step 2420  loss=0.016175  lr=1.15e-06  [rmse=0.0143 h1=0.0002 ssim=0.0118 mlw=0.0000]
epoch 20 step 2430  loss=0.015800  lr=1.11e-06  [rmse=0.0130 h1=0.0002 ssim=0.0125 mlw=0.0000]
epoch 20 step 2440  loss=0.015656  lr=1.08e-06  [rmse=0.0060 h1=0.0000 ssim=0.0035 mlw=0.0000]
epoch 20 step 2450  loss=0.015685  lr=1.06e-06  [rmse=0.0133 h1=0.0002 ssim=0.0079 mlw=0.0000]
epoch 20 step 2460  loss=0.015625  lr=1.04e-06  [rmse=0.0054 h1=0.0000 ssim=0.0028 mlw=0.0000]
epoch 20 step 2470  loss=0.015650  lr=1.02e-06  [rmse=0.0108 h1=0.0001 ssim=0.0068 mlw=0.0000]
epoch 20 step 2480  loss=0.015742  lr=1.01e-06  [rmse=0.0100 h1=0.0001 ssim=0.0075 mlw=0.0000]
epoch 20 step 2490  loss=0.016102  lr=1.00e-06  [rmse=0.0061 h1=0.0000 ssim=0.0026 mlw=0.0000]
epoch 20 step 2500  loss=0.015979  lr=1.00e-06  [rmse=0.0064 h1=0.0000 ssim=0.0039 mlw=0.0000]
INFO     [rank 0] Loss weights: rmse=1.0000, h1=50.0000,      vae_trainer.py:975
         ssim=0.0000, mlw=0.0000, sds=0.0100                                    
INFO     [rank 0] Epoch 20: train_loss=0.015979              vae_trainer.py:1014
         val_loss=0.014221  val_VRMSE=0.057966                                  
         val_VRMSE_chmean=0.079748  lr=1.00e-06                                 
INFO     [rank 0] Metrics updated: metrics/metrics.csv,      vae_trainer.py:1041
         metrics/loss_curves.png                                                
INFO     [rank 0] Saved 12 validation reconstruction PNGs    vae_trainer.py:1263
         for epoch 20                                                           
INFO     [rank 0] New best checkpoint (epoch 20,             vae_trainer.py:1362
         val_vrmse=0.057966):                                                   
         checkpoints/vae_shockwave_best.safetensors                             
INFO     [rank 0] Training state saved:                      vae_trainer.py:1438
         checkpoints/vae_shockwave_last.state.pt                                
INFO     [rank 0] Epoch 20 timing: train=2820.8s eval=88.7s  vae_trainer.py:1076
         viz=23.8s ckpt=8.4s total=2942.5s                                      
╭──────────────────────────────────────────────────────────────────────────────╮
╰──────────────────────────────────────────────────────────────────────────────╯INFO     [rank 0] Training state saved:                      vae_trainer.py:1438
         checkpoints/vae_shockwave_last.state.pt                                
INFO     [rank 0] Best epoch: 20 (val_vrmse=0.057966)        vae_trainer.py:1094
INFO     [rank 0] Run finished: removed                      vae_trainer.py:1112
         ['vae_shockwave_last.safetensors',                                     
         'vae_shockwave_last.state.pt'] (kept only                              
         vae_shockwave_best.safetensors)                                        

Training complete. Checkpoint: 
/hppfs/scratch/0D/go76fuz2/windinet/finetune_vae_outputs_sng_pvc/finetune_vae_ch
6_sds_stock_w1e2_256res/checkpoints/vae_shockwave_best.safetensors
Mirrored (excl. checkpoints/) to finetune_vae_outputs/sng_pvc/finetune_vae_ch6_sds_stock_w1e2_256res
END TIME: Fri 25 Sep 2026 12:13:08 PM CEST
end_time=2026-09-25T12:13:08+02:00 elapsed=60061s
