START TIME: Thu 24 Sep 2026 07:32:06 PM CEST
job=545279 node=i20r01c03s06
start_time=2026-09-24T19:32:06+02:00
+-----------+--------------------------------------------------------------------------------------+
| Device ID | Device Information                                                                   |
+-----------+--------------------------------------------------------------------------------------+
| 0         | Device Name: Intel(R) Data Center GPU Max 1550                                       |
|           | Vendor Name: Intel(R) Corporation                                                    |
|           | SOC UUID: 00000000-0000-003a-0000-002f0bd58086                                       |
|           | PCI BDF Address: 0000:3a:00.0                                                        |
|           | DRM Device: /dev/dri/card0                                                           |
|           | Function Type: physical                                                              |
+-----------+--------------------------------------------------------------------------------------+
| 1         | Device Name: Intel(R) Data Center GPU Max 1550                                       |
|           | Vendor Name: Intel(R) Corporation                                                    |
|           | SOC UUID: 00000000-0000-004b-0000-002f0bd58086                                       |
|           | PCI BDF Address: 0000:4b:00.0                                                        |
|           | DRM Device: /dev/dri/card1                                                           |
|           | Function Type: physical                                                              |
+-----------+--------------------------------------------------------------------------------------+
| 2         | Device Name: Intel(R) Data Center GPU Max 1550                                       |
|           | Vendor Name: Intel(R) Corporation                                                    |
|           | SOC UUID: 00000000-0000-00ca-0000-002f0bd58086                                       |
|           | PCI BDF Address: 0000:ca:00.0                                                        |
|           | DRM Device: /dev/dri/card2                                                           |
|           | Function Type: physical                                                              |
+-----------+--------------------------------------------------------------------------------------+
| 3         | Device Name: Intel(R) Data Center GPU Max 1550                                       |
|           | Vendor Name: Intel(R) Corporation                                                    |
|           | SOC UUID: 00000000-0000-00da-0000-002f0bd58086                                       |
|           | PCI BDF Address: 0000:da:00.0                                                        |
|           | DRM Device: /dev/dri/card3                                                           |
|           | Function Type: physical                                                              |
+-----------+--------------------------------------------------------------------------------------+
MASTER_ADDR: i20r01c03s06  MASTER_PORT: 43005
8 XPU tiles x batch_size 4 x accum 1 -> effective batch 32; output_dir /hppfs/scratch/0D/go76fuz2/windinet/finetune_vae_outputs_sng_pvc/finetune_vae_ch6_lr_1e5_nossim_256res
INFO     [rank 1] Failed to extract font properties from    font_manager.py:1107
         /usr/share/fonts/truetype/Cantarell-VF.otf: Can                        
         not load face (SFNT font table missing; error code                     
         0x8e)                                                                  
INFO     [rank 5] Failed to extract font properties from    font_manager.py:1107
         /usr/share/fonts/truetype/Cantarell-VF.otf: Can                        
         not load face (SFNT font table missing; error code                     
         0x8e)                                                                  
INFO     [rank 7] Failed to extract font properties from    font_manager.py:1107
         /usr/share/fonts/truetype/Cantarell-VF.otf: Can                        
         not load face (SFNT font table missing; error code                     
         0x8e)                                                                  
INFO     [rank 6] Failed to extract font properties from    font_manager.py:1107
         /usr/share/fonts/truetype/Cantarell-VF.otf: Can                        
         not load face (SFNT font table missing; error code                     
         0x8e)                                                                  
INFO     [rank 0] Failed to extract font properties from    font_manager.py:1107
         /usr/share/fonts/truetype/Cantarell-VF.otf: Can                        
         not load face (SFNT font table missing; error code                     
         0x8e)                                                                  
INFO     [rank 1] generated new fontManager                 font_manager.py:1639
INFO     [rank 4] Failed to extract font properties from    font_manager.py:1107
         /usr/share/fonts/truetype/Cantarell-VF.otf: Can                        
         not load face (SFNT font table missing; error code                     
         0x8e)                                                                  
INFO     [rank 5] generated new fontManager                 font_manager.py:1639
INFO     [rank 3] Failed to extract font properties from    font_manager.py:1107
         /usr/share/fonts/truetype/Cantarell-VF.otf: Can                        
         not load face (SFNT font table missing; error code                     
         0x8e)                                                                  
INFO     [rank 2] Failed to extract font properties from    font_manager.py:1107
         /usr/share/fonts/truetype/Cantarell-VF.otf: Can                        
         not load face (SFNT font table missing; error code                     
         0x8e)                                                                  
INFO     [rank 0] generated new fontManager                 font_manager.py:1639
INFO     [rank 4] generated new fontManager                 font_manager.py:1639
INFO     [rank 6] generated new fontManager                 font_manager.py:1639
INFO     [rank 2] generated new fontManager                 font_manager.py:1639
INFO     [rank 7] generated new fontManager                 font_manager.py:1639
INFO     [rank 3] generated new fontManager                 font_manager.py:1639
                          VAE Finetuning Configuration                          
┏━━━━━━━━━━━━━━━━━━━━━━━━━━━━━━━━━━━━━━━┳━━━━━━━━━━━━━━━━━━━━━━━━━━━━━━━━━━━━━━┓
┃ Parameter                             ┃ Value                                ┃
┡━━━━━━━━━━━━━━━━━━━━━━━━━━━━━━━━━━━━━━━╇━━━━━━━━━━━━━━━━━━━━━━━━━━━━━━━━━━━━━━┩
│ model.model_source                    │ LTXV_2B_0.9.6_DEV                    │
│ model.load_checkpoint                 │ None                                 │
│ adapter.enabled                       │ True                                 │
│ adapter.checkpoint                    │ None                                 │
│ adapter.channels                      │ ['density', 'momentum_x',            │
│                                       │ 'momentum_y', 'pressure']            │
│ adapter.mode                          │ inflate                              │
│ adapter.inflate_init                  │ zeros                                │
│ adapter.inflate_copy_channel          │ None                                 │
│ adapter.freeze_conv_in                │ False                                │
│ adapter.unfreeze_encoder_trunk        │ True                                 │
│ adapter.hidden_channels               │ 32                                   │
│ adapter.activation                    │ gelu                                 │
│ adapter.identity_init                 │ False                                │
│ adapter.default_temb                  │ 0.0                                  │
│ data.data_root                        │ /hppfs/scratch/0D/go76fuz2/windinet… │
│ data.eval_sims                        │ 500                                  │
│ data.num_dataloader_workers           │ 4                                    │
│ data.num_sim_frames                   │ None                                 │
│ data.overfit_sims                     │ None                                 │
│ data.overfit_repeat                   │ 1                                    │
│ data.channel_mean                     │ [0.9050976477108856,                 │
│                                       │ 0.004045365949982484,                │
│                                       │ -0.0019089379638760548, 0.9          │
│ data.channel_std                      │ [0.6618199912434938,                 │
│                                       │ 0.5335233432828087,                  │
│                                       │ 0.5268940723644505, 0.8053303        │
│ data.normalization_stats_file         │ None                                 │
│ data.normalization_clip               │ 5.0                                  │
│ data.channel_order                    │ ['density', 'momentum_x',            │
│                                       │ 'momentum_y', 'pressure']            │
│ data.log_transform_channels           │ []                                   │
│ optimization.learning_rate            │ 1e-05                                │
│ optimization.min_learning_rate        │ 1e-06                                │
│ optimization.scheduler_type           │ cosine                               │
│ optimization.stable_fraction          │ 0.7                                  │
│ optimization.stable_end_epoch         │ None                                 │
│ optimization.plateau_factor           │ 0.5                                  │
│ optimization.plateau_patience         │ 3                                    │
│ optimization.plateau_threshold        │ 0.0001                               │
│ optimization.epochs                   │ 20                                   │
│ optimization.batch_size               │ 4                                    │
│ optimization.gradient_accumulation_s… │ 1                                    │
│ optimization.max_grad_norm            │ 5.0                                  │
│ optimization.weight_decay             │ 0.0                                  │
│ optimization.warmup_steps             │ 200                                  │
│ optimization.warmup_start_factor      │ 0.01                                 │
│ optimization.enable_gradient_checkpo… │ True                                 │
│ loss.wavelet                          │ db2                                  │
│ loss.spatial_level                    │ 2                                    │
│ loss.temporal_level                   │ 2                                    │
│ loss.mlw_beta                         │ 10.0                                 │
│ loss.mlw_eps                          │ 1e-06                                │
│ loss_weighting.strategy               │ fixed                                │
│ loss_weighting.weights                │ {'rmse': 1.0, 'h1': 50.0, 'ssim':    │
│                                       │ 0.0, 'mlw': 0.0}                     │
│ loss_weighting.loss_names             │ ['rmse', 'h1', 'ssim', 'mlw']        │
│ loss_weighting.alpha                  │ 1.5                                  │
│ loss_weighting.weight_lr              │ 0.025                                │
│ loss_weighting.temperature            │ 0.1                                  │
│ sds.enabled                           │ False                                │
│ sds.model_source                      │ LTXV_13B_097_DEV                     │
│ sds.dit_checkpoint                    │ None                                 │
│ sds.untrained_dit                     │ False                                │
│ sds.scalar_conditioning.enabled       │ True                                 │
│ sds.scalar_conditioning.scalar_names  │ ['gamma']                            │
│ sds.scalar_conditioning.scalar_ranges │ {'gamma': (1.0, 2.0)}                │
│ sds.scalar_conditioning.embedding_dim │ 4096                                 │
│ sds.scalar_conditioning.num_tokens_p… │ 4                                    │
│ sds.scalar_conditioning.fourier_feat… │ 64                                   │
│ sds.scalar_conditioning.mlp_hidden_d… │ 256                                  │
│ sds.scalar_conditioning.dropout       │ 0.1                                  │
│ sds.timestep_sampling_mode            │ shifted_logit_normal                 │
│ sds.timestep_sampling_params          │ {}                                   │
│ visualization.enabled                 │ True                                 │
│ visualization.interval_epochs         │ 4                                    │
│ visualization.num_samples             │ 3                                    │
│ visualization.frame_numbers           │ [25, 50, 75, 100]                    │
│ visualization.dpi                     │ 150                                  │
│ acceleration.mixed_precision_mode     │ bf16                                 │
│ acceleration.compile_with_inductor    │ False                                │
│ acceleration.compilation_mode         │ reduce-overhead                      │
│ checkpoints.interval                  │ 1                                    │
│ checkpoints.keep_last_n               │ 1                                    │
│ checkpoints.save_best_only            │ True                                 │
│ checkpoints.best_metric               │ val_vrmse                            │
│ checkpoints.save_last_state           │ True                                 │
│ checkpoints.save_epochs               │ []                                   │
│ wandb.enabled                         │ False                                │
│ wandb.project                         │ windinet                             │
│ wandb.entity                          │ None                                 │
│ wandb.tags                            │ ['vae', 'inflate', 'zeros-init',     │
│                                       │ 'cosine', '20ep', 'lr0.2x',          │
│                                       │ 'shockwav                            │
│ seed                                  │ 42                                   │
│ output_dir                            │ /hppfs/scratch/0D/go76fuz2/windinet… │
│ clean_output_dir                      │ True                                 │
│ resume_from                           │ None                                 │
│ resume_weights_only                   │ False                                │
└───────────────────────────────────────┴──────────────────────────────────────┘
INFO     [rank 0] Distributed training: 8 processes          vae_trainer.py:1484
INFO     [rank 0] VAE inflated to 4 native channels           vae_trainer.py:206
         (init=zeros); encoder.conv_in is trainable                             
INFO     [rank 0] Encoder extra modules UNFROZEN:             vae_trainer.py:263
         down_blocks[0, 1, 2] + tail                                            
         (down_blocks[-1]+mid_block+norm_out+conv_out)                          
INFO     [rank 0] VAE gradient checkpointing enabled          vae_trainer.py:274
INFO     [rank 0] VAE loaded. Decoder params: 552,869,953     vae_trainer.py:280
INFO     [rank 0] Trainable parameters:                       vae_trainer.py:351
         encoder_conv_in=221,312, encoder_extra=693,932,865,                    
         decoder=552,869,953, in_adapter=0, out_adapter=0                       
INFO     [rank 0] Dataset: 4000 train, 500 eval samples       vae_trainer.py:615
INFO     [rank 0] encoder.conv_in LR = 1.00e-05 (== decoder   vae_trainer.py:639
         LR)                                                                    
INFO     [rank 0] encoder extra (down_blocks[0, 1, 2]+tail)   vae_trainer.py:650
         LR = 1.00e-05 (== decoder LR)                                          
INFO     [rank 0] LR schedule 'cosine': 2500 steps (200       vae_trainer.py:741
         warmup, 0 stable, 2300 anneal), peak 1.00e-05 ->                       
         floor 1.00e-06                                                         
2026:09:24-19:43:09:141655 |CCL_WARN| value of CCL_ATL_TRANSPORT changed to be ofi (default:mpi)
2026:09:24-19:43:09:141655 |CCL_WARN| value of CCL_ALLREDUCE changed to be ring (default:)
2026:09:24-19:43:09:141655 |CCL_WARN| could not get local_idx/count from environment variables, trying to get them from ATL
2026:09:24-19:43:09:141656 |CCL_WARN| could not get local_idx/count from environment variables, trying to get them from ATL
2026:09:24-19:43:09:141657 |CCL_WARN| could not get local_idx/count from environment variables, trying to get them from ATL
2026:09:24-19:43:09:141658 |CCL_WARN| could not get local_idx/count from environment variables, trying to get them from ATL
2026:09:24-19:43:10:141659 |CCL_WARN| could not get local_idx/count from environment variables, trying to get them from ATL
2026:09:24-19:43:10:141660 |CCL_WARN| could not get local_idx/count from environment variables, trying to get them from ATL
2026:09:24-19:43:10:141661 |CCL_WARN| could not get local_idx/count from environment variables, trying to get them from ATL
2026:09:24-19:43:11:141662 |CCL_WARN| could not get local_idx/count from environment variables, trying to get them from ATL
INFO     [rank 0] Config saved:                              vae_trainer.py:1516
         /hppfs/scratch/0D/go76fuz2/windinet/finetune_vae_ou                    
         tputs_sng_pvc/finetune_vae_ch6_lr_1e5_nossim_256res                    
         /training_config.yaml                                                  
INFO     [rank 0] Starting VAE decoder finetuning...          vae_trainer.py:795
epoch 1 step 10  loss=0.103815  lr=5.95e-07  [rmse=0.0655 h1=0.0001 ssim=0.0078 mlw=0.0000]
epoch 1 step 20  loss=0.104235  lr=1.09e-06  [rmse=0.1408 h1=0.0001 ssim=0.0175 mlw=0.0000]
epoch 1 step 30  loss=0.093139  lr=1.59e-06  [rmse=0.0911 h1=0.0003 ssim=0.0210 mlw=0.0000]
epoch 1 step 40  loss=0.096380  lr=2.08e-06  [rmse=0.1661 h1=0.0004 ssim=0.0304 mlw=0.0000]
epoch 1 step 50  loss=0.089425  lr=2.58e-06  [rmse=0.0455 h1=0.0001 ssim=0.0075 mlw=0.0000]
epoch 1 step 60  loss=0.085445  lr=3.07e-06  [rmse=0.1132 h1=0.0001 ssim=0.0092 mlw=0.0000]
epoch 1 step 70  loss=0.084203  lr=3.57e-06  [rmse=0.1110 h1=0.0006 ssim=0.0456 mlw=0.0000]
epoch 1 step 80  loss=0.080595  lr=4.06e-06  [rmse=0.0276 h1=0.0001 ssim=0.0177 mlw=0.0000]
epoch 1 step 90  loss=0.077958  lr=4.56e-06  [rmse=0.0381 h1=0.0004 ssim=0.0319 mlw=0.0000]
epoch 1 step 100  loss=0.073446  lr=5.05e-06  [rmse=0.0236 h1=0.0002 ssim=0.0161 mlw=0.0000]
epoch 1 step 110  loss=0.070082  lr=5.55e-06  [rmse=0.0248 h1=0.0001 ssim=0.0128 mlw=0.0000]
epoch 1 step 120  loss=0.066744  lr=6.04e-06  [rmse=0.0277 h1=0.0003 ssim=0.0191 mlw=0.0000]
INFO     [rank 0] Loss weights: rmse=1.0000, h1=50.0000,      vae_trainer.py:975
         ssim=0.0000, mlw=0.0000                                                
INFO     [rank 0] Epoch 1: train_loss=0.065398               vae_trainer.py:1014
         val_loss=0.027268  val_VRMSE=0.130725                                  
         val_VRMSE_chmean=0.190781  lr=6.29e-06                                 
INFO     [rank 0] Metrics updated: metrics/metrics.csv,      vae_trainer.py:1041
         metrics/loss_curves.png                                                
INFO     [rank 0] New best checkpoint (epoch 1,              vae_trainer.py:1362
         val_vrmse=0.130725):                                                   
         checkpoints/vae_shockwave_best.safetensors                             
INFO     [rank 0] Training state saved:                      vae_trainer.py:1438
         checkpoints/vae_shockwave_last.state.pt                                
INFO     [rank 0] Epoch 1 timing: train=2747.8s eval=77.8s   vae_trainer.py:1076
         viz=0.0s ckpt=9.3s total=2835.7s                                       
epoch 2 step 130  loss=0.035859  lr=6.54e-06  [rmse=0.0187 h1=0.0001 ssim=0.0076 mlw=0.0000]
epoch 2 step 140  loss=0.032892  lr=7.03e-06  [rmse=0.0446 h1=0.0005 ssim=0.0293 mlw=0.0000]
epoch 2 step 150  loss=0.032527  lr=7.52e-06  [rmse=0.0227 h1=0.0002 ssim=0.0158 mlw=0.0000]
epoch 2 step 160  loss=0.029919  lr=8.02e-06  [rmse=0.0119 h1=0.0001 ssim=0.0058 mlw=0.0000]
epoch 2 step 170  loss=0.029476  lr=8.52e-06  [rmse=0.0224 h1=0.0001 ssim=0.0161 mlw=0.0000]
epoch 2 step 180  loss=0.029854  lr=9.01e-06  [rmse=0.0247 h1=0.0003 ssim=0.0219 mlw=0.0000]
epoch 2 step 190  loss=0.030399  lr=9.51e-06  [rmse=0.0138 h1=0.0001 ssim=0.0048 mlw=0.0000]
epoch 2 step 200  loss=0.030043  lr=1.00e-05  [rmse=0.0186 h1=0.0002 ssim=0.0140 mlw=0.0000]
epoch 2 step 210  loss=0.029178  lr=1.00e-05  [rmse=0.0152 h1=0.0001 ssim=0.0067 mlw=0.0000]
epoch 2 step 220  loss=0.029556  lr=1.00e-05  [rmse=0.0198 h1=0.0002 ssim=0.0138 mlw=0.0000]
epoch 2 step 230  loss=0.029151  lr=1.00e-05  [rmse=0.0184 h1=0.0001 ssim=0.0086 mlw=0.0000]
epoch 2 step 240  loss=0.029160  lr=9.99e-06  [rmse=0.0271 h1=0.0001 ssim=0.0128 mlw=0.0000]
epoch 2 step 250  loss=0.029316  lr=9.99e-06  [rmse=0.0115 h1=0.0000 ssim=0.0050 mlw=0.0000]
INFO     [rank 0] Loss weights: rmse=1.0000, h1=50.0000,      vae_trainer.py:975
         ssim=0.0000, mlw=0.0000                                                
INFO     [rank 0] Epoch 2: train_loss=0.029316               vae_trainer.py:1014
         val_loss=0.024426  val_VRMSE=0.119974                                  
         val_VRMSE_chmean=0.175566  lr=9.99e-06                                 
INFO     [rank 0] Metrics updated: metrics/metrics.csv,      vae_trainer.py:1041
         metrics/loss_curves.png                                                
INFO     [rank 0] New best checkpoint (epoch 2,              vae_trainer.py:1362
         val_vrmse=0.119974):                                                   
         checkpoints/vae_shockwave_best.safetensors                             
INFO     [rank 0] Training state saved:                      vae_trainer.py:1438
         checkpoints/vae_shockwave_last.state.pt                                
INFO     [rank 0] Epoch 2 timing: train=2730.9s eval=77.8s   vae_trainer.py:1076
         viz=0.0s ckpt=9.5s total=2818.7s                                       
epoch 3 step 260  loss=0.024979  lr=9.98e-06  [rmse=0.0231 h1=0.0002 ssim=0.0170 mlw=0.0000]
epoch 3 step 270  loss=0.025080  lr=9.98e-06  [rmse=0.0154 h1=0.0001 ssim=0.0120 mlw=0.0000]
epoch 3 step 280  loss=0.024398  lr=9.97e-06  [rmse=0.0104 h1=0.0001 ssim=0.0058 mlw=0.0000]
epoch 3 step 290  loss=0.024014  lr=9.97e-06  [rmse=0.0144 h1=0.0001 ssim=0.0080 mlw=0.0000]
epoch 3 step 300  loss=0.023640  lr=9.96e-06  [rmse=0.0155 h1=0.0001 ssim=0.0100 mlw=0.0000]
epoch 3 step 310  loss=0.023805  lr=9.95e-06  [rmse=0.0219 h1=0.0002 ssim=0.0130 mlw=0.0000]
epoch 3 step 320  loss=0.023403  lr=9.94e-06  [rmse=0.0192 h1=0.0002 ssim=0.0146 mlw=0.0000]
epoch 3 step 330  loss=0.023186  lr=9.93e-06  [rmse=0.0250 h1=0.0003 ssim=0.0244 mlw=0.0000]
epoch 3 step 340  loss=0.023544  lr=9.92e-06  [rmse=0.0176 h1=0.0002 ssim=0.0135 mlw=0.0000]
epoch 3 step 350  loss=0.023684  lr=9.91e-06  [rmse=0.0226 h1=0.0002 ssim=0.0199 mlw=0.0000]
epoch 3 step 360  loss=0.023983  lr=9.89e-06  [rmse=0.0104 h1=0.0001 ssim=0.0072 mlw=0.0000]
epoch 3 step 370  loss=0.023898  lr=9.88e-06  [rmse=0.0134 h1=0.0001 ssim=0.0108 mlw=0.0000]
INFO     [rank 0] Loss weights: rmse=1.0000, h1=50.0000,      vae_trainer.py:975
         ssim=0.0000, mlw=0.0000                                                
INFO     [rank 0] Epoch 3: train_loss=0.023671               vae_trainer.py:1014
         val_loss=0.019694  val_VRMSE=0.090893                                  
         val_VRMSE_chmean=0.130211  lr=9.87e-06                                 
INFO     [rank 0] Metrics updated: metrics/metrics.csv,      vae_trainer.py:1041
         metrics/loss_curves.png                                                
INFO     [rank 0] New best checkpoint (epoch 3,              vae_trainer.py:1362
         val_vrmse=0.090893):                                                   
         checkpoints/vae_shockwave_best.safetensors                             
INFO     [rank 0] Training state saved:                      vae_trainer.py:1438
         checkpoints/vae_shockwave_last.state.pt                                
INFO     [rank 0] Epoch 3 timing: train=2731.7s eval=77.6s   vae_trainer.py:1076
         viz=0.0s ckpt=8.1s total=2818.0s                                       
epoch 4 step 380  loss=0.021887  lr=9.86e-06  [rmse=0.0110 h1=0.0001 ssim=0.0060 mlw=0.0000]
epoch 4 step 390  loss=0.022591  lr=9.85e-06  [rmse=0.0179 h1=0.0003 ssim=0.0177 mlw=0.0000]
epoch 4 step 400  loss=0.020708  lr=9.83e-06  [rmse=0.0105 h1=0.0001 ssim=0.0083 mlw=0.0000]
epoch 4 step 410  loss=0.020245  lr=9.82e-06  [rmse=0.0190 h1=0.0002 ssim=0.0174 mlw=0.0000]
epoch 4 step 420  loss=0.020443  lr=9.80e-06  [rmse=0.0111 h1=0.0001 ssim=0.0084 mlw=0.0000]
epoch 4 step 430  loss=0.020762  lr=9.78e-06  [rmse=0.0244 h1=0.0003 ssim=0.0162 mlw=0.0000]
epoch 4 step 440  loss=0.020694  lr=9.76e-06  [rmse=0.0153 h1=0.0001 ssim=0.0109 mlw=0.0000]
epoch 4 step 450  loss=0.020883  lr=9.74e-06  [rmse=0.0124 h1=0.0001 ssim=0.0085 mlw=0.0000]
epoch 4 step 460  loss=0.020850  lr=9.72e-06  [rmse=0.0084 h1=0.0000 ssim=0.0039 mlw=0.0000]
epoch 4 step 470  loss=0.021010  lr=9.70e-06  [rmse=0.0207 h1=0.0002 ssim=0.0153 mlw=0.0000]
epoch 4 step 480  loss=0.021086  lr=9.67e-06  [rmse=0.0128 h1=0.0001 ssim=0.0078 mlw=0.0000]
epoch 4 step 490  loss=0.020627  lr=9.65e-06  [rmse=0.0135 h1=0.0001 ssim=0.0087 mlw=0.0000]
epoch 4 step 500  loss=0.020446  lr=9.63e-06  [rmse=0.0086 h1=0.0000 ssim=0.0053 mlw=0.0000]
INFO     [rank 0] Loss weights: rmse=1.0000, h1=50.0000,      vae_trainer.py:975
         ssim=0.0000, mlw=0.0000                                                
INFO     [rank 0] Epoch 4: train_loss=0.020446               vae_trainer.py:1014
         val_loss=0.018708  val_VRMSE=0.085557                                  
         val_VRMSE_chmean=0.121991  lr=9.63e-06                                 
INFO     [rank 0] Metrics updated: metrics/metrics.csv,      vae_trainer.py:1041
         metrics/loss_curves.png                                                
INFO     [rank 0] Saved 12 validation reconstruction PNGs    vae_trainer.py:1263
         for epoch 4                                                            
INFO     [rank 0] New best checkpoint (epoch 4,              vae_trainer.py:1362
         val_vrmse=0.085557):                                                   
         checkpoints/vae_shockwave_best.safetensors                             
INFO     [rank 0] Training state saved:                      vae_trainer.py:1438
         checkpoints/vae_shockwave_last.state.pt                                
INFO     [rank 0] Epoch 4 timing: train=2732.2s eval=77.2s   vae_trainer.py:1076
         viz=24.3s ckpt=13.0s total=2847.4s                                     
epoch 5 step 510  loss=0.021500  lr=9.60e-06  [rmse=0.0192 h1=0.0002 ssim=0.0168 mlw=0.0000]
epoch 5 step 520  loss=0.025283  lr=9.58e-06  [rmse=0.0182 h1=0.0002 ssim=0.0139 mlw=0.0000]
epoch 5 step 530  loss=0.021506  lr=9.55e-06  [rmse=0.0096 h1=0.0001 ssim=0.0056 mlw=0.0000]
epoch 5 step 540  loss=0.020739  lr=9.52e-06  [rmse=0.0122 h1=0.0001 ssim=0.0060 mlw=0.0000]
epoch 5 step 550  loss=0.020612  lr=9.50e-06  [rmse=0.0133 h1=0.0001 ssim=0.0068 mlw=0.0000]
epoch 5 step 560  loss=0.020872  lr=9.47e-06  [rmse=0.0197 h1=0.0002 ssim=0.0100 mlw=0.0000]
epoch 5 step 570  loss=0.020935  lr=9.44e-06  [rmse=0.0120 h1=0.0001 ssim=0.0079 mlw=0.0000]
epoch 5 step 580  loss=0.021173  lr=9.41e-06  [rmse=0.0166 h1=0.0002 ssim=0.0152 mlw=0.0000]
epoch 5 step 590  loss=0.020751  lr=9.38e-06  [rmse=0.0118 h1=0.0001 ssim=0.0093 mlw=0.0000]
epoch 5 step 600  loss=0.020811  lr=9.34e-06  [rmse=0.0171 h1=0.0002 ssim=0.0182 mlw=0.0000]
epoch 5 step 610  loss=0.020796  lr=9.31e-06  [rmse=0.0250 h1=0.0004 ssim=0.0198 mlw=0.0000]
epoch 5 step 620  loss=0.020359  lr=9.28e-06  [rmse=0.0107 h1=0.0001 ssim=0.0057 mlw=0.0000]
INFO     [rank 0] Loss weights: rmse=1.0000, h1=50.0000,      vae_trainer.py:975
         ssim=0.0000, mlw=0.0000                                                
INFO     [rank 0] Epoch 5: train_loss=0.020273               vae_trainer.py:1014
         val_loss=0.019387  val_VRMSE=0.095076                                  
         val_VRMSE_chmean=0.135204  lr=9.26e-06                                 
INFO     [rank 0] Metrics updated: metrics/metrics.csv,      vae_trainer.py:1041
         metrics/loss_curves.png                                                
INFO     [rank 0] Training state saved:                      vae_trainer.py:1438
         checkpoints/vae_shockwave_last.state.pt                                
INFO     [rank 0] Epoch 5 timing: train=2737.4s eval=77.9s   vae_trainer.py:1076
         viz=0.0s ckpt=7.2s total=2823.1s                                       
epoch 6 step 630  loss=0.023619  lr=9.25e-06  [rmse=0.0208 h1=0.0002 ssim=0.0143 mlw=0.0000]
epoch 6 step 640  loss=0.020626  lr=9.21e-06  [rmse=0.0115 h1=0.0001 ssim=0.0089 mlw=0.0000]
epoch 6 step 650  loss=0.020781  lr=9.18e-06  [rmse=0.0187 h1=0.0003 ssim=0.0177 mlw=0.0000]
epoch 6 step 660  loss=0.021561  lr=9.14e-06  [rmse=0.0174 h1=0.0002 ssim=0.0168 mlw=0.0000]
epoch 6 step 670  loss=0.021516  lr=9.10e-06  [rmse=0.0139 h1=0.0001 ssim=0.0120 mlw=0.0000]
epoch 6 step 680  loss=0.021520  lr=9.07e-06  [rmse=0.0172 h1=0.0003 ssim=0.0155 mlw=0.0000]
epoch 6 step 690  loss=0.021576  lr=9.03e-06  [rmse=0.0147 h1=0.0001 ssim=0.0064 mlw=0.0000]
epoch 6 step 700  loss=0.021276  lr=8.99e-06  [rmse=0.0084 h1=0.0000 ssim=0.0047 mlw=0.0000]
epoch 6 step 710  loss=0.021117  lr=8.95e-06  [rmse=0.0071 h1=0.0000 ssim=0.0036 mlw=0.0000]
epoch 6 step 720  loss=0.021116  lr=8.91e-06  [rmse=0.0187 h1=0.0002 ssim=0.0131 mlw=0.0000]
epoch 6 step 730  loss=0.020794  lr=8.87e-06  [rmse=0.0154 h1=0.0002 ssim=0.0119 mlw=0.0000]
epoch 6 step 740  loss=0.021166  lr=8.83e-06  [rmse=0.0139 h1=0.0001 ssim=0.0085 mlw=0.0000]
epoch 6 step 750  loss=0.021161  lr=8.79e-06  [rmse=0.0097 h1=0.0001 ssim=0.0065 mlw=0.0000]
INFO     [rank 0] Loss weights: rmse=1.0000, h1=50.0000,      vae_trainer.py:975
         ssim=0.0000, mlw=0.0000                                                
INFO     [rank 0] Epoch 6: train_loss=0.021161               vae_trainer.py:1014
         val_loss=0.017879  val_VRMSE=0.083710                                  
         val_VRMSE_chmean=0.119738  lr=8.79e-06                                 
INFO     [rank 0] Metrics updated: metrics/metrics.csv,      vae_trainer.py:1041
         metrics/loss_curves.png                                                
INFO     [rank 0] New best checkpoint (epoch 6,              vae_trainer.py:1362
         val_vrmse=0.083710):                                                   
         checkpoints/vae_shockwave_best.safetensors                             
INFO     [rank 0] Training state saved:                      vae_trainer.py:1438
         checkpoints/vae_shockwave_last.state.pt                                
INFO     [rank 0] Epoch 6 timing: train=2735.4s eval=77.5s   vae_trainer.py:1076
         viz=0.0s ckpt=8.3s total=2821.7s                                       
epoch 7 step 760  loss=0.019250  lr=8.75e-06  [rmse=0.0168 h1=0.0002 ssim=0.0146 mlw=0.0000]
epoch 7 step 770  loss=0.019835  lr=8.70e-06  [rmse=0.0179 h1=0.0001 ssim=0.0097 mlw=0.0000]
epoch 7 step 780  loss=0.019610  lr=8.66e-06  [rmse=0.0127 h1=0.0001 ssim=0.0087 mlw=0.0000]
epoch 7 step 790  loss=0.020824  lr=8.62e-06  [rmse=0.0129 h1=0.0001 ssim=0.0060 mlw=0.0000]
epoch 7 step 800  loss=0.019720  lr=8.57e-06  [rmse=0.0099 h1=0.0000 ssim=0.0049 mlw=0.0000]
epoch 7 step 810  loss=0.018713  lr=8.53e-06  [rmse=0.0088 h1=0.0000 ssim=0.0059 mlw=0.0000]
epoch 7 step 820  loss=0.019078  lr=8.48e-06  [rmse=0.0120 h1=0.0001 ssim=0.0082 mlw=0.0000]
epoch 7 step 830  loss=0.018772  lr=8.43e-06  [rmse=0.0113 h1=0.0001 ssim=0.0095 mlw=0.0000]
epoch 7 step 840  loss=0.018868  lr=8.39e-06  [rmse=0.0060 h1=0.0000 ssim=0.0029 mlw=0.0000]
epoch 7 step 850  loss=0.019291  lr=8.34e-06  [rmse=0.0126 h1=0.0001 ssim=0.0073 mlw=0.0000]
epoch 7 step 860  loss=0.019000  lr=8.29e-06  [rmse=0.0065 h1=0.0000 ssim=0.0021 mlw=0.0000]
epoch 7 step 870  loss=0.019337  lr=8.24e-06  [rmse=0.0197 h1=0.0002 ssim=0.0129 mlw=0.0000]
INFO     [rank 0] Loss weights: rmse=1.0000, h1=50.0000,      vae_trainer.py:975
         ssim=0.0000, mlw=0.0000                                                
INFO     [rank 0] Epoch 7: train_loss=0.019362               vae_trainer.py:1014
         val_loss=0.017652  val_VRMSE=0.081382                                  
         val_VRMSE_chmean=0.116120  lr=8.22e-06                                 
INFO     [rank 0] Metrics updated: metrics/metrics.csv,      vae_trainer.py:1041
         metrics/loss_curves.png                                                
INFO     [rank 0] New best checkpoint (epoch 7,              vae_trainer.py:1362
         val_vrmse=0.081382):                                                   
         checkpoints/vae_shockwave_best.safetensors                             
INFO     [rank 0] Training state saved:                      vae_trainer.py:1438
         checkpoints/vae_shockwave_last.state.pt                                
INFO     [rank 0] Epoch 7 timing: train=2734.2s eval=77.7s   vae_trainer.py:1076
         viz=0.0s ckpt=8.2s total=2820.6s                                       
epoch 8 step 880  loss=0.016583  lr=8.19e-06  [rmse=0.0094 h1=0.0001 ssim=0.0049 mlw=0.0000]
epoch 8 step 890  loss=0.015750  lr=8.15e-06  [rmse=0.0165 h1=0.0002 ssim=0.0125 mlw=0.0000]
epoch 8 step 900  loss=0.017717  lr=8.10e-06  [rmse=0.0188 h1=0.0002 ssim=0.0156 mlw=0.0000]
epoch 8 step 910  loss=0.018291  lr=8.04e-06  [rmse=0.0090 h1=0.0000 ssim=0.0050 mlw=0.0000]
epoch 8 step 920  loss=0.018758  lr=7.99e-06  [rmse=0.0118 h1=0.0001 ssim=0.0085 mlw=0.0000]
epoch 8 step 930  loss=0.017906  lr=7.94e-06  [rmse=0.0057 h1=0.0000 ssim=0.0018 mlw=0.0000]
epoch 8 step 940  loss=0.018378  lr=7.89e-06  [rmse=0.0147 h1=0.0002 ssim=0.0100 mlw=0.0000]
epoch 8 step 950  loss=0.018895  lr=7.84e-06  [rmse=0.0184 h1=0.0002 ssim=0.0122 mlw=0.0000]
epoch 8 step 960  loss=0.019054  lr=7.79e-06  [rmse=0.0169 h1=0.0002 ssim=0.0118 mlw=0.0000]
epoch 8 step 970  loss=0.019256  lr=7.73e-06  [rmse=0.0116 h1=0.0001 ssim=0.0092 mlw=0.0000]
epoch 8 step 980  loss=0.019441  lr=7.68e-06  [rmse=0.0110 h1=0.0001 ssim=0.0069 mlw=0.0000]
epoch 8 step 990  loss=0.019591  lr=7.62e-06  [rmse=0.0137 h1=0.0001 ssim=0.0067 mlw=0.0000]
epoch 8 step 1000  loss=0.019544  lr=7.57e-06  [rmse=0.0129 h1=0.0001 ssim=0.0099 mlw=0.0000]
INFO     [rank 0] Loss weights: rmse=1.0000, h1=50.0000,      vae_trainer.py:975
         ssim=0.0000, mlw=0.0000                                                
INFO     [rank 0] Epoch 8: train_loss=0.019544               vae_trainer.py:1014
         val_loss=0.017074  val_VRMSE=0.077759                                  
         val_VRMSE_chmean=0.110360  lr=7.57e-06                                 
INFO     [rank 0] Metrics updated: metrics/metrics.csv,      vae_trainer.py:1041
         metrics/loss_curves.png                                                
INFO     [rank 0] Saved 12 validation reconstruction PNGs    vae_trainer.py:1263
         for epoch 8                                                            
INFO     [rank 0] New best checkpoint (epoch 8,              vae_trainer.py:1362
         val_vrmse=0.077759):                                                   
         checkpoints/vae_shockwave_best.safetensors                             
INFO     [rank 0] Training state saved:                      vae_trainer.py:1438
         checkpoints/vae_shockwave_last.state.pt                                
INFO     [rank 0] Epoch 8 timing: train=2743.6s eval=77.6s   vae_trainer.py:1076
         viz=23.6s ckpt=8.4s total=2853.8s                                      
epoch 9 step 1010  loss=0.022028  lr=7.52e-06  [rmse=0.0096 h1=0.0001 ssim=0.0054 mlw=0.0000]
epoch 9 step 1020  loss=0.019932  lr=7.46e-06  [rmse=0.0115 h1=0.0001 ssim=0.0060 mlw=0.0000]
epoch 9 step 1030  loss=0.018594  lr=7.40e-06  [rmse=0.0107 h1=0.0001 ssim=0.0052 mlw=0.0000]
epoch 9 step 1040  loss=0.018906  lr=7.35e-06  [rmse=0.0119 h1=0.0001 ssim=0.0068 mlw=0.0000]
epoch 9 step 1050  loss=0.018205  lr=7.29e-06  [rmse=0.0082 h1=0.0000 ssim=0.0049 mlw=0.0000]
epoch 9 step 1060  loss=0.018372  lr=7.24e-06  [rmse=0.0075 h1=0.0000 ssim=0.0051 mlw=0.0000]
epoch 9 step 1070  loss=0.018068  lr=7.18e-06  [rmse=0.0049 h1=0.0000 ssim=0.0022 mlw=0.0000]
epoch 9 step 1080  loss=0.017932  lr=7.12e-06  [rmse=0.0081 h1=0.0000 ssim=0.0055 mlw=0.0000]
epoch 9 step 1090  loss=0.018433  lr=7.06e-06  [rmse=0.0148 h1=0.0002 ssim=0.0138 mlw=0.0000]
epoch 9 step 1100  loss=0.018361  lr=7.01e-06  [rmse=0.0087 h1=0.0001 ssim=0.0063 mlw=0.0000]
epoch 9 step 1110  loss=0.018118  lr=6.95e-06  [rmse=0.0098 h1=0.0001 ssim=0.0053 mlw=0.0000]
epoch 9 step 1120  loss=0.018260  lr=6.89e-06  [rmse=0.0224 h1=0.0004 ssim=0.0150 mlw=0.0000]
INFO     [rank 0] Loss weights: rmse=1.0000, h1=50.0000,      vae_trainer.py:975
         ssim=0.0000, mlw=0.0000                                                
INFO     [rank 0] Epoch 9: train_loss=0.018486               vae_trainer.py:1014
         val_loss=0.016417  val_VRMSE=0.073782                                  
         val_VRMSE_chmean=0.104083  lr=6.86e-06                                 
INFO     [rank 0] Metrics updated: metrics/metrics.csv,      vae_trainer.py:1041
         metrics/loss_curves.png                                                
INFO     [rank 0] New best checkpoint (epoch 9,              vae_trainer.py:1362
         val_vrmse=0.073782):                                                   
         checkpoints/vae_shockwave_best.safetensors                             
INFO     [rank 0] Training state saved:                      vae_trainer.py:1438
         checkpoints/vae_shockwave_last.state.pt                                
INFO     [rank 0] Epoch 9 timing: train=2736.4s eval=78.3s   vae_trainer.py:1076
         viz=0.0s ckpt=9.1s total=2824.6s                                       
epoch 10 step 1130  loss=0.011537  lr=6.83e-06  [rmse=0.0100 h1=0.0001 ssim=0.0071 mlw=0.0000]
epoch 10 step 1140  loss=0.014764  lr=6.77e-06  [rmse=0.0133 h1=0.0001 ssim=0.0106 mlw=0.0000]
epoch 10 step 1150  loss=0.015926  lr=6.71e-06  [rmse=0.0057 h1=0.0000 ssim=0.0027 mlw=0.0000]
epoch 10 step 1160  loss=0.016363  lr=6.65e-06  [rmse=0.0086 h1=0.0001 ssim=0.0059 mlw=0.0000]
epoch 10 step 1170  loss=0.016991  lr=6.60e-06  [rmse=0.0105 h1=0.0001 ssim=0.0037 mlw=0.0000]
epoch 10 step 1180  loss=0.016621  lr=6.54e-06  [rmse=0.0085 h1=0.0001 ssim=0.0046 mlw=0.0000]
epoch 10 step 1190  loss=0.016214  lr=6.48e-06  [rmse=0.0104 h1=0.0001 ssim=0.0076 mlw=0.0000]
epoch 10 step 1200  loss=0.016068  lr=6.42e-06  [rmse=0.0122 h1=0.0001 ssim=0.0084 mlw=0.0000]
epoch 10 step 1210  loss=0.015958  lr=6.36e-06  [rmse=0.0100 h1=0.0001 ssim=0.0050 mlw=0.0000]
epoch 10 step 1220  loss=0.016109  lr=6.29e-06  [rmse=0.0063 h1=0.0000 ssim=0.0036 mlw=0.0000]
epoch 10 step 1230  loss=0.016043  lr=6.23e-06  [rmse=0.0059 h1=0.0000 ssim=0.0029 mlw=0.0000]
epoch 10 step 1240  loss=0.015870  lr=6.17e-06  [rmse=0.0097 h1=0.0001 ssim=0.0068 mlw=0.0000]
epoch 10 step 1250  loss=0.015851  lr=6.11e-06  [rmse=0.0117 h1=0.0001 ssim=0.0075 mlw=0.0000]
INFO     [rank 0] Loss weights: rmse=1.0000, h1=50.0000,      vae_trainer.py:975
         ssim=0.0000, mlw=0.0000                                                
INFO     [rank 0] Epoch 10: train_loss=0.015851              vae_trainer.py:1014
         val_loss=0.016493  val_VRMSE=0.075827                                  
         val_VRMSE_chmean=0.106790  lr=6.11e-06                                 
INFO     [rank 0] Metrics updated: metrics/metrics.csv,      vae_trainer.py:1041
         metrics/loss_curves.png                                                
INFO     [rank 0] Training state saved:                      vae_trainer.py:1438
         checkpoints/vae_shockwave_last.state.pt                                
INFO     [rank 0] Epoch 10 timing: train=2734.5s eval=87.0s  vae_trainer.py:1076
         viz=0.0s ckpt=11.8s total=2833.8s                                      
epoch 11 step 1260  loss=0.017197  lr=6.05e-06  [rmse=0.0050 h1=0.0000 ssim=0.0023 mlw=0.0000]
epoch 11 step 1270  loss=0.017648  lr=5.99e-06  [rmse=0.0102 h1=0.0001 ssim=0.0062 mlw=0.0000]
epoch 11 step 1280  loss=0.016832  lr=5.93e-06  [rmse=0.0102 h1=0.0001 ssim=0.0071 mlw=0.0000]
epoch 11 step 1290  loss=0.016622  lr=5.87e-06  [rmse=0.0206 h1=0.0004 ssim=0.0223 mlw=0.0000]
epoch 11 step 1300  loss=0.016083  lr=5.81e-06  [rmse=0.0094 h1=0.0001 ssim=0.0069 mlw=0.0000]
epoch 11 step 1310  loss=0.016028  lr=5.75e-06  [rmse=0.0066 h1=0.0000 ssim=0.0037 mlw=0.0000]
epoch 11 step 1320  loss=0.015714  lr=5.68e-06  [rmse=0.0143 h1=0.0002 ssim=0.0134 mlw=0.0000]
epoch 11 step 1330  loss=0.016308  lr=5.62e-06  [rmse=0.0117 h1=0.0001 ssim=0.0067 mlw=0.0000]
epoch 11 step 1340  loss=0.016665  lr=5.56e-06  [rmse=0.0169 h1=0.0002 ssim=0.0121 mlw=0.0000]
epoch 11 step 1350  loss=0.016768  lr=5.50e-06  [rmse=0.0101 h1=0.0001 ssim=0.0072 mlw=0.0000]
epoch 11 step 1360  loss=0.016545  lr=5.44e-06  [rmse=0.0137 h1=0.0001 ssim=0.0109 mlw=0.0000]
epoch 11 step 1370  loss=0.016828  lr=5.38e-06  [rmse=0.0146 h1=0.0002 ssim=0.0117 mlw=0.0000]
INFO     [rank 0] Loss weights: rmse=1.0000, h1=50.0000,      vae_trainer.py:975
         ssim=0.0000, mlw=0.0000                                                
INFO     [rank 0] Epoch 11: train_loss=0.017145              vae_trainer.py:1014
         val_loss=0.016128  val_VRMSE=0.072377                                  
         val_VRMSE_chmean=0.101808  lr=5.35e-06                                 
INFO     [rank 0] Metrics updated: metrics/metrics.csv,      vae_trainer.py:1041
         metrics/loss_curves.png                                                
INFO     [rank 0] New best checkpoint (epoch 11,             vae_trainer.py:1362
         val_vrmse=0.072377):                                                   
         checkpoints/vae_shockwave_best.safetensors                             
INFO     [rank 0] Training state saved:                      vae_trainer.py:1438
         checkpoints/vae_shockwave_last.state.pt                                
INFO     [rank 0] Epoch 11 timing: train=2746.6s eval=77.5s  vae_trainer.py:1076
         viz=0.0s ckpt=8.0s total=2832.5s                                       
epoch 12 step 1380  loss=0.013020  lr=5.32e-06  [rmse=0.0145 h1=0.0002 ssim=0.0150 mlw=0.0000]
epoch 12 step 1390  loss=0.015068  lr=5.25e-06  [rmse=0.0144 h1=0.0002 ssim=0.0126 mlw=0.0000]
epoch 12 step 1400  loss=0.014508  lr=5.19e-06  [rmse=0.0110 h1=0.0001 ssim=0.0060 mlw=0.0000]
epoch 12 step 1410  loss=0.017866  lr=5.13e-06  [rmse=0.0152 h1=0.0002 ssim=0.0109 mlw=0.0000]
epoch 12 step 1420  loss=0.018467  lr=5.07e-06  [rmse=0.0130 h1=0.0001 ssim=0.0112 mlw=0.0000]
epoch 12 step 1430  loss=0.018330  lr=5.01e-06  [rmse=0.0160 h1=0.0002 ssim=0.0135 mlw=0.0000]
epoch 12 step 1440  loss=0.018286  lr=4.95e-06  [rmse=0.0052 h1=0.0000 ssim=0.0022 mlw=0.0000]
epoch 12 step 1450  loss=0.017930  lr=4.89e-06  [rmse=0.0082 h1=0.0000 ssim=0.0048 mlw=0.0000]
epoch 12 step 1460  loss=0.017576  lr=4.83e-06  [rmse=0.0114 h1=0.0001 ssim=0.0065 mlw=0.0000]
epoch 12 step 1470  loss=0.017384  lr=4.77e-06  [rmse=0.0150 h1=0.0002 ssim=0.0091 mlw=0.0000]
epoch 12 step 1480  loss=0.017489  lr=4.71e-06  [rmse=0.0105 h1=0.0001 ssim=0.0073 mlw=0.0000]
epoch 12 step 1490  loss=0.017155  lr=4.64e-06  [rmse=0.0088 h1=0.0001 ssim=0.0061 mlw=0.0000]
epoch 12 step 1500  loss=0.017025  lr=4.58e-06  [rmse=0.0128 h1=0.0001 ssim=0.0077 mlw=0.0000]
INFO     [rank 0] Loss weights: rmse=1.0000, h1=50.0000,      vae_trainer.py:975
         ssim=0.0000, mlw=0.0000                                                
INFO     [rank 0] Epoch 12: train_loss=0.017025              vae_trainer.py:1014
         val_loss=0.015813  val_VRMSE=0.070355                                  
         val_VRMSE_chmean=0.098489  lr=4.58e-06                                 
INFO     [rank 0] Metrics updated: metrics/metrics.csv,      vae_trainer.py:1041
         metrics/loss_curves.png                                                
INFO     [rank 0] Saved 12 validation reconstruction PNGs    vae_trainer.py:1263
         for epoch 12                                                           
INFO     [rank 0] New best checkpoint (epoch 12,             vae_trainer.py:1362
         val_vrmse=0.070355):                                                   
         checkpoints/vae_shockwave_best.safetensors                             
INFO     [rank 0] Training state saved:                      vae_trainer.py:1438
         checkpoints/vae_shockwave_last.state.pt                                
INFO     [rank 0] Epoch 12 timing: train=2746.1s eval=77.8s  vae_trainer.py:1076
         viz=23.0s ckpt=8.3s total=2855.7s                                      
epoch 13 step 1510  loss=0.015658  lr=4.52e-06  [rmse=0.0107 h1=0.0001 ssim=0.0067 mlw=0.0000]
epoch 13 step 1520  loss=0.014959  lr=4.46e-06  [rmse=0.0065 h1=0.0000 ssim=0.0039 mlw=0.0000]
epoch 13 step 1530  loss=0.016674  lr=4.40e-06  [rmse=0.0126 h1=0.0002 ssim=0.0083 mlw=0.0000]
epoch 13 step 1540  loss=0.016747  lr=4.35e-06  [rmse=0.0052 h1=0.0000 ssim=0.0018 mlw=0.0000]
epoch 13 step 1550  loss=0.016285  lr=4.29e-06  [rmse=0.0082 h1=0.0001 ssim=0.0050 mlw=0.0000]
epoch 13 step 1560  loss=0.016021  lr=4.23e-06  [rmse=0.0164 h1=0.0002 ssim=0.0130 mlw=0.0000]
epoch 13 step 1570  loss=0.016409  lr=4.17e-06  [rmse=0.0122 h1=0.0001 ssim=0.0103 mlw=0.0000]
epoch 13 step 1580  loss=0.016301  lr=4.11e-06  [rmse=0.0053 h1=0.0000 ssim=0.0025 mlw=0.0000]
epoch 13 step 1590  loss=0.016075  lr=4.05e-06  [rmse=0.0071 h1=0.0000 ssim=0.0045 mlw=0.0000]
epoch 13 step 1600  loss=0.016447  lr=3.99e-06  [rmse=0.0180 h1=0.0002 ssim=0.0127 mlw=0.0000]
epoch 13 step 1610  loss=0.016569  lr=3.94e-06  [rmse=0.0083 h1=0.0001 ssim=0.0055 mlw=0.0000]
epoch 13 step 1620  loss=0.017039  lr=3.88e-06  [rmse=0.0118 h1=0.0001 ssim=0.0092 mlw=0.0000]
INFO     [rank 0] Loss weights: rmse=1.0000, h1=50.0000,      vae_trainer.py:975
         ssim=0.0000, mlw=0.0000                                                
INFO     [rank 0] Epoch 13: train_loss=0.017251              vae_trainer.py:1014
         val_loss=0.015663  val_VRMSE=0.069726                                  
         val_VRMSE_chmean=0.097739  lr=3.85e-06                                 
INFO     [rank 0] Metrics updated: metrics/metrics.csv,      vae_trainer.py:1041
         metrics/loss_curves.png                                                
INFO     [rank 0] New best checkpoint (epoch 13,             vae_trainer.py:1362
         val_vrmse=0.069726):                                                   
         checkpoints/vae_shockwave_best.safetensors                             
INFO     [rank 0] Training state saved:                      vae_trainer.py:1438
         checkpoints/vae_shockwave_last.state.pt                                
INFO     [rank 0] Epoch 13 timing: train=2743.7s eval=78.3s  vae_trainer.py:1076
         viz=0.0s ckpt=8.0s total=2830.5s                                       
epoch 14 step 1630  loss=0.024133  lr=3.82e-06  [rmse=0.0106 h1=0.0001 ssim=0.0083 mlw=0.0000]
epoch 14 step 1640  loss=0.018863  lr=3.76e-06  [rmse=0.0089 h1=0.0001 ssim=0.0079 mlw=0.0000]
epoch 14 step 1650  loss=0.017360  lr=3.71e-06  [rmse=0.0107 h1=0.0001 ssim=0.0089 mlw=0.0000]
epoch 14 step 1660  loss=0.017183  lr=3.65e-06  [rmse=0.0119 h1=0.0002 ssim=0.0070 mlw=0.0000]
epoch 14 step 1670  loss=0.016748  lr=3.60e-06  [rmse=0.0109 h1=0.0001 ssim=0.0074 mlw=0.0000]
epoch 14 step 1680  loss=0.017183  lr=3.54e-06  [rmse=0.0036 h1=0.0000 ssim=0.0012 mlw=0.0000]
epoch 14 step 1690  loss=0.016628  lr=3.48e-06  [rmse=0.0108 h1=0.0001 ssim=0.0060 mlw=0.0000]
epoch 14 step 1700  loss=0.016662  lr=3.43e-06  [rmse=0.0138 h1=0.0002 ssim=0.0119 mlw=0.0000]
epoch 14 step 1710  loss=0.016217  lr=3.38e-06  [rmse=0.0134 h1=0.0002 ssim=0.0116 mlw=0.0000]
epoch 14 step 1720  loss=0.016285  lr=3.32e-06  [rmse=0.0050 h1=0.0000 ssim=0.0024 mlw=0.0000]
epoch 14 step 1730  loss=0.016414  lr=3.27e-06  [rmse=0.0089 h1=0.0001 ssim=0.0068 mlw=0.0000]
epoch 14 step 1740  loss=0.016468  lr=3.21e-06  [rmse=0.0152 h1=0.0002 ssim=0.0144 mlw=0.0000]
epoch 14 step 1750  loss=0.016650  lr=3.16e-06  [rmse=0.0099 h1=0.0001 ssim=0.0076 mlw=0.0000]
INFO     [rank 0] Loss weights: rmse=1.0000, h1=50.0000,      vae_trainer.py:975
         ssim=0.0000, mlw=0.0000                                                
INFO     [rank 0] Epoch 14: train_loss=0.016650              vae_trainer.py:1014
         val_loss=0.015485  val_VRMSE=0.068488                                  
         val_VRMSE_chmean=0.095708  lr=3.16e-06                                 
INFO     [rank 0] Metrics updated: metrics/metrics.csv,      vae_trainer.py:1041
         metrics/loss_curves.png                                                
INFO     [rank 0] New best checkpoint (epoch 14,             vae_trainer.py:1362
         val_vrmse=0.068488):                                                   
         checkpoints/vae_shockwave_best.safetensors                             
INFO     [rank 0] Training state saved:                      vae_trainer.py:1438
         checkpoints/vae_shockwave_last.state.pt                                
INFO     [rank 0] Epoch 14 timing: train=2732.8s eval=78.2s  vae_trainer.py:1076
         viz=0.0s ckpt=8.4s total=2819.8s                                       
epoch 15 step 1760  loss=0.015790  lr=3.11e-06  [rmse=0.0095 h1=0.0001 ssim=0.0076 mlw=0.0000]
epoch 15 step 1770  loss=0.015420  lr=3.06e-06  [rmse=0.0089 h1=0.0001 ssim=0.0065 mlw=0.0000]
epoch 15 step 1780  loss=0.015887  lr=3.01e-06  [rmse=0.0136 h1=0.0002 ssim=0.0130 mlw=0.0000]
epoch 15 step 1790  loss=0.016209  lr=2.96e-06  [rmse=0.0228 h1=0.0004 ssim=0.0215 mlw=0.0000]
epoch 15 step 1800  loss=0.016068  lr=2.90e-06  [rmse=0.0071 h1=0.0000 ssim=0.0043 mlw=0.0000]
epoch 15 step 1810  loss=0.016487  lr=2.85e-06  [rmse=0.0116 h1=0.0001 ssim=0.0081 mlw=0.0000]
epoch 15 step 1820  loss=0.015976  lr=2.81e-06  [rmse=0.0058 h1=0.0000 ssim=0.0034 mlw=0.0000]
epoch 15 step 1830  loss=0.016046  lr=2.76e-06  [rmse=0.0179 h1=0.0002 ssim=0.0150 mlw=0.0000]
epoch 15 step 1840  loss=0.016353  lr=2.71e-06  [rmse=0.0116 h1=0.0001 ssim=0.0066 mlw=0.0000]
epoch 15 step 1850  loss=0.016650  lr=2.66e-06  [rmse=0.0152 h1=0.0002 ssim=0.0162 mlw=0.0000]
epoch 15 step 1860  loss=0.016643  lr=2.61e-06  [rmse=0.0085 h1=0.0001 ssim=0.0068 mlw=0.0000]
epoch 15 step 1870  loss=0.016475  lr=2.57e-06  [rmse=0.0083 h1=0.0001 ssim=0.0046 mlw=0.0000]
INFO     [rank 0] Loss weights: rmse=1.0000, h1=50.0000,      vae_trainer.py:975
         ssim=0.0000, mlw=0.0000                                                
INFO     [rank 0] Epoch 15: train_loss=0.016511              vae_trainer.py:1014
         val_loss=0.015378  val_VRMSE=0.067881                                  
         val_VRMSE_chmean=0.094720  lr=2.54e-06                                 
INFO     [rank 0] Metrics updated: metrics/metrics.csv,      vae_trainer.py:1041
         metrics/loss_curves.png                                                
INFO     [rank 0] New best checkpoint (epoch 15,             vae_trainer.py:1362
         val_vrmse=0.067881):                                                   
         checkpoints/vae_shockwave_best.safetensors                             
INFO     [rank 0] Training state saved:                      vae_trainer.py:1438
         checkpoints/vae_shockwave_last.state.pt                                
INFO     [rank 0] Epoch 15 timing: train=2733.3s eval=77.6s  vae_trainer.py:1076
         viz=0.0s ckpt=8.7s total=2820.2s                                       
epoch 16 step 1880  loss=0.016597  lr=2.52e-06  [rmse=0.0107 h1=0.0001 ssim=0.0082 mlw=0.0000]
epoch 16 step 1890  loss=0.017457  lr=2.47e-06  [rmse=0.0093 h1=0.0001 ssim=0.0058 mlw=0.0000]
epoch 16 step 1900  loss=0.016684  lr=2.43e-06  [rmse=0.0040 h1=0.0000 ssim=0.0016 mlw=0.0000]
epoch 16 step 1910  loss=0.016607  lr=2.38e-06  [rmse=0.0091 h1=0.0001 ssim=0.0070 mlw=0.0000]
epoch 16 step 1920  loss=0.016224  lr=2.34e-06  [rmse=0.0108 h1=0.0001 ssim=0.0061 mlw=0.0000]
epoch 16 step 1930  loss=0.015951  lr=2.30e-06  [rmse=0.0146 h1=0.0002 ssim=0.0128 mlw=0.0000]
epoch 16 step 1940  loss=0.016753  lr=2.25e-06  [rmse=0.0112 h1=0.0001 ssim=0.0084 mlw=0.0000]
epoch 16 step 1950  loss=0.016559  lr=2.21e-06  [rmse=0.0033 h1=0.0000 ssim=0.0012 mlw=0.0000]
epoch 16 step 1960  loss=0.016821  lr=2.17e-06  [rmse=0.0083 h1=0.0001 ssim=0.0058 mlw=0.0000]
epoch 16 step 1970  loss=0.017201  lr=2.13e-06  [rmse=0.0120 h1=0.0001 ssim=0.0115 mlw=0.0000]
epoch 16 step 1980  loss=0.016979  lr=2.09e-06  [rmse=0.0132 h1=0.0001 ssim=0.0089 mlw=0.0000]
epoch 16 step 1990  loss=0.017005  lr=2.05e-06  [rmse=0.0091 h1=0.0001 ssim=0.0062 mlw=0.0000]
epoch 16 step 2000  loss=0.017097  lr=2.01e-06  [rmse=0.0041 h1=0.0000 ssim=0.0017 mlw=0.0000]
INFO     [rank 0] Loss weights: rmse=1.0000, h1=50.0000,      vae_trainer.py:975
         ssim=0.0000, mlw=0.0000                                                
INFO     [rank 0] Epoch 16: train_loss=0.017097              vae_trainer.py:1014
         val_loss=0.015316  val_VRMSE=0.067563                                  
         val_VRMSE_chmean=0.094254  lr=2.01e-06                                 
INFO     [rank 0] Metrics updated: metrics/metrics.csv,      vae_trainer.py:1041
         metrics/loss_curves.png                                                
INFO     [rank 0] Saved 12 validation reconstruction PNGs    vae_trainer.py:1263
         for epoch 16                                                           
INFO     [rank 0] New best checkpoint (epoch 16,             vae_trainer.py:1362
         val_vrmse=0.067563):                                                   
         checkpoints/vae_shockwave_best.safetensors                             
INFO     [rank 0] Training state saved:                      vae_trainer.py:1438
         checkpoints/vae_shockwave_last.state.pt                                
INFO     [rank 0] Epoch 16 timing: train=2733.6s eval=78.0s  vae_trainer.py:1076
         viz=23.2s ckpt=8.8s total=2844.2s                                      
epoch 17 step 2010  loss=0.016614  lr=1.97e-06  [rmse=0.0082 h1=0.0001 ssim=0.0061 mlw=0.0000]
epoch 17 step 2020  loss=0.014963  lr=1.93e-06  [rmse=0.0097 h1=0.0001 ssim=0.0053 mlw=0.0000]
epoch 17 step 2030  loss=0.015654  lr=1.90e-06  [rmse=0.0149 h1=0.0002 ssim=0.0120 mlw=0.0000]
epoch 17 step 2040  loss=0.016790  lr=1.86e-06  [rmse=0.0161 h1=0.0002 ssim=0.0155 mlw=0.0000]
epoch 17 step 2050  loss=0.016300  lr=1.82e-06  [rmse=0.0102 h1=0.0001 ssim=0.0066 mlw=0.0000]
epoch 17 step 2060  loss=0.016077  lr=1.79e-06  [rmse=0.0059 h1=0.0000 ssim=0.0033 mlw=0.0000]
epoch 17 step 2070  loss=0.016502  lr=1.75e-06  [rmse=0.0094 h1=0.0001 ssim=0.0073 mlw=0.0000]
epoch 17 step 2080  loss=0.016737  lr=1.72e-06  [rmse=0.0142 h1=0.0002 ssim=0.0083 mlw=0.0000]
epoch 17 step 2090  loss=0.016727  lr=1.69e-06  [rmse=0.0078 h1=0.0001 ssim=0.0050 mlw=0.0000]
epoch 17 step 2100  loss=0.016754  lr=1.66e-06  [rmse=0.0117 h1=0.0001 ssim=0.0101 mlw=0.0000]
epoch 17 step 2110  loss=0.016915  lr=1.62e-06  [rmse=0.0095 h1=0.0001 ssim=0.0059 mlw=0.0000]
epoch 17 step 2120  loss=0.016798  lr=1.59e-06  [rmse=0.0164 h1=0.0002 ssim=0.0172 mlw=0.0000]
INFO     [rank 0] Loss weights: rmse=1.0000, h1=50.0000,      vae_trainer.py:975
         ssim=0.0000, mlw=0.0000                                                
INFO     [rank 0] Epoch 17: train_loss=0.016752              vae_trainer.py:1014
         val_loss=0.015246  val_VRMSE=0.067160                                  
         val_VRMSE_chmean=0.093635  lr=1.58e-06                                 
INFO     [rank 0] Metrics updated: metrics/metrics.csv,      vae_trainer.py:1041
         metrics/loss_curves.png                                                
INFO     [rank 0] New best checkpoint (epoch 17,             vae_trainer.py:1362
         val_vrmse=0.067160):                                                   
         checkpoints/vae_shockwave_best.safetensors                             
INFO     [rank 0] Training state saved:                      vae_trainer.py:1438
         checkpoints/vae_shockwave_last.state.pt                                
INFO     [rank 0] Epoch 17 timing: train=2734.6s eval=78.9s  vae_trainer.py:1076
         viz=0.0s ckpt=9.5s total=2823.6s                                       
epoch 18 step 2130  loss=0.017983  lr=1.56e-06  [rmse=0.0141 h1=0.0002 ssim=0.0138 mlw=0.0000]
epoch 18 step 2140  loss=0.016654  lr=1.53e-06  [rmse=0.0076 h1=0.0001 ssim=0.0047 mlw=0.0000]
epoch 18 step 2150  loss=0.016699  lr=1.50e-06  [rmse=0.0057 h1=0.0000 ssim=0.0033 mlw=0.0000]
epoch 18 step 2160  loss=0.016818  lr=1.48e-06  [rmse=0.0081 h1=0.0001 ssim=0.0055 mlw=0.0000]
epoch 18 step 2170  loss=0.016434  lr=1.45e-06  [rmse=0.0142 h1=0.0002 ssim=0.0094 mlw=0.0000]
epoch 18 step 2180  loss=0.015823  lr=1.42e-06  [rmse=0.0076 h1=0.0001 ssim=0.0052 mlw=0.0000]
epoch 18 step 2190  loss=0.015681  lr=1.40e-06  [rmse=0.0171 h1=0.0002 ssim=0.0137 mlw=0.0000]
epoch 18 step 2200  loss=0.016910  lr=1.37e-06  [rmse=0.0082 h1=0.0001 ssim=0.0038 mlw=0.0000]
epoch 18 step 2210  loss=0.016761  lr=1.35e-06  [rmse=0.0126 h1=0.0001 ssim=0.0082 mlw=0.0000]
epoch 18 step 2220  loss=0.016883  lr=1.33e-06  [rmse=0.0113 h1=0.0001 ssim=0.0059 mlw=0.0000]
epoch 18 step 2230  loss=0.017087  lr=1.30e-06  [rmse=0.0099 h1=0.0001 ssim=0.0079 mlw=0.0000]
epoch 18 step 2240  loss=0.017314  lr=1.28e-06  [rmse=0.0134 h1=0.0002 ssim=0.0092 mlw=0.0000]
epoch 18 step 2250  loss=0.017135  lr=1.26e-06  [rmse=0.0089 h1=0.0001 ssim=0.0062 mlw=0.0000]
INFO     [rank 0] Loss weights: rmse=1.0000, h1=50.0000,      vae_trainer.py:975
         ssim=0.0000, mlw=0.0000                                                
INFO     [rank 0] Epoch 18: train_loss=0.017135              vae_trainer.py:1014
         val_loss=0.015204  val_VRMSE=0.066968                                  
         val_VRMSE_chmean=0.093367  lr=1.26e-06                                 
INFO     [rank 0] Metrics updated: metrics/metrics.csv,      vae_trainer.py:1041
         metrics/loss_curves.png                                                
INFO     [rank 0] New best checkpoint (epoch 18,             vae_trainer.py:1362
         val_vrmse=0.066968):                                                   
         checkpoints/vae_shockwave_best.safetensors                             
INFO     [rank 0] Training state saved:                      vae_trainer.py:1438
         checkpoints/vae_shockwave_last.state.pt                                
INFO     [rank 0] Epoch 18 timing: train=2735.4s eval=78.1s  vae_trainer.py:1076
         viz=0.0s ckpt=9.1s total=2823.1s                                       
epoch 19 step 2260  loss=0.016255  lr=1.24e-06  [rmse=0.0146 h1=0.0002 ssim=0.0142 mlw=0.0000]
epoch 19 step 2270  loss=0.015676  lr=1.22e-06  [rmse=0.0119 h1=0.0001 ssim=0.0060 mlw=0.0000]
epoch 19 step 2280  loss=0.015785  lr=1.20e-06  [rmse=0.0111 h1=0.0001 ssim=0.0068 mlw=0.0000]
epoch 19 step 2290  loss=0.015648  lr=1.18e-06  [rmse=0.0090 h1=0.0001 ssim=0.0066 mlw=0.0000]
epoch 19 step 2300  loss=0.015797  lr=1.17e-06  [rmse=0.0121 h1=0.0002 ssim=0.0092 mlw=0.0000]
epoch 19 step 2310  loss=0.015375  lr=1.15e-06  [rmse=0.0137 h1=0.0002 ssim=0.0117 mlw=0.0000]
