START TIME: Thu 24 Sep 2026 07:32:07 PM CEST
job=545292 node=i20r01c05s06
start_time=2026-09-24T19:32:07+02:00
+-----------+--------------------------------------------------------------------------------------+
| Device ID | Device Information                                                                   |
+-----------+--------------------------------------------------------------------------------------+
| 0         | Device Name: Intel(R) Data Center GPU Max 1550                                       |
|           | Vendor Name: Intel(R) Corporation                                                    |
|           | SOC UUID: 00000000-0000-003a-0000-002f0bd58086                                       |
|           | PCI BDF Address: 0000:3a:00.0                                                        |
|           | DRM Device: /dev/dri/card0                                                           |
|           | Function Type: physical                                                              |
+-----------+--------------------------------------------------------------------------------------+
| 1         | Device Name: Intel(R) Data Center GPU Max 1550                                       |
|           | Vendor Name: Intel(R) Corporation                                                    |
|           | SOC UUID: 00000000-0000-004b-0000-002f0bd58086                                       |
|           | PCI BDF Address: 0000:4b:00.0                                                        |
|           | DRM Device: /dev/dri/card1                                                           |
|           | Function Type: physical                                                              |
+-----------+--------------------------------------------------------------------------------------+
| 2         | Device Name: Intel(R) Data Center GPU Max 1550                                       |
|           | Vendor Name: Intel(R) Corporation                                                    |
|           | SOC UUID: 00000000-0000-00ca-0000-002f0bd58086                                       |
|           | PCI BDF Address: 0000:ca:00.0                                                        |
|           | DRM Device: /dev/dri/card2                                                           |
|           | Function Type: physical                                                              |
+-----------+--------------------------------------------------------------------------------------+
| 3         | Device Name: Intel(R) Data Center GPU Max 1550                                       |
|           | Vendor Name: Intel(R) Corporation                                                    |
|           | SOC UUID: 00000000-0000-00da-0000-002f0bd58086                                       |
|           | PCI BDF Address: 0000:da:00.0                                                        |
|           | DRM Device: /dev/dri/card3                                                           |
|           | Function Type: physical                                                              |
+-----------+--------------------------------------------------------------------------------------+
MASTER_ADDR: i20r01c05s06  MASTER_PORT: 58995
8 XPU tiles x batch_size 4 x accum 1 -> effective batch 32; output_dir /hppfs/scratch/0D/go76fuz2/windinet/finetune_vae_outputs_sng_pvc/finetune_vae_ch6_kl_1e5_256res
INFO     [rank 3] Failed to extract font properties from    font_manager.py:1107
         /usr/share/fonts/truetype/Cantarell-VF.otf: Can                        
         not load face (SFNT font table missing; error code                     
         0x8e)                                                                  
INFO     [rank 4] Failed to extract font properties from    font_manager.py:1107
         /usr/share/fonts/truetype/Cantarell-VF.otf: Can                        
         not load face (SFNT font table missing; error code                     
         0x8e)                                                                  
INFO     [rank 0] Failed to extract font properties from    font_manager.py:1107
         /usr/share/fonts/truetype/Cantarell-VF.otf: Can                        
         not load face (SFNT font table missing; error code                     
         0x8e)                                                                  
INFO     [rank 6] Failed to extract font properties from    font_manager.py:1107
         /usr/share/fonts/truetype/Cantarell-VF.otf: Can                        
         not load face (SFNT font table missing; error code                     
         0x8e)                                                                  
INFO     [rank 7] Failed to extract font properties from    font_manager.py:1107
         /usr/share/fonts/truetype/Cantarell-VF.otf: Can                        
         not load face (SFNT font table missing; error code                     
         0x8e)                                                                  
INFO     [rank 2] Failed to extract font properties from    font_manager.py:1107
         /usr/share/fonts/truetype/Cantarell-VF.otf: Can                        
         not load face (SFNT font table missing; error code                     
         0x8e)                                                                  
INFO     [rank 5] Failed to extract font properties from    font_manager.py:1107
         /usr/share/fonts/truetype/Cantarell-VF.otf: Can                        
         not load face (SFNT font table missing; error code                     
         0x8e)                                                                  
INFO     [rank 1] Failed to extract font properties from    font_manager.py:1107
         /usr/share/fonts/truetype/Cantarell-VF.otf: Can                        
         not load face (SFNT font table missing; error code                     
         0x8e)                                                                  
INFO     [rank 2] generated new fontManager                 font_manager.py:1639
INFO     [rank 1] generated new fontManager                 font_manager.py:1639
INFO     [rank 6] generated new fontManager                 font_manager.py:1639
INFO     [rank 5] generated new fontManager                 font_manager.py:1639
INFO     [rank 0] generated new fontManager                 font_manager.py:1639
INFO     [rank 3] generated new fontManager                 font_manager.py:1639
INFO     [rank 4] generated new fontManager                 font_manager.py:1639
INFO     [rank 7] generated new fontManager                 font_manager.py:1639
                          VAE Finetuning Configuration                          
┏━━━━━━━━━━━━━━━━━━━━━━━━━━━━━━━━━━━━━━━┳━━━━━━━━━━━━━━━━━━━━━━━━━━━━━━━━━━━━━━┓
┃ Parameter                             ┃ Value                                ┃
┡━━━━━━━━━━━━━━━━━━━━━━━━━━━━━━━━━━━━━━━╇━━━━━━━━━━━━━━━━━━━━━━━━━━━━━━━━━━━━━━┩
│ model.model_source                    │ LTXV_2B_0.9.6_DEV                    │
│ model.load_checkpoint                 │ None                                 │
│ adapter.enabled                       │ True                                 │
│ adapter.checkpoint                    │ None                                 │
│ adapter.channels                      │ ['density', 'momentum_x',            │
│                                       │ 'momentum_y', 'pressure']            │
│ adapter.mode                          │ inflate                              │
│ adapter.inflate_init                  │ zeros                                │
│ adapter.inflate_copy_channel          │ None                                 │
│ adapter.freeze_conv_in                │ False                                │
│ adapter.unfreeze_encoder_trunk        │ True                                 │
│ adapter.hidden_channels               │ 32                                   │
│ adapter.activation                    │ gelu                                 │
│ adapter.identity_init                 │ False                                │
│ adapter.default_temb                  │ 0.0                                  │
│ data.data_root                        │ /hppfs/scratch/0D/go76fuz2/windinet… │
│ data.eval_sims                        │ 500                                  │
│ data.num_dataloader_workers           │ 4                                    │
│ data.num_sim_frames                   │ None                                 │
│ data.overfit_sims                     │ None                                 │
│ data.overfit_repeat                   │ 1                                    │
│ data.channel_mean                     │ [0.9050976477108856,                 │
│                                       │ 0.004045365949982484,                │
│                                       │ -0.0019089379638760548, 0.9          │
│ data.channel_std                      │ [0.6618199912434938,                 │
│                                       │ 0.5335233432828087,                  │
│                                       │ 0.5268940723644505, 0.8053303        │
│ data.normalization_stats_file         │ None                                 │
│ data.normalization_clip               │ 5.0                                  │
│ data.channel_order                    │ ['density', 'momentum_x',            │
│                                       │ 'momentum_y', 'pressure']            │
│ data.log_transform_channels           │ []                                   │
│ optimization.learning_rate            │ 5e-05                                │
│ optimization.min_learning_rate        │ 1e-06                                │
│ optimization.scheduler_type           │ cosine                               │
│ optimization.stable_fraction          │ 0.7                                  │
│ optimization.stable_end_epoch         │ None                                 │
│ optimization.plateau_factor           │ 0.5                                  │
│ optimization.plateau_patience         │ 3                                    │
│ optimization.plateau_threshold        │ 0.0001                               │
│ optimization.epochs                   │ 20                                   │
│ optimization.batch_size               │ 4                                    │
│ optimization.gradient_accumulation_s… │ 1                                    │
│ optimization.max_grad_norm            │ 5.0                                  │
│ optimization.weight_decay             │ 0.0                                  │
│ optimization.warmup_steps             │ 200                                  │
│ optimization.warmup_start_factor      │ 0.01                                 │
│ optimization.enable_gradient_checkpo… │ True                                 │
│ loss.wavelet                          │ db2                                  │
│ loss.spatial_level                    │ 2                                    │
│ loss.temporal_level                   │ 2                                    │
│ loss.mlw_beta                         │ 10.0                                 │
│ loss.mlw_eps                          │ 1e-06                                │
│ loss_weighting.strategy               │ fixed                                │
│ loss_weighting.weights                │ {'rmse': 1.0, 'h1': 50.0, 'ssim':    │
│                                       │ 0.0, 'mlw': 0.0, 'kl': 1e-05}        │
│ loss_weighting.loss_names             │ ['rmse', 'h1', 'ssim', 'mlw']        │
│ loss_weighting.alpha                  │ 1.5                                  │
│ loss_weighting.weight_lr              │ 0.025                                │
│ loss_weighting.temperature            │ 0.1                                  │
│ sds.enabled                           │ False                                │
│ sds.model_source                      │ LTXV_13B_097_DEV                     │
│ sds.dit_checkpoint                    │ None                                 │
│ sds.untrained_dit                     │ False                                │
│ sds.scalar_conditioning.enabled       │ True                                 │
│ sds.scalar_conditioning.scalar_names  │ ['gamma']                            │
│ sds.scalar_conditioning.scalar_ranges │ {'gamma': (1.0, 2.0)}                │
│ sds.scalar_conditioning.embedding_dim │ 4096                                 │
│ sds.scalar_conditioning.num_tokens_p… │ 4                                    │
│ sds.scalar_conditioning.fourier_feat… │ 64                                   │
│ sds.scalar_conditioning.mlp_hidden_d… │ 256                                  │
│ sds.scalar_conditioning.dropout       │ 0.1                                  │
│ sds.timestep_sampling_mode            │ shifted_logit_normal                 │
│ sds.timestep_sampling_params          │ {}                                   │
│ visualization.enabled                 │ True                                 │
│ visualization.interval_epochs         │ 4                                    │
│ visualization.num_samples             │ 3                                    │
│ visualization.frame_numbers           │ [25, 50, 75, 100]                    │
│ visualization.dpi                     │ 150                                  │
│ acceleration.mixed_precision_mode     │ bf16                                 │
│ acceleration.compile_with_inductor    │ False                                │
│ acceleration.compilation_mode         │ reduce-overhead                      │
│ checkpoints.interval                  │ 1                                    │
│ checkpoints.keep_last_n               │ 1                                    │
│ checkpoints.save_best_only            │ True                                 │
│ checkpoints.best_metric               │ val_vrmse                            │
│ checkpoints.save_last_state           │ True                                 │
│ checkpoints.save_epochs               │ []                                   │
│ wandb.enabled                         │ False                                │
│ wandb.project                         │ windinet                             │
│ wandb.entity                          │ None                                 │
│ wandb.tags                            │ ['vae', 'inflate', 'zeros-init',     │
│                                       │ 'cosine', '20ep', 'shockwave-cfd',   │
│                                       │ 'c                                   │
│ seed                                  │ 42                                   │
│ output_dir                            │ /hppfs/scratch/0D/go76fuz2/windinet… │
│ clean_output_dir                      │ True                                 │
│ resume_from                           │ None                                 │
│ resume_weights_only                   │ False                                │
└───────────────────────────────────────┴──────────────────────────────────────┘
INFO     [rank 0] Distributed training: 8 processes          vae_trainer.py:1484
INFO     [rank 0] VAE inflated to 4 native channels           vae_trainer.py:206
         (init=zeros); encoder.conv_in is trainable                             
INFO     [rank 0] Encoder extra modules UNFROZEN:             vae_trainer.py:263
         down_blocks[0, 1, 2] + tail                                            
         (down_blocks[-1]+mid_block+norm_out+conv_out)                          
INFO     [rank 0] VAE gradient checkpointing enabled          vae_trainer.py:274
INFO     [rank 0] VAE loaded. Decoder params: 552,869,953     vae_trainer.py:280
INFO     [rank 0] Trainable parameters:                       vae_trainer.py:351
         encoder_conv_in=221,312, encoder_extra=693,932,865,                    
         decoder=552,869,953, in_adapter=0, out_adapter=0                       
INFO     [rank 0] Dataset: 4000 train, 500 eval samples       vae_trainer.py:615
INFO     [rank 0] encoder.conv_in LR = 5.00e-05 (== decoder   vae_trainer.py:639
         LR)                                                                    
INFO     [rank 0] encoder extra (down_blocks[0, 1, 2]+tail)   vae_trainer.py:650
         LR = 5.00e-05 (== decoder LR)                                          
INFO     [rank 0] LR schedule 'cosine': 2500 steps (200       vae_trainer.py:741
         warmup, 0 stable, 2300 anneal), peak 5.00e-05 ->                       
         floor 1.00e-06                                                         
2026:09:24-19:43:09:142398 |CCL_WARN| value of CCL_ATL_TRANSPORT changed to be ofi (default:mpi)
2026:09:24-19:43:09:142398 |CCL_WARN| value of CCL_ALLREDUCE changed to be ring (default:)
2026:09:24-19:43:09:142399 |CCL_WARN| could not get local_idx/count from environment variables, trying to get them from ATL
2026:09:24-19:43:09:142398 |CCL_WARN| could not get local_idx/count from environment variables, trying to get them from ATL
2026:09:24-19:43:09:142400 |CCL_WARN| could not get local_idx/count from environment variables, trying to get them from ATL
2026:09:24-19:43:09:142401 |CCL_WARN| could not get local_idx/count from environment variables, trying to get them from ATL
2026:09:24-19:43:10:142402 |CCL_WARN| could not get local_idx/count from environment variables, trying to get them from ATL
2026:09:24-19:43:10:142403 |CCL_WARN| could not get local_idx/count from environment variables, trying to get them from ATL
2026:09:24-19:43:10:142404 |CCL_WARN| could not get local_idx/count from environment variables, trying to get them from ATL
2026:09:24-19:43:11:142405 |CCL_WARN| could not get local_idx/count from environment variables, trying to get them from ATL
INFO     [rank 0] Config saved:                              vae_trainer.py:1516
         /hppfs/scratch/0D/go76fuz2/windinet/finetune_vae_ou                    
         tputs_sng_pvc/finetune_vae_ch6_kl_1e5_256res/traini                    
         ng_config.yaml                                                         
INFO     [rank 0] Starting VAE decoder finetuning...          vae_trainer.py:795
epoch 1 step 10  loss=7.290439  lr=2.98e-06  [rmse=0.0655 h1=0.0001 ssim=0.0082 mlw=0.0000]
epoch 1 step 20  loss=4.241932  lr=5.45e-06  [rmse=0.1427 h1=0.0001 ssim=0.0226 mlw=0.0000]
epoch 1 step 30  loss=2.976652  lr=7.93e-06  [rmse=0.0956 h1=0.0004 ssim=0.0287 mlw=0.0000]
epoch 1 step 40  loss=2.310732  lr=1.04e-05  [rmse=0.1693 h1=0.0005 ssim=0.0409 mlw=0.0000]
epoch 1 step 50  loss=1.880909  lr=1.29e-05  [rmse=0.0464 h1=0.0001 ssim=0.0132 mlw=0.0000]
epoch 1 step 60  loss=1.629329  lr=1.54e-05  [rmse=0.1197 h1=0.0001 ssim=0.0170 mlw=0.0000]
epoch 1 step 70  loss=1.578501  lr=1.78e-05  [rmse=0.1857 h1=0.0010 ssim=0.1002 mlw=0.0000]
epoch 1 step 80  loss=1.421492  lr=2.03e-05  [rmse=0.0524 h1=0.0002 ssim=0.0376 mlw=0.0000]
epoch 1 step 90  loss=1.283059  lr=2.28e-05  [rmse=0.1229 h1=0.0005 ssim=0.0552 mlw=0.0000]
epoch 1 step 100  loss=1.167075  lr=2.53e-05  [rmse=0.1361 h1=0.0003 ssim=0.0394 mlw=0.0000]
epoch 1 step 110  loss=1.100128  lr=2.77e-05  [rmse=0.0814 h1=0.0003 ssim=0.0342 mlw=0.0000]
epoch 1 step 120  loss=1.146119  lr=3.02e-05  [rmse=0.1479 h1=0.0005 ssim=0.0526 mlw=0.0000]
INFO     [rank 0] Loss weights: rmse=1.0000, h1=50.0000,      vae_trainer.py:975
         ssim=0.0000, mlw=0.0000, kl=0.0000                                     
INFO     [rank 0] Epoch 1: train_loss=1.119397               vae_trainer.py:1014
         val_loss=1.671108  val_VRMSE=0.513285                                  
         val_VRMSE_chmean=0.734604  lr=3.14e-05                                 
INFO     [rank 0] Metrics updated: metrics/metrics.csv,      vae_trainer.py:1041
         metrics/loss_curves.png                                                
INFO     [rank 0] New best checkpoint (epoch 1,              vae_trainer.py:1362
         val_vrmse=0.513285):                                                   
         checkpoints/vae_shockwave_best.safetensors                             
INFO     [rank 0] Training state saved:                      vae_trainer.py:1438
         checkpoints/vae_shockwave_last.state.pt                                
INFO     [rank 0] Epoch 1 timing: train=2736.9s eval=77.8s   vae_trainer.py:1076
         viz=0.0s ckpt=8.7s total=2824.3s                                       
epoch 2 step 130  loss=0.572593  lr=3.27e-05  [rmse=0.0790 h1=0.0002 ssim=0.0177 mlw=0.0000]
epoch 2 step 140  loss=0.440851  lr=3.52e-05  [rmse=0.2779 h1=0.0005 ssim=0.0519 mlw=0.0000]
epoch 2 step 150  loss=0.359413  lr=3.76e-05  [rmse=0.0848 h1=0.0003 ssim=0.0366 mlw=0.0000]
epoch 2 step 160  loss=0.487948  lr=4.01e-05  [rmse=0.1423 h1=0.0001 ssim=0.0328 mlw=0.0000]
epoch 2 step 170  loss=0.468436  lr=4.26e-05  [rmse=0.0865 h1=0.0003 ssim=0.0567 mlw=0.0000]
epoch 2 step 180  loss=0.435059  lr=4.51e-05  [rmse=0.2805 h1=0.0010 ssim=0.1060 mlw=0.0000]
epoch 2 step 190  loss=0.410742  lr=4.75e-05  [rmse=0.1046 h1=0.0002 ssim=0.0284 mlw=0.0000]
epoch 2 step 200  loss=0.388335  lr=5.00e-05  [rmse=0.1089 h1=0.0006 ssim=0.0608 mlw=0.0000]
epoch 2 step 210  loss=0.366524  lr=5.00e-05  [rmse=0.0761 h1=0.0002 ssim=0.0346 mlw=0.0000]
epoch 2 step 220  loss=0.349111  lr=5.00e-05  [rmse=0.1247 h1=0.0004 ssim=0.0464 mlw=0.0000]
epoch 2 step 230  loss=0.331587  lr=5.00e-05  [rmse=0.0702 h1=0.0004 ssim=0.0417 mlw=0.0000]
epoch 2 step 240  loss=0.319097  lr=5.00e-05  [rmse=0.1436 h1=0.0002 ssim=0.0412 mlw=0.0000]
epoch 2 step 250  loss=0.307469  lr=4.99e-05  [rmse=0.0447 h1=0.0001 ssim=0.0211 mlw=0.0000]
INFO     [rank 0] Loss weights: rmse=1.0000, h1=50.0000,      vae_trainer.py:975
         ssim=0.0000, mlw=0.0000, kl=0.0000                                     
INFO     [rank 0] Epoch 2: train_loss=0.307469               vae_trainer.py:1014
         val_loss=0.113584  val_VRMSE=0.537599                                  
         val_VRMSE_chmean=0.778448  lr=4.99e-05                                 
INFO     [rank 0] Metrics updated: metrics/metrics.csv,      vae_trainer.py:1041
         metrics/loss_curves.png                                                
INFO     [rank 0] Training state saved:                      vae_trainer.py:1438
         checkpoints/vae_shockwave_last.state.pt                                
INFO     [rank 0] Epoch 2 timing: train=2726.9s eval=77.1s   vae_trainer.py:1076
         viz=0.0s ckpt=8.2s total=2812.7s                                       
epoch 3 step 260  loss=0.266300  lr=4.99e-05  [rmse=0.0907 h1=0.0006 ssim=0.0576 mlw=0.0000]
epoch 3 step 270  loss=0.322961  lr=4.99e-05  [rmse=0.0632 h1=0.0003 ssim=0.0405 mlw=0.0000]
epoch 3 step 280  loss=0.322752  lr=4.99e-05  [rmse=0.1251 h1=0.0002 ssim=0.0384 mlw=0.0000]
epoch 3 step 290  loss=0.300330  lr=4.98e-05  [rmse=0.1020 h1=0.0004 ssim=0.0454 mlw=0.0000]
epoch 3 step 300  loss=0.270164  lr=4.98e-05  [rmse=0.0841 h1=0.0004 ssim=0.0477 mlw=0.0000]
epoch 3 step 310  loss=0.247221  lr=4.97e-05  [rmse=0.1091 h1=0.0004 ssim=0.0374 mlw=0.0000]
epoch 3 step 320  loss=0.228275  lr=4.97e-05  [rmse=0.1213 h1=0.0004 ssim=0.0416 mlw=0.0000]
epoch 3 step 330  loss=0.214188  lr=4.96e-05  [rmse=0.0655 h1=0.0007 ssim=0.0696 mlw=0.0000]
epoch 3 step 340  loss=0.205799  lr=4.96e-05  [rmse=0.1323 h1=0.0004 ssim=0.0523 mlw=0.0000]
epoch 3 step 350  loss=0.197175  lr=4.95e-05  [rmse=0.1433 h1=0.0007 ssim=0.0778 mlw=0.0000]
epoch 3 step 360  loss=0.198178  lr=4.94e-05  [rmse=0.0429 h1=0.0002 ssim=0.0306 mlw=0.0000]
epoch 3 step 370  loss=0.191177  lr=4.93e-05  [rmse=0.0548 h1=0.0003 ssim=0.0389 mlw=0.0000]
INFO     [rank 0] Loss weights: rmse=1.0000, h1=50.0000,      vae_trainer.py:975
         ssim=0.0000, mlw=0.0000, kl=0.0000                                     
INFO     [rank 0] Epoch 3: train_loss=0.193821               vae_trainer.py:1014
         val_loss=0.104549  val_VRMSE=0.541296                                  
         val_VRMSE_chmean=0.780344  lr=4.93e-05                                 
INFO     [rank 0] Metrics updated: metrics/metrics.csv,      vae_trainer.py:1041
         metrics/loss_curves.png                                                
INFO     [rank 0] Training state saved:                      vae_trainer.py:1438
         checkpoints/vae_shockwave_last.state.pt                                
INFO     [rank 0] Epoch 3 timing: train=2722.0s eval=76.7s   vae_trainer.py:1076
         viz=0.0s ckpt=7.9s total=2807.1s                                       
epoch 4 step 380  loss=0.109337  lr=4.93e-05  [rmse=0.0574 h1=0.0002 ssim=0.0265 mlw=0.0000]
epoch 4 step 390  loss=0.109830  lr=4.92e-05  [rmse=0.0967 h1=0.0006 ssim=0.0690 mlw=0.0000]
epoch 4 step 400  loss=0.115583  lr=4.91e-05  [rmse=0.0465 h1=0.0002 ssim=0.0329 mlw=0.0000]
epoch 4 step 410  loss=0.136902  lr=4.90e-05  [rmse=0.0756 h1=0.0006 ssim=0.0597 mlw=0.0000]
epoch 4 step 420  loss=0.137324  lr=4.89e-05  [rmse=0.0657 h1=0.0003 ssim=0.0357 mlw=0.0000]
epoch 4 step 430  loss=0.132355  lr=4.88e-05  [rmse=0.0927 h1=0.0006 ssim=0.0399 mlw=0.0000]
epoch 4 step 440  loss=0.127168  lr=4.87e-05  [rmse=0.0458 h1=0.0002 ssim=0.0300 mlw=0.0000]
epoch 4 step 450  loss=0.122003  lr=4.86e-05  [rmse=0.0409 h1=0.0003 ssim=0.0322 mlw=0.0000]
epoch 4 step 460  loss=0.124370  lr=4.85e-05  [rmse=0.0964 h1=0.0001 ssim=0.0186 mlw=0.0000]
epoch 4 step 470  loss=0.128810  lr=4.84e-05  [rmse=0.0824 h1=0.0005 ssim=0.0409 mlw=0.0000]
epoch 4 step 480  loss=0.128988  lr=4.82e-05  [rmse=0.0632 h1=0.0002 ssim=0.0225 mlw=0.0000]
epoch 4 step 490  loss=0.125071  lr=4.81e-05  [rmse=0.0583 h1=0.0002 ssim=0.0258 mlw=0.0000]
epoch 4 step 500  loss=0.120572  lr=4.80e-05  [rmse=0.0229 h1=0.0001 ssim=0.0165 mlw=0.0000]
INFO     [rank 0] Loss weights: rmse=1.0000, h1=50.0000,      vae_trainer.py:975
         ssim=0.0000, mlw=0.0000, kl=0.0000                                     
INFO     [rank 0] Epoch 4: train_loss=0.120572               vae_trainer.py:1014
         val_loss=0.058846  val_VRMSE=0.265775                                  
         val_VRMSE_chmean=0.386538  lr=4.80e-05                                 
INFO     [rank 0] Metrics updated: metrics/metrics.csv,      vae_trainer.py:1041
         metrics/loss_curves.png                                                
INFO     [rank 0] Saved 12 validation reconstruction PNGs    vae_trainer.py:1263
         for epoch 4                                                            
INFO     [rank 0] New best checkpoint (epoch 4,              vae_trainer.py:1362
         val_vrmse=0.265775):                                                   
         checkpoints/vae_shockwave_best.safetensors                             
INFO     [rank 0] Training state saved:                      vae_trainer.py:1438
         checkpoints/vae_shockwave_last.state.pt                                
INFO     [rank 0] Epoch 4 timing: train=2719.9s eval=76.1s   vae_trainer.py:1076
         viz=24.5s ckpt=9.2s total=2830.4s                                      
epoch 5 step 510  loss=0.091444  lr=4.78e-05  [rmse=0.0857 h1=0.0005 ssim=0.0500 mlw=0.0000]
epoch 5 step 520  loss=0.094257  lr=4.77e-05  [rmse=0.0547 h1=0.0006 ssim=0.0456 mlw=0.0000]
epoch 5 step 530  loss=0.080779  lr=4.76e-05  [rmse=0.0234 h1=0.0001 ssim=0.0203 mlw=0.0000]
epoch 5 step 540  loss=0.074151  lr=4.74e-05  [rmse=0.0287 h1=0.0001 ssim=0.0202 mlw=0.0000]
epoch 5 step 550  loss=0.070814  lr=4.73e-05  [rmse=0.0316 h1=0.0002 ssim=0.0190 mlw=0.0000]
epoch 5 step 560  loss=0.069608  lr=4.71e-05  [rmse=0.0377 h1=0.0003 ssim=0.0207 mlw=0.0000]
epoch 5 step 570  loss=0.068160  lr=4.69e-05  [rmse=0.0321 h1=0.0002 ssim=0.0241 mlw=0.0000]
epoch 5 step 580  loss=0.066459  lr=4.68e-05  [rmse=0.0364 h1=0.0004 ssim=0.0372 mlw=0.0000]
epoch 5 step 590  loss=0.063332  lr=4.66e-05  [rmse=0.0222 h1=0.0002 ssim=0.0213 mlw=0.0000]
epoch 5 step 600  loss=0.061929  lr=4.64e-05  [rmse=0.0332 h1=0.0003 ssim=0.0384 mlw=0.0000]
epoch 5 step 610  loss=0.060661  lr=4.63e-05  [rmse=0.0536 h1=0.0006 ssim=0.0367 mlw=0.0000]
epoch 5 step 620  loss=0.059391  lr=4.61e-05  [rmse=0.0313 h1=0.0001 ssim=0.0136 mlw=0.0000]
INFO     [rank 0] Loss weights: rmse=1.0000, h1=50.0000,      vae_trainer.py:975
         ssim=0.0000, mlw=0.0000, kl=0.0000                                     
INFO     [rank 0] Epoch 5: train_loss=0.058823               vae_trainer.py:1014
         val_loss=0.040685  val_VRMSE=0.192907                                  
         val_VRMSE_chmean=0.276126  lr=4.60e-05                                 
INFO     [rank 0] Metrics updated: metrics/metrics.csv,      vae_trainer.py:1041
         metrics/loss_curves.png                                                
INFO     [rank 0] New best checkpoint (epoch 5,              vae_trainer.py:1362
         val_vrmse=0.192907):                                                   
         checkpoints/vae_shockwave_best.safetensors                             
INFO     [rank 0] Training state saved:                      vae_trainer.py:1438
         checkpoints/vae_shockwave_last.state.pt                                
INFO     [rank 0] Epoch 5 timing: train=2723.7s eval=76.6s   vae_trainer.py:1076
         viz=0.0s ckpt=8.2s total=2809.1s                                       
epoch 6 step 630  loss=0.050298  lr=4.59e-05  [rmse=0.0435 h1=0.0003 ssim=0.0255 mlw=0.0000]
epoch 6 step 640  loss=0.043423  lr=4.57e-05  [rmse=0.0252 h1=0.0002 ssim=0.0199 mlw=0.0000]
epoch 6 step 650  loss=0.046115  lr=4.55e-05  [rmse=0.0488 h1=0.0004 ssim=0.0346 mlw=0.0000]
epoch 6 step 660  loss=0.047768  lr=4.53e-05  [rmse=0.0290 h1=0.0003 ssim=0.0301 mlw=0.0000]
epoch 6 step 670  loss=0.046549  lr=4.51e-05  [rmse=0.0253 h1=0.0002 ssim=0.0237 mlw=0.0000]
epoch 6 step 680  loss=0.045444  lr=4.49e-05  [rmse=0.0343 h1=0.0004 ssim=0.0290 mlw=0.0000]
epoch 6 step 690  loss=0.044421  lr=4.47e-05  [rmse=0.0252 h1=0.0002 ssim=0.0109 mlw=0.0000]
epoch 6 step 700  loss=0.043453  lr=4.45e-05  [rmse=0.0234 h1=0.0001 ssim=0.0090 mlw=0.0000]
epoch 6 step 710  loss=0.042925  lr=4.43e-05  [rmse=0.0166 h1=0.0001 ssim=0.0070 mlw=0.0000]
epoch 6 step 720  loss=0.042308  lr=4.41e-05  [rmse=0.0301 h1=0.0003 ssim=0.0221 mlw=0.0000]
epoch 6 step 730  loss=0.041178  lr=4.39e-05  [rmse=0.0236 h1=0.0002 ssim=0.0198 mlw=0.0000]
epoch 6 step 740  loss=0.041148  lr=4.36e-05  [rmse=0.0262 h1=0.0002 ssim=0.0123 mlw=0.0000]
epoch 6 step 750  loss=0.040909  lr=4.34e-05  [rmse=0.0184 h1=0.0001 ssim=0.0103 mlw=0.0000]
INFO     [rank 0] Loss weights: rmse=1.0000, h1=50.0000,      vae_trainer.py:975
         ssim=0.0000, mlw=0.0000, kl=0.0000                                     
INFO     [rank 0] Epoch 6: train_loss=0.040909               vae_trainer.py:1014
         val_loss=0.031065  val_VRMSE=0.147383                                  
         val_VRMSE_chmean=0.212373  lr=4.34e-05                                 
INFO     [rank 0] Metrics updated: metrics/metrics.csv,      vae_trainer.py:1041
         metrics/loss_curves.png                                                
INFO     [rank 0] New best checkpoint (epoch 6,              vae_trainer.py:1362
         val_vrmse=0.147383):                                                   
         checkpoints/vae_shockwave_best.safetensors                             
INFO     [rank 0] Training state saved:                      vae_trainer.py:1438
         checkpoints/vae_shockwave_last.state.pt                                
INFO     [rank 0] Epoch 6 timing: train=2725.5s eval=77.2s   vae_trainer.py:1076
         viz=0.0s ckpt=9.3s total=2812.7s                                       
epoch 7 step 760  loss=0.034146  lr=4.32e-05  [rmse=0.0309 h1=0.0003 ssim=0.0224 mlw=0.0000]
epoch 7 step 770  loss=0.036230  lr=4.29e-05  [rmse=0.0424 h1=0.0002 ssim=0.0135 mlw=0.0000]
epoch 7 step 780  loss=0.034949  lr=4.27e-05  [rmse=0.0215 h1=0.0001 ssim=0.0140 mlw=0.0000]
epoch 7 step 790  loss=0.035776  lr=4.25e-05  [rmse=0.0168 h1=0.0001 ssim=0.0089 mlw=0.0000]
epoch 7 step 800  loss=0.033644  lr=4.22e-05  [rmse=0.0233 h1=0.0001 ssim=0.0081 mlw=0.0000]
epoch 7 step 810  loss=0.032421  lr=4.20e-05  [rmse=0.0169 h1=0.0001 ssim=0.0092 mlw=0.0000]
epoch 7 step 820  loss=0.032711  lr=4.17e-05  [rmse=0.0199 h1=0.0001 ssim=0.0119 mlw=0.0000]
epoch 7 step 830  loss=0.031883  lr=4.15e-05  [rmse=0.0161 h1=0.0001 ssim=0.0138 mlw=0.0000]
epoch 7 step 840  loss=0.032096  lr=4.12e-05  [rmse=0.0163 h1=0.0000 ssim=0.0048 mlw=0.0000]
epoch 7 step 850  loss=0.032624  lr=4.10e-05  [rmse=0.0248 h1=0.0001 ssim=0.0100 mlw=0.0000]
epoch 7 step 860  loss=0.032312  lr=4.07e-05  [rmse=0.0169 h1=0.0000 ssim=0.0034 mlw=0.0000]
epoch 7 step 870  loss=0.032718  lr=4.04e-05  [rmse=0.0294 h1=0.0002 ssim=0.0171 mlw=0.0000]
INFO     [rank 0] Loss weights: rmse=1.0000, h1=50.0000,      vae_trainer.py:975
         ssim=0.0000, mlw=0.0000, kl=0.0000                                     
INFO     [rank 0] Epoch 7: train_loss=0.032712               vae_trainer.py:1014
         val_loss=0.026508  val_VRMSE=0.116799                                  
         val_VRMSE_chmean=0.170145  lr=4.03e-05                                 
INFO     [rank 0] Metrics updated: metrics/metrics.csv,      vae_trainer.py:1041
         metrics/loss_curves.png                                                
INFO     [rank 0] New best checkpoint (epoch 7,              vae_trainer.py:1362
         val_vrmse=0.116799):                                                   
         checkpoints/vae_shockwave_best.safetensors                             
INFO     [rank 0] Training state saved:                      vae_trainer.py:1438
         checkpoints/vae_shockwave_last.state.pt                                
INFO     [rank 0] Epoch 7 timing: train=2725.6s eval=76.6s   vae_trainer.py:1076
         viz=0.0s ckpt=9.4s total=2812.1s                                       
epoch 8 step 880  loss=0.024538  lr=4.02e-05  [rmse=0.0128 h1=0.0001 ssim=0.0071 mlw=0.0000]
epoch 8 step 890  loss=0.023518  lr=3.99e-05  [rmse=0.0213 h1=0.0002 ssim=0.0171 mlw=0.0000]
epoch 8 step 900  loss=0.025519  lr=3.96e-05  [rmse=0.0224 h1=0.0002 ssim=0.0198 mlw=0.0000]
epoch 8 step 910  loss=0.026269  lr=3.94e-05  [rmse=0.0132 h1=0.0001 ssim=0.0065 mlw=0.0000]
epoch 8 step 920  loss=0.026611  lr=3.91e-05  [rmse=0.0150 h1=0.0001 ssim=0.0108 mlw=0.0000]
epoch 8 step 930  loss=0.025476  lr=3.88e-05  [rmse=0.0121 h1=0.0000 ssim=0.0024 mlw=0.0000]
epoch 8 step 940  loss=0.026710  lr=3.85e-05  [rmse=0.0195 h1=0.0002 ssim=0.0132 mlw=0.0000]
epoch 8 step 950  loss=0.027333  lr=3.82e-05  [rmse=0.0244 h1=0.0002 ssim=0.0162 mlw=0.0000]
epoch 8 step 960  loss=0.027216  lr=3.79e-05  [rmse=0.0193 h1=0.0002 ssim=0.0146 mlw=0.0000]
epoch 8 step 970  loss=0.027208  lr=3.77e-05  [rmse=0.0141 h1=0.0001 ssim=0.0117 mlw=0.0000]
epoch 8 step 980  loss=0.027254  lr=3.74e-05  [rmse=0.0178 h1=0.0001 ssim=0.0089 mlw=0.0000]
epoch 8 step 990  loss=0.027475  lr=3.71e-05  [rmse=0.0171 h1=0.0001 ssim=0.0083 mlw=0.0000]
epoch 8 step 1000  loss=0.027381  lr=3.68e-05  [rmse=0.0167 h1=0.0001 ssim=0.0123 mlw=0.0000]
INFO     [rank 0] Loss weights: rmse=1.0000, h1=50.0000,      vae_trainer.py:975
         ssim=0.0000, mlw=0.0000, kl=0.0000                                     
INFO     [rank 0] Epoch 8: train_loss=0.027381               vae_trainer.py:1014
         val_loss=0.026204  val_VRMSE=0.132163                                  
         val_VRMSE_chmean=0.176172  lr=3.68e-05                                 
INFO     [rank 0] Metrics updated: metrics/metrics.csv,      vae_trainer.py:1041
         metrics/loss_curves.png                                                
INFO     [rank 0] Saved 12 validation reconstruction PNGs    vae_trainer.py:1263
         for epoch 8                                                            
INFO     [rank 0] Training state saved:                      vae_trainer.py:1438
         checkpoints/vae_shockwave_last.state.pt                                
INFO     [rank 0] Epoch 8 timing: train=2731.1s eval=76.9s   vae_trainer.py:1076
         viz=23.8s ckpt=7.2s total=2839.8s                                      
epoch 9 step 1010  loss=0.032442  lr=3.65e-05  [rmse=0.0153 h1=0.0001 ssim=0.0067 mlw=0.0000]
epoch 9 step 1020  loss=0.029290  lr=3.62e-05  [rmse=0.0179 h1=0.0001 ssim=0.0075 mlw=0.0000]
epoch 9 step 1030  loss=0.028047  lr=3.59e-05  [rmse=0.0148 h1=0.0001 ssim=0.0063 mlw=0.0000]
epoch 9 step 1040  loss=0.028468  lr=3.56e-05  [rmse=0.0169 h1=0.0001 ssim=0.0090 mlw=0.0000]
epoch 9 step 1050  loss=0.027342  lr=3.53e-05  [rmse=0.0118 h1=0.0001 ssim=0.0061 mlw=0.0000]
epoch 9 step 1060  loss=0.027183  lr=3.50e-05  [rmse=0.0108 h1=0.0001 ssim=0.0065 mlw=0.0000]
epoch 9 step 1070  loss=0.026579  lr=3.46e-05  [rmse=0.0086 h1=0.0000 ssim=0.0030 mlw=0.0000]
epoch 9 step 1080  loss=0.026109  lr=3.43e-05  [rmse=0.0116 h1=0.0001 ssim=0.0064 mlw=0.0000]
epoch 9 step 1090  loss=0.026420  lr=3.40e-05  [rmse=0.0175 h1=0.0002 ssim=0.0166 mlw=0.0000]
epoch 9 step 1100  loss=0.026055  lr=3.37e-05  [rmse=0.0117 h1=0.0001 ssim=0.0074 mlw=0.0000]
epoch 9 step 1110  loss=0.025520  lr=3.34e-05  [rmse=0.0127 h1=0.0001 ssim=0.0060 mlw=0.0000]
epoch 9 step 1120  loss=0.025670  lr=3.31e-05  [rmse=0.0290 h1=0.0004 ssim=0.0173 mlw=0.0000]
INFO     [rank 0] Loss weights: rmse=1.0000, h1=50.0000,      vae_trainer.py:975
         ssim=0.0000, mlw=0.0000, kl=0.0000                                     
INFO     [rank 0] Epoch 9: train_loss=0.025934               vae_trainer.py:1014
         val_loss=0.021209  val_VRMSE=0.096191                                  
         val_VRMSE_chmean=0.133007  lr=3.29e-05                                 
INFO     [rank 0] Metrics updated: metrics/metrics.csv,      vae_trainer.py:1041
         metrics/loss_curves.png                                                
INFO     [rank 0] New best checkpoint (epoch 9,              vae_trainer.py:1362
         val_vrmse=0.096191):                                                   
         checkpoints/vae_shockwave_best.safetensors                             
INFO     [rank 0] Training state saved:                      vae_trainer.py:1438
         checkpoints/vae_shockwave_last.state.pt                                
INFO     [rank 0] Epoch 9 timing: train=2726.4s eval=76.6s   vae_trainer.py:1076
         viz=0.0s ckpt=9.3s total=2812.9s                                       
epoch 10 step 1130  loss=0.015540  lr=3.28e-05  [rmse=0.0124 h1=0.0001 ssim=0.0085 mlw=0.0000]
epoch 10 step 1140  loss=0.019431  lr=3.24e-05  [rmse=0.0159 h1=0.0002 ssim=0.0120 mlw=0.0000]
epoch 10 step 1150  loss=0.020734  lr=3.21e-05  [rmse=0.0084 h1=0.0000 ssim=0.0030 mlw=0.0000]
epoch 10 step 1160  loss=0.021181  lr=3.18e-05  [rmse=0.0133 h1=0.0001 ssim=0.0068 mlw=0.0000]
epoch 10 step 1170  loss=0.021666  lr=3.15e-05  [rmse=0.0119 h1=0.0001 ssim=0.0042 mlw=0.0000]
epoch 10 step 1180  loss=0.021494  lr=3.11e-05  [rmse=0.0117 h1=0.0001 ssim=0.0055 mlw=0.0000]
epoch 10 step 1190  loss=0.021155  lr=3.08e-05  [rmse=0.0140 h1=0.0001 ssim=0.0089 mlw=0.0000]
epoch 10 step 1200  loss=0.020951  lr=3.05e-05  [rmse=0.0154 h1=0.0001 ssim=0.0096 mlw=0.0000]
epoch 10 step 1210  loss=0.020998  lr=3.02e-05  [rmse=0.0125 h1=0.0001 ssim=0.0056 mlw=0.0000]
epoch 10 step 1220  loss=0.021323  lr=2.98e-05  [rmse=0.0116 h1=0.0000 ssim=0.0041 mlw=0.0000]
epoch 10 step 1230  loss=0.021462  lr=2.95e-05  [rmse=0.0114 h1=0.0000 ssim=0.0036 mlw=0.0000]
epoch 10 step 1240  loss=0.021268  lr=2.92e-05  [rmse=0.0117 h1=0.0001 ssim=0.0076 mlw=0.0000]
epoch 10 step 1250  loss=0.021326  lr=2.88e-05  [rmse=0.0137 h1=0.0001 ssim=0.0082 mlw=0.0000]
INFO     [rank 0] Loss weights: rmse=1.0000, h1=50.0000,      vae_trainer.py:975
         ssim=0.0000, mlw=0.0000, kl=0.0000                                     
INFO     [rank 0] Epoch 10: train_loss=0.021326              vae_trainer.py:1014
         val_loss=0.021182  val_VRMSE=0.096871                                  
         val_VRMSE_chmean=0.139318  lr=2.88e-05                                 
INFO     [rank 0] Metrics updated: metrics/metrics.csv,      vae_trainer.py:1041
         metrics/loss_curves.png                                                
INFO     [rank 0] Training state saved:                      vae_trainer.py:1438
         checkpoints/vae_shockwave_last.state.pt                                
INFO     [rank 0] Epoch 10 timing: train=2724.9s eval=76.2s  vae_trainer.py:1076
         viz=0.0s ckpt=7.5s total=2809.1s                                       
epoch 11 step 1260  loss=0.021816  lr=2.85e-05  [rmse=0.0085 h1=0.0000 ssim=0.0025 mlw=0.0000]
epoch 11 step 1270  loss=0.021928  lr=2.82e-05  [rmse=0.0125 h1=0.0001 ssim=0.0067 mlw=0.0000]
epoch 11 step 1280  loss=0.021181  lr=2.78e-05  [rmse=0.0137 h1=0.0001 ssim=0.0077 mlw=0.0000]
epoch 11 step 1290  loss=0.020868  lr=2.75e-05  [rmse=0.0230 h1=0.0004 ssim=0.0258 mlw=0.0000]
epoch 11 step 1300  loss=0.020271  lr=2.72e-05  [rmse=0.0149 h1=0.0001 ssim=0.0075 mlw=0.0000]
epoch 11 step 1310  loss=0.020361  lr=2.68e-05  [rmse=0.0116 h1=0.0000 ssim=0.0042 mlw=0.0000]
epoch 11 step 1320  loss=0.020100  lr=2.65e-05  [rmse=0.0158 h1=0.0002 ssim=0.0145 mlw=0.0000]
epoch 11 step 1330  loss=0.021064  lr=2.62e-05  [rmse=0.0161 h1=0.0001 ssim=0.0073 mlw=0.0000]
epoch 11 step 1340  loss=0.021432  lr=2.58e-05  [rmse=0.0197 h1=0.0002 ssim=0.0135 mlw=0.0000]
epoch 11 step 1350  loss=0.021583  lr=2.55e-05  [rmse=0.0124 h1=0.0001 ssim=0.0080 mlw=0.0000]
epoch 11 step 1360  loss=0.021341  lr=2.52e-05  [rmse=0.0157 h1=0.0001 ssim=0.0118 mlw=0.0000]
epoch 11 step 1370  loss=0.021577  lr=2.48e-05  [rmse=0.0176 h1=0.0002 ssim=0.0124 mlw=0.0000]
INFO     [rank 0] Loss weights: rmse=1.0000, h1=50.0000,      vae_trainer.py:975
         ssim=0.0000, mlw=0.0000, kl=0.0000                                     
INFO     [rank 0] Epoch 11: train_loss=0.021899              vae_trainer.py:1014
         val_loss=0.021459  val_VRMSE=0.101836                                  
         val_VRMSE_chmean=0.148096  lr=2.47e-05                                 
INFO     [rank 0] Metrics updated: metrics/metrics.csv,      vae_trainer.py:1041
         metrics/loss_curves.png                                                
INFO     [rank 0] Training state saved:                      vae_trainer.py:1438
         checkpoints/vae_shockwave_last.state.pt                                
INFO     [rank 0] Epoch 11 timing: train=2742.6s eval=76.4s  vae_trainer.py:1076
         viz=0.0s ckpt=7.2s total=2826.8s                                       
epoch 12 step 1380  loss=0.016749  lr=2.45e-05  [rmse=0.0172 h1=0.0002 ssim=0.0199 mlw=0.0000]
epoch 12 step 1390  loss=0.018409  lr=2.42e-05  [rmse=0.0160 h1=0.0002 ssim=0.0133 mlw=0.0000]
epoch 12 step 1400  loss=0.017587  lr=2.38e-05  [rmse=0.0130 h1=0.0001 ssim=0.0062 mlw=0.0000]
epoch 12 step 1410  loss=0.021183  lr=2.35e-05  [rmse=0.0194 h1=0.0002 ssim=0.0121 mlw=0.0000]
epoch 12 step 1420  loss=0.021724  lr=2.32e-05  [rmse=0.0135 h1=0.0001 ssim=0.0119 mlw=0.0000]
epoch 12 step 1430  loss=0.021324  lr=2.28e-05  [rmse=0.0169 h1=0.0002 ssim=0.0141 mlw=0.0000]
epoch 12 step 1440  loss=0.021124  lr=2.25e-05  [rmse=0.0063 h1=0.0000 ssim=0.0024 mlw=0.0000]
epoch 12 step 1450  loss=0.020707  lr=2.22e-05  [rmse=0.0091 h1=0.0000 ssim=0.0049 mlw=0.0000]
epoch 12 step 1460  loss=0.020297  lr=2.18e-05  [rmse=0.0119 h1=0.0001 ssim=0.0067 mlw=0.0000]
epoch 12 step 1470  loss=0.020060  lr=2.15e-05  [rmse=0.0196 h1=0.0002 ssim=0.0094 mlw=0.0000]
epoch 12 step 1480  loss=0.020236  lr=2.12e-05  [rmse=0.0171 h1=0.0001 ssim=0.0077 mlw=0.0000]
epoch 12 step 1490  loss=0.019984  lr=2.08e-05  [rmse=0.0100 h1=0.0001 ssim=0.0065 mlw=0.0000]
epoch 12 step 1500  loss=0.019826  lr=2.05e-05  [rmse=0.0135 h1=0.0001 ssim=0.0081 mlw=0.0000]
INFO     [rank 0] Loss weights: rmse=1.0000, h1=50.0000,      vae_trainer.py:975
         ssim=0.0000, mlw=0.0000, kl=0.0000                                     
INFO     [rank 0] Epoch 12: train_loss=0.019826              vae_trainer.py:1014
         val_loss=0.018732  val_VRMSE=0.084622                                  
         val_VRMSE_chmean=0.120894  lr=2.05e-05                                 
INFO     [rank 0] Metrics updated: metrics/metrics.csv,      vae_trainer.py:1041
         metrics/loss_curves.png                                                
INFO     [rank 0] Saved 12 validation reconstruction PNGs    vae_trainer.py:1263
         for epoch 12                                                           
INFO     [rank 0] New best checkpoint (epoch 12,             vae_trainer.py:1362
         val_vrmse=0.084622):                                                   
         checkpoints/vae_shockwave_best.safetensors                             
INFO     [rank 0] Training state saved:                      vae_trainer.py:1438
         checkpoints/vae_shockwave_last.state.pt                                
INFO     [rank 0] Epoch 12 timing: train=2726.3s eval=76.8s  vae_trainer.py:1076
         viz=23.8s ckpt=13.2s total=2840.5s                                     
epoch 13 step 1510  loss=0.017675  lr=2.02e-05  [rmse=0.0111 h1=0.0001 ssim=0.0070 mlw=0.0000]
epoch 13 step 1520  loss=0.017018  lr=1.99e-05  [rmse=0.0076 h1=0.0000 ssim=0.0041 mlw=0.0000]
epoch 13 step 1530  loss=0.018830  lr=1.95e-05  [rmse=0.0147 h1=0.0002 ssim=0.0087 mlw=0.0000]
epoch 13 step 1540  loss=0.018993  lr=1.92e-05  [rmse=0.0067 h1=0.0000 ssim=0.0018 mlw=0.0000]
epoch 13 step 1550  loss=0.018401  lr=1.89e-05  [rmse=0.0087 h1=0.0001 ssim=0.0052 mlw=0.0000]
epoch 13 step 1560  loss=0.018124  lr=1.86e-05  [rmse=0.0173 h1=0.0002 ssim=0.0128 mlw=0.0000]
epoch 13 step 1570  loss=0.018573  lr=1.82e-05  [rmse=0.0129 h1=0.0001 ssim=0.0099 mlw=0.0000]
epoch 13 step 1580  loss=0.018442  lr=1.79e-05  [rmse=0.0065 h1=0.0000 ssim=0.0025 mlw=0.0000]
epoch 13 step 1590  loss=0.018242  lr=1.76e-05  [rmse=0.0084 h1=0.0000 ssim=0.0047 mlw=0.0000]
epoch 13 step 1600  loss=0.018554  lr=1.73e-05  [rmse=0.0178 h1=0.0002 ssim=0.0122 mlw=0.0000]
epoch 13 step 1610  loss=0.018647  lr=1.70e-05  [rmse=0.0087 h1=0.0001 ssim=0.0055 mlw=0.0000]
epoch 13 step 1620  loss=0.019135  lr=1.67e-05  [rmse=0.0127 h1=0.0001 ssim=0.0094 mlw=0.0000]
INFO     [rank 0] Loss weights: rmse=1.0000, h1=50.0000,      vae_trainer.py:975
         ssim=0.0000, mlw=0.0000, kl=0.0000                                     
INFO     [rank 0] Epoch 13: train_loss=0.019347              vae_trainer.py:1014
         val_loss=0.016948  val_VRMSE=0.072612                                  
         val_VRMSE_chmean=0.101293  lr=1.65e-05                                 
INFO     [rank 0] Metrics updated: metrics/metrics.csv,      vae_trainer.py:1041
         metrics/loss_curves.png                                                
INFO     [rank 0] New best checkpoint (epoch 13,             vae_trainer.py:1362
         val_vrmse=0.072612):                                                   
         checkpoints/vae_shockwave_best.safetensors                             
INFO     [rank 0] Training state saved:                      vae_trainer.py:1438
         checkpoints/vae_shockwave_last.state.pt                                
INFO     [rank 0] Epoch 13 timing: train=2724.8s eval=76.5s  vae_trainer.py:1076
         viz=0.0s ckpt=9.5s total=2811.3s                                       
epoch 14 step 1630  loss=0.025981  lr=1.64e-05  [rmse=0.0111 h1=0.0001 ssim=0.0085 mlw=0.0000]
epoch 14 step 1640  loss=0.020366  lr=1.60e-05  [rmse=0.0091 h1=0.0001 ssim=0.0077 mlw=0.0000]
epoch 14 step 1650  loss=0.018824  lr=1.57e-05  [rmse=0.0109 h1=0.0001 ssim=0.0087 mlw=0.0000]
epoch 14 step 1660  loss=0.018565  lr=1.54e-05  [rmse=0.0126 h1=0.0002 ssim=0.0068 mlw=0.0000]
epoch 14 step 1670  loss=0.018136  lr=1.51e-05  [rmse=0.0114 h1=0.0001 ssim=0.0074 mlw=0.0000]
epoch 14 step 1680  loss=0.018573  lr=1.48e-05  [rmse=0.0037 h1=0.0000 ssim=0.0011 mlw=0.0000]
epoch 14 step 1690  loss=0.017985  lr=1.45e-05  [rmse=0.0110 h1=0.0001 ssim=0.0058 mlw=0.0000]
epoch 14 step 1700  loss=0.018012  lr=1.42e-05  [rmse=0.0143 h1=0.0002 ssim=0.0131 mlw=0.0000]
epoch 14 step 1710  loss=0.017531  lr=1.39e-05  [rmse=0.0136 h1=0.0002 ssim=0.0116 mlw=0.0000]
epoch 14 step 1720  loss=0.017600  lr=1.36e-05  [rmse=0.0051 h1=0.0000 ssim=0.0023 mlw=0.0000]
epoch 14 step 1730  loss=0.017713  lr=1.33e-05  [rmse=0.0090 h1=0.0001 ssim=0.0069 mlw=0.0000]
epoch 14 step 1740  loss=0.017752  lr=1.31e-05  [rmse=0.0157 h1=0.0002 ssim=0.0147 mlw=0.0000]
epoch 14 step 1750  loss=0.017934  lr=1.28e-05  [rmse=0.0102 h1=0.0001 ssim=0.0077 mlw=0.0000]
INFO     [rank 0] Loss weights: rmse=1.0000, h1=50.0000,      vae_trainer.py:975
         ssim=0.0000, mlw=0.0000, kl=0.0000                                     
INFO     [rank 0] Epoch 14: train_loss=0.017934              vae_trainer.py:1014
         val_loss=0.016398  val_VRMSE=0.070465                                  
         val_VRMSE_chmean=0.097601  lr=1.28e-05                                 
INFO     [rank 0] Metrics updated: metrics/metrics.csv,      vae_trainer.py:1041
         metrics/loss_curves.png                                                
INFO     [rank 0] New best checkpoint (epoch 14,             vae_trainer.py:1362
         val_vrmse=0.070465):                                                   
         checkpoints/vae_shockwave_best.safetensors                             
INFO     [rank 0] Training state saved:                      vae_trainer.py:1438
         checkpoints/vae_shockwave_last.state.pt                                
INFO     [rank 0] Epoch 14 timing: train=2726.0s eval=76.8s  vae_trainer.py:1076
         viz=0.0s ckpt=9.7s total=2813.1s                                       
epoch 15 step 1760  loss=0.016656  lr=1.25e-05  [rmse=0.0098 h1=0.0001 ssim=0.0077 mlw=0.0000]
epoch 15 step 1770  loss=0.016254  lr=1.22e-05  [rmse=0.0092 h1=0.0001 ssim=0.0064 mlw=0.0000]
epoch 15 step 1780  loss=0.016783  lr=1.19e-05  [rmse=0.0136 h1=0.0002 ssim=0.0128 mlw=0.0000]
epoch 15 step 1790  loss=0.017093  lr=1.16e-05  [rmse=0.0230 h1=0.0004 ssim=0.0210 mlw=0.0000]
epoch 15 step 1800  loss=0.016832  lr=1.14e-05  [rmse=0.0071 h1=0.0000 ssim=0.0041 mlw=0.0000]
epoch 15 step 1810  loss=0.017241  lr=1.11e-05  [rmse=0.0119 h1=0.0001 ssim=0.0081 mlw=0.0000]
epoch 15 step 1820  loss=0.016708  lr=1.08e-05  [rmse=0.0058 h1=0.0000 ssim=0.0033 mlw=0.0000]
epoch 15 step 1830  loss=0.016744  lr=1.06e-05  [rmse=0.0175 h1=0.0002 ssim=0.0140 mlw=0.0000]
epoch 15 step 1840  loss=0.017064  lr=1.03e-05  [rmse=0.0116 h1=0.0001 ssim=0.0063 mlw=0.0000]
epoch 15 step 1850  loss=0.017347  lr=1.00e-05  [rmse=0.0152 h1=0.0002 ssim=0.0168 mlw=0.0000]
epoch 15 step 1860  loss=0.017324  lr=9.78e-06  [rmse=0.0087 h1=0.0001 ssim=0.0066 mlw=0.0000]
epoch 15 step 1870  loss=0.017135  lr=9.52e-06  [rmse=0.0082 h1=0.0001 ssim=0.0044 mlw=0.0000]
INFO     [rank 0] Loss weights: rmse=1.0000, h1=50.0000,      vae_trainer.py:975
         ssim=0.0000, mlw=0.0000, kl=0.0000                                     
INFO     [rank 0] Epoch 15: train_loss=0.017163              vae_trainer.py:1014
         val_loss=0.015742  val_VRMSE=0.066711                                  
         val_VRMSE_chmean=0.092696  lr=9.40e-06                                 
INFO     [rank 0] Metrics updated: metrics/metrics.csv,      vae_trainer.py:1041
         metrics/loss_curves.png                                                
INFO     [rank 0] New best checkpoint (epoch 15,             vae_trainer.py:1362
         val_vrmse=0.066711):                                                   
         checkpoints/vae_shockwave_best.safetensors                             
INFO     [rank 0] Training state saved:                      vae_trainer.py:1438
         checkpoints/vae_shockwave_last.state.pt                                
INFO     [rank 0] Epoch 15 timing: train=2729.1s eval=77.3s  vae_trainer.py:1076
         viz=0.0s ckpt=9.6s total=2816.6s                                       
epoch 16 step 1880  loss=0.016626  lr=9.27e-06  [rmse=0.0103 h1=0.0001 ssim=0.0079 mlw=0.0000]
epoch 16 step 1890  loss=0.017809  lr=9.02e-06  [rmse=0.0089 h1=0.0001 ssim=0.0053 mlw=0.0000]
epoch 16 step 1900  loss=0.017134  lr=8.78e-06  [rmse=0.0040 h1=0.0000 ssim=0.0014 mlw=0.0000]
epoch 16 step 1910  loss=0.017120  lr=8.53e-06  [rmse=0.0090 h1=0.0001 ssim=0.0069 mlw=0.0000]
epoch 16 step 1920  loss=0.016702  lr=8.29e-06  [rmse=0.0101 h1=0.0001 ssim=0.0056 mlw=0.0000]
epoch 16 step 1930  loss=0.016437  lr=8.06e-06  [rmse=0.0146 h1=0.0002 ssim=0.0125 mlw=0.0000]
epoch 16 step 1940  loss=0.017281  lr=7.82e-06  [rmse=0.0110 h1=0.0001 ssim=0.0083 mlw=0.0000]
epoch 16 step 1950  loss=0.017042  lr=7.59e-06  [rmse=0.0032 h1=0.0000 ssim=0.0011 mlw=0.0000]
epoch 16 step 1960  loss=0.017310  lr=7.37e-06  [rmse=0.0083 h1=0.0001 ssim=0.0055 mlw=0.0000]
epoch 16 step 1970  loss=0.017704  lr=7.14e-06  [rmse=0.0119 h1=0.0001 ssim=0.0112 mlw=0.0000]
epoch 16 step 1980  loss=0.017464  lr=6.92e-06  [rmse=0.0131 h1=0.0001 ssim=0.0085 mlw=0.0000]
epoch 16 step 1990  loss=0.017484  lr=6.71e-06  [rmse=0.0087 h1=0.0001 ssim=0.0060 mlw=0.0000]
epoch 16 step 2000  loss=0.017568  lr=6.50e-06  [rmse=0.0041 h1=0.0000 ssim=0.0016 mlw=0.0000]
INFO     [rank 0] Loss weights: rmse=1.0000, h1=50.0000,      vae_trainer.py:975
         ssim=0.0000, mlw=0.0000, kl=0.0000                                     
INFO     [rank 0] Epoch 16: train_loss=0.017568              vae_trainer.py:1014
         val_loss=0.015499  val_VRMSE=0.065601                                  
         val_VRMSE_chmean=0.090327  lr=6.50e-06                                 
INFO     [rank 0] Metrics updated: metrics/metrics.csv,      vae_trainer.py:1041
         metrics/loss_curves.png                                                
INFO     [rank 0] Saved 12 validation reconstruction PNGs    vae_trainer.py:1263
         for epoch 16                                                           
INFO     [rank 0] New best checkpoint (epoch 16,             vae_trainer.py:1362
         val_vrmse=0.065601):                                                   
         checkpoints/vae_shockwave_best.safetensors                             
INFO     [rank 0] Training state saved:                      vae_trainer.py:1438
         checkpoints/vae_shockwave_last.state.pt                                
INFO     [rank 0] Epoch 16 timing: train=2727.6s eval=76.2s  vae_trainer.py:1076
         viz=23.1s ckpt=8.7s total=2836.1s                                      
epoch 17 step 2010  loss=0.017075  lr=6.29e-06  [rmse=0.0081 h1=0.0001 ssim=0.0058 mlw=0.0000]
epoch 17 step 2020  loss=0.015261  lr=6.08e-06  [rmse=0.0093 h1=0.0001 ssim=0.0050 mlw=0.0000]
epoch 17 step 2030  loss=0.015921  lr=5.88e-06  [rmse=0.0142 h1=0.0002 ssim=0.0115 mlw=0.0000]
epoch 17 step 2040  loss=0.016961  lr=5.68e-06  [rmse=0.0156 h1=0.0002 ssim=0.0147 mlw=0.0000]
epoch 17 step 2050  loss=0.016438  lr=5.48e-06  [rmse=0.0096 h1=0.0001 ssim=0.0062 mlw=0.0000]
epoch 17 step 2060  loss=0.016152  lr=5.29e-06  [rmse=0.0058 h1=0.0000 ssim=0.0032 mlw=0.0000]
epoch 17 step 2070  loss=0.016627  lr=5.11e-06  [rmse=0.0092 h1=0.0001 ssim=0.0069 mlw=0.0000]
epoch 17 step 2080  loss=0.016887  lr=4.92e-06  [rmse=0.0140 h1=0.0002 ssim=0.0079 mlw=0.0000]
epoch 17 step 2090  loss=0.016898  lr=4.74e-06  [rmse=0.0077 h1=0.0001 ssim=0.0048 mlw=0.0000]
epoch 17 step 2100  loss=0.016914  lr=4.57e-06  [rmse=0.0116 h1=0.0001 ssim=0.0098 mlw=0.0000]
epoch 17 step 2110  loss=0.017066  lr=4.39e-06  [rmse=0.0091 h1=0.0001 ssim=0.0055 mlw=0.0000]
epoch 17 step 2120  loss=0.016951  lr=4.23e-06  [rmse=0.0159 h1=0.0002 ssim=0.0169 mlw=0.0000]
INFO     [rank 0] Loss weights: rmse=1.0000, h1=50.0000,      vae_trainer.py:975
         ssim=0.0000, mlw=0.0000, kl=0.0000                                     
INFO     [rank 0] Epoch 17: train_loss=0.016907              vae_trainer.py:1014
         val_loss=0.015229  val_VRMSE=0.064083                                  
         val_VRMSE_chmean=0.088061  lr=4.14e-06                                 
INFO     [rank 0] Metrics updated: metrics/metrics.csv,      vae_trainer.py:1041
         metrics/loss_curves.png                                                
INFO     [rank 0] New best checkpoint (epoch 17,             vae_trainer.py:1362
         val_vrmse=0.064083):                                                   
         checkpoints/vae_shockwave_best.safetensors                             
INFO     [rank 0] Training state saved:                      vae_trainer.py:1438
         checkpoints/vae_shockwave_last.state.pt                                
INFO     [rank 0] Epoch 17 timing: train=2725.2s eval=77.1s  vae_trainer.py:1076
         viz=0.0s ckpt=8.5s total=2811.3s                                       
epoch 18 step 2130  loss=0.018072  lr=4.06e-06  [rmse=0.0139 h1=0.0002 ssim=0.0133 mlw=0.0000]
epoch 18 step 2140  loss=0.016547  lr=3.90e-06  [rmse=0.0074 h1=0.0000 ssim=0.0045 mlw=0.0000]
epoch 18 step 2150  loss=0.016775  lr=3.75e-06  [rmse=0.0055 h1=0.0000 ssim=0.0032 mlw=0.0000]
epoch 18 step 2160  loss=0.016861  lr=3.59e-06  [rmse=0.0080 h1=0.0001 ssim=0.0053 mlw=0.0000]
epoch 18 step 2170  loss=0.016472  lr=3.45e-06  [rmse=0.0139 h1=0.0002 ssim=0.0090 mlw=0.0000]
epoch 18 step 2180  loss=0.015866  lr=3.30e-06  [rmse=0.0073 h1=0.0000 ssim=0.0049 mlw=0.0000]
epoch 18 step 2190  loss=0.015695  lr=3.16e-06  [rmse=0.0166 h1=0.0002 ssim=0.0130 mlw=0.0000]
epoch 18 step 2200  loss=0.016979  lr=3.03e-06  [rmse=0.0078 h1=0.0001 ssim=0.0035 mlw=0.0000]
epoch 18 step 2210  loss=0.016820  lr=2.90e-06  [rmse=0.0118 h1=0.0001 ssim=0.0076 mlw=0.0000]
epoch 18 step 2220  loss=0.016925  lr=2.77e-06  [rmse=0.0106 h1=0.0001 ssim=0.0053 mlw=0.0000]
epoch 18 step 2230  loss=0.017120  lr=2.65e-06  [rmse=0.0099 h1=0.0001 ssim=0.0076 mlw=0.0000]
epoch 18 step 2240  loss=0.017343  lr=2.53e-06  [rmse=0.0127 h1=0.0002 ssim=0.0083 mlw=0.0000]
epoch 18 step 2250  loss=0.017159  lr=2.41e-06  [rmse=0.0088 h1=0.0001 ssim=0.0060 mlw=0.0000]
INFO     [rank 0] Loss weights: rmse=1.0000, h1=50.0000,      vae_trainer.py:975
         ssim=0.0000, mlw=0.0000, kl=0.0000                                     
INFO     [rank 0] Epoch 18: train_loss=0.017159              vae_trainer.py:1014
         val_loss=0.015115  val_VRMSE=0.063575                                  
         val_VRMSE_chmean=0.087283  lr=2.41e-06                                 
INFO     [rank 0] Metrics updated: metrics/metrics.csv,      vae_trainer.py:1041
         metrics/loss_curves.png                                                
INFO     [rank 0] New best checkpoint (epoch 18,             vae_trainer.py:1362
         val_vrmse=0.063575):                                                   
         checkpoints/vae_shockwave_best.safetensors                             
INFO     [rank 0] Training state saved:                      vae_trainer.py:1438
         checkpoints/vae_shockwave_last.state.pt                                
INFO     [rank 0] Epoch 18 timing: train=2725.6s eval=77.1s  vae_trainer.py:1076
         viz=0.0s ckpt=8.4s total=2811.6s                                       
epoch 19 step 2260  loss=0.016346  lr=2.30e-06  [rmse=0.0146 h1=0.0002 ssim=0.0136 mlw=0.0000]
epoch 19 step 2270  loss=0.015731  lr=2.20e-06  [rmse=0.0123 h1=0.0001 ssim=0.0060 mlw=0.0000]
epoch 19 step 2280  loss=0.015870  lr=2.10e-06  [rmse=0.0106 h1=0.0001 ssim=0.0066 mlw=0.0000]
epoch 19 step 2290  loss=0.015667  lr=2.00e-06  [rmse=0.0087 h1=0.0001 ssim=0.0063 mlw=0.0000]
epoch 19 step 2300  loss=0.015864  lr=1.91e-06  [rmse=0.0118 h1=0.0001 ssim=0.0087 mlw=0.0000]
epoch 19 step 2310  loss=0.015414  lr=1.82e-06  [rmse=0.0132 h1=0.0002 ssim=0.0114 mlw=0.0000]
epoch 19 step 2320  loss=0.016090  lr=1.74e-06  [rmse=0.0212 h1=0.0003 ssim=0.0185 mlw=0.0000]
