START TIME: Thu 24 Sep 2026 07:32:07 PM CEST
job=545301 node=i20r02c05s06
start_time=2026-09-24T19:32:07+02:00
+-----------+--------------------------------------------------------------------------------------+
| Device ID | Device Information                                                                   |
+-----------+--------------------------------------------------------------------------------------+
| 0         | Device Name: Intel(R) Data Center GPU Max 1550                                       |
|           | Vendor Name: Intel(R) Corporation                                                    |
|           | SOC UUID: 00000000-0000-003a-0000-002f0bd58086                                       |
|           | PCI BDF Address: 0000:3a:00.0                                                        |
|           | DRM Device: /dev/dri/card0                                                           |
|           | Function Type: physical                                                              |
+-----------+--------------------------------------------------------------------------------------+
| 1         | Device Name: Intel(R) Data Center GPU Max 1550                                       |
|           | Vendor Name: Intel(R) Corporation                                                    |
|           | SOC UUID: 00000000-0000-004b-0000-002f0bd58086                                       |
|           | PCI BDF Address: 0000:4b:00.0                                                        |
|           | DRM Device: /dev/dri/card1                                                           |
|           | Function Type: physical                                                              |
+-----------+--------------------------------------------------------------------------------------+
| 2         | Device Name: Intel(R) Data Center GPU Max 1550                                       |
|           | Vendor Name: Intel(R) Corporation                                                    |
|           | SOC UUID: 00000000-0000-00ca-0000-002f0bd58086                                       |
|           | PCI BDF Address: 0000:ca:00.0                                                        |
|           | DRM Device: /dev/dri/card2                                                           |
|           | Function Type: physical                                                              |
+-----------+--------------------------------------------------------------------------------------+
| 3         | Device Name: Intel(R) Data Center GPU Max 1550                                       |
|           | Vendor Name: Intel(R) Corporation                                                    |
|           | SOC UUID: 00000000-0000-00da-0000-002f0bd58086                                       |
|           | PCI BDF Address: 0000:da:00.0                                                        |
|           | DRM Device: /dev/dri/card3                                                           |
|           | Function Type: physical                                                              |
+-----------+--------------------------------------------------------------------------------------+
MASTER_ADDR: i20r02c05s06  MASTER_PORT: 42281
8 XPU tiles x batch_size 4 x accum 1 -> effective batch 32; output_dir /hppfs/scratch/0D/go76fuz2/windinet/finetune_vae_outputs_sng_pvc/finetune_vae_ch6_sds_stock_w1_256res
INFO     [rank 5] Failed to extract font properties from    font_manager.py:1107
         /usr/share/fonts/truetype/Cantarell-VF.otf: Can                        
         not load face (SFNT font table missing; error code                     
         0x8e)                                                                  
INFO     [rank 6] Failed to extract font properties from    font_manager.py:1107
         /usr/share/fonts/truetype/Cantarell-VF.otf: Can                        
         not load face (SFNT font table missing; error code                     
         0x8e)                                                                  
INFO     [rank 2] Failed to extract font properties from    font_manager.py:1107
         /usr/share/fonts/truetype/Cantarell-VF.otf: Can                        
         not load face (SFNT font table missing; error code                     
         0x8e)                                                                  
INFO     [rank 1] Failed to extract font properties from    font_manager.py:1107
         /usr/share/fonts/truetype/Cantarell-VF.otf: Can                        
         not load face (SFNT font table missing; error code                     
         0x8e)                                                                  
INFO     [rank 0] Failed to extract font properties from    font_manager.py:1107
         /usr/share/fonts/truetype/Cantarell-VF.otf: Can                        
         not load face (SFNT font table missing; error code                     
         0x8e)                                                                  
INFO     [rank 0] generated new fontManager                 font_manager.py:1639
INFO     [rank 4] Failed to extract font properties from    font_manager.py:1107
         /usr/share/fonts/truetype/Cantarell-VF.otf: Can                        
         not load face (SFNT font table missing; error code                     
         0x8e)                                                                  
INFO     [rank 3] Failed to extract font properties from    font_manager.py:1107
         /usr/share/fonts/truetype/Cantarell-VF.otf: Can                        
         not load face (SFNT font table missing; error code                     
         0x8e)                                                                  
INFO     [rank 7] Failed to extract font properties from    font_manager.py:1107
         /usr/share/fonts/truetype/Cantarell-VF.otf: Can                        
         not load face (SFNT font table missing; error code                     
         0x8e)                                                                  
INFO     [rank 1] generated new fontManager                 font_manager.py:1639
INFO     [rank 4] generated new fontManager                 font_manager.py:1639
INFO     [rank 3] generated new fontManager                 font_manager.py:1639
INFO     [rank 6] generated new fontManager                 font_manager.py:1639
INFO     [rank 7] generated new fontManager                 font_manager.py:1639
INFO     [rank 2] generated new fontManager                 font_manager.py:1639
INFO     [rank 5] generated new fontManager                 font_manager.py:1639
                          VAE Finetuning Configuration                          
┏━━━━━━━━━━━━━━━━━━━━━━━━━━━━━━━━━━━━━━━┳━━━━━━━━━━━━━━━━━━━━━━━━━━━━━━━━━━━━━━┓
┃ Parameter                             ┃ Value                                ┃
┡━━━━━━━━━━━━━━━━━━━━━━━━━━━━━━━━━━━━━━━╇━━━━━━━━━━━━━━━━━━━━━━━━━━━━━━━━━━━━━━┩
│ model.model_source                    │ LTXV_2B_0.9.6_DEV                    │
│ model.load_checkpoint                 │ None                                 │
│ adapter.enabled                       │ True                                 │
│ adapter.checkpoint                    │ None                                 │
│ adapter.channels                      │ ['density', 'momentum_x',            │
│                                       │ 'momentum_y', 'pressure']            │
│ adapter.mode                          │ inflate                              │
│ adapter.inflate_init                  │ zeros                                │
│ adapter.inflate_copy_channel          │ None                                 │
│ adapter.freeze_conv_in                │ False                                │
│ adapter.unfreeze_encoder_trunk        │ True                                 │
│ adapter.hidden_channels               │ 32                                   │
│ adapter.activation                    │ gelu                                 │
│ adapter.identity_init                 │ False                                │
│ adapter.default_temb                  │ 0.0                                  │
│ data.data_root                        │ /hppfs/scratch/0D/go76fuz2/windinet… │
│ data.eval_sims                        │ 500                                  │
│ data.num_dataloader_workers           │ 4                                    │
│ data.num_sim_frames                   │ None                                 │
│ data.overfit_sims                     │ None                                 │
│ data.overfit_repeat                   │ 1                                    │
│ data.channel_mean                     │ [0.9050976477108856,                 │
│                                       │ 0.004045365949982484,                │
│                                       │ -0.0019089379638760548, 0.9          │
│ data.channel_std                      │ [0.6618199912434938,                 │
│                                       │ 0.5335233432828087,                  │
│                                       │ 0.5268940723644505, 0.8053303        │
│ data.normalization_stats_file         │ None                                 │
│ data.normalization_clip               │ 5.0                                  │
│ data.channel_order                    │ ['density', 'momentum_x',            │
│                                       │ 'momentum_y', 'pressure']            │
│ data.log_transform_channels           │ []                                   │
│ optimization.learning_rate            │ 5e-05                                │
│ optimization.min_learning_rate        │ 1e-06                                │
│ optimization.scheduler_type           │ cosine                               │
│ optimization.stable_fraction          │ 0.7                                  │
│ optimization.stable_end_epoch         │ None                                 │
│ optimization.plateau_factor           │ 0.5                                  │
│ optimization.plateau_patience         │ 3                                    │
│ optimization.plateau_threshold        │ 0.0001                               │
│ optimization.epochs                   │ 20                                   │
│ optimization.batch_size               │ 4                                    │
│ optimization.gradient_accumulation_s… │ 1                                    │
│ optimization.max_grad_norm            │ 5.0                                  │
│ optimization.weight_decay             │ 0.0                                  │
│ optimization.warmup_steps             │ 200                                  │
│ optimization.warmup_start_factor      │ 0.01                                 │
│ optimization.enable_gradient_checkpo… │ True                                 │
│ loss.wavelet                          │ db2                                  │
│ loss.spatial_level                    │ 2                                    │
│ loss.temporal_level                   │ 2                                    │
│ loss.mlw_beta                         │ 10.0                                 │
│ loss.mlw_eps                          │ 1e-06                                │
│ loss_weighting.strategy               │ fixed                                │
│ loss_weighting.weights                │ {'rmse': 1.0, 'h1': 50.0, 'ssim':    │
│                                       │ 0.0, 'mlw': 0.0, 'sds': 1.0}         │
│ loss_weighting.loss_names             │ ['rmse', 'h1', 'ssim', 'mlw']        │
│ loss_weighting.alpha                  │ 1.5                                  │
│ loss_weighting.weight_lr              │ 0.025                                │
│ loss_weighting.temperature            │ 0.1                                  │
│ sds.enabled                           │ True                                 │
│ sds.model_source                      │ LTXV_2B_0.9.6_DEV                    │
│ sds.dit_checkpoint                    │ None                                 │
│ sds.untrained_dit                     │ True                                 │
│ sds.scalar_conditioning.enabled       │ True                                 │
│ sds.scalar_conditioning.scalar_names  │ ['gamma']                            │
│ sds.scalar_conditioning.scalar_ranges │ {'gamma': (1.0, 2.0)}                │
│ sds.scalar_conditioning.embedding_dim │ 4096                                 │
│ sds.scalar_conditioning.num_tokens_p… │ 4                                    │
│ sds.scalar_conditioning.fourier_feat… │ 64                                   │
│ sds.scalar_conditioning.mlp_hidden_d… │ 256                                  │
│ sds.scalar_conditioning.dropout       │ 0.1                                  │
│ sds.timestep_sampling_mode            │ shifted_logit_normal                 │
│ sds.timestep_sampling_params          │ {}                                   │
│ visualization.enabled                 │ True                                 │
│ visualization.interval_epochs         │ 4                                    │
│ visualization.num_samples             │ 3                                    │
│ visualization.frame_numbers           │ [25, 50, 75, 100]                    │
│ visualization.dpi                     │ 150                                  │
│ acceleration.mixed_precision_mode     │ bf16                                 │
│ acceleration.compile_with_inductor    │ False                                │
│ acceleration.compilation_mode         │ reduce-overhead                      │
│ checkpoints.interval                  │ 1                                    │
│ checkpoints.keep_last_n               │ 1                                    │
│ checkpoints.save_best_only            │ True                                 │
│ checkpoints.best_metric               │ val_vrmse                            │
│ checkpoints.save_last_state           │ True                                 │
│ checkpoints.save_epochs               │ []                                   │
│ wandb.enabled                         │ False                                │
│ wandb.project                         │ windinet                             │
│ wandb.entity                          │ None                                 │
│ wandb.tags                            │ ['vae', 'inflate', 'zeros-init',     │
│                                       │ 'cosine', '20ep', 'shockwave-cfd',   │
│                                       │ 'c                                   │
│ seed                                  │ 42                                   │
│ output_dir                            │ /hppfs/scratch/0D/go76fuz2/windinet… │
│ clean_output_dir                      │ True                                 │
│ resume_from                           │ None                                 │
│ resume_weights_only                   │ False                                │
└───────────────────────────────────────┴──────────────────────────────────────┘
INFO     [rank 0] Distributed training: 8 processes          vae_trainer.py:1484
INFO     [rank 0] VAE inflated to 4 native channels           vae_trainer.py:206
         (init=zeros); encoder.conv_in is trainable                             
INFO     [rank 0] Encoder extra modules UNFROZEN:             vae_trainer.py:263
         down_blocks[0, 1, 2] + tail                                            
         (down_blocks[-1]+mid_block+norm_out+conv_out)                          
INFO     [rank 0] VAE gradient checkpointing enabled          vae_trainer.py:274
INFO     [rank 0] VAE loaded. Decoder params: 552,869,953     vae_trainer.py:280
INFO     [rank 0] Trainable parameters:                       vae_trainer.py:351
         encoder_conv_in=221,312, encoder_extra=693,932,865,                    
         decoder=552,869,953, in_adapter=0, out_adapter=0                       
INFO     [rank 0] SDS distillation loss: untrained_dit=true --    sds_loss.py:56
         using stock pretrained LTXV_2B_0.9.6_DEV transformer + a               
         freshly random-initialized ScalarEmbedding as the frozen               
         critic                                                                 
INFO     [rank 0] Dataset: 4000 train, 500 eval samples       vae_trainer.py:615
INFO     [rank 0] encoder.conv_in LR = 5.00e-05 (== decoder   vae_trainer.py:639
         LR)                                                                    
INFO     [rank 0] encoder extra (down_blocks[0, 1, 2]+tail)   vae_trainer.py:650
         LR = 5.00e-05 (== decoder LR)                                          
INFO     [rank 0] LR schedule 'cosine': 2500 steps (200       vae_trainer.py:741
         warmup, 0 stable, 2300 anneal), peak 5.00e-05 ->                       
         floor 1.00e-06                                                         
2026:09:24-19:56:22:191313 |CCL_WARN| value of CCL_ATL_TRANSPORT changed to be ofi (default:mpi)
2026:09:24-19:56:22:191313 |CCL_WARN| value of CCL_ALLREDUCE changed to be ring (default:)
2026:09:24-19:56:22:191313 |CCL_WARN| could not get local_idx/count from environment variables, trying to get them from ATL
2026:09:24-19:56:22:191314 |CCL_WARN| could not get local_idx/count from environment variables, trying to get them from ATL
2026:09:24-19:56:22:191315 |CCL_WARN| could not get local_idx/count from environment variables, trying to get them from ATL
2026:09:24-19:56:22:191316 |CCL_WARN| could not get local_idx/count from environment variables, trying to get them from ATL
2026:09:24-19:56:23:191317 |CCL_WARN| could not get local_idx/count from environment variables, trying to get them from ATL
2026:09:24-19:56:23:191318 |CCL_WARN| could not get local_idx/count from environment variables, trying to get them from ATL
2026:09:24-19:56:23:191319 |CCL_WARN| could not get local_idx/count from environment variables, trying to get them from ATL
2026:09:24-19:56:24:191320 |CCL_WARN| could not get local_idx/count from environment variables, trying to get them from ATL
INFO     [rank 0] Config saved:                              vae_trainer.py:1516
         /hppfs/scratch/0D/go76fuz2/windinet/finetune_vae_ou                    
         tputs_sng_pvc/finetune_vae_ch6_sds_stock_w1_256res/                    
         training_config.yaml                                                   
INFO     [rank 0] Starting VAE decoder finetuning...          vae_trainer.py:795
epoch 1 step 10  loss=0.353478  lr=2.98e-06  [rmse=0.0656 h1=0.0001 ssim=0.0095 mlw=0.0000]
epoch 1 step 20  loss=0.288904  lr=5.45e-06  [rmse=0.1437 h1=0.0002 ssim=0.0276 mlw=0.0000]
epoch 1 step 30  loss=0.244701  lr=7.93e-06  [rmse=0.0981 h1=0.0004 ssim=0.0391 mlw=0.0000]
epoch 1 step 40  loss=0.230475  lr=1.04e-05  [rmse=0.1749 h1=0.0006 ssim=0.0583 mlw=0.0000]
epoch 1 step 50  loss=0.214013  lr=1.29e-05  [rmse=0.0473 h1=0.0001 ssim=0.0194 mlw=0.0000]
epoch 1 step 60  loss=0.198428  lr=1.54e-05  [rmse=0.0972 h1=0.0001 ssim=0.0173 mlw=0.0000]
epoch 1 step 70  loss=0.190526  lr=1.78e-05  [rmse=0.0865 h1=0.0009 ssim=0.0777 mlw=0.0000]
epoch 1 step 80  loss=0.180079  lr=2.03e-05  [rmse=0.0358 h1=0.0002 ssim=0.0318 mlw=0.0000]
epoch 1 step 90  loss=0.171526  lr=2.28e-05  [rmse=0.0448 h1=0.0005 ssim=0.0446 mlw=0.0000]
epoch 1 step 100  loss=0.163337  lr=2.53e-05  [rmse=0.0409 h1=0.0002 ssim=0.0262 mlw=0.0000]
epoch 1 step 110  loss=0.156549  lr=2.77e-05  [rmse=0.0423 h1=0.0002 ssim=0.0228 mlw=0.0000]
epoch 1 step 120  loss=0.150944  lr=3.02e-05  [rmse=0.0517 h1=0.0004 ssim=0.0314 mlw=0.0000]
INFO     [rank 0] Loss weights: rmse=1.0000, h1=50.0000,      vae_trainer.py:975
         ssim=0.0000, mlw=0.0000, sds=1.0000                                    
INFO     [rank 0] Epoch 1: train_loss=0.148532               vae_trainer.py:1014
         val_loss=0.126890  val_VRMSE=0.520277                                  
         val_VRMSE_chmean=0.785317  lr=3.14e-05                                 
INFO     [rank 0] Metrics updated: metrics/metrics.csv,      vae_trainer.py:1041
         metrics/loss_curves.png                                                
INFO     [rank 0] New best checkpoint (epoch 1,              vae_trainer.py:1362
         val_vrmse=0.520277):                                                   
         checkpoints/vae_shockwave_best.safetensors                             
INFO     [rank 0] Training state saved:                      vae_trainer.py:1438
         checkpoints/vae_shockwave_last.state.pt                                
INFO     [rank 0] Epoch 1 timing: train=2783.2s eval=89.1s   vae_trainer.py:1076
         viz=0.0s ckpt=8.9s total=2882.5s                                       
epoch 2 step 130  loss=0.117655  lr=3.27e-05  [rmse=0.0532 h1=0.0002 ssim=0.0143 mlw=0.0000]
epoch 2 step 140  loss=0.106974  lr=3.52e-05  [rmse=0.0697 h1=0.0006 ssim=0.0458 mlw=0.0000]
epoch 2 step 150  loss=0.107106  lr=3.76e-05  [rmse=0.0444 h1=0.0003 ssim=0.0290 mlw=0.0000]
epoch 2 step 160  loss=0.103143  lr=4.01e-05  [rmse=0.0378 h1=0.0001 ssim=0.0143 mlw=0.0000]
epoch 2 step 170  loss=0.103416  lr=4.26e-05  [rmse=0.0410 h1=0.0002 ssim=0.0303 mlw=0.0000]
epoch 2 step 180  loss=0.103377  lr=4.51e-05  [rmse=0.0617 h1=0.0005 ssim=0.0368 mlw=0.0000]
epoch 2 step 190  loss=0.104245  lr=4.75e-05  [rmse=0.0266 h1=0.0001 ssim=0.0100 mlw=0.0000]
epoch 2 step 200  loss=0.104703  lr=5.00e-05  [rmse=0.0414 h1=0.0003 ssim=0.0282 mlw=0.0000]
epoch 2 step 210  loss=0.103997  lr=5.00e-05  [rmse=0.0260 h1=0.0001 ssim=0.0148 mlw=0.0000]
epoch 2 step 220  loss=0.103173  lr=5.00e-05  [rmse=0.0440 h1=0.0002 ssim=0.0239 mlw=0.0000]
epoch 2 step 230  loss=0.102283  lr=5.00e-05  [rmse=0.0356 h1=0.0001 ssim=0.0167 mlw=0.0000]
epoch 2 step 240  loss=0.104161  lr=5.00e-05  [rmse=0.0546 h1=0.0002 ssim=0.0232 mlw=0.0000]
epoch 2 step 250  loss=0.103761  lr=4.99e-05  [rmse=0.0216 h1=0.0001 ssim=0.0113 mlw=0.0000]
INFO     [rank 0] Loss weights: rmse=1.0000, h1=50.0000,      vae_trainer.py:975
         ssim=0.0000, mlw=0.0000, sds=1.0000                                    
INFO     [rank 0] Epoch 2: train_loss=0.103761               vae_trainer.py:1014
         val_loss=0.089499  val_VRMSE=0.269432                                  
         val_VRMSE_chmean=0.369357  lr=4.99e-05                                 
INFO     [rank 0] Metrics updated: metrics/metrics.csv,      vae_trainer.py:1041
         metrics/loss_curves.png                                                
INFO     [rank 0] New best checkpoint (epoch 2,              vae_trainer.py:1362
         val_vrmse=0.269432):                                                   
         checkpoints/vae_shockwave_best.safetensors                             
INFO     [rank 0] Training state saved:                      vae_trainer.py:1438
         checkpoints/vae_shockwave_last.state.pt                                
INFO     [rank 0] Epoch 2 timing: train=2771.1s eval=88.9s   vae_trainer.py:1076
         viz=0.0s ckpt=8.3s total=2869.0s                                       
epoch 3 step 260  loss=0.079765  lr=4.99e-05  [rmse=0.0371 h1=0.0003 ssim=0.0286 mlw=0.0000]
epoch 3 step 270  loss=0.086440  lr=4.99e-05  [rmse=0.0238 h1=0.0002 ssim=0.0222 mlw=0.0000]
epoch 3 step 280  loss=0.088949  lr=4.99e-05  [rmse=0.0299 h1=0.0001 ssim=0.0137 mlw=0.0000]
epoch 3 step 290  loss=0.087959  lr=4.98e-05  [rmse=0.0339 h1=0.0002 ssim=0.0172 mlw=0.0000]
epoch 3 step 300  loss=0.090257  lr=4.98e-05  [rmse=0.0287 h1=0.0002 ssim=0.0193 mlw=0.0000]
epoch 3 step 310  loss=0.094872  lr=4.97e-05  [rmse=0.0323 h1=0.0002 ssim=0.0188 mlw=0.0000]
epoch 3 step 320  loss=0.094281  lr=4.97e-05  [rmse=0.0370 h1=0.0002 ssim=0.0227 mlw=0.0000]
epoch 3 step 330  loss=0.095622  lr=4.96e-05  [rmse=0.0444 h1=0.0004 ssim=0.0382 mlw=0.0000]
epoch 3 step 340  loss=0.096025  lr=4.96e-05  [rmse=0.0296 h1=0.0002 ssim=0.0216 mlw=0.0000]
epoch 3 step 350  loss=0.095274  lr=4.95e-05  [rmse=0.0354 h1=0.0003 ssim=0.0325 mlw=0.0000]
epoch 3 step 360  loss=0.095080  lr=4.94e-05  [rmse=0.0404 h1=0.0001 ssim=0.0131 mlw=0.0000]
epoch 3 step 370  loss=0.094547  lr=4.93e-05  [rmse=0.0229 h1=0.0001 ssim=0.0178 mlw=0.0000]
INFO     [rank 0] Loss weights: rmse=1.0000, h1=50.0000,      vae_trainer.py:975
         ssim=0.0000, mlw=0.0000, sds=1.0000                                    
INFO     [rank 0] Epoch 3: train_loss=0.093920               vae_trainer.py:1014
         val_loss=0.084622  val_VRMSE=0.198408                                  
         val_VRMSE_chmean=0.289665  lr=4.93e-05                                 
INFO     [rank 0] Metrics updated: metrics/metrics.csv,      vae_trainer.py:1041
         metrics/loss_curves.png                                                
INFO     [rank 0] New best checkpoint (epoch 3,              vae_trainer.py:1362
         val_vrmse=0.198408):                                                   
         checkpoints/vae_shockwave_best.safetensors                             
INFO     [rank 0] Training state saved:                      vae_trainer.py:1438
         checkpoints/vae_shockwave_last.state.pt                                
INFO     [rank 0] Epoch 3 timing: train=2768.6s eval=87.6s   vae_trainer.py:1076
         viz=0.0s ckpt=8.2s total=2865.0s                                       
epoch 4 step 380  loss=0.093762  lr=4.93e-05  [rmse=0.0193 h1=0.0001 ssim=0.0108 mlw=0.0000]
epoch 4 step 390  loss=0.087261  lr=4.92e-05  [rmse=0.0310 h1=0.0003 ssim=0.0289 mlw=0.0000]
epoch 4 step 400  loss=0.080108  lr=4.91e-05  [rmse=0.0208 h1=0.0001 ssim=0.0149 mlw=0.0000]
epoch 4 step 410  loss=0.078932  lr=4.90e-05  [rmse=0.0309 h1=0.0003 ssim=0.0260 mlw=0.0000]
epoch 4 step 420  loss=0.080665  lr=4.89e-05  [rmse=0.0178 h1=0.0001 ssim=0.0133 mlw=0.0000]
epoch 4 step 430  loss=0.079879  lr=4.88e-05  [rmse=0.0339 h1=0.0004 ssim=0.0207 mlw=0.0000]
epoch 4 step 440  loss=0.082539  lr=4.87e-05  [rmse=0.0214 h1=0.0002 ssim=0.0167 mlw=0.0000]
epoch 4 step 450  loss=0.083098  lr=4.86e-05  [rmse=0.0253 h1=0.0001 ssim=0.0139 mlw=0.0000]
epoch 4 step 460  loss=0.082475  lr=4.85e-05  [rmse=0.0143 h1=0.0001 ssim=0.0060 mlw=0.0000]
epoch 4 step 470  loss=0.082681  lr=4.84e-05  [rmse=0.0301 h1=0.0003 ssim=0.0208 mlw=0.0000]
epoch 4 step 480  loss=0.082771  lr=4.82e-05  [rmse=0.0207 h1=0.0001 ssim=0.0106 mlw=0.0000]
epoch 4 step 490  loss=0.082434  lr=4.81e-05  [rmse=0.0274 h1=0.0001 ssim=0.0126 mlw=0.0000]
epoch 4 step 500  loss=0.083335  lr=4.80e-05  [rmse=0.0230 h1=0.0001 ssim=0.0091 mlw=0.0000]
INFO     [rank 0] Loss weights: rmse=1.0000, h1=50.0000,      vae_trainer.py:975
         ssim=0.0000, mlw=0.0000, sds=1.0000                                    
INFO     [rank 0] Epoch 4: train_loss=0.083335               vae_trainer.py:1014
         val_loss=0.071868  val_VRMSE=0.162006                                  
         val_VRMSE_chmean=0.227821  lr=4.80e-05                                 
INFO     [rank 0] Metrics updated: metrics/metrics.csv,      vae_trainer.py:1041
         metrics/loss_curves.png                                                
INFO     [rank 0] Saved 12 validation reconstruction PNGs    vae_trainer.py:1263
         for epoch 4                                                            
INFO     [rank 0] New best checkpoint (epoch 4,              vae_trainer.py:1362
         val_vrmse=0.162006):                                                   
         checkpoints/vae_shockwave_best.safetensors                             
INFO     [rank 0] Training state saved:                      vae_trainer.py:1438
         checkpoints/vae_shockwave_last.state.pt                                
INFO     [rank 0] Epoch 4 timing: train=2768.9s eval=88.6s   vae_trainer.py:1076
         viz=24.5s ckpt=8.3s total=2890.9s                                      
epoch 5 step 510  loss=0.078558  lr=4.78e-05  [rmse=0.0382 h1=0.0003 ssim=0.0228 mlw=0.0000]
epoch 5 step 520  loss=0.089425  lr=4.77e-05  [rmse=0.0282 h1=0.0003 ssim=0.0204 mlw=0.0000]
epoch 5 step 530  loss=0.080073  lr=4.76e-05  [rmse=0.0147 h1=0.0001 ssim=0.0092 mlw=0.0000]
epoch 5 step 540  loss=0.076124  lr=4.74e-05  [rmse=0.0173 h1=0.0001 ssim=0.0091 mlw=0.0000]
epoch 5 step 550  loss=0.076649  lr=4.73e-05  [rmse=0.0181 h1=0.0001 ssim=0.0098 mlw=0.0000]
epoch 5 step 560  loss=0.080497  lr=4.71e-05  [rmse=0.0260 h1=0.0002 ssim=0.0117 mlw=0.0000]
epoch 5 step 570  loss=0.080102  lr=4.69e-05  [rmse=0.0224 h1=0.0001 ssim=0.0117 mlw=0.0000]
epoch 5 step 580  loss=0.079703  lr=4.68e-05  [rmse=0.0288 h1=0.0002 ssim=0.0217 mlw=0.0000]
epoch 5 step 590  loss=0.077948  lr=4.66e-05  [rmse=0.0176 h1=0.0001 ssim=0.0130 mlw=0.0000]
epoch 5 step 600  loss=0.077665  lr=4.64e-05  [rmse=0.0334 h1=0.0003 ssim=0.0257 mlw=0.0000]
epoch 5 step 610  loss=0.077481  lr=4.63e-05  [rmse=0.0359 h1=0.0005 ssim=0.0251 mlw=0.0000]
epoch 5 step 620  loss=0.077272  lr=4.61e-05  [rmse=0.0184 h1=0.0001 ssim=0.0084 mlw=0.0000]
INFO     [rank 0] Loss weights: rmse=1.0000, h1=50.0000,      vae_trainer.py:975
         ssim=0.0000, mlw=0.0000, sds=1.0000                                    
INFO     [rank 0] Epoch 5: train_loss=0.077150               vae_trainer.py:1014
         val_loss=0.063584  val_VRMSE=0.137511                                  
         val_VRMSE_chmean=0.193920  lr=4.60e-05                                 
INFO     [rank 0] Metrics updated: metrics/metrics.csv,      vae_trainer.py:1041
         metrics/loss_curves.png                                                
INFO     [rank 0] New best checkpoint (epoch 5,              vae_trainer.py:1362
         val_vrmse=0.137511):                                                   
         checkpoints/vae_shockwave_best.safetensors                             
INFO     [rank 0] Training state saved:                      vae_trainer.py:1438
         checkpoints/vae_shockwave_last.state.pt                                
INFO     [rank 0] Epoch 5 timing: train=2769.9s eval=87.7s   vae_trainer.py:1076
         viz=0.0s ckpt=8.5s total=2866.6s                                       
epoch 6 step 630  loss=0.078332  lr=4.59e-05  [rmse=0.0386 h1=0.0003 ssim=0.0182 mlw=0.0000]
epoch 6 step 640  loss=0.075908  lr=4.57e-05  [rmse=0.0206 h1=0.0001 ssim=0.0132 mlw=0.0000]
epoch 6 step 650  loss=0.080611  lr=4.55e-05  [rmse=0.0355 h1=0.0003 ssim=0.0252 mlw=0.0000]
epoch 6 step 660  loss=0.084927  lr=4.53e-05  [rmse=0.0293 h1=0.0002 ssim=0.0241 mlw=0.0000]
epoch 6 step 670  loss=0.086214  lr=4.51e-05  [rmse=0.0235 h1=0.0002 ssim=0.0184 mlw=0.0000]
epoch 6 step 680  loss=0.084804  lr=4.49e-05  [rmse=0.0278 h1=0.0003 ssim=0.0215 mlw=0.0000]
epoch 6 step 690  loss=0.083064  lr=4.47e-05  [rmse=0.0183 h1=0.0001 ssim=0.0081 mlw=0.0000]
epoch 6 step 700  loss=0.081562  lr=4.45e-05  [rmse=0.0194 h1=0.0001 ssim=0.0069 mlw=0.0000]
epoch 6 step 710  loss=0.082062  lr=4.43e-05  [rmse=0.0147 h1=0.0000 ssim=0.0055 mlw=0.0000]
epoch 6 step 720  loss=0.081914  lr=4.41e-05  [rmse=0.0295 h1=0.0003 ssim=0.0185 mlw=0.0000]
epoch 6 step 730  loss=0.080897  lr=4.39e-05  [rmse=0.0241 h1=0.0002 ssim=0.0165 mlw=0.0000]
epoch 6 step 740  loss=0.081009  lr=4.36e-05  [rmse=0.0219 h1=0.0001 ssim=0.0108 mlw=0.0000]
epoch 6 step 750  loss=0.080323  lr=4.34e-05  [rmse=0.0193 h1=0.0001 ssim=0.0090 mlw=0.0000]
INFO     [rank 0] Loss weights: rmse=1.0000, h1=50.0000,      vae_trainer.py:975
         ssim=0.0000, mlw=0.0000, sds=1.0000                                    
INFO     [rank 0] Epoch 6: train_loss=0.080323               vae_trainer.py:1014
         val_loss=0.080992  val_VRMSE=0.147151                                  
         val_VRMSE_chmean=0.210552  lr=4.34e-05                                 
INFO     [rank 0] Metrics updated: metrics/metrics.csv,      vae_trainer.py:1041
         metrics/loss_curves.png                                                
INFO     [rank 0] Training state saved:                      vae_trainer.py:1438
         checkpoints/vae_shockwave_last.state.pt                                
INFO     [rank 0] Epoch 6 timing: train=2774.2s eval=87.2s   vae_trainer.py:1076
         viz=0.0s ckpt=7.0s total=2869.1s                                       
epoch 7 step 760  loss=0.072339  lr=4.32e-05  [rmse=0.0311 h1=0.0002 ssim=0.0200 mlw=0.0000]
epoch 7 step 770  loss=0.073610  lr=4.29e-05  [rmse=0.0233 h1=0.0004 ssim=0.0185 mlw=0.0000]
epoch 7 step 780  loss=0.073367  lr=4.27e-05  [rmse=0.0288 h1=0.0001 ssim=0.0132 mlw=0.0000]
epoch 7 step 790  loss=0.077004  lr=4.25e-05  [rmse=0.0185 h1=0.0001 ssim=0.0090 mlw=0.0000]
epoch 7 step 800  loss=0.076658  lr=4.22e-05  [rmse=0.0207 h1=0.0001 ssim=0.0088 mlw=0.0000]
epoch 7 step 810  loss=0.076623  lr=4.20e-05  [rmse=0.0155 h1=0.0001 ssim=0.0090 mlw=0.0000]
epoch 7 step 820  loss=0.076192  lr=4.17e-05  [rmse=0.0162 h1=0.0001 ssim=0.0110 mlw=0.0000]
epoch 7 step 830  loss=0.074647  lr=4.15e-05  [rmse=0.0181 h1=0.0001 ssim=0.0131 mlw=0.0000]
epoch 7 step 840  loss=0.075515  lr=4.12e-05  [rmse=0.0096 h1=0.0000 ssim=0.0047 mlw=0.0000]
epoch 7 step 850  loss=0.075529  lr=4.10e-05  [rmse=0.0190 h1=0.0001 ssim=0.0093 mlw=0.0000]
epoch 7 step 860  loss=0.075246  lr=4.07e-05  [rmse=0.0142 h1=0.0000 ssim=0.0034 mlw=0.0000]
epoch 7 step 870  loss=0.076622  lr=4.04e-05  [rmse=0.0284 h1=0.0002 ssim=0.0153 mlw=0.0000]
INFO     [rank 0] Loss weights: rmse=1.0000, h1=50.0000,      vae_trainer.py:975
         ssim=0.0000, mlw=0.0000, sds=1.0000                                    
INFO     [rank 0] Epoch 7: train_loss=0.076356               vae_trainer.py:1014
         val_loss=0.075599  val_VRMSE=0.154154                                  
         val_VRMSE_chmean=0.200760  lr=4.03e-05                                 
INFO     [rank 0] Metrics updated: metrics/metrics.csv,      vae_trainer.py:1041
         metrics/loss_curves.png                                                
INFO     [rank 0] Training state saved:                      vae_trainer.py:1438
         checkpoints/vae_shockwave_last.state.pt                                
INFO     [rank 0] Epoch 7 timing: train=2776.8s eval=89.5s   vae_trainer.py:1076
         viz=0.0s ckpt=7.3s total=2874.1s                                       
epoch 8 step 880  loss=0.061812  lr=4.02e-05  [rmse=0.0161 h1=0.0001 ssim=0.0070 mlw=0.0000]
epoch 8 step 890  loss=0.070150  lr=3.99e-05  [rmse=0.0211 h1=0.0002 ssim=0.0166 mlw=0.0000]
epoch 8 step 900  loss=0.080026  lr=3.96e-05  [rmse=0.0304 h1=0.0002 ssim=0.0197 mlw=0.0000]
epoch 8 step 910  loss=0.078546  lr=3.94e-05  [rmse=0.0173 h1=0.0001 ssim=0.0073 mlw=0.0000]
epoch 8 step 920  loss=0.078332  lr=3.91e-05  [rmse=0.0216 h1=0.0001 ssim=0.0115 mlw=0.0000]
epoch 8 step 930  loss=0.075788  lr=3.88e-05  [rmse=0.0099 h1=0.0000 ssim=0.0026 mlw=0.0000]
epoch 8 step 940  loss=0.075463  lr=3.85e-05  [rmse=0.0199 h1=0.0002 ssim=0.0127 mlw=0.0000]
epoch 8 step 950  loss=0.076248  lr=3.82e-05  [rmse=0.0259 h1=0.0002 ssim=0.0162 mlw=0.0000]
epoch 8 step 960  loss=0.076298  lr=3.79e-05  [rmse=0.0214 h1=0.0002 ssim=0.0151 mlw=0.0000]
epoch 8 step 970  loss=0.077195  lr=3.77e-05  [rmse=0.0279 h1=0.0001 ssim=0.0137 mlw=0.0000]
epoch 8 step 980  loss=0.077064  lr=3.74e-05  [rmse=0.0162 h1=0.0001 ssim=0.0096 mlw=0.0000]
epoch 8 step 990  loss=0.077339  lr=3.71e-05  [rmse=0.0191 h1=0.0001 ssim=0.0089 mlw=0.0000]
epoch 8 step 1000  loss=0.076710  lr=3.68e-05  [rmse=0.0177 h1=0.0001 ssim=0.0129 mlw=0.0000]
INFO     [rank 0] Loss weights: rmse=1.0000, h1=50.0000,      vae_trainer.py:975
         ssim=0.0000, mlw=0.0000, sds=1.0000                                    
INFO     [rank 0] Epoch 8: train_loss=0.076710               vae_trainer.py:1014
         val_loss=0.069930  val_VRMSE=0.127396                                  
         val_VRMSE_chmean=0.185466  lr=3.68e-05                                 
INFO     [rank 0] Metrics updated: metrics/metrics.csv,      vae_trainer.py:1041
         metrics/loss_curves.png                                                
INFO     [rank 0] Saved 12 validation reconstruction PNGs    vae_trainer.py:1263
         for epoch 8                                                            
INFO     [rank 0] New best checkpoint (epoch 8,              vae_trainer.py:1362
         val_vrmse=0.127396):                                                   
         checkpoints/vae_shockwave_best.safetensors                             
INFO     [rank 0] Training state saved:                      vae_trainer.py:1438
         checkpoints/vae_shockwave_last.state.pt                                
INFO     [rank 0] Epoch 8 timing: train=2772.3s eval=88.3s   vae_trainer.py:1076
         viz=23.9s ckpt=8.3s total=2893.4s                                      
epoch 9 step 1010  loss=0.091268  lr=3.65e-05  [rmse=0.0156 h1=0.0001 ssim=0.0069 mlw=0.0000]
epoch 9 step 1020  loss=0.078188  lr=3.62e-05  [rmse=0.0163 h1=0.0001 ssim=0.0078 mlw=0.0000]
epoch 9 step 1030  loss=0.073694  lr=3.59e-05  [rmse=0.0141 h1=0.0001 ssim=0.0068 mlw=0.0000]
epoch 9 step 1040  loss=0.072417  lr=3.56e-05  [rmse=0.0173 h1=0.0001 ssim=0.0092 mlw=0.0000]
epoch 9 step 1050  loss=0.071966  lr=3.53e-05  [rmse=0.0147 h1=0.0001 ssim=0.0065 mlw=0.0000]
epoch 9 step 1060  loss=0.073880  lr=3.50e-05  [rmse=0.0138 h1=0.0001 ssim=0.0071 mlw=0.0000]
epoch 9 step 1070  loss=0.072835  lr=3.46e-05  [rmse=0.0118 h1=0.0000 ssim=0.0033 mlw=0.0000]
epoch 9 step 1080  loss=0.071563  lr=3.43e-05  [rmse=0.0108 h1=0.0001 ssim=0.0067 mlw=0.0000]
epoch 9 step 1090  loss=0.071892  lr=3.40e-05  [rmse=0.0193 h1=0.0002 ssim=0.0175 mlw=0.0000]
epoch 9 step 1100  loss=0.071345  lr=3.37e-05  [rmse=0.0168 h1=0.0001 ssim=0.0086 mlw=0.0000]
epoch 9 step 1110  loss=0.071172  lr=3.34e-05  [rmse=0.0146 h1=0.0001 ssim=0.0066 mlw=0.0000]
epoch 9 step 1120  loss=0.071164  lr=3.31e-05  [rmse=0.0261 h1=0.0004 ssim=0.0171 mlw=0.0000]
INFO     [rank 0] Loss weights: rmse=1.0000, h1=50.0000,      vae_trainer.py:975
         ssim=0.0000, mlw=0.0000, sds=1.0000                                    
INFO     [rank 0] Epoch 9: train_loss=0.072091               vae_trainer.py:1014
         val_loss=0.069386  val_VRMSE=0.106079                                  
         val_VRMSE_chmean=0.151163  lr=3.29e-05                                 
INFO     [rank 0] Metrics updated: metrics/metrics.csv,      vae_trainer.py:1041
         metrics/loss_curves.png                                                
INFO     [rank 0] New best checkpoint (epoch 9,              vae_trainer.py:1362
         val_vrmse=0.106079):                                                   
         checkpoints/vae_shockwave_best.safetensors                             
INFO     [rank 0] Training state saved:                      vae_trainer.py:1438
         checkpoints/vae_shockwave_last.state.pt                                
INFO     [rank 0] Epoch 9 timing: train=2769.8s eval=88.9s   vae_trainer.py:1076
         viz=0.0s ckpt=8.2s total=2867.5s                                       
epoch 10 step 1130  loss=0.058764  lr=3.28e-05  [rmse=0.0150 h1=0.0001 ssim=0.0095 mlw=0.0000]
epoch 10 step 1140  loss=0.062796  lr=3.24e-05  [rmse=0.0168 h1=0.0002 ssim=0.0132 mlw=0.0000]
epoch 10 step 1150  loss=0.073406  lr=3.21e-05  [rmse=0.0143 h1=0.0000 ssim=0.0036 mlw=0.0000]
epoch 10 step 1160  loss=0.077348  lr=3.18e-05  [rmse=0.0138 h1=0.0001 ssim=0.0077 mlw=0.0000]
epoch 10 step 1170  loss=0.075929  lr=3.15e-05  [rmse=0.0131 h1=0.0001 ssim=0.0049 mlw=0.0000]
epoch 10 step 1180  loss=0.073377  lr=3.11e-05  [rmse=0.0140 h1=0.0001 ssim=0.0062 mlw=0.0000]
epoch 10 step 1190  loss=0.072388  lr=3.08e-05  [rmse=0.0144 h1=0.0001 ssim=0.0098 mlw=0.0000]
epoch 10 step 1200  loss=0.070731  lr=3.05e-05  [rmse=0.0163 h1=0.0001 ssim=0.0104 mlw=0.0000]
epoch 10 step 1210  loss=0.070466  lr=3.02e-05  [rmse=0.0261 h1=0.0001 ssim=0.0066 mlw=0.0000]
epoch 10 step 1220  loss=0.070949  lr=2.98e-05  [rmse=0.0128 h1=0.0000 ssim=0.0047 mlw=0.0000]
epoch 10 step 1230  loss=0.070723  lr=2.95e-05  [rmse=0.0127 h1=0.0000 ssim=0.0041 mlw=0.0000]
epoch 10 step 1240  loss=0.070524  lr=2.92e-05  [rmse=0.0149 h1=0.0001 ssim=0.0087 mlw=0.0000]
epoch 10 step 1250  loss=0.070327  lr=2.88e-05  [rmse=0.0140 h1=0.0001 ssim=0.0093 mlw=0.0000]
INFO     [rank 0] Loss weights: rmse=1.0000, h1=50.0000,      vae_trainer.py:975
         ssim=0.0000, mlw=0.0000, sds=1.0000                                    
INFO     [rank 0] Epoch 10: train_loss=0.070327              vae_trainer.py:1014
         val_loss=0.075393  val_VRMSE=0.116783                                  
         val_VRMSE_chmean=0.165331  lr=2.88e-05                                 
INFO     [rank 0] Metrics updated: metrics/metrics.csv,      vae_trainer.py:1041
         metrics/loss_curves.png                                                
INFO     [rank 0] Training state saved:                      vae_trainer.py:1438
         checkpoints/vae_shockwave_last.state.pt                                
INFO     [rank 0] Epoch 10 timing: train=2780.1s eval=89.2s  vae_trainer.py:1076
         viz=0.0s ckpt=7.1s total=2876.9s                                       
epoch 11 step 1260  loss=0.069379  lr=2.85e-05  [rmse=0.0081 h1=0.0000 ssim=0.0031 mlw=0.0000]
epoch 11 step 1270  loss=0.068463  lr=2.82e-05  [rmse=0.0137 h1=0.0001 ssim=0.0077 mlw=0.0000]
epoch 11 step 1280  loss=0.068389  lr=2.78e-05  [rmse=0.0140 h1=0.0001 ssim=0.0087 mlw=0.0000]
epoch 11 step 1290  loss=0.068802  lr=2.75e-05  [rmse=0.0242 h1=0.0004 ssim=0.0273 mlw=0.0000]
epoch 11 step 1300  loss=0.068021  lr=2.72e-05  [rmse=0.0138 h1=0.0001 ssim=0.0084 mlw=0.0000]
epoch 11 step 1310  loss=0.068690  lr=2.68e-05  [rmse=0.0111 h1=0.0000 ssim=0.0052 mlw=0.0000]
epoch 11 step 1320  loss=0.067892  lr=2.65e-05  [rmse=0.0187 h1=0.0002 ssim=0.0158 mlw=0.0000]
epoch 11 step 1330  loss=0.068529  lr=2.62e-05  [rmse=0.0159 h1=0.0001 ssim=0.0082 mlw=0.0000]
epoch 11 step 1340  loss=0.068282  lr=2.58e-05  [rmse=0.0209 h1=0.0002 ssim=0.0145 mlw=0.0000]
epoch 11 step 1350  loss=0.067598  lr=2.55e-05  [rmse=0.0133 h1=0.0001 ssim=0.0092 mlw=0.0000]
epoch 11 step 1360  loss=0.067438  lr=2.52e-05  [rmse=0.0168 h1=0.0001 ssim=0.0127 mlw=0.0000]
epoch 11 step 1370  loss=0.067574  lr=2.48e-05  [rmse=0.0186 h1=0.0002 ssim=0.0135 mlw=0.0000]
INFO     [rank 0] Loss weights: rmse=1.0000, h1=50.0000,      vae_trainer.py:975
         ssim=0.0000, mlw=0.0000, sds=1.0000                                    
INFO     [rank 0] Epoch 11: train_loss=0.068083              vae_trainer.py:1014
         val_loss=0.063418  val_VRMSE=0.112514                                  
         val_VRMSE_chmean=0.159929  lr=2.47e-05                                 
INFO     [rank 0] Metrics updated: metrics/metrics.csv,      vae_trainer.py:1041
         metrics/loss_curves.png                                                
INFO     [rank 0] Training state saved:                      vae_trainer.py:1438
         checkpoints/vae_shockwave_last.state.pt                                
INFO     [rank 0] Epoch 11 timing: train=2778.7s eval=89.3s  vae_trainer.py:1076
         viz=0.0s ckpt=7.2s total=2875.6s                                       
epoch 12 step 1380  loss=0.066096  lr=2.45e-05  [rmse=0.0188 h1=0.0002 ssim=0.0243 mlw=0.0000]
epoch 12 step 1390  loss=0.065121  lr=2.42e-05  [rmse=0.0181 h1=0.0002 ssim=0.0149 mlw=0.0000]
epoch 12 step 1400  loss=0.063645  lr=2.38e-05  [rmse=0.0174 h1=0.0001 ssim=0.0068 mlw=0.0000]
epoch 12 step 1410  loss=0.072051  lr=2.35e-05  [rmse=0.0193 h1=0.0002 ssim=0.0139 mlw=0.0000]
epoch 12 step 1420  loss=0.071970  lr=2.32e-05  [rmse=0.0151 h1=0.0001 ssim=0.0136 mlw=0.0000]
epoch 12 step 1430  loss=0.072071  lr=2.28e-05  [rmse=0.0196 h1=0.0002 ssim=0.0167 mlw=0.0000]
epoch 12 step 1440  loss=0.071745  lr=2.25e-05  [rmse=0.0081 h1=0.0000 ssim=0.0032 mlw=0.0000]
epoch 12 step 1450  loss=0.070851  lr=2.22e-05  [rmse=0.0110 h1=0.0001 ssim=0.0060 mlw=0.0000]
epoch 12 step 1460  loss=0.069365  lr=2.18e-05  [rmse=0.0138 h1=0.0001 ssim=0.0079 mlw=0.0000]
epoch 12 step 1470  loss=0.068427  lr=2.15e-05  [rmse=0.0282 h1=0.0002 ssim=0.0107 mlw=0.0000]
epoch 12 step 1480  loss=0.068889  lr=2.12e-05  [rmse=0.0209 h1=0.0001 ssim=0.0089 mlw=0.0000]
epoch 12 step 1490  loss=0.067797  lr=2.08e-05  [rmse=0.0130 h1=0.0001 ssim=0.0075 mlw=0.0000]
epoch 12 step 1500  loss=0.067604  lr=2.05e-05  [rmse=0.0149 h1=0.0001 ssim=0.0092 mlw=0.0000]
INFO     [rank 0] Loss weights: rmse=1.0000, h1=50.0000,      vae_trainer.py:975
         ssim=0.0000, mlw=0.0000, sds=1.0000                                    
INFO     [rank 0] Epoch 12: train_loss=0.067604              vae_trainer.py:1014
         val_loss=0.063541  val_VRMSE=0.114447                                  
         val_VRMSE_chmean=0.155867  lr=2.05e-05                                 
INFO     [rank 0] Metrics updated: metrics/metrics.csv,      vae_trainer.py:1041
         metrics/loss_curves.png                                                
INFO     [rank 0] Saved 12 validation reconstruction PNGs    vae_trainer.py:1263
         for epoch 12                                                           
INFO     [rank 0] Training state saved:                      vae_trainer.py:1438
         checkpoints/vae_shockwave_last.state.pt                                
INFO     [rank 0] Epoch 12 timing: train=2773.3s eval=87.3s  vae_trainer.py:1076
         viz=23.4s ckpt=7.0s total=2891.5s                                      
epoch 13 step 1510  loss=0.061212  lr=2.02e-05  [rmse=0.0155 h1=0.0001 ssim=0.0082 mlw=0.0000]
epoch 13 step 1520  loss=0.064610  lr=1.99e-05  [rmse=0.0120 h1=0.0000 ssim=0.0049 mlw=0.0000]
epoch 13 step 1530  loss=0.067427  lr=1.95e-05  [rmse=0.0167 h1=0.0002 ssim=0.0096 mlw=0.0000]
epoch 13 step 1540  loss=0.066634  lr=1.92e-05  [rmse=0.0077 h1=0.0000 ssim=0.0022 mlw=0.0000]
epoch 13 step 1550  loss=0.063931  lr=1.89e-05  [rmse=0.0120 h1=0.0001 ssim=0.0058 mlw=0.0000]
epoch 13 step 1560  loss=0.063071  lr=1.86e-05  [rmse=0.0201 h1=0.0002 ssim=0.0141 mlw=0.0000]
epoch 13 step 1570  loss=0.063975  lr=1.82e-05  [rmse=0.0155 h1=0.0001 ssim=0.0112 mlw=0.0000]
epoch 13 step 1580  loss=0.063316  lr=1.79e-05  [rmse=0.0084 h1=0.0000 ssim=0.0031 mlw=0.0000]
epoch 13 step 1590  loss=0.062001  lr=1.76e-05  [rmse=0.0096 h1=0.0000 ssim=0.0056 mlw=0.0000]
epoch 13 step 1600  loss=0.062096  lr=1.73e-05  [rmse=0.0191 h1=0.0002 ssim=0.0135 mlw=0.0000]
epoch 13 step 1610  loss=0.062410  lr=1.70e-05  [rmse=0.0104 h1=0.0001 ssim=0.0066 mlw=0.0000]
epoch 13 step 1620  loss=0.062765  lr=1.67e-05  [rmse=0.0137 h1=0.0001 ssim=0.0106 mlw=0.0000]
INFO     [rank 0] Loss weights: rmse=1.0000, h1=50.0000,      vae_trainer.py:975
         ssim=0.0000, mlw=0.0000, sds=1.0000                                    
INFO     [rank 0] Epoch 13: train_loss=0.063664              vae_trainer.py:1014
         val_loss=0.057207  val_VRMSE=0.082445                                  
         val_VRMSE_chmean=0.115048  lr=1.65e-05                                 
INFO     [rank 0] Metrics updated: metrics/metrics.csv,      vae_trainer.py:1041
         metrics/loss_curves.png                                                
INFO     [rank 0] New best checkpoint (epoch 13,             vae_trainer.py:1362
         val_vrmse=0.082445):                                                   
         checkpoints/vae_shockwave_best.safetensors                             
INFO     [rank 0] Training state saved:                      vae_trainer.py:1438
         checkpoints/vae_shockwave_last.state.pt                                
INFO     [rank 0] Epoch 13 timing: train=2775.5s eval=87.5s  vae_trainer.py:1076
         viz=0.0s ckpt=8.3s total=2871.8s                                       
epoch 14 step 1630  loss=0.074273  lr=1.64e-05  [rmse=0.0127 h1=0.0001 ssim=0.0098 mlw=0.0000]
epoch 14 step 1640  loss=0.065367  lr=1.60e-05  [rmse=0.0104 h1=0.0001 ssim=0.0090 mlw=0.0000]
epoch 14 step 1650  loss=0.064739  lr=1.57e-05  [rmse=0.0121 h1=0.0001 ssim=0.0100 mlw=0.0000]
epoch 14 step 1660  loss=0.064907  lr=1.54e-05  [rmse=0.0133 h1=0.0002 ssim=0.0077 mlw=0.0000]
epoch 14 step 1670  loss=0.062819  lr=1.51e-05  [rmse=0.0133 h1=0.0001 ssim=0.0085 mlw=0.0000]
epoch 14 step 1680  loss=0.062995  lr=1.48e-05  [rmse=0.0051 h1=0.0000 ssim=0.0013 mlw=0.0000]
epoch 14 step 1690  loss=0.063019  lr=1.45e-05  [rmse=0.0121 h1=0.0001 ssim=0.0066 mlw=0.0000]
epoch 14 step 1700  loss=0.063185  lr=1.42e-05  [rmse=0.0167 h1=0.0002 ssim=0.0164 mlw=0.0000]
epoch 14 step 1710  loss=0.062614  lr=1.39e-05  [rmse=0.0170 h1=0.0002 ssim=0.0143 mlw=0.0000]
epoch 14 step 1720  loss=0.062467  lr=1.36e-05  [rmse=0.0080 h1=0.0000 ssim=0.0031 mlw=0.0000]
epoch 14 step 1730  loss=0.062318  lr=1.33e-05  [rmse=0.0122 h1=0.0001 ssim=0.0084 mlw=0.0000]
epoch 14 step 1740  loss=0.062374  lr=1.31e-05  [rmse=0.0207 h1=0.0002 ssim=0.0169 mlw=0.0000]
epoch 14 step 1750  loss=0.062184  lr=1.28e-05  [rmse=0.0148 h1=0.0001 ssim=0.0091 mlw=0.0000]
INFO     [rank 0] Loss weights: rmse=1.0000, h1=50.0000,      vae_trainer.py:975
         ssim=0.0000, mlw=0.0000, sds=1.0000                                    
INFO     [rank 0] Epoch 14: train_loss=0.062184              vae_trainer.py:1014
         val_loss=0.057339  val_VRMSE=0.103465                                  
         val_VRMSE_chmean=0.137049  lr=1.28e-05                                 
INFO     [rank 0] Metrics updated: metrics/metrics.csv,      vae_trainer.py:1041
         metrics/loss_curves.png                                                
INFO     [rank 0] Training state saved:                      vae_trainer.py:1438
         checkpoints/vae_shockwave_last.state.pt                                
INFO     [rank 0] Epoch 14 timing: train=2767.8s eval=88.2s  vae_trainer.py:1076
         viz=0.0s ckpt=7.0s total=2863.5s                                       
epoch 15 step 1760  loss=0.055446  lr=1.25e-05  [rmse=0.0116 h1=0.0001 ssim=0.0090 mlw=0.0000]
epoch 15 step 1770  loss=0.052566  lr=1.22e-05  [rmse=0.0107 h1=0.0001 ssim=0.0075 mlw=0.0000]
epoch 15 step 1780  loss=0.054320  lr=1.19e-05  [rmse=0.0154 h1=0.0002 ssim=0.0147 mlw=0.0000]
epoch 15 step 1790  loss=0.054346  lr=1.16e-05  [rmse=0.0243 h1=0.0004 ssim=0.0227 mlw=0.0000]
epoch 15 step 1800  loss=0.053489  lr=1.14e-05  [rmse=0.0086 h1=0.0000 ssim=0.0049 mlw=0.0000]
epoch 15 step 1810  loss=0.053919  lr=1.11e-05  [rmse=0.0129 h1=0.0001 ssim=0.0091 mlw=0.0000]
epoch 15 step 1820  loss=0.054261  lr=1.08e-05  [rmse=0.0072 h1=0.0000 ssim=0.0040 mlw=0.0000]
epoch 15 step 1830  loss=0.054623  lr=1.06e-05  [rmse=0.0188 h1=0.0002 ssim=0.0157 mlw=0.0000]
epoch 15 step 1840  loss=0.055667  lr=1.03e-05  [rmse=0.0128 h1=0.0001 ssim=0.0072 mlw=0.0000]
epoch 15 step 1850  loss=0.056793  lr=1.00e-05  [rmse=0.0175 h1=0.0002 ssim=0.0193 mlw=0.0000]
epoch 15 step 1860  loss=0.057423  lr=9.78e-06  [rmse=0.0101 h1=0.0001 ssim=0.0080 mlw=0.0000]
epoch 15 step 1870  loss=0.057345  lr=9.52e-06  [rmse=0.0094 h1=0.0001 ssim=0.0052 mlw=0.0000]
INFO     [rank 0] Loss weights: rmse=1.0000, h1=50.0000,      vae_trainer.py:975
         ssim=0.0000, mlw=0.0000, sds=1.0000                                    
INFO     [rank 0] Epoch 15: train_loss=0.057167              vae_trainer.py:1014
         val_loss=0.058372  val_VRMSE=0.078769                                  
         val_VRMSE_chmean=0.109246  lr=9.40e-06                                 
INFO     [rank 0] Metrics updated: metrics/metrics.csv,      vae_trainer.py:1041
         metrics/loss_curves.png                                                
INFO     [rank 0] New best checkpoint (epoch 15,             vae_trainer.py:1362
         val_vrmse=0.078769):                                                   
         checkpoints/vae_shockwave_best.safetensors                             
INFO     [rank 0] Training state saved:                      vae_trainer.py:1438
         checkpoints/vae_shockwave_last.state.pt                                
INFO     [rank 0] Epoch 15 timing: train=2772.2s eval=88.2s  vae_trainer.py:1076
         viz=0.0s ckpt=8.7s total=2869.6s                                       
epoch 16 step 1880  loss=0.073197  lr=9.27e-06  [rmse=0.0117 h1=0.0001 ssim=0.0093 mlw=0.0000]
epoch 16 step 1890  loss=0.068184  lr=9.02e-06  [rmse=0.0102 h1=0.0001 ssim=0.0062 mlw=0.0000]
epoch 16 step 1900  loss=0.062857  lr=8.78e-06  [rmse=0.0050 h1=0.0000 ssim=0.0018 mlw=0.0000]
epoch 16 step 1910  loss=0.062714  lr=8.53e-06  [rmse=0.0106 h1=0.0001 ssim=0.0081 mlw=0.0000]
epoch 16 step 1920  loss=0.061918  lr=8.29e-06  [rmse=0.0118 h1=0.0001 ssim=0.0067 mlw=0.0000]
epoch 16 step 1930  loss=0.060181  lr=8.06e-06  [rmse=0.0162 h1=0.0002 ssim=0.0141 mlw=0.0000]
epoch 16 step 1940  loss=0.061125  lr=7.82e-06  [rmse=0.0132 h1=0.0001 ssim=0.0097 mlw=0.0000]
epoch 16 step 1950  loss=0.061542  lr=7.59e-06  [rmse=0.0047 h1=0.0000 ssim=0.0015 mlw=0.0000]
epoch 16 step 1960  loss=0.061876  lr=7.37e-06  [rmse=0.0099 h1=0.0001 ssim=0.0067 mlw=0.0000]
epoch 16 step 1970  loss=0.062684  lr=7.14e-06  [rmse=0.0136 h1=0.0001 ssim=0.0130 mlw=0.0000]
epoch 16 step 1980  loss=0.062043  lr=6.92e-06  [rmse=0.0143 h1=0.0001 ssim=0.0098 mlw=0.0000]
epoch 16 step 1990  loss=0.061669  lr=6.71e-06  [rmse=0.0099 h1=0.0001 ssim=0.0070 mlw=0.0000]
epoch 16 step 2000  loss=0.061656  lr=6.50e-06  [rmse=0.0049 h1=0.0000 ssim=0.0019 mlw=0.0000]
INFO     [rank 0] Loss weights: rmse=1.0000, h1=50.0000,      vae_trainer.py:975
         ssim=0.0000, mlw=0.0000, sds=1.0000                                    
INFO     [rank 0] Epoch 16: train_loss=0.061656              vae_trainer.py:1014
         val_loss=0.059585  val_VRMSE=0.075399                                  
         val_VRMSE_chmean=0.103900  lr=6.50e-06                                 
INFO     [rank 0] Metrics updated: metrics/metrics.csv,      vae_trainer.py:1041
         metrics/loss_curves.png                                                
INFO     [rank 0] Saved 12 validation reconstruction PNGs    vae_trainer.py:1263
         for epoch 16                                                           
INFO     [rank 0] New best checkpoint (epoch 16,             vae_trainer.py:1362
         val_vrmse=0.075399):                                                   
         checkpoints/vae_shockwave_best.safetensors                             
INFO     [rank 0] Training state saved:                      vae_trainer.py:1438
         checkpoints/vae_shockwave_last.state.pt                                
INFO     [rank 0] Epoch 16 timing: train=2768.1s eval=87.9s  vae_trainer.py:1076
         viz=23.3s ckpt=8.3s total=2888.1s                                      
epoch 17 step 2010  loss=0.058831  lr=6.29e-06  [rmse=0.0092 h1=0.0001 ssim=0.0068 mlw=0.0000]
epoch 17 step 2020  loss=0.057949  lr=6.08e-06  [rmse=0.0105 h1=0.0001 ssim=0.0058 mlw=0.0000]
epoch 17 step 2030  loss=0.056991  lr=5.88e-06  [rmse=0.0157 h1=0.0002 ssim=0.0129 mlw=0.0000]
epoch 17 step 2040  loss=0.058493  lr=5.68e-06  [rmse=0.0171 h1=0.0002 ssim=0.0166 mlw=0.0000]
epoch 17 step 2050  loss=0.058596  lr=5.48e-06  [rmse=0.0108 h1=0.0001 ssim=0.0071 mlw=0.0000]
epoch 17 step 2060  loss=0.058049  lr=5.29e-06  [rmse=0.0072 h1=0.0000 ssim=0.0040 mlw=0.0000]
epoch 17 step 2070  loss=0.058443  lr=5.11e-06  [rmse=0.0107 h1=0.0001 ssim=0.0082 mlw=0.0000]
epoch 17 step 2080  loss=0.058615  lr=4.92e-06  [rmse=0.0153 h1=0.0002 ssim=0.0090 mlw=0.0000]
epoch 17 step 2090  loss=0.058317  lr=4.74e-06  [rmse=0.0090 h1=0.0001 ssim=0.0057 mlw=0.0000]
epoch 17 step 2100  loss=0.057762  lr=4.57e-06  [rmse=0.0133 h1=0.0001 ssim=0.0115 mlw=0.0000]
epoch 17 step 2110  loss=0.058796  lr=4.39e-06  [rmse=0.0108 h1=0.0001 ssim=0.0065 mlw=0.0000]
epoch 17 step 2120  loss=0.059040  lr=4.23e-06  [rmse=0.0176 h1=0.0003 ssim=0.0195 mlw=0.0000]
INFO     [rank 0] Loss weights: rmse=1.0000, h1=50.0000,      vae_trainer.py:975
         ssim=0.0000, mlw=0.0000, sds=1.0000                                    
INFO     [rank 0] Epoch 17: train_loss=0.059062              vae_trainer.py:1014
         val_loss=0.062269  val_VRMSE=0.077523                                  
         val_VRMSE_chmean=0.107011  lr=4.14e-06                                 
INFO     [rank 0] Metrics updated: metrics/metrics.csv,      vae_trainer.py:1041
         metrics/loss_curves.png                                                
INFO     [rank 0] Training state saved:                      vae_trainer.py:1438
         checkpoints/vae_shockwave_last.state.pt                                
INFO     [rank 0] Epoch 17 timing: train=2768.1s eval=89.1s  vae_trainer.py:1076
         viz=0.0s ckpt=7.0s total=2864.8s                                       
epoch 18 step 2130  loss=0.060293  lr=4.06e-06  [rmse=0.0156 h1=0.0002 ssim=0.0153 mlw=0.0000]
epoch 18 step 2140  loss=0.057646  lr=3.90e-06  [rmse=0.0087 h1=0.0001 ssim=0.0054 mlw=0.0000]
epoch 18 step 2150  loss=0.060003  lr=3.75e-06  [rmse=0.0069 h1=0.0000 ssim=0.0039 mlw=0.0000]
epoch 18 step 2160  loss=0.059523  lr=3.59e-06  [rmse=0.0098 h1=0.0001 ssim=0.0065 mlw=0.0000]
epoch 18 step 2170  loss=0.059484  lr=3.45e-06  [rmse=0.0155 h1=0.0002 ssim=0.0103 mlw=0.0000]
epoch 18 step 2180  loss=0.060193  lr=3.30e-06  [rmse=0.0089 h1=0.0001 ssim=0.0061 mlw=0.0000]
epoch 18 step 2190  loss=0.060060  lr=3.16e-06  [rmse=0.0183 h1=0.0002 ssim=0.0148 mlw=0.0000]
epoch 18 step 2200  loss=0.061649  lr=3.03e-06  [rmse=0.0096 h1=0.0001 ssim=0.0044 mlw=0.0000]
epoch 18 step 2210  loss=0.061636  lr=2.90e-06  [rmse=0.0139 h1=0.0001 ssim=0.0090 mlw=0.0000]
epoch 18 step 2220  loss=0.061088  lr=2.77e-06  [rmse=0.0123 h1=0.0001 ssim=0.0062 mlw=0.0000]
epoch 18 step 2230  loss=0.060595  lr=2.65e-06  [rmse=0.0115 h1=0.0001 ssim=0.0091 mlw=0.0000]
epoch 18 step 2240  loss=0.060924  lr=2.53e-06  [rmse=0.0148 h1=0.0002 ssim=0.0100 mlw=0.0000]
epoch 18 step 2250  loss=0.060621  lr=2.41e-06  [rmse=0.0104 h1=0.0001 ssim=0.0072 mlw=0.0000]
INFO     [rank 0] Loss weights: rmse=1.0000, h1=50.0000,      vae_trainer.py:975
         ssim=0.0000, mlw=0.0000, sds=1.0000                                    
INFO     [rank 0] Epoch 18: train_loss=0.060621              vae_trainer.py:1014
         val_loss=0.057749  val_VRMSE=0.078744                                  
         val_VRMSE_chmean=0.108841  lr=2.41e-06                                 
INFO     [rank 0] Metrics updated: metrics/metrics.csv,      vae_trainer.py:1041
         metrics/loss_curves.png                                                
INFO     [rank 0] Training state saved:                      vae_trainer.py:1438
         checkpoints/vae_shockwave_last.state.pt                                
INFO     [rank 0] Epoch 18 timing: train=2772.9s eval=88.4s  vae_trainer.py:1076
         viz=0.0s ckpt=6.9s total=2868.9s                                       
epoch 19 step 2260  loss=0.065868  lr=2.30e-06  [rmse=0.0168 h1=0.0002 ssim=0.0161 mlw=0.0000]
