job=22787 node=lundquist gpus=0
PREPROCESSED_DATA_ROOT: dit_preprocessed/finetune_vae_whole_structure_baseline_ep20_sds_untrained
DIT_CHECKPOINT: dit_outputs/lundquist/dit_sds_untrained/checkpoints/model_weights_step_08033.safetensors
SCALAR_CHECKPOINT: dit_outputs/lundquist/dit_sds_untrained/checkpoints/scalar_embedding_step_08033.safetensors
VAE_CHECKPOINT: finetune_vae_outputs/lundquist/finetune_vae_whole_structure_baseline_ep20_sds_untrained/checkpoints/vae_shockwave_best.safetensors
NORMALIZATION: finetune_vae_outputs/lundquist/finetune_vae_whole_structure_baseline_ep20_sds_untrained/training_config.yaml
NUM_ROLLOUT_SAMPLES: 3825
NUM_EVAL_SAMPLES: 675
RUN_NAME: finetune_vae_whole_structure_baseline_ep20_sds_untrained
OUT_DIR: logs/lundquist/finetune_decoder_on_rollout/finetune_vae_whole_structure_baseline_ep20_sds_untrained
CACHE_DIR: logs/lundquist/finetune_decoder_on_rollout/finetune_vae_whole_structure_baseline_ep20_sds_untrained/rollout_cache
/local/disk/hramachandran/miniconda/envs/windinet/lib/python3.10/site-packages/huggingface_hub/utils/_validators.py:205: UserWarning: The `local_dir_use_symlinks` argument is deprecated and ignored in `hf_hub_download`. Downloading to a local directory does not use symlinks anymore.
  warnings.warn(
Finetuning on 3825 TRAIN-split sim(s), checking on 675 disjoint VAL-split sim(s), from /local/disk/hramachandran/work/wh_work/windinet/euler_mq_dataset/128x128_ds/train.h5
Latent space verified: fingerprint 6fade32db7d8f184 matches the DiT's training latents
INFO     HTTP Request: HEAD                                      _client.py:1025
         https://huggingface.co/Lightricks/LTX-Video-0.9.5/resol                
         ve/main/vae/config.json "HTTP/1.1 307 Temporary                        
         Redirect"                                                              
INFO     HTTP Request: HEAD                                      _client.py:1025
         https://huggingface.co/api/resolve-cache/models/Lightri                
         cks/LTX-Video-0.9.5/e58e28c39631af4d1468ee57a853764e11c                
         1d37e/vae%2Fconfig.json "HTTP/1.1 200 OK"                              
INFO     HTTP Request: HEAD                                      _client.py:1025
         https://huggingface.co/Lightricks/LTX-Video-0.9.5/resol                
         ve/e58e28c39631af4d1468ee57a853764e11c1d37e/vae/diffusi                
         on_pytorch_model.safetensors.index.json "HTTP/1.1 404                  
         Not Found"                                                             
[windinet] loaded inflated VAE checkpoint: /local/disk/hramachandran/work/wh_work/windinet/finetune_vae_outputs/lundquist/finetune_vae_whole_structure_baseline_ep20_sds_untrained/checkpoints/vae_shockwave_best.safetensors (epoch=19, step=2261)
INFO     HTTP Request: HEAD                                      _client.py:1025
         https://huggingface.co/Lightricks/LTX-Video-0.9.5/resol                
         ve/main/scheduler/scheduler_config.json "HTTP/1.1 307                  
         Temporary Redirect"                                                    
INFO     HTTP Request: HEAD                                      _client.py:1025
         https://huggingface.co/api/resolve-cache/models/Lightri                
         cks/LTX-Video-0.9.5/e58e28c39631af4d1468ee57a853764e11c                
         1d37e/scheduler%2Fscheduler_config.json "HTTP/1.1 200                  
         OK"                                                                    
INFO     HTTP Request: HEAD                                      _client.py:1025
         https://huggingface.co/Lightricks/LTX-Video/resolve/mai                
         n/ltxv-2b-0.9.6-dev-04-25.safetensors "HTTP/1.1 302                    
         Found"                                                                 
INFO     HTTP Request: HEAD                                      _client.py:1025
         https://huggingface.co/Lightricks/LTX-Video-0.9.5/resol                
         ve/main/transformer/config.json "HTTP/1.1 307 Temporary                
         Redirect"                                                              
INFO     HTTP Request: HEAD                                      _client.py:1025
         https://huggingface.co/api/resolve-cache/models/Lightri                
         cks/LTX-Video-0.9.5/e58e28c39631af4d1468ee57a853764e11c                
         1d37e/transformer%2Fconfig.json "HTTP/1.1 200 OK"                      
[train] rolled out 25/3825 (0 loaded from cache)
[train] rolled out 50/3825 (0 loaded from cache)
[train] rolled out 75/3825 (0 loaded from cache)
[train] rolled out 100/3825 (0 loaded from cache)
[train] rolled out 125/3825 (0 loaded from cache)
[train] rolled out 150/3825 (0 loaded from cache)
[train] rolled out 175/3825 (0 loaded from cache)
[train] rolled out 200/3825 (0 loaded from cache)
[train] rolled out 225/3825 (0 loaded from cache)
[train] rolled out 250/3825 (0 loaded from cache)
[train] rolled out 275/3825 (0 loaded from cache)
[train] rolled out 300/3825 (0 loaded from cache)
[train] rolled out 325/3825 (0 loaded from cache)
[train] rolled out 350/3825 (0 loaded from cache)
[train] rolled out 375/3825 (0 loaded from cache)
[train] rolled out 400/3825 (0 loaded from cache)
[train] rolled out 425/3825 (0 loaded from cache)
[train] rolled out 450/3825 (0 loaded from cache)
[train] rolled out 475/3825 (0 loaded from cache)
[train] rolled out 500/3825 (0 loaded from cache)
[train] rolled out 525/3825 (0 loaded from cache)
[train] rolled out 550/3825 (0 loaded from cache)
[train] rolled out 575/3825 (0 loaded from cache)
[train] rolled out 600/3825 (0 loaded from cache)
[train] rolled out 625/3825 (0 loaded from cache)
[train] rolled out 650/3825 (0 loaded from cache)
[train] rolled out 675/3825 (0 loaded from cache)
[train] rolled out 700/3825 (0 loaded from cache)
[train] rolled out 725/3825 (0 loaded from cache)
[train] rolled out 750/3825 (0 loaded from cache)
[train] rolled out 775/3825 (0 loaded from cache)
[train] rolled out 800/3825 (0 loaded from cache)
[train] rolled out 825/3825 (0 loaded from cache)
[train] rolled out 850/3825 (0 loaded from cache)
[train] rolled out 875/3825 (0 loaded from cache)
[train] rolled out 900/3825 (0 loaded from cache)
[train] rolled out 925/3825 (0 loaded from cache)
[train] rolled out 950/3825 (0 loaded from cache)
[train] rolled out 975/3825 (0 loaded from cache)
[train] rolled out 1000/3825 (0 loaded from cache)
[train] rolled out 1025/3825 (0 loaded from cache)
[train] rolled out 1050/3825 (0 loaded from cache)
[train] rolled out 1075/3825 (0 loaded from cache)
[train] rolled out 1100/3825 (0 loaded from cache)
[train] rolled out 1125/3825 (0 loaded from cache)
[train] rolled out 1150/3825 (0 loaded from cache)
[train] rolled out 1175/3825 (0 loaded from cache)
[train] rolled out 1200/3825 (0 loaded from cache)
[train] rolled out 1225/3825 (0 loaded from cache)
[train] rolled out 1250/3825 (0 loaded from cache)
[train] rolled out 1275/3825 (0 loaded from cache)
[train] rolled out 1300/3825 (0 loaded from cache)
[train] rolled out 1325/3825 (0 loaded from cache)
[train] rolled out 1350/3825 (0 loaded from cache)
[train] rolled out 1375/3825 (0 loaded from cache)
[train] rolled out 1400/3825 (0 loaded from cache)
[train] rolled out 1425/3825 (0 loaded from cache)
[train] rolled out 1450/3825 (0 loaded from cache)
[train] rolled out 1475/3825 (0 loaded from cache)
[train] rolled out 1500/3825 (0 loaded from cache)
[train] rolled out 1525/3825 (0 loaded from cache)
[train] rolled out 1550/3825 (0 loaded from cache)
[train] rolled out 1575/3825 (0 loaded from cache)
[train] rolled out 1600/3825 (0 loaded from cache)
[train] rolled out 1625/3825 (0 loaded from cache)
[train] rolled out 1650/3825 (0 loaded from cache)
[train] rolled out 1675/3825 (0 loaded from cache)
[train] rolled out 1700/3825 (0 loaded from cache)
[train] rolled out 1725/3825 (0 loaded from cache)
[train] rolled out 1750/3825 (0 loaded from cache)
[train] rolled out 1775/3825 (0 loaded from cache)
[train] rolled out 1800/3825 (0 loaded from cache)
[train] rolled out 1825/3825 (0 loaded from cache)
[train] rolled out 1850/3825 (0 loaded from cache)
[train] rolled out 1875/3825 (0 loaded from cache)
[train] rolled out 1900/3825 (0 loaded from cache)
[train] rolled out 1925/3825 (0 loaded from cache)
[train] rolled out 1950/3825 (0 loaded from cache)
[train] rolled out 1975/3825 (0 loaded from cache)
[train] rolled out 2000/3825 (0 loaded from cache)
[train] rolled out 2025/3825 (0 loaded from cache)
[train] rolled out 2050/3825 (0 loaded from cache)
[train] rolled out 2075/3825 (0 loaded from cache)
[train] rolled out 2100/3825 (0 loaded from cache)
[train] rolled out 2125/3825 (0 loaded from cache)
[train] rolled out 2150/3825 (0 loaded from cache)
[train] rolled out 2175/3825 (0 loaded from cache)
[train] rolled out 2200/3825 (0 loaded from cache)
[train] rolled out 2225/3825 (0 loaded from cache)
[train] rolled out 2250/3825 (0 loaded from cache)
[train] rolled out 2275/3825 (0 loaded from cache)
[train] rolled out 2300/3825 (0 loaded from cache)
[train] rolled out 2325/3825 (0 loaded from cache)
[train] rolled out 2350/3825 (0 loaded from cache)
[train] rolled out 2375/3825 (0 loaded from cache)
[train] rolled out 2400/3825 (0 loaded from cache)
[train] rolled out 2425/3825 (0 loaded from cache)
[train] rolled out 2450/3825 (0 loaded from cache)
[train] rolled out 2475/3825 (0 loaded from cache)
[train] rolled out 2500/3825 (0 loaded from cache)
[train] rolled out 2525/3825 (0 loaded from cache)
[train] rolled out 2550/3825 (0 loaded from cache)
[train] rolled out 2575/3825 (0 loaded from cache)
[train] rolled out 2600/3825 (0 loaded from cache)
[train] rolled out 2625/3825 (0 loaded from cache)
[train] rolled out 2650/3825 (0 loaded from cache)
[train] rolled out 2675/3825 (0 loaded from cache)
[train] rolled out 2700/3825 (0 loaded from cache)
[train] rolled out 2725/3825 (0 loaded from cache)
[train] rolled out 2750/3825 (0 loaded from cache)
[train] rolled out 2775/3825 (0 loaded from cache)
[train] rolled out 2800/3825 (0 loaded from cache)
[train] rolled out 2825/3825 (0 loaded from cache)
[train] rolled out 2850/3825 (0 loaded from cache)
[train] rolled out 2875/3825 (0 loaded from cache)
[train] rolled out 2900/3825 (0 loaded from cache)
[train] rolled out 2925/3825 (0 loaded from cache)
[train] rolled out 2950/3825 (0 loaded from cache)
[train] rolled out 2975/3825 (0 loaded from cache)
[train] rolled out 3000/3825 (0 loaded from cache)
[train] rolled out 3025/3825 (0 loaded from cache)
[train] rolled out 3050/3825 (0 loaded from cache)
[train] rolled out 3075/3825 (0 loaded from cache)
[train] rolled out 3100/3825 (0 loaded from cache)
[train] rolled out 3125/3825 (0 loaded from cache)
[train] rolled out 3150/3825 (0 loaded from cache)
[train] rolled out 3175/3825 (0 loaded from cache)
[train] rolled out 3200/3825 (0 loaded from cache)
[train] rolled out 3225/3825 (0 loaded from cache)
[train] rolled out 3250/3825 (0 loaded from cache)
[train] rolled out 3275/3825 (0 loaded from cache)
[train] rolled out 3300/3825 (0 loaded from cache)
[train] rolled out 3325/3825 (0 loaded from cache)
[train] rolled out 3350/3825 (0 loaded from cache)
[train] rolled out 3375/3825 (0 loaded from cache)
[train] rolled out 3400/3825 (0 loaded from cache)
[train] rolled out 3425/3825 (0 loaded from cache)
[train] rolled out 3450/3825 (0 loaded from cache)
[train] rolled out 3475/3825 (0 loaded from cache)
[train] rolled out 3500/3825 (0 loaded from cache)
[train] rolled out 3525/3825 (0 loaded from cache)
[train] rolled out 3550/3825 (0 loaded from cache)
[train] rolled out 3575/3825 (0 loaded from cache)
[train] rolled out 3600/3825 (0 loaded from cache)
[train] rolled out 3625/3825 (0 loaded from cache)
[train] rolled out 3650/3825 (0 loaded from cache)
[train] rolled out 3675/3825 (0 loaded from cache)
[train] rolled out 3700/3825 (0 loaded from cache)
[train] rolled out 3725/3825 (0 loaded from cache)
[train] rolled out 3750/3825 (0 loaded from cache)
[train] rolled out 3775/3825 (0 loaded from cache)
[train] rolled out 3800/3825 (0 loaded from cache)
[train] rolled out 3825/3825 (0 loaded from cache)
[val] rolled out 25/675 (0 loaded from cache)
[val] rolled out 50/675 (0 loaded from cache)
[val] rolled out 75/675 (0 loaded from cache)
[val] rolled out 100/675 (0 loaded from cache)
[val] rolled out 125/675 (0 loaded from cache)
[val] rolled out 150/675 (0 loaded from cache)
[val] rolled out 175/675 (0 loaded from cache)
[val] rolled out 200/675 (0 loaded from cache)
[val] rolled out 225/675 (0 loaded from cache)
[val] rolled out 250/675 (0 loaded from cache)
[val] rolled out 275/675 (0 loaded from cache)
[val] rolled out 300/675 (0 loaded from cache)
[val] rolled out 325/675 (0 loaded from cache)
[val] rolled out 350/675 (0 loaded from cache)
[val] rolled out 375/675 (0 loaded from cache)
[val] rolled out 400/675 (0 loaded from cache)
[val] rolled out 425/675 (0 loaded from cache)
[val] rolled out 450/675 (0 loaded from cache)
[val] rolled out 475/675 (0 loaded from cache)
[val] rolled out 500/675 (0 loaded from cache)
[val] rolled out 525/675 (0 loaded from cache)
[val] rolled out 550/675 (0 loaded from cache)
[val] rolled out 575/675 (0 loaded from cache)
[val] rolled out 600/675 (0 loaded from cache)
[val] rolled out 625/675 (0 loaded from cache)
[val] rolled out 650/675 (0 loaded from cache)
[val] rolled out 675/675 (0 loaded from cache)

--cache_only: cached 3825 train + 675 val pair(s) under logs/lundquist/finetune_decoder_on_rollout/finetune_vae_whole_structure_baseline_ep20_sds_untrained/rollout_cache. Exiting without loading/training the decoder -- rerun this script (same --out_dir/--cache_dir, WITHOUT --cache_only) to train against this cache.
permission denied while trying to connect to the Docker daemon socket at unix:///var/run/docker.sock: Get "http://%2Fvar%2Frun%2Fdocker.sock/v1.24/containers/json?filters=%7B%22label%22%3A%7B%22slurm_job_id%3D22787%22%3Atrue%7D%7D": dial unix /var/run/docker.sock: connect: permission denied
