job=22785 node=lundquist gpus=0
PREPROCESSED_DATA_ROOT: dit_preprocessed/finetune_vae_whole_structure_baseline_ep20_sds_untrained
DIT_CHECKPOINT: dit_outputs/lundquist/dit_sds_untrained/checkpoints/model_weights_step_08033.safetensors
SCALAR_CHECKPOINT: dit_outputs/lundquist/dit_sds_untrained/checkpoints/scalar_embedding_step_08033.safetensors
VAE_CHECKPOINT: finetune_vae_outputs/lundquist/finetune_vae_whole_structure_baseline_ep20_sds_untrained/checkpoints/vae_shockwave_best.safetensors
NORMALIZATION: finetune_vae_outputs/lundquist/finetune_vae_whole_structure_baseline_ep20_sds_untrained/training_config.yaml
NUM_SAMPLES: 675
REFERENCE_STD: 1.1500009715557098
OUT_DIR: logs/lundquist/diagnose_latent_scale/22785
/local/disk/hramachandran/miniconda/envs/windinet/lib/python3.10/site-packages/huggingface_hub/utils/_validators.py:205: UserWarning: The `local_dir_use_symlinks` argument is deprecated and ignored in `hf_hub_download`. Downloading to a local directory does not use symlinks anymore.
  warnings.warn(
Evaluating 675 held-out sim(s) from /local/disk/hramachandran/work/wh_work/windinet/euler_mq_dataset/128x128_ds/train.h5
Latent space verified: fingerprint 6fade32db7d8f184 matches the DiT's training latents
INFO     HTTP Request: HEAD                                      _client.py:1025
         https://huggingface.co/Lightricks/LTX-Video-0.9.5/resol                
         ve/main/vae/config.json "HTTP/1.1 307 Temporary                        
         Redirect"                                                              
INFO     HTTP Request: HEAD                                      _client.py:1025
         https://huggingface.co/api/resolve-cache/models/Lightri                
         cks/LTX-Video-0.9.5/e58e28c39631af4d1468ee57a853764e11c                
         1d37e/vae%2Fconfig.json "HTTP/1.1 200 OK"                              
INFO     HTTP Request: HEAD                                      _client.py:1025
         https://huggingface.co/Lightricks/LTX-Video-0.9.5/resol                
         ve/e58e28c39631af4d1468ee57a853764e11c1d37e/vae/diffusi                
         on_pytorch_model.safetensors.index.json "HTTP/1.1 404                  
         Not Found"                                                             
[windinet] loaded inflated VAE checkpoint: /local/disk/hramachandran/work/wh_work/windinet/finetune_vae_outputs/lundquist/finetune_vae_whole_structure_baseline_ep20_sds_untrained/checkpoints/vae_shockwave_best.safetensors (epoch=19, step=2261)
INFO     HTTP Request: HEAD                                      _client.py:1025
         https://huggingface.co/Lightricks/LTX-Video-0.9.5/resol                
         ve/main/scheduler/scheduler_config.json "HTTP/1.1 307                  
         Temporary Redirect"                                                    
INFO     HTTP Request: HEAD                                      _client.py:1025
         https://huggingface.co/api/resolve-cache/models/Lightri                
         cks/LTX-Video-0.9.5/e58e28c39631af4d1468ee57a853764e11c                
         1d37e/scheduler%2Fscheduler_config.json "HTTP/1.1 200                  
         OK"                                                                    
INFO     HTTP Request: HEAD                                      _client.py:1025
         https://huggingface.co/Lightricks/LTX-Video/resolve/mai                
         n/ltxv-2b-0.9.6-dev-04-25.safetensors "HTTP/1.1 302                    
         Found"                                                                 
INFO     HTTP Request: HEAD                                      _client.py:1025
         https://huggingface.co/Lightricks/LTX-Video-0.9.5/resol                
         ve/main/transformer/config.json "HTTP/1.1 307 Temporary                
         Redirect"                                                              
INFO     HTTP Request: HEAD                                      _client.py:1025
         https://huggingface.co/api/resolve-cache/models/Lightri                
         cks/LTX-Video-0.9.5/e58e28c39631af4d1468ee57a853764e11c                
         1d37e/transformer%2Fconfig.json "HTTP/1.1 200 OK"                      
[1/675] 0000_gamma1.1299999952: target_std=0.87041  raw_rmse=0.07410  vrmse=0.08514
[2/675] 0008_gamma1.1299999952: target_std=0.84274  raw_rmse=0.10475  vrmse=0.12430
[3/675] 0010_gamma1.1299999952: target_std=0.89321  raw_rmse=0.06497  vrmse=0.07274
[4/675] 0034_gamma1.1299999952: target_std=1.06339  raw_rmse=0.11729  vrmse=0.11030
[5/675] 0037_gamma1.1299999952: target_std=0.75284  raw_rmse=0.05183  vrmse=0.06885
[6/675] 0064_gamma1.1299999952: target_std=0.79785  raw_rmse=0.06202  vrmse=0.07773
[7/675] 0069_gamma1.1299999952: target_std=0.83484  raw_rmse=0.11252  vrmse=0.13478
[8/675] 0073_gamma1.1299999952: target_std=0.84330  raw_rmse=0.07431  vrmse=0.08812
[9/675] 0076_gamma1.1299999952: target_std=0.79427  raw_rmse=0.05708  vrmse=0.07186
[10/675] 0084_gamma1.1299999952: target_std=0.80119  raw_rmse=0.04259  vrmse=0.05316
[11/675] 0091_gamma1.1299999952: target_std=0.77750  raw_rmse=0.07039  vrmse=0.09054
[12/675] 0092_gamma1.1299999952: target_std=0.79700  raw_rmse=0.04967  vrmse=0.06232
[13/675] 0093_gamma1.1299999952: target_std=0.75572  raw_rmse=0.04452  vrmse=0.05891
[14/675] 0098_gamma1.1299999952: target_std=0.79485  raw_rmse=0.06612  vrmse=0.08319
[15/675] 0105_gamma1.1299999952: target_std=0.76501  raw_rmse=0.05187  vrmse=0.06780
[16/675] 0108_gamma1.1299999952: target_std=1.00097  raw_rmse=0.08566  vrmse=0.08558
[17/675] 0110_gamma1.1299999952: target_std=0.87842  raw_rmse=0.07685  vrmse=0.08749
[18/675] 0111_gamma1.1299999952: target_std=0.82169  raw_rmse=0.07527  vrmse=0.09160
[19/675] 0119_gamma1.1299999952: target_std=0.82150  raw_rmse=0.04483  vrmse=0.05457
[20/675] 0125_gamma1.1299999952: target_std=0.87250  raw_rmse=0.08832  vrmse=0.10123
[21/675] 0129_gamma1.1299999952: target_std=0.80810  raw_rmse=0.08546  vrmse=0.10575
[22/675] 0135_gamma1.1299999952: target_std=0.93360  raw_rmse=0.13855  vrmse=0.14840
[23/675] 0143_gamma1.1299999952: target_std=0.78780  raw_rmse=0.03661  vrmse=0.04647
[24/675] 0150_gamma1.1299999952: target_std=0.82968  raw_rmse=0.09134  vrmse=0.11009
[25/675] 0154_gamma1.1299999952: target_std=0.81086  raw_rmse=0.02569  vrmse=0.03168
[26/675] 0163_gamma1.1299999952: target_std=0.76657  raw_rmse=0.06090  vrmse=0.07945
[27/675] 0175_gamma1.1299999952: target_std=0.84889  raw_rmse=0.11329  vrmse=0.13346
[28/675] 0178_gamma1.1299999952: target_std=0.79292  raw_rmse=0.07306  vrmse=0.09214
[29/675] 0183_gamma1.1299999952: target_std=0.77853  raw_rmse=0.04596  vrmse=0.05904
[30/675] 0187_gamma1.1299999952: target_std=0.83306  raw_rmse=0.07992  vrmse=0.09593
[31/675] 0193_gamma1.1299999952: target_std=0.91041  raw_rmse=0.15499  vrmse=0.17024
[32/675] 0194_gamma1.1299999952: target_std=0.81759  raw_rmse=0.08074  vrmse=0.09875
[33/675] 0202_gamma1.1299999952: target_std=0.93218  raw_rmse=0.08105  vrmse=0.08695
[34/675] 0209_gamma1.1299999952: target_std=0.82831  raw_rmse=0.08822  vrmse=0.10651
[35/675] 0214_gamma1.1299999952: target_std=0.79039  raw_rmse=0.07390  vrmse=0.09350
[36/675] 0221_gamma1.1299999952: target_std=0.83087  raw_rmse=0.09519  vrmse=0.11456
[37/675] 0224_gamma1.1299999952: target_std=1.08493  raw_rmse=0.07060  vrmse=0.06507
[38/675] 0232_gamma1.1299999952: target_std=0.84436  raw_rmse=0.11691  vrmse=0.13847
[39/675] 0238_gamma1.1299999952: target_std=0.89749  raw_rmse=0.06759  vrmse=0.07531
[40/675] 0239_gamma1.1299999952: target_std=0.77976  raw_rmse=0.06926  vrmse=0.08882
[41/675] 0243_gamma1.1299999952: target_std=0.82540  raw_rmse=0.04335  vrmse=0.05253
[42/675] 0248_gamma1.1299999952: target_std=0.76866  raw_rmse=0.03039  vrmse=0.03953
[43/675] 0254_gamma1.1299999952: target_std=0.82356  raw_rmse=0.10862  vrmse=0.13190
[44/675] 0256_gamma1.1299999952: target_std=0.75953  raw_rmse=0.05504  vrmse=0.07246
[45/675] 0258_gamma1.1299999952: target_std=0.81658  raw_rmse=0.05782  vrmse=0.07081
[46/675] 0261_gamma1.1299999952: target_std=0.98791  raw_rmse=0.04921  vrmse=0.04981
[47/675] 0263_gamma1.1299999952: target_std=0.79091  raw_rmse=0.04376  vrmse=0.05532
[48/675] 0268_gamma1.1299999952: target_std=0.90109  raw_rmse=0.07976  vrmse=0.08851
[49/675] 0281_gamma1.1299999952: target_std=0.85364  raw_rmse=0.04599  vrmse=0.05387
[50/675] 0289_gamma1.1299999952: target_std=0.80297  raw_rmse=0.08383  vrmse=0.10440
[51/675] 0291_gamma1.1299999952: target_std=0.81642  raw_rmse=0.10384  vrmse=0.12719
[52/675] 0298_gamma1.1299999952: target_std=0.79920  raw_rmse=0.03327  vrmse=0.04163
[53/675] 0299_gamma1.1299999952: target_std=0.92259  raw_rmse=0.05148  vrmse=0.05579
[54/675] 0322_gamma1.1299999952: target_std=0.78354  raw_rmse=0.06249  vrmse=0.07975
[55/675] 0339_gamma1.1299999952: target_std=0.78025  raw_rmse=0.05911  vrmse=0.07576
[56/675] 0343_gamma1.1299999952: target_std=1.10782  raw_rmse=0.14655  vrmse=0.13229
[57/675] 0350_gamma1.1299999952: target_std=0.77901  raw_rmse=0.06011  vrmse=0.07716
[58/675] 0353_gamma1.1299999952: target_std=0.81949  raw_rmse=0.04702  vrmse=0.05737
[59/675] 0365_gamma1.1299999952: target_std=1.16791  raw_rmse=0.08413  vrmse=0.07203
[60/675] 0366_gamma1.1299999952: target_std=0.78871  raw_rmse=0.05983  vrmse=0.07585
[61/675] 0372_gamma1.1299999952: target_std=0.80917  raw_rmse=0.03627  vrmse=0.04482
[62/675] 0384_gamma1.1299999952: target_std=0.79396  raw_rmse=0.02874  vrmse=0.03620
[63/675] 0389_gamma1.1299999952: target_std=0.89376  raw_rmse=0.09446  vrmse=0.10568
[64/675] 0394_gamma1.1299999952: target_std=0.82209  raw_rmse=0.08231  vrmse=0.10012
[65/675] 0395_gamma1.1299999952: target_std=0.82877  raw_rmse=0.08528  vrmse=0.10289
[66/675] 0400_gamma1.1299999952: target_std=0.78474  raw_rmse=0.07380  vrmse=0.09404
[67/675] 0406_gamma1.1299999952: target_std=0.84913  raw_rmse=0.09568  vrmse=0.11268
[68/675] 0407_gamma1.1299999952: target_std=0.80932  raw_rmse=0.07216  vrmse=0.08916
[69/675] 0408_gamma1.1299999952: target_std=0.89112  raw_rmse=0.07268  vrmse=0.08156
[70/675] 0413_gamma1.1299999952: target_std=0.79068  raw_rmse=0.06724  vrmse=0.08504
[71/675] 0423_gamma1.1299999952: target_std=0.85075  raw_rmse=0.10669  vrmse=0.12540
[72/675] 0425_gamma1.1299999952: target_std=0.88040  raw_rmse=0.07494  vrmse=0.08512
[73/675] 0440_gamma1.1299999952: target_std=0.79412  raw_rmse=0.08510  vrmse=0.10716
[74/675] 0445_gamma1.1299999952: target_std=1.15362  raw_rmse=0.10514  vrmse=0.09114
[75/675] 0465_gamma1.2200000286: target_std=0.76999  raw_rmse=0.07017  vrmse=0.09114
[76/675] 0481_gamma1.2200000286: target_std=0.80749  raw_rmse=0.05473  vrmse=0.06778
[77/675] 0484_gamma1.2200000286: target_std=0.80659  raw_rmse=0.08052  vrmse=0.09983
[78/675] 0492_gamma1.2200000286: target_std=0.89477  raw_rmse=0.06946  vrmse=0.07763
[79/675] 0507_gamma1.2200000286: target_std=0.78799  raw_rmse=0.06595  vrmse=0.08370
[80/675] 0512_gamma1.2200000286: target_std=0.78528  raw_rmse=0.05449  vrmse=0.06939
[81/675] 0522_gamma1.2200000286: target_std=0.80539  raw_rmse=0.08987  vrmse=0.11158
[82/675] 0538_gamma1.2200000286: target_std=0.76309  raw_rmse=0.04699  vrmse=0.06158
[83/675] 0545_gamma1.2200000286: target_std=0.85822  raw_rmse=0.10542  vrmse=0.12284
[84/675] 0553_gamma1.2200000286: target_std=0.87293  raw_rmse=0.10397  vrmse=0.11911
[85/675] 0555_gamma1.2200000286: target_std=0.77883  raw_rmse=0.07494  vrmse=0.09622
[86/675] 0557_gamma1.2200000286: target_std=0.77528  raw_rmse=0.03761  vrmse=0.04851
[87/675] 0573_gamma1.2200000286: target_std=0.76292  raw_rmse=0.04855  vrmse=0.06364
[88/675] 0576_gamma1.2200000286: target_std=0.83921  raw_rmse=0.06579  vrmse=0.07839
[89/675] 0581_gamma1.2200000286: target_std=0.79238  raw_rmse=0.07894  vrmse=0.09963
[90/675] 0588_gamma1.2200000286: target_std=1.00257  raw_rmse=0.09813  vrmse=0.09788
[91/675] 0607_gamma1.2200000286: target_std=0.81904  raw_rmse=0.05219  vrmse=0.06372
[92/675] 0613_gamma1.2200000286: target_std=0.90031  raw_rmse=0.09440  vrmse=0.10486
[93/675] 0623_gamma1.2200000286: target_std=0.86132  raw_rmse=0.06562  vrmse=0.07619
[94/675] 0628_gamma1.2200000286: target_std=0.79466  raw_rmse=0.09162  vrmse=0.11529
[95/675] 0634_gamma1.2200000286: target_std=0.87557  raw_rmse=0.05762  vrmse=0.06581
[96/675] 0635_gamma1.2200000286: target_std=0.81179  raw_rmse=0.06015  vrmse=0.07409
[97/675] 0647_gamma1.2200000286: target_std=0.78506  raw_rmse=0.07294  vrmse=0.09290
[98/675] 0651_gamma1.2200000286: target_std=0.79264  raw_rmse=0.07443  vrmse=0.09390
[99/675] 0661_gamma1.2200000286: target_std=0.83276  raw_rmse=0.04997  vrmse=0.06001
[100/675] 0668_gamma1.2200000286: target_std=0.82214  raw_rmse=0.04042  vrmse=0.04917
[101/675] 0669_gamma1.2200000286: target_std=0.94683  raw_rmse=0.10377  vrmse=0.10960
[102/675] 0674_gamma1.2200000286: target_std=0.80240  raw_rmse=0.05396  vrmse=0.06725
[103/675] 0677_gamma1.2200000286: target_std=0.79184  raw_rmse=0.05867  vrmse=0.07409
[104/675] 0681_gamma1.2200000286: target_std=0.86673  raw_rmse=0.06948  vrmse=0.08017
[105/675] 0700_gamma1.2200000286: target_std=0.78485  raw_rmse=0.04870  vrmse=0.06205
[106/675] 0703_gamma1.2200000286: target_std=1.01285  raw_rmse=0.12021  vrmse=0.11869
[107/675] 0737_gamma1.2200000286: target_std=0.81143  raw_rmse=0.05516  vrmse=0.06798
[108/675] 0747_gamma1.2200000286: target_std=0.86620  raw_rmse=0.08318  vrmse=0.09603
[109/675] 0756_gamma1.2200000286: target_std=0.78662  raw_rmse=0.07521  vrmse=0.09561
[110/675] 0757_gamma1.2200000286: target_std=0.93907  raw_rmse=0.05830  vrmse=0.06208
[111/675] 0767_gamma1.2200000286: target_std=0.79001  raw_rmse=0.06605  vrmse=0.08361
[112/675] 0771_gamma1.2200000286: target_std=0.81828  raw_rmse=0.06093  vrmse=0.07447
[113/675] 0775_gamma1.2200000286: target_std=1.13592  raw_rmse=0.03276  vrmse=0.02884
[114/675] 0784_gamma1.2200000286: target_std=0.80486  raw_rmse=0.04962  vrmse=0.06166
[115/675] 0790_gamma1.2200000286: target_std=0.80164  raw_rmse=0.06050  vrmse=0.07547
[116/675] 0791_gamma1.2200000286: target_std=0.74987  raw_rmse=0.03823  vrmse=0.05099
[117/675] 0810_gamma1.2200000286: target_std=0.79008  raw_rmse=0.04940  vrmse=0.06252
[118/675] 0814_gamma1.2200000286: target_std=0.78157  raw_rmse=0.07532  vrmse=0.09637
[119/675] 0817_gamma1.2200000286: target_std=0.76189  raw_rmse=0.04585  vrmse=0.06018
[120/675] 0821_gamma1.2200000286: target_std=0.77582  raw_rmse=0.06879  vrmse=0.08867
[121/675] 0823_gamma1.2200000286: target_std=0.83843  raw_rmse=0.11065  vrmse=0.13197
[122/675] 0825_gamma1.2200000286: target_std=0.73388  raw_rmse=0.03622  vrmse=0.04935
[123/675] 0828_gamma1.2200000286: target_std=0.78718  raw_rmse=0.03933  vrmse=0.04997
[124/675] 0839_gamma1.2200000286: target_std=0.86730  raw_rmse=0.09503  vrmse=0.10957
[125/675] 0841_gamma1.2200000286: target_std=0.76824  raw_rmse=0.05882  vrmse=0.07657
[126/675] 0843_gamma1.2200000286: target_std=0.78827  raw_rmse=0.05812  vrmse=0.07373
[127/675] 0852_gamma1.2200000286: target_std=0.84455  raw_rmse=0.06701  vrmse=0.07934
[128/675] 0857_gamma1.2200000286: target_std=0.91484  raw_rmse=0.07364  vrmse=0.08049
[129/675] 0869_gamma1.2200000286: target_std=0.77002  raw_rmse=0.04964  vrmse=0.06446
[130/675] 0880_gamma1.2200000286: target_std=0.80093  raw_rmse=0.05872  vrmse=0.07332
[131/675] 0881_gamma1.2200000286: target_std=0.89768  raw_rmse=0.10315  vrmse=0.11491
[132/675] 0888_gamma1.2200000286: target_std=0.78878  raw_rmse=0.08440  vrmse=0.10700
[133/675] 0890_gamma1.2200000286: target_std=0.79021  raw_rmse=0.05860  vrmse=0.07416
[134/675] 0899_gamma1.2200000286: target_std=0.78656  raw_rmse=0.04725  vrmse=0.06008
[135/675] 0901_gamma1.2999999523: target_std=0.81939  raw_rmse=0.06278  vrmse=0.07662
[136/675] 0907_gamma1.2999999523: target_std=0.81475  raw_rmse=0.09649  vrmse=0.11843
[137/675] 0909_gamma1.2999999523: target_std=0.80823  raw_rmse=0.07421  vrmse=0.09182
[138/675] 0919_gamma1.2999999523: target_std=0.77877  raw_rmse=0.08133  vrmse=0.10443
[139/675] 0929_gamma1.2999999523: target_std=0.80264  raw_rmse=0.05684  vrmse=0.07081
[140/675] 0947_gamma1.2999999523: target_std=0.91053  raw_rmse=0.06941  vrmse=0.07623
[141/675] 0949_gamma1.2999999523: target_std=0.75534  raw_rmse=0.05740  vrmse=0.07599
[142/675] 0967_gamma1.2999999523: target_std=0.85872  raw_rmse=0.03804  vrmse=0.04430
[143/675] 0975_gamma1.2999999523: target_std=0.75204  raw_rmse=0.02794  vrmse=0.03715
[144/675] 0989_gamma1.2999999523: target_std=0.80977  raw_rmse=0.07852  vrmse=0.09697
[145/675] 0996_gamma1.2999999523: target_std=0.78977  raw_rmse=0.08158  vrmse=0.10330
[146/675] 0999_gamma1.2999999523: target_std=0.79508  raw_rmse=0.04019  vrmse=0.05055
[147/675] 1008_gamma1.2999999523: target_std=0.79157  raw_rmse=0.06687  vrmse=0.08447
[148/675] 1012_gamma1.2999999523: target_std=0.86351  raw_rmse=0.09040  vrmse=0.10469
[149/675] 1014_gamma1.2999999523: target_std=1.22792  raw_rmse=0.08962  vrmse=0.07299
[150/675] 1029_gamma1.2999999523: target_std=0.85354  raw_rmse=0.07303  vrmse=0.08556
[151/675] 1030_gamma1.2999999523: target_std=0.86794  raw_rmse=0.08618  vrmse=0.09929
[152/675] 1036_gamma1.2999999523: target_std=0.84179  raw_rmse=0.08854  vrmse=0.10518
[153/675] 1051_gamma1.2999999523: target_std=1.15550  raw_rmse=0.10945  vrmse=0.09472
[154/675] 1057_gamma1.2999999523: target_std=0.76268  raw_rmse=0.04598  vrmse=0.06029
[155/675] 1062_gamma1.2999999523: target_std=0.82518  raw_rmse=0.08396  vrmse=0.10175
[156/675] 1064_gamma1.2999999523: target_std=0.81832  raw_rmse=0.06897  vrmse=0.08429
[157/675] 1075_gamma1.2999999523: target_std=0.83838  raw_rmse=0.06959  vrmse=0.08300
[158/675] 1080_gamma1.2999999523: target_std=0.77056  raw_rmse=0.06731  vrmse=0.08736
[159/675] 1092_gamma1.2999999523: target_std=0.76178  raw_rmse=0.05846  vrmse=0.07674
[160/675] 1098_gamma1.2999999523: target_std=0.92028  raw_rmse=0.12726  vrmse=0.13828
[161/675] 1104_gamma1.2999999523: target_std=0.87047  raw_rmse=0.07282  vrmse=0.08366
[162/675] 1110_gamma1.2999999523: target_std=0.99364  raw_rmse=0.06003  vrmse=0.06042
[163/675] 1111_gamma1.2999999523: target_std=0.77410  raw_rmse=0.03283  vrmse=0.04241
[164/675] 1115_gamma1.2999999523: target_std=0.85233  raw_rmse=0.05899  vrmse=0.06921
[165/675] 1129_gamma1.2999999523: target_std=0.93756  raw_rmse=0.05091  vrmse=0.05430
[166/675] 1135_gamma1.2999999523: target_std=0.81652  raw_rmse=0.06137  vrmse=0.07516
[167/675] 1140_gamma1.2999999523: target_std=0.75513  raw_rmse=0.05597  vrmse=0.07412
[168/675] 1151_gamma1.2999999523: target_std=0.72680  raw_rmse=0.06427  vrmse=0.08842
[169/675] 1153_gamma1.2999999523: target_std=0.88290  raw_rmse=0.09083  vrmse=0.10288
[170/675] 1155_gamma1.2999999523: target_std=0.95200  raw_rmse=0.06865  vrmse=0.07211
[171/675] 1156_gamma1.2999999523: target_std=0.77684  raw_rmse=0.04739  vrmse=0.06100
[172/675] 1158_gamma1.2999999523: target_std=0.81830  raw_rmse=0.08093  vrmse=0.09890
[173/675] 1165_gamma1.2999999523: target_std=0.87956  raw_rmse=0.07206  vrmse=0.08192
[174/675] 1182_gamma1.2999999523: target_std=0.79432  raw_rmse=0.03730  vrmse=0.04696
[175/675] 1188_gamma1.2999999523: target_std=0.76475  raw_rmse=0.04389  vrmse=0.05739
[176/675] 1189_gamma1.2999999523: target_std=0.79819  raw_rmse=0.09504  vrmse=0.11907
[177/675] 1198_gamma1.2999999523: target_std=0.74836  raw_rmse=0.05768  vrmse=0.07707
[178/675] 1199_gamma1.2999999523: target_std=0.82115  raw_rmse=0.08844  vrmse=0.10770
[179/675] 1206_gamma1.2999999523: target_std=0.95989  raw_rmse=0.06487  vrmse=0.06759
[180/675] 1227_gamma1.2999999523: target_std=0.86498  raw_rmse=0.06455  vrmse=0.07462
[181/675] 1232_gamma1.2999999523: target_std=0.79744  raw_rmse=0.08210  vrmse=0.10295
[182/675] 1235_gamma1.2999999523: target_std=0.88468  raw_rmse=0.08102  vrmse=0.09159
[183/675] 1239_gamma1.2999999523: target_std=0.88977  raw_rmse=0.12108  vrmse=0.13608
[184/675] 1255_gamma1.2999999523: target_std=0.99858  raw_rmse=0.09526  vrmse=0.09540
[185/675] 1257_gamma1.2999999523: target_std=0.78458  raw_rmse=0.07696  vrmse=0.09809
[186/675] 1266_gamma1.2999999523: target_std=1.11301  raw_rmse=0.17168  vrmse=0.15425
[187/675] 1285_gamma1.2999999523: target_std=0.94697  raw_rmse=0.07354  vrmse=0.07766
[188/675] 1287_gamma1.2999999523: target_std=0.75833  raw_rmse=0.03378  vrmse=0.04454
[189/675] 1290_gamma1.2999999523: target_std=0.82438  raw_rmse=0.06159  vrmse=0.07472
[190/675] 1306_gamma1.2999999523: target_std=0.81225  raw_rmse=0.03194  vrmse=0.03932
[191/675] 1310_gamma1.2999999523: target_std=0.79516  raw_rmse=0.04698  vrmse=0.05908
[192/675] 1315_gamma1.2999999523: target_std=0.72647  raw_rmse=0.03051  vrmse=0.04200
[193/675] 1318_gamma1.2999999523: target_std=0.86873  raw_rmse=0.10858  vrmse=0.12498
[194/675] 1322_gamma1.2999999523: target_std=0.76721  raw_rmse=0.05988  vrmse=0.07805
[195/675] 1330_gamma1.2999999523: target_std=0.77850  raw_rmse=0.09801  vrmse=0.12589
[196/675] 1334_gamma1.2999999523: target_std=0.92137  raw_rmse=0.06085  vrmse=0.06604
[197/675] 1343_gamma1.2999999523: target_std=0.78594  raw_rmse=0.03030  vrmse=0.03855
[198/675] 1346_gamma1.2999999523: target_std=0.79408  raw_rmse=0.07133  vrmse=0.08982
[199/675] 1351_gamma1.3300000429: target_std=0.80086  raw_rmse=0.09106  vrmse=0.11370
[200/675] 1359_gamma1.3300000429: target_std=0.74532  raw_rmse=0.05139  vrmse=0.06895
[201/675] 1363_gamma1.3300000429: target_std=0.86482  raw_rmse=0.07208  vrmse=0.08335
[202/675] 1375_gamma1.3300000429: target_std=0.82058  raw_rmse=0.09804  vrmse=0.11948
[203/675] 1386_gamma1.3300000429: target_std=0.81160  raw_rmse=0.10381  vrmse=0.12791
[204/675] 1388_gamma1.3300000429: target_std=0.79983  raw_rmse=0.07028  vrmse=0.08787
[205/675] 1396_gamma1.3300000429: target_std=0.88702  raw_rmse=0.04207  vrmse=0.04743
[206/675] 1397_gamma1.3300000429: target_std=0.81308  raw_rmse=0.07766  vrmse=0.09551
[207/675] 1415_gamma1.3300000429: target_std=0.79766  raw_rmse=0.05078  vrmse=0.06366
[208/675] 1444_gamma1.3300000429: target_std=0.98288  raw_rmse=0.12024  vrmse=0.12233
[209/675] 1459_gamma1.3300000429: target_std=0.76362  raw_rmse=0.02965  vrmse=0.03883
[210/675] 1462_gamma1.3300000429: target_std=0.80462  raw_rmse=0.07641  vrmse=0.09496
[211/675] 1463_gamma1.3300000429: target_std=0.80785  raw_rmse=0.02420  vrmse=0.02996
[212/675] 1474_gamma1.3300000429: target_std=0.83548  raw_rmse=0.08743  vrmse=0.10465
[213/675] 1477_gamma1.3300000429: target_std=0.77020  raw_rmse=0.07091  vrmse=0.09207
[214/675] 1480_gamma1.3300000429: target_std=0.98950  raw_rmse=0.04776  vrmse=0.04827
[215/675] 1488_gamma1.3300000429: target_std=0.82991  raw_rmse=0.09968  vrmse=0.12011
[216/675] 1509_gamma1.3300000429: target_std=0.78917  raw_rmse=0.04580  vrmse=0.05803
[217/675] 1512_gamma1.3300000429: target_std=0.74169  raw_rmse=0.05376  vrmse=0.07248
[218/675] 1521_gamma1.3300000429: target_std=0.86292  raw_rmse=0.14270  vrmse=0.16537
[219/675] 1524_gamma1.3300000429: target_std=0.81866  raw_rmse=0.04757  vrmse=0.05811
[220/675] 1526_gamma1.3300000429: target_std=0.82965  raw_rmse=0.03416  vrmse=0.04118
[221/675] 1542_gamma1.3300000429: target_std=0.78502  raw_rmse=0.06228  vrmse=0.07934
[222/675] 1545_gamma1.3300000429: target_std=0.86535  raw_rmse=0.09798  vrmse=0.11323
[223/675] 1555_gamma1.3300000429: target_std=0.98703  raw_rmse=0.06414  vrmse=0.06499
[224/675] 1557_gamma1.3300000429: target_std=0.87296  raw_rmse=0.10215  vrmse=0.11701
[225/675] 1569_gamma1.3300000429: target_std=0.93458  raw_rmse=0.06060  vrmse=0.06484
[226/675] 1576_gamma1.3300000429: target_std=0.76726  raw_rmse=0.03078  vrmse=0.04012
[227/675] 1577_gamma1.3300000429: target_std=0.81658  raw_rmse=0.07210  vrmse=0.08830
[228/675] 1585_gamma1.3300000429: target_std=0.76143  raw_rmse=0.04599  vrmse=0.06040
[229/675] 1587_gamma1.3300000429: target_std=0.80624  raw_rmse=0.05794  vrmse=0.07186
[230/675] 1594_gamma1.3300000429: target_std=0.92958  raw_rmse=0.10969  vrmse=0.11800
[231/675] 1606_gamma1.3300000429: target_std=0.78502  raw_rmse=0.04260  vrmse=0.05426
[232/675] 1611_gamma1.3300000429: target_std=0.77508  raw_rmse=0.09583  vrmse=0.12364
[233/675] 1612_gamma1.3300000429: target_std=0.87271  raw_rmse=0.09303  vrmse=0.10660
[234/675] 1613_gamma1.3300000429: target_std=0.77519  raw_rmse=0.06488  vrmse=0.08370
[235/675] 1616_gamma1.3300000429: target_std=0.82569  raw_rmse=0.07595  vrmse=0.09198
[236/675] 1619_gamma1.3300000429: target_std=0.80111  raw_rmse=0.02837  vrmse=0.03541
[237/675] 1625_gamma1.3300000429: target_std=0.77752  raw_rmse=0.03079  vrmse=0.03960
[238/675] 1637_gamma1.3300000429: target_std=0.75605  raw_rmse=0.07135  vrmse=0.09437
[239/675] 1650_gamma1.3300000429: target_std=0.74075  raw_rmse=0.03904  vrmse=0.05270
[240/675] 1658_gamma1.3300000429: target_std=0.78409  raw_rmse=0.03056  vrmse=0.03897
[241/675] 1661_gamma1.3300000429: target_std=0.82087  raw_rmse=0.02404  vrmse=0.02929
[242/675] 1663_gamma1.3300000429: target_std=0.78306  raw_rmse=0.05592  vrmse=0.07142
[243/675] 1664_gamma1.3300000429: target_std=0.93535  raw_rmse=0.04534  vrmse=0.04848
[244/675] 1671_gamma1.3300000429: target_std=1.02540  raw_rmse=0.10133  vrmse=0.09882
[245/675] 1685_gamma1.3300000429: target_std=0.79510  raw_rmse=0.07850  vrmse=0.09873
[246/675] 1696_gamma1.3300000429: target_std=0.78139  raw_rmse=0.03318  vrmse=0.04246
[247/675] 1723_gamma1.3300000429: target_std=1.01754  raw_rmse=0.11275  vrmse=0.11080
[248/675] 1725_gamma1.3300000429: target_std=0.77624  raw_rmse=0.05227  vrmse=0.06734
[249/675] 1730_gamma1.3300000429: target_std=0.75564  raw_rmse=0.03071  vrmse=0.04064
[250/675] 1733_gamma1.3300000429: target_std=0.77353  raw_rmse=0.06474  vrmse=0.08370
[251/675] 1735_gamma1.3300000429: target_std=0.94897  raw_rmse=0.13250  vrmse=0.13962
[252/675] 1738_gamma1.3300000429: target_std=1.04444  raw_rmse=0.09701  vrmse=0.09288
[253/675] 1755_gamma1.3300000429: target_std=0.78419  raw_rmse=0.03034  vrmse=0.03869
[254/675] 1757_gamma1.3300000429: target_std=0.95445  raw_rmse=0.12328  vrmse=0.12916
[255/675] 1759_gamma1.3300000429: target_std=0.89532  raw_rmse=0.06159  vrmse=0.06879
[256/675] 1760_gamma1.3300000429: target_std=0.77998  raw_rmse=0.09199  vrmse=0.11794
[257/675] 1761_gamma1.3300000429: target_std=0.89943  raw_rmse=0.08324  vrmse=0.09255
[258/675] 1779_gamma1.3300000429: target_std=0.84978  raw_rmse=0.06822  vrmse=0.08028
[259/675] 1782_gamma1.3300000429: target_std=0.85531  raw_rmse=0.09387  vrmse=0.10975
[260/675] 1783_gamma1.3300000429: target_std=0.88013  raw_rmse=0.05236  vrmse=0.05949
[261/675] 1786_gamma1.3300000429: target_std=0.93488  raw_rmse=0.09184  vrmse=0.09824
[262/675] 1789_gamma1.3300000429: target_std=0.76734  raw_rmse=0.04994  vrmse=0.06508
[263/675] 1792_gamma1.3300000429: target_std=0.81625  raw_rmse=0.05657  vrmse=0.06930
[264/675] 1796_gamma1.3300000429: target_std=0.79145  raw_rmse=0.02816  vrmse=0.03557
[265/675] 1797_gamma1.3300000429: target_std=0.81815  raw_rmse=0.05652  vrmse=0.06909
[266/675] 1798_gamma1.3300000429: target_std=0.85095  raw_rmse=0.12049  vrmse=0.14160
[267/675] 1801_gamma1.3650000095: target_std=0.86018  raw_rmse=0.10870  vrmse=0.12637
[268/675] 1808_gamma1.3650000095: target_std=0.82755  raw_rmse=0.08382  vrmse=0.10129
[269/675] 1814_gamma1.3650000095: target_std=0.75486  raw_rmse=0.02697  vrmse=0.03573
[270/675] 1827_gamma1.3650000095: target_std=1.17918  raw_rmse=0.08856  vrmse=0.07510
[271/675] 1830_gamma1.3650000095: target_std=0.81857  raw_rmse=0.09056  vrmse=0.11063
[272/675] 1831_gamma1.3650000095: target_std=0.79372  raw_rmse=0.05767  vrmse=0.07266
[273/675] 1843_gamma1.3650000095: target_std=0.77017  raw_rmse=0.05299  vrmse=0.06881
[274/675] 1844_gamma1.3650000095: target_std=0.84873  raw_rmse=0.06955  vrmse=0.08195
[275/675] 1845_gamma1.3650000095: target_std=0.80656  raw_rmse=0.08196  vrmse=0.10161
[276/675] 1850_gamma1.3650000095: target_std=0.82275  raw_rmse=0.05556  vrmse=0.06753
[277/675] 1854_gamma1.3650000095: target_std=0.87474  raw_rmse=0.07664  vrmse=0.08762
[278/675] 1859_gamma1.3650000095: target_std=0.77087  raw_rmse=0.05639  vrmse=0.07315
[279/675] 1862_gamma1.3650000095: target_std=0.72936  raw_rmse=0.05481  vrmse=0.07514
[280/675] 1863_gamma1.3650000095: target_std=1.29227  raw_rmse=0.05148  vrmse=0.03984
[281/675] 1865_gamma1.3650000095: target_std=0.80517  raw_rmse=0.07331  vrmse=0.09105
[282/675] 1877_gamma1.3650000095: target_std=0.83936  raw_rmse=0.06067  vrmse=0.07228
[283/675] 1879_gamma1.3650000095: target_std=0.85454  raw_rmse=0.10053  vrmse=0.11764
[284/675] 1886_gamma1.3650000095: target_std=0.82666  raw_rmse=0.10894  vrmse=0.13178
[285/675] 1888_gamma1.3650000095: target_std=1.07061  raw_rmse=0.15119  vrmse=0.14122
[286/675] 1904_gamma1.3650000095: target_std=0.84763  raw_rmse=0.07727  vrmse=0.09116
[287/675] 1906_gamma1.3650000095: target_std=0.77208  raw_rmse=0.06104  vrmse=0.07905
[288/675] 1915_gamma1.3650000095: target_std=0.79902  raw_rmse=0.08153  vrmse=0.10203
[289/675] 1916_gamma1.3650000095: target_std=0.80231  raw_rmse=0.07806  vrmse=0.09729
[290/675] 1931_gamma1.3650000095: target_std=0.75512  raw_rmse=0.03958  vrmse=0.05242
[291/675] 1933_gamma1.3650000095: target_std=0.87711  raw_rmse=0.13478  vrmse=0.15366
[292/675] 1935_gamma1.3650000095: target_std=0.79187  raw_rmse=0.04492  vrmse=0.05672
[293/675] 1939_gamma1.3650000095: target_std=0.83145  raw_rmse=0.09709  vrmse=0.11677
[294/675] 1943_gamma1.3650000095: target_std=0.82826  raw_rmse=0.09794  vrmse=0.11825
[295/675] 1952_gamma1.3650000095: target_std=0.94129  raw_rmse=0.13465  vrmse=0.14305
[296/675] 1958_gamma1.3650000095: target_std=0.79407  raw_rmse=0.05687  vrmse=0.07162
[297/675] 1961_gamma1.3650000095: target_std=0.77766  raw_rmse=0.04088  vrmse=0.05257
[298/675] 1976_gamma1.3650000095: target_std=1.04692  raw_rmse=0.10385  vrmse=0.09920
[299/675] 1978_gamma1.3650000095: target_std=0.91948  raw_rmse=0.03583  vrmse=0.03896
[300/675] 1981_gamma1.3650000095: target_std=0.79567  raw_rmse=0.08412  vrmse=0.10572
[301/675] 1989_gamma1.3650000095: target_std=0.77849  raw_rmse=0.06720  vrmse=0.08632
[302/675] 1992_gamma1.3650000095: target_std=0.87967  raw_rmse=0.10205  vrmse=0.11601
[303/675] 2005_gamma1.3650000095: target_std=0.77546  raw_rmse=0.02677  vrmse=0.03453
[304/675] 2008_gamma1.3650000095: target_std=0.85570  raw_rmse=0.12930  vrmse=0.15111
[305/675] 2014_gamma1.3650000095: target_std=0.76475  raw_rmse=0.08757  vrmse=0.11451
[306/675] 2021_gamma1.3650000095: target_std=1.02635  raw_rmse=0.09690  vrmse=0.09441
[307/675] 2022_gamma1.3650000095: target_std=0.79892  raw_rmse=0.08915  vrmse=0.11159
[308/675] 2023_gamma1.3650000095: target_std=0.86223  raw_rmse=0.07359  vrmse=0.08535
[309/675] 2035_gamma1.3650000095: target_std=0.87949  raw_rmse=0.09355  vrmse=0.10636
[310/675] 2048_gamma1.3650000095: target_std=0.81670  raw_rmse=0.09534  vrmse=0.11674
[311/675] 2051_gamma1.3650000095: target_std=0.78511  raw_rmse=0.06418  vrmse=0.08175
[312/675] 2054_gamma1.3650000095: target_std=0.81409  raw_rmse=0.08687  vrmse=0.10670
[313/675] 2055_gamma1.3650000095: target_std=0.85620  raw_rmse=0.09379  vrmse=0.10955
[314/675] 2056_gamma1.3650000095: target_std=0.92712  raw_rmse=0.12491  vrmse=0.13473
[315/675] 2058_gamma1.3650000095: target_std=0.89159  raw_rmse=0.07103  vrmse=0.07966
[316/675] 2059_gamma1.3650000095: target_std=0.80076  raw_rmse=0.07684  vrmse=0.09596
[317/675] 2061_gamma1.3650000095: target_std=0.79745  raw_rmse=0.05220  vrmse=0.06546
[318/675] 2063_gamma1.3650000095: target_std=0.78532  raw_rmse=0.05656  vrmse=0.07202
[319/675] 2072_gamma1.3650000095: target_std=0.78811  raw_rmse=0.07882  vrmse=0.10001
[320/675] 2073_gamma1.3650000095: target_std=0.84238  raw_rmse=0.05015  vrmse=0.05954
[321/675] 2088_gamma1.3650000095: target_std=1.05024  raw_rmse=0.08184  vrmse=0.07793
[322/675] 2089_gamma1.3650000095: target_std=0.84851  raw_rmse=0.05883  vrmse=0.06933
[323/675] 2094_gamma1.3650000095: target_std=0.92765  raw_rmse=0.07284  vrmse=0.07852
[324/675] 2096_gamma1.3650000095: target_std=1.29685  raw_rmse=0.17243  vrmse=0.13296
[325/675] 2099_gamma1.3650000095: target_std=0.82440  raw_rmse=0.06389  vrmse=0.07750
[326/675] 2108_gamma1.3650000095: target_std=0.77459  raw_rmse=0.04674  vrmse=0.06034
[327/675] 2110_gamma1.3650000095: target_std=1.23796  raw_rmse=0.06297  vrmse=0.05087
[328/675] 2111_gamma1.3650000095: target_std=0.76591  raw_rmse=0.07614  vrmse=0.09941
[329/675] 2116_gamma1.3650000095: target_std=1.00536  raw_rmse=0.05492  vrmse=0.05463
[330/675] 2118_gamma1.3650000095: target_std=0.77964  raw_rmse=0.05864  vrmse=0.07521
[331/675] 2120_gamma1.3650000095: target_std=0.97476  raw_rmse=0.07112  vrmse=0.07296
[332/675] 2123_gamma1.3650000095: target_std=0.82846  raw_rmse=0.04536  vrmse=0.05475
[333/675] 2124_gamma1.3650000095: target_std=1.06651  raw_rmse=0.03783  vrmse=0.03547
[334/675] 2127_gamma1.3650000095: target_std=0.98643  raw_rmse=0.07574  vrmse=0.07678
[335/675] 2150_gamma1.3650000095: target_std=0.74088  raw_rmse=0.04732  vrmse=0.06387
[336/675] 2151_gamma1.3650000095: target_std=0.84792  raw_rmse=0.06552  vrmse=0.07727
[337/675] 2157_gamma1.3650000095: target_std=0.80046  raw_rmse=0.06790  vrmse=0.08483
[338/675] 2159_gamma1.3650000095: target_std=0.76435  raw_rmse=0.04102  vrmse=0.05366
[339/675] 2163_gamma1.3650000095: target_std=0.90708  raw_rmse=0.09751  vrmse=0.10750
[340/675] 2166_gamma1.3650000095: target_std=0.78912  raw_rmse=0.02459  vrmse=0.03116
[341/675] 2168_gamma1.3650000095: target_std=0.82377  raw_rmse=0.07485  vrmse=0.09087
[342/675] 2186_gamma1.3650000095: target_std=0.75482  raw_rmse=0.04304  vrmse=0.05702
[343/675] 2195_gamma1.3650000095: target_std=0.79824  raw_rmse=0.05661  vrmse=0.07092
[344/675] 2201_gamma1.3650000095: target_std=0.84471  raw_rmse=0.07819  vrmse=0.09256
[345/675] 2203_gamma1.3650000095: target_std=0.77451  raw_rmse=0.02663  vrmse=0.03438
[346/675] 2213_gamma1.3650000095: target_std=0.77780  raw_rmse=0.04161  vrmse=0.05349
[347/675] 2219_gamma1.3650000095: target_std=0.78340  raw_rmse=0.05224  vrmse=0.06669
[348/675] 2261_gamma1.3999999762: target_std=0.78618  raw_rmse=0.06460  vrmse=0.08218
[349/675] 2264_gamma1.3999999762: target_std=0.77495  raw_rmse=0.05359  vrmse=0.06915
[350/675] 2267_gamma1.3999999762: target_std=0.79133  raw_rmse=0.10610  vrmse=0.13408
[351/675] 2269_gamma1.3999999762: target_std=0.83304  raw_rmse=0.08188  vrmse=0.09829
[352/675] 2271_gamma1.3999999762: target_std=0.80227  raw_rmse=0.05624  vrmse=0.07010
[353/675] 2278_gamma1.3999999762: target_std=0.80538  raw_rmse=0.05838  vrmse=0.07248
[354/675] 2283_gamma1.3999999762: target_std=0.82239  raw_rmse=0.04248  vrmse=0.05166
[355/675] 2303_gamma1.3999999762: target_std=0.86454  raw_rmse=0.09649  vrmse=0.11161
[356/675] 2305_gamma1.3999999762: target_std=1.07315  raw_rmse=0.05026  vrmse=0.04683
[357/675] 2312_gamma1.3999999762: target_std=0.87759  raw_rmse=0.07120  vrmse=0.08113
[358/675] 2319_gamma1.3999999762: target_std=0.81837  raw_rmse=0.08393  vrmse=0.10255
[359/675] 2324_gamma1.3999999762: target_std=0.79204  raw_rmse=0.07490  vrmse=0.09456
[360/675] 2334_gamma1.3999999762: target_std=0.83532  raw_rmse=0.07164  vrmse=0.08577
[361/675] 2339_gamma1.3999999762: target_std=0.78672  raw_rmse=0.06093  vrmse=0.07745
[362/675] 2341_gamma1.3999999762: target_std=0.80026  raw_rmse=0.06323  vrmse=0.07901
[363/675] 2345_gamma1.3999999762: target_std=0.78721  raw_rmse=0.04443  vrmse=0.05643
[364/675] 2360_gamma1.3999999762: target_std=0.81693  raw_rmse=0.07648  vrmse=0.09362
[365/675] 2362_gamma1.3999999762: target_std=0.86855  raw_rmse=0.11620  vrmse=0.13379
[366/675] 2389_gamma1.3999999762: target_std=0.78530  raw_rmse=0.07208  vrmse=0.09179
[367/675] 2397_gamma1.3999999762: target_std=0.86253  raw_rmse=0.06512  vrmse=0.07550
[368/675] 2407_gamma1.3999999762: target_std=0.82371  raw_rmse=0.08234  vrmse=0.09997
[369/675] 2414_gamma1.3999999762: target_std=0.80043  raw_rmse=0.04776  vrmse=0.05967
[370/675] 2444_gamma1.3999999762: target_std=0.85016  raw_rmse=0.05901  vrmse=0.06941
[371/675] 2449_gamma1.3999999762: target_std=0.98170  raw_rmse=0.05448  vrmse=0.05550
[372/675] 2461_gamma1.3999999762: target_std=0.85797  raw_rmse=0.09128  vrmse=0.10639
[373/675] 2464_gamma1.3999999762: target_std=0.81877  raw_rmse=0.05548  vrmse=0.06776
[374/675] 2465_gamma1.3999999762: target_std=0.78027  raw_rmse=0.08180  vrmse=0.10484
[375/675] 2476_gamma1.3999999762: target_std=0.81518  raw_rmse=0.08866  vrmse=0.10877
[376/675] 2480_gamma1.3999999762: target_std=0.90091  raw_rmse=0.07615  vrmse=0.08453
[377/675] 2486_gamma1.3999999762: target_std=0.79739  raw_rmse=0.08206  vrmse=0.10291
[378/675] 2489_gamma1.3999999762: target_std=0.79553  raw_rmse=0.08808  vrmse=0.11072
[379/675] 2492_gamma1.3999999762: target_std=0.77524  raw_rmse=0.02684  vrmse=0.03463
[380/675] 2493_gamma1.3999999762: target_std=0.82539  raw_rmse=0.10499  vrmse=0.12720
[381/675] 2496_gamma1.3999999762: target_std=0.74971  raw_rmse=0.03299  vrmse=0.04400
[382/675] 2506_gamma1.3999999762: target_std=1.05744  raw_rmse=0.17600  vrmse=0.16644
[383/675] 2507_gamma1.3999999762: target_std=0.82838  raw_rmse=0.06906  vrmse=0.08337
[384/675] 2510_gamma1.3999999762: target_std=0.75955  raw_rmse=0.05157  vrmse=0.06789
[385/675] 2515_gamma1.3999999762: target_std=0.78983  raw_rmse=0.04105  vrmse=0.05198
[386/675] 2520_gamma1.3999999762: target_std=0.83530  raw_rmse=0.03389  vrmse=0.04058
[387/675] 2524_gamma1.3999999762: target_std=0.76685  raw_rmse=0.06340  vrmse=0.08267
[388/675] 2532_gamma1.3999999762: target_std=0.89060  raw_rmse=0.09296  vrmse=0.10438
[389/675] 2538_gamma1.3999999762: target_std=0.82446  raw_rmse=0.09668  vrmse=0.11727
[390/675] 2539_gamma1.3999999762: target_std=1.21106  raw_rmse=0.07376  vrmse=0.06091
[391/675] 2542_gamma1.3999999762: target_std=1.14213  raw_rmse=0.06253  vrmse=0.05475
[392/675] 2546_gamma1.3999999762: target_std=0.75565  raw_rmse=0.05977  vrmse=0.07910
[393/675] 2549_gamma1.3999999762: target_std=0.75389  raw_rmse=0.05194  vrmse=0.06889
[394/675] 2564_gamma1.3999999762: target_std=0.79039  raw_rmse=0.04394  vrmse=0.05559
[395/675] 2569_gamma1.3999999762: target_std=0.91848  raw_rmse=0.13009  vrmse=0.14163
[396/675] 2577_gamma1.3999999762: target_std=0.91994  raw_rmse=0.05393  vrmse=0.05863
[397/675] 2580_gamma1.3999999762: target_std=0.79629  raw_rmse=0.03083  vrmse=0.03872
[398/675] 2583_gamma1.3999999762: target_std=0.90806  raw_rmse=0.08573  vrmse=0.09441
[399/675] 2590_gamma1.3999999762: target_std=0.87010  raw_rmse=0.09854  vrmse=0.11325
[400/675] 2591_gamma1.3999999762: target_std=0.80182  raw_rmse=0.06889  vrmse=0.08591
[401/675] 2593_gamma1.3999999762: target_std=0.77553  raw_rmse=0.04585  vrmse=0.05913
[402/675] 2613_gamma1.3999999762: target_std=0.92296  raw_rmse=0.05227  vrmse=0.05663
[403/675] 2620_gamma1.3999999762: target_std=0.99724  raw_rmse=0.11021  vrmse=0.11051
[404/675] 2645_gamma1.3999999762: target_std=0.83972  raw_rmse=0.02886  vrmse=0.03436
[405/675] 2658_gamma1.3999999762: target_std=0.81316  raw_rmse=0.08239  vrmse=0.10132
[406/675] 2675_gamma1.3999999762: target_std=0.75693  raw_rmse=0.04797  vrmse=0.06337
[407/675] 2677_gamma1.3999999762: target_std=0.83439  raw_rmse=0.09910  vrmse=0.11876
[408/675] 2693_gamma1.3999999762: target_std=0.79280  raw_rmse=0.04462  vrmse=0.05629
[409/675] 2709_gamma1.4040000439: target_std=0.79122  raw_rmse=0.05484  vrmse=0.06930
[410/675] 2712_gamma1.4040000439: target_std=0.94198  raw_rmse=0.10763  vrmse=0.11426
[411/675] 2719_gamma1.4040000439: target_std=0.79511  raw_rmse=0.09086  vrmse=0.11427
[412/675] 2720_gamma1.4040000439: target_std=0.78152  raw_rmse=0.04791  vrmse=0.06130
[413/675] 2725_gamma1.4040000439: target_std=0.80450  raw_rmse=0.05300  vrmse=0.06588
[414/675] 2728_gamma1.4040000439: target_std=0.76306  raw_rmse=0.05724  vrmse=0.07502
[415/675] 2737_gamma1.4040000439: target_std=0.93346  raw_rmse=0.12376  vrmse=0.13258
[416/675] 2739_gamma1.4040000439: target_std=0.82566  raw_rmse=0.02488  vrmse=0.03014
[417/675] 2745_gamma1.4040000439: target_std=0.75832  raw_rmse=0.03743  vrmse=0.04936
[418/675] 2753_gamma1.4040000439: target_std=0.81781  raw_rmse=0.05779  vrmse=0.07067
[419/675] 2760_gamma1.4040000439: target_std=0.78839  raw_rmse=0.06939  vrmse=0.08802
[420/675] 2768_gamma1.4040000439: target_std=0.77522  raw_rmse=0.06815  vrmse=0.08791
[421/675] 2771_gamma1.4040000439: target_std=0.99481  raw_rmse=0.06472  vrmse=0.06506
[422/675] 2774_gamma1.4040000439: target_std=0.96695  raw_rmse=0.13295  vrmse=0.13750
[423/675] 2779_gamma1.4040000439: target_std=0.77061  raw_rmse=0.07319  vrmse=0.09498
[424/675] 2780_gamma1.4040000439: target_std=0.94133  raw_rmse=0.08258  vrmse=0.08773
[425/675] 2784_gamma1.4040000439: target_std=0.87164  raw_rmse=0.07886  vrmse=0.09047
[426/675] 2785_gamma1.4040000439: target_std=0.77710  raw_rmse=0.02363  vrmse=0.03041
[427/675] 2788_gamma1.4040000439: target_std=0.78235  raw_rmse=0.04706  vrmse=0.06016
[428/675] 2790_gamma1.4040000439: target_std=0.80524  raw_rmse=0.07815  vrmse=0.09705
[429/675] 2800_gamma1.4040000439: target_std=0.93589  raw_rmse=0.10385  vrmse=0.11097
[430/675] 2805_gamma1.4040000439: target_std=0.78439  raw_rmse=0.07999  vrmse=0.10197
[431/675] 2809_gamma1.4040000439: target_std=0.80225  raw_rmse=0.09150  vrmse=0.11405
[432/675] 2813_gamma1.4040000439: target_std=0.97744  raw_rmse=0.07721  vrmse=0.07899
[433/675] 2825_gamma1.4040000439: target_std=0.82070  raw_rmse=0.05546  vrmse=0.06758
[434/675] 2831_gamma1.4040000439: target_std=0.75944  raw_rmse=0.03518  vrmse=0.04633
[435/675] 2832_gamma1.4040000439: target_std=0.79344  raw_rmse=0.04064  vrmse=0.05121
[436/675] 2845_gamma1.4040000439: target_std=1.25889  raw_rmse=0.08787  vrmse=0.06980
[437/675] 2850_gamma1.4040000439: target_std=0.85507  raw_rmse=0.03925  vrmse=0.04590
[438/675] 2861_gamma1.4040000439: target_std=0.79579  raw_rmse=0.07542  vrmse=0.09478
[439/675] 2863_gamma1.4040000439: target_std=0.79730  raw_rmse=0.05700  vrmse=0.07149
[440/675] 2865_gamma1.4040000439: target_std=0.77488  raw_rmse=0.05149  vrmse=0.06645
[441/675] 2883_gamma1.4040000439: target_std=0.77484  raw_rmse=0.05002  vrmse=0.06456
[442/675] 2885_gamma1.4040000439: target_std=0.79747  raw_rmse=0.08008  vrmse=0.10042
[443/675] 2886_gamma1.4040000439: target_std=0.82048  raw_rmse=0.07166  vrmse=0.08734
[444/675] 2905_gamma1.4040000439: target_std=0.80422  raw_rmse=0.03340  vrmse=0.04153
[445/675] 2915_gamma1.4040000439: target_std=0.78031  raw_rmse=0.04340  vrmse=0.05562
[446/675] 2917_gamma1.4040000439: target_std=0.74920  raw_rmse=0.05736  vrmse=0.07657
[447/675] 2921_gamma1.4040000439: target_std=0.78202  raw_rmse=0.08921  vrmse=0.11408
[448/675] 2924_gamma1.4040000439: target_std=0.78441  raw_rmse=0.09201  vrmse=0.11729
[449/675] 2928_gamma1.4040000439: target_std=0.85569  raw_rmse=0.11376  vrmse=0.13295
[450/675] 2930_gamma1.4040000439: target_std=0.79276  raw_rmse=0.08672  vrmse=0.10939
[451/675] 2931_gamma1.4040000439: target_std=0.80917  raw_rmse=0.08866  vrmse=0.10957
[452/675] 2934_gamma1.4040000439: target_std=0.79673  raw_rmse=0.07224  vrmse=0.09068
[453/675] 2951_gamma1.4040000439: target_std=0.80578  raw_rmse=0.04059  vrmse=0.05038
[454/675] 2952_gamma1.4040000439: target_std=0.77881  raw_rmse=0.05877  vrmse=0.07546
[455/675] 2966_gamma1.4040000439: target_std=0.78469  raw_rmse=0.05647  vrmse=0.07197
[456/675] 2974_gamma1.4040000439: target_std=0.81001  raw_rmse=0.04298  vrmse=0.05306
[457/675] 2975_gamma1.4040000439: target_std=0.77401  raw_rmse=0.03186  vrmse=0.04117
[458/675] 2976_gamma1.4040000439: target_std=0.82043  raw_rmse=0.06870  vrmse=0.08373
[459/675] 2990_gamma1.4040000439: target_std=0.80090  raw_rmse=0.06402  vrmse=0.07994
[460/675] 2991_gamma1.4040000439: target_std=0.95248  raw_rmse=0.12546  vrmse=0.13172
[461/675] 3006_gamma1.4040000439: target_std=0.79689  raw_rmse=0.06397  vrmse=0.08027
[462/675] 3012_gamma1.4040000439: target_std=0.84004  raw_rmse=0.06801  vrmse=0.08096
[463/675] 3020_gamma1.4040000439: target_std=0.82299  raw_rmse=0.09529  vrmse=0.11578
[464/675] 3026_gamma1.4040000439: target_std=0.85162  raw_rmse=0.08441  vrmse=0.09912
[465/675] 3028_gamma1.4040000439: target_std=0.87893  raw_rmse=0.05233  vrmse=0.05953
[466/675] 3034_gamma1.4040000439: target_std=0.78391  raw_rmse=0.03707  vrmse=0.04728
[467/675] 3036_gamma1.4040000439: target_std=0.83190  raw_rmse=0.06326  vrmse=0.07604
[468/675] 3052_gamma1.4040000439: target_std=0.78493  raw_rmse=0.03187  vrmse=0.04061
[469/675] 3053_gamma1.4040000439: target_std=0.86629  raw_rmse=0.11661  vrmse=0.13461
[470/675] 3058_gamma1.4040000439: target_std=0.81406  raw_rmse=0.04821  vrmse=0.05922
[471/675] 3062_gamma1.4040000439: target_std=0.78565  raw_rmse=0.02988  vrmse=0.03804
[472/675] 3082_gamma1.4040000439: target_std=0.79071  raw_rmse=0.04770  vrmse=0.06033
[473/675] 3083_gamma1.4040000439: target_std=0.87231  raw_rmse=0.04145  vrmse=0.04751
[474/675] 3106_gamma1.4040000439: target_std=0.84595  raw_rmse=0.09182  vrmse=0.10854
[475/675] 3114_gamma1.4040000439: target_std=0.79316  raw_rmse=0.03543  vrmse=0.04467
[476/675] 3120_gamma1.4040000439: target_std=0.78861  raw_rmse=0.05858  vrmse=0.07428
[477/675] 3122_gamma1.4040000439: target_std=0.75734  raw_rmse=0.03337  vrmse=0.04407
[478/675] 3125_gamma1.4040000439: target_std=0.78946  raw_rmse=0.05897  vrmse=0.07469
[479/675] 3131_gamma1.4040000439: target_std=0.95232  raw_rmse=0.07459  vrmse=0.07832
[480/675] 3139_gamma1.4040000439: target_std=1.28766  raw_rmse=0.05231  vrmse=0.04062
[481/675] 3140_gamma1.4040000439: target_std=0.83869  raw_rmse=0.07828  vrmse=0.09334
[482/675] 3142_gamma1.4040000439: target_std=0.81002  raw_rmse=0.07310  vrmse=0.09024
[483/675] 3153_gamma1.4529999495: target_std=0.76145  raw_rmse=0.04765  vrmse=0.06258
[484/675] 3157_gamma1.4529999495: target_std=1.11491  raw_rmse=0.12517  vrmse=0.11226
[485/675] 3158_gamma1.4529999495: target_std=0.76517  raw_rmse=0.05402  vrmse=0.07060
[486/675] 3171_gamma1.4529999495: target_std=0.80068  raw_rmse=0.06381  vrmse=0.07969
[487/675] 3173_gamma1.4529999495: target_std=0.79934  raw_rmse=0.05082  vrmse=0.06358
[488/675] 3178_gamma1.4529999495: target_std=0.80449  raw_rmse=0.09468  vrmse=0.11769
[489/675] 3179_gamma1.4529999495: target_std=1.15975  raw_rmse=0.07242  vrmse=0.06245
[490/675] 3207_gamma1.4529999495: target_std=0.80217  raw_rmse=0.05708  vrmse=0.07115
[491/675] 3210_gamma1.4529999495: target_std=0.80782  raw_rmse=0.06039  vrmse=0.07476
[492/675] 3214_gamma1.4529999495: target_std=0.82823  raw_rmse=0.04957  vrmse=0.05985
[493/675] 3221_gamma1.4529999495: target_std=0.95892  raw_rmse=0.05710  vrmse=0.05955
[494/675] 3262_gamma1.4529999495: target_std=0.75341  raw_rmse=0.03058  vrmse=0.04059
[495/675] 3276_gamma1.4529999495: target_std=0.81058  raw_rmse=0.04218  vrmse=0.05203
[496/675] 3282_gamma1.4529999495: target_std=0.82565  raw_rmse=0.10911  vrmse=0.13216
[497/675] 3285_gamma1.4529999495: target_std=0.75667  raw_rmse=0.06738  vrmse=0.08904
[498/675] 3298_gamma1.4529999495: target_std=0.75634  raw_rmse=0.04041  vrmse=0.05342
[499/675] 3300_gamma1.4529999495: target_std=1.21806  raw_rmse=0.15260  vrmse=0.12528
[500/675] 3307_gamma1.4529999495: target_std=0.92950  raw_rmse=0.07120  vrmse=0.07660
[501/675] 3311_gamma1.4529999495: target_std=0.76460  raw_rmse=0.04084  vrmse=0.05342
[502/675] 3316_gamma1.4529999495: target_std=0.86241  raw_rmse=0.10770  vrmse=0.12489
[503/675] 3319_gamma1.4529999495: target_std=0.88197  raw_rmse=0.08687  vrmse=0.09849
[504/675] 3323_gamma1.4529999495: target_std=0.81778  raw_rmse=0.04311  vrmse=0.05272
[505/675] 3325_gamma1.4529999495: target_std=0.81308  raw_rmse=0.08845  vrmse=0.10878
[506/675] 3331_gamma1.4529999495: target_std=0.78906  raw_rmse=0.06685  vrmse=0.08472
[507/675] 3338_gamma1.4529999495: target_std=0.76202  raw_rmse=0.05338  vrmse=0.07005
[508/675] 3341_gamma1.4529999495: target_std=0.77653  raw_rmse=0.05819  vrmse=0.07494
[509/675] 3349_gamma1.4529999495: target_std=0.93568  raw_rmse=0.13736  vrmse=0.14680
[510/675] 3351_gamma1.4529999495: target_std=0.97427  raw_rmse=0.06915  vrmse=0.07098
[511/675] 3353_gamma1.4529999495: target_std=0.78499  raw_rmse=0.02497  vrmse=0.03181
[512/675] 3355_gamma1.4529999495: target_std=0.83910  raw_rmse=0.09365  vrmse=0.11161
[513/675] 3364_gamma1.4529999495: target_std=1.08680  raw_rmse=0.04200  vrmse=0.03864
[514/675] 3386_gamma1.4529999495: target_std=0.77395  raw_rmse=0.03790  vrmse=0.04897
[515/675] 3402_gamma1.4529999495: target_std=0.82175  raw_rmse=0.08643  vrmse=0.10517
[516/675] 3411_gamma1.4529999495: target_std=0.80889  raw_rmse=0.09900  vrmse=0.12238
[517/675] 3430_gamma1.4529999495: target_std=0.76622  raw_rmse=0.04746  vrmse=0.06194
[518/675] 3440_gamma1.4529999495: target_std=0.90608  raw_rmse=0.12217  vrmse=0.13483
[519/675] 3449_gamma1.4529999495: target_std=0.80777  raw_rmse=0.07738  vrmse=0.09579
[520/675] 3455_gamma1.4529999495: target_std=0.79373  raw_rmse=0.08708  vrmse=0.10971
[521/675] 3463_gamma1.4529999495: target_std=0.83336  raw_rmse=0.05350  vrmse=0.06420
[522/675] 3464_gamma1.4529999495: target_std=0.89836  raw_rmse=0.07347  vrmse=0.08178
[523/675] 3471_gamma1.4529999495: target_std=0.75823  raw_rmse=0.02687  vrmse=0.03544
[524/675] 3478_gamma1.4529999495: target_std=0.78336  raw_rmse=0.04336  vrmse=0.05535
[525/675] 3481_gamma1.4529999495: target_std=0.79887  raw_rmse=0.06343  vrmse=0.07940
[526/675] 3487_gamma1.4529999495: target_std=0.77418  raw_rmse=0.05434  vrmse=0.07018
[527/675] 3502_gamma1.4529999495: target_std=0.84505  raw_rmse=0.03714  vrmse=0.04396
[528/675] 3508_gamma1.4529999495: target_std=0.84439  raw_rmse=0.11078  vrmse=0.13120
[529/675] 3513_gamma1.4529999495: target_std=0.76513  raw_rmse=0.02781  vrmse=0.03635
[530/675] 3520_gamma1.4529999495: target_std=0.76626  raw_rmse=0.04386  vrmse=0.05724
[531/675] 3523_gamma1.4529999495: target_std=0.90183  raw_rmse=0.12545  vrmse=0.13910
[532/675] 3527_gamma1.4529999495: target_std=0.84395  raw_rmse=0.09017  vrmse=0.10685
[533/675] 3551_gamma1.4529999495: target_std=0.73939  raw_rmse=0.06370  vrmse=0.08616
[534/675] 3563_gamma1.4529999495: target_std=0.81472  raw_rmse=0.08916  vrmse=0.10943
[535/675] 3571_gamma1.4529999495: target_std=0.77301  raw_rmse=0.06295  vrmse=0.08143
[536/675] 3578_gamma1.4529999495: target_std=0.82372  raw_rmse=0.07317  vrmse=0.08883
[537/675] 3579_gamma1.4529999495: target_std=0.86548  raw_rmse=0.07065  vrmse=0.08163
[538/675] 3587_gamma1.4529999495: target_std=1.00781  raw_rmse=0.09730  vrmse=0.09655
[539/675] 3589_gamma1.4529999495: target_std=0.75761  raw_rmse=0.04262  vrmse=0.05626
[540/675] 3591_gamma1.4529999495: target_std=1.05812  raw_rmse=0.11997  vrmse=0.11338
[541/675] 3592_gamma1.4529999495: target_std=0.92314  raw_rmse=0.11012  vrmse=0.11928
[542/675] 3605_gamma1.5970000029: target_std=0.83973  raw_rmse=0.11116  vrmse=0.13237
[543/675] 3612_gamma1.5970000029: target_std=0.79415  raw_rmse=0.04044  vrmse=0.05092
[544/675] 3622_gamma1.5970000029: target_std=0.86053  raw_rmse=0.09229  vrmse=0.10725
[545/675] 3623_gamma1.5970000029: target_std=0.76365  raw_rmse=0.03843  vrmse=0.05032
[546/675] 3628_gamma1.5970000029: target_std=0.79500  raw_rmse=0.08308  vrmse=0.10451
[547/675] 3629_gamma1.5970000029: target_std=0.76280  raw_rmse=0.05428  vrmse=0.07115
[548/675] 3631_gamma1.5970000029: target_std=0.83209  raw_rmse=0.02730  vrmse=0.03281
[549/675] 3640_gamma1.5970000029: target_std=0.81907  raw_rmse=0.05786  vrmse=0.07065
[550/675] 3642_gamma1.5970000029: target_std=0.93311  raw_rmse=0.10601  vrmse=0.11361
[551/675] 3647_gamma1.5970000029: target_std=0.80001  raw_rmse=0.06425  vrmse=0.08031
[552/675] 3654_gamma1.5970000029: target_std=0.80102  raw_rmse=0.07760  vrmse=0.09688
[553/675] 3670_gamma1.5970000029: target_std=1.24262  raw_rmse=0.08320  vrmse=0.06696
[554/675] 3672_gamma1.5970000029: target_std=0.81860  raw_rmse=0.05737  vrmse=0.07009
[555/675] 3677_gamma1.5970000029: target_std=0.77616  raw_rmse=0.02898  vrmse=0.03733
[556/675] 3684_gamma1.5970000029: target_std=0.79604  raw_rmse=0.08721  vrmse=0.10955
[557/675] 3694_gamma1.5970000029: target_std=0.75788  raw_rmse=0.03321  vrmse=0.04382
[558/675] 3710_gamma1.5970000029: target_std=0.77352  raw_rmse=0.06701  vrmse=0.08663
[559/675] 3713_gamma1.5970000029: target_std=0.76776  raw_rmse=0.06275  vrmse=0.08173
[560/675] 3727_gamma1.5970000029: target_std=0.97655  raw_rmse=0.11858  vrmse=0.12143
[561/675] 3734_gamma1.5970000029: target_std=0.77700  raw_rmse=0.05128  vrmse=0.06600
[562/675] 3736_gamma1.5970000029: target_std=0.78313  raw_rmse=0.07988  vrmse=0.10199
[563/675] 3781_gamma1.5970000029: target_std=0.81280  raw_rmse=0.06883  vrmse=0.08468
[564/675] 3784_gamma1.5970000029: target_std=0.81020  raw_rmse=0.06055  vrmse=0.07474
[565/675] 3786_gamma1.5970000029: target_std=0.78140  raw_rmse=0.07588  vrmse=0.09711
[566/675] 3790_gamma1.5970000029: target_std=0.79515  raw_rmse=0.03840  vrmse=0.04829
[567/675] 3801_gamma1.5970000029: target_std=0.75673  raw_rmse=0.04679  vrmse=0.06183
[568/675] 3806_gamma1.5970000029: target_std=0.82793  raw_rmse=0.08575  vrmse=0.10357
[569/675] 3808_gamma1.5970000029: target_std=0.81315  raw_rmse=0.10254  vrmse=0.12610
[570/675] 3809_gamma1.5970000029: target_std=0.79204  raw_rmse=0.07849  vrmse=0.09910
[571/675] 3827_gamma1.5970000029: target_std=0.80638  raw_rmse=0.05039  vrmse=0.06248
[572/675] 3840_gamma1.5970000029: target_std=0.83939  raw_rmse=0.10745  vrmse=0.12801
[573/675] 3842_gamma1.5970000029: target_std=0.84416  raw_rmse=0.06914  vrmse=0.08190
[574/675] 3844_gamma1.5970000029: target_std=0.94851  raw_rmse=0.12228  vrmse=0.12891
[575/675] 3855_gamma1.5970000029: target_std=0.91506  raw_rmse=0.06854  vrmse=0.07491
[576/675] 3856_gamma1.5970000029: target_std=0.85452  raw_rmse=0.10728  vrmse=0.12555
[577/675] 3863_gamma1.5970000029: target_std=0.78848  raw_rmse=0.07615  vrmse=0.09657
[578/675] 3876_gamma1.5970000029: target_std=0.80479  raw_rmse=0.03858  vrmse=0.04794
[579/675] 3886_gamma1.5970000029: target_std=0.80227  raw_rmse=0.03182  vrmse=0.03967
[580/675] 3888_gamma1.5970000029: target_std=0.79865  raw_rmse=0.05704  vrmse=0.07142
[581/675] 3891_gamma1.5970000029: target_std=0.79421  raw_rmse=0.09570  vrmse=0.12050
[582/675] 3892_gamma1.5970000029: target_std=0.83092  raw_rmse=0.06465  vrmse=0.07781
[583/675] 3900_gamma1.5970000029: target_std=0.79426  raw_rmse=0.07892  vrmse=0.09936
[584/675] 3912_gamma1.5970000029: target_std=0.83156  raw_rmse=0.07653  vrmse=0.09203
[585/675] 3919_gamma1.5970000029: target_std=0.81846  raw_rmse=0.06391  vrmse=0.07809
[586/675] 3922_gamma1.5970000029: target_std=0.84122  raw_rmse=0.05013  vrmse=0.05960
[587/675] 3923_gamma1.5970000029: target_std=0.86039  raw_rmse=0.06164  vrmse=0.07164
[588/675] 3936_gamma1.5970000029: target_std=0.80358  raw_rmse=0.04570  vrmse=0.05687
[589/675] 3944_gamma1.5970000029: target_std=0.80191  raw_rmse=0.07678  vrmse=0.09575
[590/675] 3947_gamma1.5970000029: target_std=0.79526  raw_rmse=0.05209  vrmse=0.06550
[591/675] 3950_gamma1.5970000029: target_std=1.00687  raw_rmse=0.11080  vrmse=0.11005
[592/675] 3955_gamma1.5970000029: target_std=0.82522  raw_rmse=0.05979  vrmse=0.07245
[593/675] 3956_gamma1.5970000029: target_std=1.02731  raw_rmse=0.14496  vrmse=0.14111
[594/675] 3958_gamma1.5970000029: target_std=1.26794  raw_rmse=0.11898  vrmse=0.09384
[595/675] 3970_gamma1.5970000029: target_std=0.96288  raw_rmse=0.05813  vrmse=0.06037
[596/675] 3973_gamma1.5970000029: target_std=0.89373  raw_rmse=0.07648  vrmse=0.08557
[597/675] 3974_gamma1.5970000029: target_std=0.95718  raw_rmse=0.09874  vrmse=0.10316
[598/675] 3980_gamma1.5970000029: target_std=0.77565  raw_rmse=0.07099  vrmse=0.09152
[599/675] 3992_gamma1.5970000029: target_std=0.77317  raw_rmse=0.07135  vrmse=0.09228
[600/675] 3998_gamma1.5970000029: target_std=0.81623  raw_rmse=0.06771  vrmse=0.08295
[601/675] 4002_gamma1.5970000029: target_std=0.81110  raw_rmse=0.06094  vrmse=0.07514
[602/675] 4004_gamma1.5970000029: target_std=0.78709  raw_rmse=0.06343  vrmse=0.08059
[603/675] 4033_gamma1.5970000029: target_std=0.98568  raw_rmse=0.10162  vrmse=0.10310
[604/675] 4046_gamma1.5970000029: target_std=0.86987  raw_rmse=0.03811  vrmse=0.04382
[605/675] 4048_gamma1.5970000029: target_std=0.79288  raw_rmse=0.05816  vrmse=0.07336
[606/675] 4057_gamma1.7599999905: target_std=0.85491  raw_rmse=0.06268  vrmse=0.07332
[607/675] 4060_gamma1.7599999905: target_std=1.19449  raw_rmse=0.10129  vrmse=0.08480
[608/675] 4074_gamma1.7599999905: target_std=0.88587  raw_rmse=0.09191  vrmse=0.10376
[609/675] 4076_gamma1.7599999905: target_std=0.82318  raw_rmse=0.06274  vrmse=0.07621
[610/675] 4080_gamma1.7599999905: target_std=0.76980  raw_rmse=0.03378  vrmse=0.04389
[611/675] 4082_gamma1.7599999905: target_std=0.82380  raw_rmse=0.05639  vrmse=0.06845
[612/675] 4101_gamma1.7599999905: target_std=0.84860  raw_rmse=0.12895  vrmse=0.15196
[613/675] 4106_gamma1.7599999905: target_std=1.09557  raw_rmse=0.06406  vrmse=0.05847
[614/675] 4110_gamma1.7599999905: target_std=0.75588  raw_rmse=0.07007  vrmse=0.09270
[615/675] 4134_gamma1.7599999905: target_std=0.80956  raw_rmse=0.05694  vrmse=0.07033
[616/675] 4140_gamma1.7599999905: target_std=0.80421  raw_rmse=0.03824  vrmse=0.04755
[617/675] 4145_gamma1.7599999905: target_std=0.76093  raw_rmse=0.05138  vrmse=0.06752
[618/675] 4148_gamma1.7599999905: target_std=0.82775  raw_rmse=0.08230  vrmse=0.09942
[619/675] 4149_gamma1.7599999905: target_std=0.79068  raw_rmse=0.06551  vrmse=0.08286
[620/675] 4171_gamma1.7599999905: target_std=0.79790  raw_rmse=0.04178  vrmse=0.05236
[621/675] 4172_gamma1.7599999905: target_std=0.78157  raw_rmse=0.08040  vrmse=0.10287
[622/675] 4173_gamma1.7599999905: target_std=0.88288  raw_rmse=0.11942  vrmse=0.13526
[623/675] 4183_gamma1.7599999905: target_std=0.83755  raw_rmse=0.08731  vrmse=0.10424
[624/675] 4186_gamma1.7599999905: target_std=0.78629  raw_rmse=0.06967  vrmse=0.08861
[625/675] 4217_gamma1.7599999905: target_std=0.82917  raw_rmse=0.07689  vrmse=0.09274
[626/675] 4219_gamma1.7599999905: target_std=1.00749  raw_rmse=0.10808  vrmse=0.10728
[627/675] 4223_gamma1.7599999905: target_std=0.89525  raw_rmse=0.13056  vrmse=0.14583
[628/675] 4233_gamma1.7599999905: target_std=0.78758  raw_rmse=0.06768  vrmse=0.08593
[629/675] 4242_gamma1.7599999905: target_std=0.78415  raw_rmse=0.04212  vrmse=0.05371
[630/675] 4244_gamma1.7599999905: target_std=0.80327  raw_rmse=0.05196  vrmse=0.06469
[631/675] 4258_gamma1.7599999905: target_std=0.75173  raw_rmse=0.04422  vrmse=0.05883
[632/675] 4260_gamma1.7599999905: target_std=0.82624  raw_rmse=0.07414  vrmse=0.08973
[633/675] 4263_gamma1.7599999905: target_std=1.00790  raw_rmse=0.13564  vrmse=0.13458
[634/675] 4282_gamma1.7599999905: target_std=0.85155  raw_rmse=0.08703  vrmse=0.10220
[635/675] 4285_gamma1.7599999905: target_std=0.77602  raw_rmse=0.04212  vrmse=0.05427
[636/675] 4288_gamma1.7599999905: target_std=0.79825  raw_rmse=0.07513  vrmse=0.09412
[637/675] 4289_gamma1.7599999905: target_std=1.11258  raw_rmse=0.06471  vrmse=0.05817
[638/675] 4293_gamma1.7599999905: target_std=0.77060  raw_rmse=0.04057  vrmse=0.05265
[639/675] 4322_gamma1.7599999905: target_std=0.77756  raw_rmse=0.06484  vrmse=0.08339
[640/675] 4324_gamma1.7599999905: target_std=0.80344  raw_rmse=0.04368  vrmse=0.05436
[641/675] 4330_gamma1.7599999905: target_std=0.76123  raw_rmse=0.04888  vrmse=0.06422
[642/675] 4331_gamma1.7599999905: target_std=0.80314  raw_rmse=0.05099  vrmse=0.06349
[643/675] 4335_gamma1.7599999905: target_std=0.80192  raw_rmse=0.06947  vrmse=0.08663
[644/675] 4342_gamma1.7599999905: target_std=0.81485  raw_rmse=0.07983  vrmse=0.09797
[645/675] 4346_gamma1.7599999905: target_std=1.28523  raw_rmse=0.04414  vrmse=0.03434
[646/675] 4347_gamma1.7599999905: target_std=0.79834  raw_rmse=0.06990  vrmse=0.08756
[647/675] 4348_gamma1.7599999905: target_std=0.79215  raw_rmse=0.05165  vrmse=0.06520
[648/675] 4352_gamma1.7599999905: target_std=0.79199  raw_rmse=0.06654  vrmse=0.08402
[649/675] 4353_gamma1.7599999905: target_std=0.77997  raw_rmse=0.06305  vrmse=0.08083
[650/675] 4357_gamma1.7599999905: target_std=0.87839  raw_rmse=0.10470  vrmse=0.11919
[651/675] 4359_gamma1.7599999905: target_std=0.79694  raw_rmse=0.05356  vrmse=0.06721
[652/675] 4362_gamma1.7599999905: target_std=0.80194  raw_rmse=0.06227  vrmse=0.07765
[653/675] 4366_gamma1.7599999905: target_std=0.77167  raw_rmse=0.02694  vrmse=0.03491
[654/675] 4378_gamma1.7599999905: target_std=1.01662  raw_rmse=0.07250  vrmse=0.07132
[655/675] 4383_gamma1.7599999905: target_std=0.84827  raw_rmse=0.04013  vrmse=0.04731
[656/675] 4384_gamma1.7599999905: target_std=0.80630  raw_rmse=0.04701  vrmse=0.05830
[657/675] 4388_gamma1.7599999905: target_std=0.74488  raw_rmse=0.06152  vrmse=0.08259
[658/675] 4390_gamma1.7599999905: target_std=0.86380  raw_rmse=0.11083  vrmse=0.12830
[659/675] 4407_gamma1.7599999905: target_std=0.75628  raw_rmse=0.03334  vrmse=0.04408
[660/675] 4418_gamma1.7599999905: target_std=0.85271  raw_rmse=0.10207  vrmse=0.11970
[661/675] 4427_gamma1.7599999905: target_std=0.92628  raw_rmse=0.11332  vrmse=0.12234
[662/675] 4430_gamma1.7599999905: target_std=0.83596  raw_rmse=0.06846  vrmse=0.08189
[663/675] 4435_gamma1.7599999905: target_std=0.77176  raw_rmse=0.06346  vrmse=0.08223
[664/675] 4436_gamma1.7599999905: target_std=0.94758  raw_rmse=0.08520  vrmse=0.08991
[665/675] 4440_gamma1.7599999905: target_std=0.80359  raw_rmse=0.08388  vrmse=0.10438
[666/675] 4447_gamma1.7599999905: target_std=0.76184  raw_rmse=0.04598  vrmse=0.06035
[667/675] 4454_gamma1.7599999905: target_std=0.80303  raw_rmse=0.09658  vrmse=0.12027
[668/675] 4467_gamma1.7599999905: target_std=0.77721  raw_rmse=0.08200  vrmse=0.10550
[669/675] 4476_gamma1.7599999905: target_std=0.80094  raw_rmse=0.05536  vrmse=0.06912
[670/675] 4477_gamma1.7599999905: target_std=0.77758  raw_rmse=0.03650  vrmse=0.04694
[671/675] 4479_gamma1.7599999905: target_std=0.81425  raw_rmse=0.09822  vrmse=0.12062
[672/675] 4483_gamma1.7599999905: target_std=0.78637  raw_rmse=0.03173  vrmse=0.04035
[673/675] 4487_gamma1.7599999905: target_std=0.84405  raw_rmse=0.07609  vrmse=0.09015
[674/675] 4495_gamma1.7599999905: target_std=0.81418  raw_rmse=0.06985  vrmse=0.08579
[675/675] 4498_gamma1.7599999905: target_std=0.79434  raw_rmse=0.06862  vrmse=0.08639

======================================================================
n=675 sample(s)
target_std_mean   (target's own internal dynamic range) : 0.84272
latent_rmse_mean  (raw, UNNORMALIZED prediction error)  : 0.07010
latent_vrmse_mean (self-normalized, matches training viz): 0.08261

Cross-normalized against reference_std=1.15000:
  cross_normalized_vrmse = latent_rmse_mean / reference_std = 0.06095
  (compare this to latent_vrmse_mean above -- if it's much larger, the small
   latent_vrmse_mean was mostly this arm's own target variance shrinking, not
   genuinely more accurate absolute prediction)

Saved: logs/lundquist/diagnose_latent_scale/22785/scale_diagnostic.json
permission denied while trying to connect to the Docker daemon socket at unix:///var/run/docker.sock: Get "http://%2Fvar%2Frun%2Fdocker.sock/v1.24/containers/json?filters=%7B%22label%22%3A%7B%22slurm_job_id%3D22785%22%3Atrue%7D%7D": dial unix /var/run/docker.sock: connect: permission denied
