job=22786 node=lundquist gpus=0
PREPROCESSED_DATA_ROOT: dit_preprocessed/finetune_vae_whole_structure_baseline_ep20_sds_w1
DIT_CHECKPOINT: dit_outputs/lundquist/dit_sds_w1/checkpoints/model_weights_step_08033.safetensors
SCALAR_CHECKPOINT: dit_outputs/lundquist/dit_sds_w1/checkpoints/scalar_embedding_step_08033.safetensors
VAE_CHECKPOINT: finetune_vae_outputs/lundquist/finetune_vae_whole_structure_baseline_ep20_sds_w1/checkpoints/vae_shockwave_best.safetensors
NORMALIZATION: finetune_vae_outputs/lundquist/finetune_vae_whole_structure_baseline_ep20_sds_w1/training_config.yaml
NUM_SAMPLES: 675
REFERENCE_STD: 1.1500009715557098
OUT_DIR: logs/lundquist/diagnose_latent_scale/22786
/local/disk/hramachandran/miniconda/envs/windinet/lib/python3.10/site-packages/huggingface_hub/utils/_validators.py:205: UserWarning: The `local_dir_use_symlinks` argument is deprecated and ignored in `hf_hub_download`. Downloading to a local directory does not use symlinks anymore.
  warnings.warn(
Evaluating 675 held-out sim(s) from /local/disk/hramachandran/work/wh_work/windinet/euler_mq_dataset/128x128_ds/train.h5
Latent space verified: fingerprint ef4adb788860888b matches the DiT's training latents
INFO     HTTP Request: HEAD                                      _client.py:1025
         https://huggingface.co/Lightricks/LTX-Video-0.9.5/resol                
         ve/main/vae/config.json "HTTP/1.1 307 Temporary                        
         Redirect"                                                              
INFO     HTTP Request: HEAD                                      _client.py:1025
         https://huggingface.co/api/resolve-cache/models/Lightri                
         cks/LTX-Video-0.9.5/e58e28c39631af4d1468ee57a853764e11c                
         1d37e/vae%2Fconfig.json "HTTP/1.1 200 OK"                              
INFO     HTTP Request: HEAD                                      _client.py:1025
         https://huggingface.co/Lightricks/LTX-Video-0.9.5/resol                
         ve/e58e28c39631af4d1468ee57a853764e11c1d37e/vae/diffusi                
         on_pytorch_model.safetensors.index.json "HTTP/1.1 404                  
         Not Found"                                                             
[windinet] loaded inflated VAE checkpoint: /local/disk/hramachandran/work/wh_work/windinet/finetune_vae_outputs/lundquist/finetune_vae_whole_structure_baseline_ep20_sds_w1/checkpoints/vae_shockwave_best.safetensors (epoch=20, step=2380)
INFO     HTTP Request: HEAD                                      _client.py:1025
         https://huggingface.co/Lightricks/LTX-Video-0.9.5/resol                
         ve/main/scheduler/scheduler_config.json "HTTP/1.1 307                  
         Temporary Redirect"                                                    
INFO     HTTP Request: HEAD                                      _client.py:1025
         https://huggingface.co/api/resolve-cache/models/Lightri                
         cks/LTX-Video-0.9.5/e58e28c39631af4d1468ee57a853764e11c                
         1d37e/scheduler%2Fscheduler_config.json "HTTP/1.1 200                  
         OK"                                                                    
INFO     HTTP Request: HEAD                                      _client.py:1025
         https://huggingface.co/Lightricks/LTX-Video/resolve/mai                
         n/ltxv-2b-0.9.6-dev-04-25.safetensors "HTTP/1.1 302                    
         Found"                                                                 
INFO     HTTP Request: HEAD                                      _client.py:1025
         https://huggingface.co/Lightricks/LTX-Video-0.9.5/resol                
         ve/main/transformer/config.json "HTTP/1.1 307 Temporary                
         Redirect"                                                              
INFO     HTTP Request: HEAD                                      _client.py:1025
         https://huggingface.co/api/resolve-cache/models/Lightri                
         cks/LTX-Video-0.9.5/e58e28c39631af4d1468ee57a853764e11c                
         1d37e/transformer%2Fconfig.json "HTTP/1.1 200 OK"                      
[1/675] 0000_gamma1.1299999952: target_std=1.27238  raw_rmse=0.04938  vrmse=0.03881
[2/675] 0008_gamma1.1299999952: target_std=1.26921  raw_rmse=0.05917  vrmse=0.04662
[3/675] 0010_gamma1.1299999952: target_std=1.29028  raw_rmse=0.04475  vrmse=0.03468
[4/675] 0034_gamma1.1299999952: target_std=1.39768  raw_rmse=0.06231  vrmse=0.04458
[5/675] 0037_gamma1.1299999952: target_std=1.22484  raw_rmse=0.03997  vrmse=0.03263
[6/675] 0064_gamma1.1299999952: target_std=1.24755  raw_rmse=0.04299  vrmse=0.03446
[7/675] 0069_gamma1.1299999952: target_std=1.26476  raw_rmse=0.05362  vrmse=0.04240
[8/675] 0073_gamma1.1299999952: target_std=1.26974  raw_rmse=0.04811  vrmse=0.03789
[9/675] 0076_gamma1.1299999952: target_std=1.24903  raw_rmse=0.04217  vrmse=0.03377
[10/675] 0084_gamma1.1299999952: target_std=1.26574  raw_rmse=0.04004  vrmse=0.03164
[11/675] 0091_gamma1.1299999952: target_std=1.24203  raw_rmse=0.04710  vrmse=0.03792
[12/675] 0092_gamma1.1299999952: target_std=1.23720  raw_rmse=0.03910  vrmse=0.03161
[13/675] 0093_gamma1.1299999952: target_std=1.23972  raw_rmse=0.03895  vrmse=0.03142
[14/675] 0098_gamma1.1299999952: target_std=1.24938  raw_rmse=0.04520  vrmse=0.03618
[15/675] 0105_gamma1.1299999952: target_std=1.24330  raw_rmse=0.04395  vrmse=0.03535
[16/675] 0108_gamma1.1299999952: target_std=1.36406  raw_rmse=0.05371  vrmse=0.03938
[17/675] 0110_gamma1.1299999952: target_std=1.30625  raw_rmse=0.05169  vrmse=0.03957
[18/675] 0111_gamma1.1299999952: target_std=1.25824  raw_rmse=0.04660  vrmse=0.03703
[19/675] 0119_gamma1.1299999952: target_std=1.27990  raw_rmse=0.03821  vrmse=0.02986
[20/675] 0125_gamma1.1299999952: target_std=1.27719  raw_rmse=0.04927  vrmse=0.03858
[21/675] 0129_gamma1.1299999952: target_std=1.26597  raw_rmse=0.05185  vrmse=0.04096
[22/675] 0135_gamma1.1299999952: target_std=1.27956  raw_rmse=0.07756  vrmse=0.06061
[23/675] 0143_gamma1.1299999952: target_std=1.25921  raw_rmse=0.03513  vrmse=0.02790
[24/675] 0150_gamma1.1299999952: target_std=1.26445  raw_rmse=0.05381  vrmse=0.04256
[25/675] 0154_gamma1.1299999952: target_std=1.25779  raw_rmse=0.03233  vrmse=0.02570
[26/675] 0163_gamma1.1299999952: target_std=1.23477  raw_rmse=0.04271  vrmse=0.03459
[27/675] 0175_gamma1.1299999952: target_std=1.27094  raw_rmse=0.05992  vrmse=0.04715
[28/675] 0178_gamma1.1299999952: target_std=1.24996  raw_rmse=0.04738  vrmse=0.03791
[29/675] 0183_gamma1.1299999952: target_std=1.25525  raw_rmse=0.03845  vrmse=0.03063
[30/675] 0187_gamma1.1299999952: target_std=1.26849  raw_rmse=0.04807  vrmse=0.03790
[31/675] 0193_gamma1.1299999952: target_std=1.31412  raw_rmse=0.07471  vrmse=0.05686
[32/675] 0194_gamma1.1299999952: target_std=1.24879  raw_rmse=0.04864  vrmse=0.03895
[33/675] 0202_gamma1.1299999952: target_std=1.31977  raw_rmse=0.05716  vrmse=0.04331
[34/675] 0209_gamma1.1299999952: target_std=1.26791  raw_rmse=0.05663  vrmse=0.04466
[35/675] 0214_gamma1.1299999952: target_std=1.25363  raw_rmse=0.04953  vrmse=0.03951
[36/675] 0221_gamma1.1299999952: target_std=1.26893  raw_rmse=0.05702  vrmse=0.04494
[37/675] 0224_gamma1.1299999952: target_std=1.40426  raw_rmse=0.05322  vrmse=0.03790
[38/675] 0232_gamma1.1299999952: target_std=1.25219  raw_rmse=0.06636  vrmse=0.05299
[39/675] 0238_gamma1.1299999952: target_std=1.30911  raw_rmse=0.04727  vrmse=0.03611
[40/675] 0239_gamma1.1299999952: target_std=1.23530  raw_rmse=0.04641  vrmse=0.03757
[41/675] 0243_gamma1.1299999952: target_std=1.25095  raw_rmse=0.03706  vrmse=0.02963
[42/675] 0248_gamma1.1299999952: target_std=1.24971  raw_rmse=0.03635  vrmse=0.02909
[43/675] 0254_gamma1.1299999952: target_std=1.26556  raw_rmse=0.06006  vrmse=0.04745
[44/675] 0256_gamma1.1299999952: target_std=1.22302  raw_rmse=0.04296  vrmse=0.03512
[45/675] 0258_gamma1.1299999952: target_std=1.25931  raw_rmse=0.04033  vrmse=0.03203
[46/675] 0261_gamma1.1299999952: target_std=1.36647  raw_rmse=0.04213  vrmse=0.03083
[47/675] 0263_gamma1.1299999952: target_std=1.25859  raw_rmse=0.03942  vrmse=0.03132
[48/675] 0268_gamma1.1299999952: target_std=1.31734  raw_rmse=0.05458  vrmse=0.04143
[49/675] 0281_gamma1.1299999952: target_std=1.26826  raw_rmse=0.03782  vrmse=0.02982
[50/675] 0289_gamma1.1299999952: target_std=1.25218  raw_rmse=0.05164  vrmse=0.04124
[51/675] 0291_gamma1.1299999952: target_std=1.25468  raw_rmse=0.05931  vrmse=0.04727
[52/675] 0298_gamma1.1299999952: target_std=1.24208  raw_rmse=0.03360  vrmse=0.02705
[53/675] 0299_gamma1.1299999952: target_std=1.33241  raw_rmse=0.04777  vrmse=0.03585
[54/675] 0322_gamma1.1299999952: target_std=1.23383  raw_rmse=0.04153  vrmse=0.03366
[55/675] 0339_gamma1.1299999952: target_std=1.25233  raw_rmse=0.04366  vrmse=0.03487
[56/675] 0343_gamma1.1299999952: target_std=1.41602  raw_rmse=0.07429  vrmse=0.05247
[57/675] 0350_gamma1.1299999952: target_std=1.24249  raw_rmse=0.04628  vrmse=0.03725
[58/675] 0353_gamma1.1299999952: target_std=1.26507  raw_rmse=0.03798  vrmse=0.03003
[59/675] 0365_gamma1.1299999952: target_std=1.46086  raw_rmse=0.05713  vrmse=0.03911
[60/675] 0366_gamma1.1299999952: target_std=1.24936  raw_rmse=0.04136  vrmse=0.03311
[61/675] 0372_gamma1.1299999952: target_std=1.24414  raw_rmse=0.03369  vrmse=0.02708
[62/675] 0384_gamma1.1299999952: target_std=1.25905  raw_rmse=0.03421  vrmse=0.02717
[63/675] 0389_gamma1.1299999952: target_std=1.30995  raw_rmse=0.06191  vrmse=0.04726
[64/675] 0394_gamma1.1299999952: target_std=1.26130  raw_rmse=0.04973  vrmse=0.03943
[65/675] 0395_gamma1.1299999952: target_std=1.26669  raw_rmse=0.05539  vrmse=0.04373
[66/675] 0400_gamma1.1299999952: target_std=1.24382  raw_rmse=0.04695  vrmse=0.03775
[67/675] 0406_gamma1.1299999952: target_std=1.27327  raw_rmse=0.06015  vrmse=0.04724
[68/675] 0407_gamma1.1299999952: target_std=1.25638  raw_rmse=0.04949  vrmse=0.03939
[69/675] 0408_gamma1.1299999952: target_std=1.31142  raw_rmse=0.04830  vrmse=0.03683
[70/675] 0413_gamma1.1299999952: target_std=1.24722  raw_rmse=0.04628  vrmse=0.03711
[71/675] 0423_gamma1.1299999952: target_std=1.26099  raw_rmse=0.05897  vrmse=0.04677
[72/675] 0425_gamma1.1299999952: target_std=1.29299  raw_rmse=0.04747  vrmse=0.03671
[73/675] 0440_gamma1.1299999952: target_std=1.24262  raw_rmse=0.05066  vrmse=0.04077
[74/675] 0445_gamma1.1299999952: target_std=1.44054  raw_rmse=0.06210  vrmse=0.04311
[75/675] 0465_gamma1.2200000286: target_std=1.24181  raw_rmse=0.04756  vrmse=0.03830
[76/675] 0481_gamma1.2200000286: target_std=1.25855  raw_rmse=0.04003  vrmse=0.03181
[77/675] 0484_gamma1.2200000286: target_std=1.25160  raw_rmse=0.05087  vrmse=0.04064
[78/675] 0492_gamma1.2200000286: target_std=1.31190  raw_rmse=0.04740  vrmse=0.03613
[79/675] 0507_gamma1.2200000286: target_std=1.25036  raw_rmse=0.04564  vrmse=0.03650
[80/675] 0512_gamma1.2200000286: target_std=1.25294  raw_rmse=0.04486  vrmse=0.03581
[81/675] 0522_gamma1.2200000286: target_std=1.24892  raw_rmse=0.05778  vrmse=0.04627
[82/675] 0538_gamma1.2200000286: target_std=1.23284  raw_rmse=0.03859  vrmse=0.03130
[83/675] 0545_gamma1.2200000286: target_std=1.27318  raw_rmse=0.05760  vrmse=0.04524
[84/675] 0553_gamma1.2200000286: target_std=1.29203  raw_rmse=0.06159  vrmse=0.04767
[85/675] 0555_gamma1.2200000286: target_std=1.24858  raw_rmse=0.04692  vrmse=0.03758
[86/675] 0557_gamma1.2200000286: target_std=1.24556  raw_rmse=0.03854  vrmse=0.03094
[87/675] 0573_gamma1.2200000286: target_std=1.24146  raw_rmse=0.04000  vrmse=0.03222
[88/675] 0576_gamma1.2200000286: target_std=1.27019  raw_rmse=0.04350  vrmse=0.03425
[89/675] 0581_gamma1.2200000286: target_std=1.24924  raw_rmse=0.04898  vrmse=0.03921
[90/675] 0588_gamma1.2200000286: target_std=1.29234  raw_rmse=0.05638  vrmse=0.04363
[91/675] 0607_gamma1.2200000286: target_std=1.26252  raw_rmse=0.03960  vrmse=0.03137
[92/675] 0613_gamma1.2200000286: target_std=1.30966  raw_rmse=0.05567  vrmse=0.04250
[93/675] 0623_gamma1.2200000286: target_std=1.27917  raw_rmse=0.04861  vrmse=0.03800
[94/675] 0628_gamma1.2200000286: target_std=1.24888  raw_rmse=0.05473  vrmse=0.04383
[95/675] 0634_gamma1.2200000286: target_std=1.28205  raw_rmse=0.04249  vrmse=0.03315
[96/675] 0635_gamma1.2200000286: target_std=1.26144  raw_rmse=0.04222  vrmse=0.03347
[97/675] 0647_gamma1.2200000286: target_std=1.24233  raw_rmse=0.04665  vrmse=0.03755
[98/675] 0651_gamma1.2200000286: target_std=1.25036  raw_rmse=0.04842  vrmse=0.03872
[99/675] 0661_gamma1.2200000286: target_std=1.28209  raw_rmse=0.03898  vrmse=0.03040
[100/675] 0668_gamma1.2200000286: target_std=1.27597  raw_rmse=0.03665  vrmse=0.02872
[101/675] 0669_gamma1.2200000286: target_std=1.32768  raw_rmse=0.06314  vrmse=0.04756
[102/675] 0674_gamma1.2200000286: target_std=1.25590  raw_rmse=0.04157  vrmse=0.03310
[103/675] 0677_gamma1.2200000286: target_std=1.25708  raw_rmse=0.04100  vrmse=0.03262
[104/675] 0681_gamma1.2200000286: target_std=1.28923  raw_rmse=0.04616  vrmse=0.03581
[105/675] 0700_gamma1.2200000286: target_std=1.24697  raw_rmse=0.04070  vrmse=0.03264
[106/675] 0703_gamma1.2200000286: target_std=1.34231  raw_rmse=0.08833  vrmse=0.06580
[107/675] 0737_gamma1.2200000286: target_std=1.25093  raw_rmse=0.04212  vrmse=0.03367
[108/675] 0747_gamma1.2200000286: target_std=1.29184  raw_rmse=0.05170  vrmse=0.04002
[109/675] 0756_gamma1.2200000286: target_std=1.24944  raw_rmse=0.04996  vrmse=0.03998
[110/675] 0757_gamma1.2200000286: target_std=1.34132  raw_rmse=0.04367  vrmse=0.03256
[111/675] 0767_gamma1.2200000286: target_std=1.25438  raw_rmse=0.04396  vrmse=0.03504
[112/675] 0771_gamma1.2200000286: target_std=1.26460  raw_rmse=0.04261  vrmse=0.03369
[113/675] 0775_gamma1.2200000286: target_std=1.44337  raw_rmse=0.03810  vrmse=0.02640
[114/675] 0784_gamma1.2200000286: target_std=1.25448  raw_rmse=0.03900  vrmse=0.03109
[115/675] 0790_gamma1.2200000286: target_std=1.26035  raw_rmse=0.04319  vrmse=0.03427
[116/675] 0791_gamma1.2200000286: target_std=1.23104  raw_rmse=0.03673  vrmse=0.02983
[117/675] 0810_gamma1.2200000286: target_std=1.25788  raw_rmse=0.04021  vrmse=0.03197
[118/675] 0814_gamma1.2200000286: target_std=1.25184  raw_rmse=0.04677  vrmse=0.03736
[119/675] 0817_gamma1.2200000286: target_std=1.23085  raw_rmse=0.03708  vrmse=0.03012
[120/675] 0821_gamma1.2200000286: target_std=1.23931  raw_rmse=0.04540  vrmse=0.03663
[121/675] 0823_gamma1.2200000286: target_std=1.26932  raw_rmse=0.06336  vrmse=0.04992
[122/675] 0825_gamma1.2200000286: target_std=1.21572  raw_rmse=0.03782  vrmse=0.03111
[123/675] 0828_gamma1.2200000286: target_std=1.25698  raw_rmse=0.03660  vrmse=0.02912
[124/675] 0839_gamma1.2200000286: target_std=1.28877  raw_rmse=0.06037  vrmse=0.04684
[125/675] 0841_gamma1.2200000286: target_std=1.24109  raw_rmse=0.04271  vrmse=0.03441
[126/675] 0843_gamma1.2200000286: target_std=1.24120  raw_rmse=0.04184  vrmse=0.03371
[127/675] 0852_gamma1.2200000286: target_std=1.29261  raw_rmse=0.04901  vrmse=0.03792
[128/675] 0857_gamma1.2200000286: target_std=1.32445  raw_rmse=0.05745  vrmse=0.04338
[129/675] 0869_gamma1.2200000286: target_std=1.24783  raw_rmse=0.04041  vrmse=0.03239
[130/675] 0880_gamma1.2200000286: target_std=1.26287  raw_rmse=0.04162  vrmse=0.03296
[131/675] 0881_gamma1.2200000286: target_std=1.30571  raw_rmse=0.05509  vrmse=0.04219
[132/675] 0888_gamma1.2200000286: target_std=1.24415  raw_rmse=0.05287  vrmse=0.04250
[133/675] 0890_gamma1.2200000286: target_std=1.24907  raw_rmse=0.04205  vrmse=0.03366
[134/675] 0899_gamma1.2200000286: target_std=1.25594  raw_rmse=0.03922  vrmse=0.03122
[135/675] 0901_gamma1.2999999523: target_std=1.25831  raw_rmse=0.04401  vrmse=0.03497
[136/675] 0907_gamma1.2999999523: target_std=1.26270  raw_rmse=0.05947  vrmse=0.04710
[137/675] 0909_gamma1.2999999523: target_std=1.25374  raw_rmse=0.04518  vrmse=0.03604
[138/675] 0919_gamma1.2999999523: target_std=1.24748  raw_rmse=0.05292  vrmse=0.04242
[139/675] 0929_gamma1.2999999523: target_std=1.25335  raw_rmse=0.04276  vrmse=0.03412
[140/675] 0947_gamma1.2999999523: target_std=1.28978  raw_rmse=0.04683  vrmse=0.03631
[141/675] 0949_gamma1.2999999523: target_std=1.23139  raw_rmse=0.04106  vrmse=0.03334
[142/675] 0967_gamma1.2999999523: target_std=1.27223  raw_rmse=0.03452  vrmse=0.02714
[143/675] 0975_gamma1.2999999523: target_std=1.23868  raw_rmse=0.03586  vrmse=0.02895
[144/675] 0989_gamma1.2999999523: target_std=1.25740  raw_rmse=0.04912  vrmse=0.03907
[145/675] 0996_gamma1.2999999523: target_std=1.24780  raw_rmse=0.05053  vrmse=0.04050
[146/675] 0999_gamma1.2999999523: target_std=1.26154  raw_rmse=0.03813  vrmse=0.03022
[147/675] 1008_gamma1.2999999523: target_std=1.24809  raw_rmse=0.04307  vrmse=0.03451
[148/675] 1012_gamma1.2999999523: target_std=1.27611  raw_rmse=0.05292  vrmse=0.04147
[149/675] 1014_gamma1.2999999523: target_std=1.47737  raw_rmse=0.05553  vrmse=0.03759
[150/675] 1029_gamma1.2999999523: target_std=1.28395  raw_rmse=0.04634  vrmse=0.03609
[151/675] 1030_gamma1.2999999523: target_std=1.28202  raw_rmse=0.05317  vrmse=0.04147
[152/675] 1036_gamma1.2999999523: target_std=1.26564  raw_rmse=0.04963  vrmse=0.03922
[153/675] 1051_gamma1.2999999523: target_std=1.44549  raw_rmse=0.05787  vrmse=0.04004
[154/675] 1057_gamma1.2999999523: target_std=1.22969  raw_rmse=0.03976  vrmse=0.03234
[155/675] 1062_gamma1.2999999523: target_std=1.26026  raw_rmse=0.05163  vrmse=0.04097
[156/675] 1064_gamma1.2999999523: target_std=1.25586  raw_rmse=0.04586  vrmse=0.03651
[157/675] 1075_gamma1.2999999523: target_std=1.27905  raw_rmse=0.04478  vrmse=0.03501
[158/675] 1080_gamma1.2999999523: target_std=1.24255  raw_rmse=0.04426  vrmse=0.03562
[159/675] 1092_gamma1.2999999523: target_std=1.23965  raw_rmse=0.04587  vrmse=0.03700
[160/675] 1098_gamma1.2999999523: target_std=1.28100  raw_rmse=0.06491  vrmse=0.05067
[161/675] 1104_gamma1.2999999523: target_std=1.30135  raw_rmse=0.04978  vrmse=0.03825
[162/675] 1110_gamma1.2999999523: target_std=1.36963  raw_rmse=0.04917  vrmse=0.03590
[163/675] 1111_gamma1.2999999523: target_std=1.25345  raw_rmse=0.03473  vrmse=0.02771
[164/675] 1115_gamma1.2999999523: target_std=1.27947  raw_rmse=0.04270  vrmse=0.03337
[165/675] 1129_gamma1.2999999523: target_std=1.33507  raw_rmse=0.04938  vrmse=0.03699
[166/675] 1135_gamma1.2999999523: target_std=1.25989  raw_rmse=0.04535  vrmse=0.03600
[167/675] 1140_gamma1.2999999523: target_std=1.23647  raw_rmse=0.04217  vrmse=0.03411
[168/675] 1151_gamma1.2999999523: target_std=1.20924  raw_rmse=0.04304  vrmse=0.03560
[169/675] 1153_gamma1.2999999523: target_std=1.30152  raw_rmse=0.05751  vrmse=0.04419
[170/675] 1155_gamma1.2999999523: target_std=1.34670  raw_rmse=0.05703  vrmse=0.04235
[171/675] 1156_gamma1.2999999523: target_std=1.24820  raw_rmse=0.03786  vrmse=0.03033
[172/675] 1158_gamma1.2999999523: target_std=1.26331  raw_rmse=0.05034  vrmse=0.03985
[173/675] 1165_gamma1.2999999523: target_std=1.28257  raw_rmse=0.04524  vrmse=0.03527
[174/675] 1182_gamma1.2999999523: target_std=1.25373  raw_rmse=0.03568  vrmse=0.02846
[175/675] 1188_gamma1.2999999523: target_std=1.24241  raw_rmse=0.03863  vrmse=0.03109
[176/675] 1189_gamma1.2999999523: target_std=1.25008  raw_rmse=0.05568  vrmse=0.04454
[177/675] 1198_gamma1.2999999523: target_std=1.23118  raw_rmse=0.04088  vrmse=0.03320
[178/675] 1199_gamma1.2999999523: target_std=1.26550  raw_rmse=0.05319  vrmse=0.04203
[179/675] 1206_gamma1.2999999523: target_std=1.34708  raw_rmse=0.04920  vrmse=0.03652
[180/675] 1227_gamma1.2999999523: target_std=1.28592  raw_rmse=0.04231  vrmse=0.03291
[181/675] 1232_gamma1.2999999523: target_std=1.25007  raw_rmse=0.04977  vrmse=0.03981
[182/675] 1235_gamma1.2999999523: target_std=1.28979  raw_rmse=0.04558  vrmse=0.03534
[183/675] 1239_gamma1.2999999523: target_std=1.27037  raw_rmse=0.06141  vrmse=0.04834
[184/675] 1255_gamma1.2999999523: target_std=1.36217  raw_rmse=0.06230  vrmse=0.04574
[185/675] 1257_gamma1.2999999523: target_std=1.24039  raw_rmse=0.04918  vrmse=0.03965
[186/675] 1266_gamma1.2999999523: target_std=1.40153  raw_rmse=0.10205  vrmse=0.07281
[187/675] 1285_gamma1.2999999523: target_std=1.33580  raw_rmse=0.04944  vrmse=0.03701
[188/675] 1287_gamma1.2999999523: target_std=1.23978  raw_rmse=0.03637  vrmse=0.02934
[189/675] 1290_gamma1.2999999523: target_std=1.26880  raw_rmse=0.04346  vrmse=0.03426
[190/675] 1306_gamma1.2999999523: target_std=1.26693  raw_rmse=0.03782  vrmse=0.02986
[191/675] 1310_gamma1.2999999523: target_std=1.25444  raw_rmse=0.04016  vrmse=0.03202
[192/675] 1315_gamma1.2999999523: target_std=1.22487  raw_rmse=0.03210  vrmse=0.02620
[193/675] 1318_gamma1.2999999523: target_std=1.29137  raw_rmse=0.06317  vrmse=0.04892
[194/675] 1322_gamma1.2999999523: target_std=1.24049  raw_rmse=0.04563  vrmse=0.03678
[195/675] 1330_gamma1.2999999523: target_std=1.23268  raw_rmse=0.05501  vrmse=0.04463
[196/675] 1334_gamma1.2999999523: target_std=1.30097  raw_rmse=0.04203  vrmse=0.03230
[197/675] 1343_gamma1.2999999523: target_std=1.25376  raw_rmse=0.03590  vrmse=0.02863
[198/675] 1346_gamma1.2999999523: target_std=1.24817  raw_rmse=0.04947  vrmse=0.03964
[199/675] 1351_gamma1.3300000429: target_std=1.24492  raw_rmse=0.05505  vrmse=0.04422
[200/675] 1359_gamma1.3300000429: target_std=1.21538  raw_rmse=0.03788  vrmse=0.03117
[201/675] 1363_gamma1.3300000429: target_std=1.29867  raw_rmse=0.04992  vrmse=0.03844
[202/675] 1375_gamma1.3300000429: target_std=1.25773  raw_rmse=0.05635  vrmse=0.04480
[203/675] 1386_gamma1.3300000429: target_std=1.25291  raw_rmse=0.06053  vrmse=0.04831
[204/675] 1388_gamma1.3300000429: target_std=1.25708  raw_rmse=0.04453  vrmse=0.03542
[205/675] 1396_gamma1.3300000429: target_std=1.28194  raw_rmse=0.03552  vrmse=0.02771
[206/675] 1397_gamma1.3300000429: target_std=1.26096  raw_rmse=0.04715  vrmse=0.03739
[207/675] 1415_gamma1.3300000429: target_std=1.26051  raw_rmse=0.03849  vrmse=0.03054
[208/675] 1444_gamma1.3300000429: target_std=1.34525  raw_rmse=0.06357  vrmse=0.04725
[209/675] 1459_gamma1.3300000429: target_std=1.24536  raw_rmse=0.03393  vrmse=0.02724
[210/675] 1462_gamma1.3300000429: target_std=1.26141  raw_rmse=0.04897  vrmse=0.03882
[211/675] 1463_gamma1.3300000429: target_std=1.27503  raw_rmse=0.03660  vrmse=0.02871
[212/675] 1474_gamma1.3300000429: target_std=1.26614  raw_rmse=0.05347  vrmse=0.04223
[213/675] 1477_gamma1.3300000429: target_std=1.23331  raw_rmse=0.04468  vrmse=0.03622
[214/675] 1480_gamma1.3300000429: target_std=1.35906  raw_rmse=0.04292  vrmse=0.03158
[215/675] 1488_gamma1.3300000429: target_std=1.26269  raw_rmse=0.05882  vrmse=0.04658
[216/675] 1509_gamma1.3300000429: target_std=1.24634  raw_rmse=0.03710  vrmse=0.02977
[217/675] 1512_gamma1.3300000429: target_std=1.23492  raw_rmse=0.04137  vrmse=0.03350
[218/675] 1521_gamma1.3300000429: target_std=1.26712  raw_rmse=0.07196  vrmse=0.05679
[219/675] 1524_gamma1.3300000429: target_std=1.26854  raw_rmse=0.04099  vrmse=0.03232
[220/675] 1526_gamma1.3300000429: target_std=1.27577  raw_rmse=0.03677  vrmse=0.02882
[221/675] 1542_gamma1.3300000429: target_std=1.25294  raw_rmse=0.04384  vrmse=0.03499
[222/675] 1545_gamma1.3300000429: target_std=1.29362  raw_rmse=0.05470  vrmse=0.04229
[223/675] 1555_gamma1.3300000429: target_std=1.35963  raw_rmse=0.04792  vrmse=0.03525
[224/675] 1557_gamma1.3300000429: target_std=1.29705  raw_rmse=0.06419  vrmse=0.04949
[225/675] 1569_gamma1.3300000429: target_std=1.33886  raw_rmse=0.05111  vrmse=0.03817
[226/675] 1576_gamma1.3300000429: target_std=1.24654  raw_rmse=0.03460  vrmse=0.02775
[227/675] 1577_gamma1.3300000429: target_std=1.26853  raw_rmse=0.04845  vrmse=0.03819
[228/675] 1585_gamma1.3300000429: target_std=1.23947  raw_rmse=0.04083  vrmse=0.03294
[229/675] 1587_gamma1.3300000429: target_std=1.26756  raw_rmse=0.04272  vrmse=0.03370
[230/675] 1594_gamma1.3300000429: target_std=1.25558  raw_rmse=0.05822  vrmse=0.04637
[231/675] 1606_gamma1.3300000429: target_std=1.22636  raw_rmse=0.03595  vrmse=0.02932
[232/675] 1611_gamma1.3300000429: target_std=1.23635  raw_rmse=0.05415  vrmse=0.04380
[233/675] 1612_gamma1.3300000429: target_std=1.30061  raw_rmse=0.05650  vrmse=0.04344
[234/675] 1613_gamma1.3300000429: target_std=1.24782  raw_rmse=0.04513  vrmse=0.03617
[235/675] 1616_gamma1.3300000429: target_std=1.26103  raw_rmse=0.04941  vrmse=0.03918
[236/675] 1619_gamma1.3300000429: target_std=1.25777  raw_rmse=0.03281  vrmse=0.02609
[237/675] 1625_gamma1.3300000429: target_std=1.25407  raw_rmse=0.03369  vrmse=0.02686
[238/675] 1637_gamma1.3300000429: target_std=1.22718  raw_rmse=0.04560  vrmse=0.03716
[239/675] 1650_gamma1.3300000429: target_std=1.22380  raw_rmse=0.03858  vrmse=0.03152
[240/675] 1658_gamma1.3300000429: target_std=1.24233  raw_rmse=0.03655  vrmse=0.02942
[241/675] 1661_gamma1.3300000429: target_std=1.27233  raw_rmse=0.03200  vrmse=0.02515
[242/675] 1663_gamma1.3300000429: target_std=1.25473  raw_rmse=0.04391  vrmse=0.03500
[243/675] 1664_gamma1.3300000429: target_std=1.31644  raw_rmse=0.03783  vrmse=0.02874
[244/675] 1671_gamma1.3300000429: target_std=1.36963  raw_rmse=0.07199  vrmse=0.05256
[245/675] 1685_gamma1.3300000429: target_std=1.24704  raw_rmse=0.05082  vrmse=0.04076
[246/675] 1696_gamma1.3300000429: target_std=1.24845  raw_rmse=0.03351  vrmse=0.02684
[247/675] 1723_gamma1.3300000429: target_std=1.37342  raw_rmse=0.06055  vrmse=0.04409
[248/675] 1725_gamma1.3300000429: target_std=1.24088  raw_rmse=0.04059  vrmse=0.03271
[249/675] 1730_gamma1.3300000429: target_std=1.24075  raw_rmse=0.03563  vrmse=0.02871
[250/675] 1733_gamma1.3300000429: target_std=1.24040  raw_rmse=0.04806  vrmse=0.03874
[251/675] 1735_gamma1.3300000429: target_std=1.27941  raw_rmse=0.07055  vrmse=0.05514
[252/675] 1738_gamma1.3300000429: target_std=1.36901  raw_rmse=0.05435  vrmse=0.03970
[253/675] 1755_gamma1.3300000429: target_std=1.26052  raw_rmse=0.03795  vrmse=0.03011
[254/675] 1757_gamma1.3300000429: target_std=1.29821  raw_rmse=0.06672  vrmse=0.05139
[255/675] 1759_gamma1.3300000429: target_std=1.29651  raw_rmse=0.04314  vrmse=0.03328
[256/675] 1760_gamma1.3300000429: target_std=1.22966  raw_rmse=0.05317  vrmse=0.04324
[257/675] 1761_gamma1.3300000429: target_std=1.31984  raw_rmse=0.04767  vrmse=0.03612
[258/675] 1779_gamma1.3300000429: target_std=1.27038  raw_rmse=0.04800  vrmse=0.03778
[259/675] 1782_gamma1.3300000429: target_std=1.23205  raw_rmse=0.05600  vrmse=0.04545
[260/675] 1783_gamma1.3300000429: target_std=1.28061  raw_rmse=0.04046  vrmse=0.03159
[261/675] 1786_gamma1.3300000429: target_std=1.27692  raw_rmse=0.05573  vrmse=0.04365
[262/675] 1789_gamma1.3300000429: target_std=1.23781  raw_rmse=0.04139  vrmse=0.03344
[263/675] 1792_gamma1.3300000429: target_std=1.26807  raw_rmse=0.04139  vrmse=0.03264
[264/675] 1796_gamma1.3300000429: target_std=1.25710  raw_rmse=0.03477  vrmse=0.02766
[265/675] 1797_gamma1.3300000429: target_std=1.25932  raw_rmse=0.04273  vrmse=0.03393
[266/675] 1798_gamma1.3300000429: target_std=1.27631  raw_rmse=0.05814  vrmse=0.04555
[267/675] 1801_gamma1.3650000095: target_std=1.28834  raw_rmse=0.06037  vrmse=0.04686
[268/675] 1808_gamma1.3650000095: target_std=1.26144  raw_rmse=0.05574  vrmse=0.04419
[269/675] 1814_gamma1.3650000095: target_std=1.24354  raw_rmse=0.03525  vrmse=0.02835
[270/675] 1827_gamma1.3650000095: target_std=1.46052  raw_rmse=0.05946  vrmse=0.04071
[271/675] 1830_gamma1.3650000095: target_std=1.26284  raw_rmse=0.05138  vrmse=0.04068
[272/675] 1831_gamma1.3650000095: target_std=1.24752  raw_rmse=0.04215  vrmse=0.03378
[273/675] 1843_gamma1.3650000095: target_std=1.24714  raw_rmse=0.04130  vrmse=0.03311
[274/675] 1844_gamma1.3650000095: target_std=1.26737  raw_rmse=0.04624  vrmse=0.03649
[275/675] 1845_gamma1.3650000095: target_std=1.25868  raw_rmse=0.05200  vrmse=0.04131
[276/675] 1850_gamma1.3650000095: target_std=1.26486  raw_rmse=0.04336  vrmse=0.03428
[277/675] 1854_gamma1.3650000095: target_std=1.28081  raw_rmse=0.04590  vrmse=0.03584
[278/675] 1859_gamma1.3650000095: target_std=1.24967  raw_rmse=0.04118  vrmse=0.03295
[279/675] 1862_gamma1.3650000095: target_std=1.21698  raw_rmse=0.04089  vrmse=0.03360
[280/675] 1863_gamma1.3650000095: target_std=1.48840  raw_rmse=0.05305  vrmse=0.03564
[281/675] 1865_gamma1.3650000095: target_std=1.26086  raw_rmse=0.04826  vrmse=0.03827
[282/675] 1877_gamma1.3650000095: target_std=1.26246  raw_rmse=0.04312  vrmse=0.03415
[283/675] 1879_gamma1.3650000095: target_std=1.27590  raw_rmse=0.06137  vrmse=0.04810
[284/675] 1886_gamma1.3650000095: target_std=1.26631  raw_rmse=0.06250  vrmse=0.04936
[285/675] 1888_gamma1.3650000095: target_std=1.31603  raw_rmse=0.07529  vrmse=0.05721
[286/675] 1904_gamma1.3650000095: target_std=1.27514  raw_rmse=0.04858  vrmse=0.03810
[287/675] 1906_gamma1.3650000095: target_std=1.23788  raw_rmse=0.04291  vrmse=0.03467
[288/675] 1915_gamma1.3650000095: target_std=1.24978  raw_rmse=0.05035  vrmse=0.04029
[289/675] 1916_gamma1.3650000095: target_std=1.25977  raw_rmse=0.04918  vrmse=0.03904
[290/675] 1931_gamma1.3650000095: target_std=1.22491  raw_rmse=0.03568  vrmse=0.02913
[291/675] 1933_gamma1.3650000095: target_std=1.28553  raw_rmse=0.07385  vrmse=0.05745
[292/675] 1935_gamma1.3650000095: target_std=1.24844  raw_rmse=0.03934  vrmse=0.03151
[293/675] 1939_gamma1.3650000095: target_std=1.26391  raw_rmse=0.05605  vrmse=0.04435
[294/675] 1943_gamma1.3650000095: target_std=1.25794  raw_rmse=0.05963  vrmse=0.04740
[295/675] 1952_gamma1.3650000095: target_std=1.32332  raw_rmse=0.07705  vrmse=0.05822
[296/675] 1958_gamma1.3650000095: target_std=1.23751  raw_rmse=0.03936  vrmse=0.03180
[297/675] 1961_gamma1.3650000095: target_std=1.25323  raw_rmse=0.03859  vrmse=0.03080
[298/675] 1976_gamma1.3650000095: target_std=1.38717  raw_rmse=0.05374  vrmse=0.03874
[299/675] 1978_gamma1.3650000095: target_std=1.29847  raw_rmse=0.03413  vrmse=0.02629
[300/675] 1981_gamma1.3650000095: target_std=1.26339  raw_rmse=0.05176  vrmse=0.04097
[301/675] 1989_gamma1.3650000095: target_std=1.23355  raw_rmse=0.04575  vrmse=0.03709
[302/675] 1992_gamma1.3650000095: target_std=1.25819  raw_rmse=0.05662  vrmse=0.04500
[303/675] 2005_gamma1.3650000095: target_std=1.25708  raw_rmse=0.03373  vrmse=0.02683
[304/675] 2008_gamma1.3650000095: target_std=1.25349  raw_rmse=0.06790  vrmse=0.05417
[305/675] 2014_gamma1.3650000095: target_std=1.22891  raw_rmse=0.05066  vrmse=0.04123
[306/675] 2021_gamma1.3650000095: target_std=1.37640  raw_rmse=0.05683  vrmse=0.04129
[307/675] 2022_gamma1.3650000095: target_std=1.24996  raw_rmse=0.05184  vrmse=0.04147
[308/675] 2023_gamma1.3650000095: target_std=1.27487  raw_rmse=0.04650  vrmse=0.03647
[309/675] 2035_gamma1.3650000095: target_std=1.25041  raw_rmse=0.05475  vrmse=0.04379
[310/675] 2048_gamma1.3650000095: target_std=1.26491  raw_rmse=0.05571  vrmse=0.04404
[311/675] 2051_gamma1.3650000095: target_std=1.23808  raw_rmse=0.04560  vrmse=0.03683
[312/675] 2054_gamma1.3650000095: target_std=1.25324  raw_rmse=0.05407  vrmse=0.04315
[313/675] 2055_gamma1.3650000095: target_std=1.28226  raw_rmse=0.05331  vrmse=0.04157
[314/675] 2056_gamma1.3650000095: target_std=1.29242  raw_rmse=0.06478  vrmse=0.05013
[315/675] 2058_gamma1.3650000095: target_std=1.31254  raw_rmse=0.04925  vrmse=0.03752
[316/675] 2059_gamma1.3650000095: target_std=1.25310  raw_rmse=0.04460  vrmse=0.03559
[317/675] 2061_gamma1.3650000095: target_std=1.25499  raw_rmse=0.03925  vrmse=0.03127
[318/675] 2063_gamma1.3650000095: target_std=1.24507  raw_rmse=0.04312  vrmse=0.03463
[319/675] 2072_gamma1.3650000095: target_std=1.24817  raw_rmse=0.04861  vrmse=0.03894
[320/675] 2073_gamma1.3650000095: target_std=1.26119  raw_rmse=0.04060  vrmse=0.03219
[321/675] 2088_gamma1.3650000095: target_std=1.38418  raw_rmse=0.06430  vrmse=0.04645
[322/675] 2089_gamma1.3650000095: target_std=1.27342  raw_rmse=0.04196  vrmse=0.03295
[323/675] 2094_gamma1.3650000095: target_std=1.30340  raw_rmse=0.04563  vrmse=0.03501
[324/675] 2096_gamma1.3650000095: target_std=1.50082  raw_rmse=0.08540  vrmse=0.05690
[325/675] 2099_gamma1.3650000095: target_std=1.26945  raw_rmse=0.04475  vrmse=0.03525
[326/675] 2108_gamma1.3650000095: target_std=1.24746  raw_rmse=0.04145  vrmse=0.03323
[327/675] 2110_gamma1.3650000095: target_std=1.46865  raw_rmse=0.05388  vrmse=0.03669
[328/675] 2111_gamma1.3650000095: target_std=1.22960  raw_rmse=0.05021  vrmse=0.04083
[329/675] 2116_gamma1.3650000095: target_std=1.37165  raw_rmse=0.04598  vrmse=0.03352
[330/675] 2118_gamma1.3650000095: target_std=1.24644  raw_rmse=0.04198  vrmse=0.03368
[331/675] 2120_gamma1.3650000095: target_std=1.34792  raw_rmse=0.05040  vrmse=0.03739
[332/675] 2123_gamma1.3650000095: target_std=1.27740  raw_rmse=0.04147  vrmse=0.03246
[333/675] 2124_gamma1.3650000095: target_std=1.40864  raw_rmse=0.04788  vrmse=0.03399
[334/675] 2127_gamma1.3650000095: target_std=1.36476  raw_rmse=0.04676  vrmse=0.03426
[335/675] 2150_gamma1.3650000095: target_std=1.22789  raw_rmse=0.03764  vrmse=0.03066
[336/675] 2151_gamma1.3650000095: target_std=1.27120  raw_rmse=0.04385  vrmse=0.03449
[337/675] 2157_gamma1.3650000095: target_std=1.25605  raw_rmse=0.04572  vrmse=0.03640
[338/675] 2159_gamma1.3650000095: target_std=1.24219  raw_rmse=0.03698  vrmse=0.02977
[339/675] 2163_gamma1.3650000095: target_std=1.27163  raw_rmse=0.05658  vrmse=0.04449
[340/675] 2166_gamma1.3650000095: target_std=1.26279  raw_rmse=0.03499  vrmse=0.02771
[341/675] 2168_gamma1.3650000095: target_std=1.25932  raw_rmse=0.04933  vrmse=0.03917
[342/675] 2186_gamma1.3650000095: target_std=1.23092  raw_rmse=0.03762  vrmse=0.03056
[343/675] 2195_gamma1.3650000095: target_std=1.25702  raw_rmse=0.04007  vrmse=0.03188
[344/675] 2201_gamma1.3650000095: target_std=1.26936  raw_rmse=0.04859  vrmse=0.03828
[345/675] 2203_gamma1.3650000095: target_std=1.25526  raw_rmse=0.03764  vrmse=0.02999
[346/675] 2213_gamma1.3650000095: target_std=1.25171  raw_rmse=0.03690  vrmse=0.02948
[347/675] 2219_gamma1.3650000095: target_std=1.25145  raw_rmse=0.04047  vrmse=0.03234
[348/675] 2261_gamma1.3999999762: target_std=1.25314  raw_rmse=0.04404  vrmse=0.03515
[349/675] 2264_gamma1.3999999762: target_std=1.23980  raw_rmse=0.03994  vrmse=0.03221
[350/675] 2267_gamma1.3999999762: target_std=1.24542  raw_rmse=0.05761  vrmse=0.04626
[351/675] 2269_gamma1.3999999762: target_std=1.25779  raw_rmse=0.05302  vrmse=0.04215
[352/675] 2271_gamma1.3999999762: target_std=1.26257  raw_rmse=0.04193  vrmse=0.03321
[353/675] 2278_gamma1.3999999762: target_std=1.25909  raw_rmse=0.04383  vrmse=0.03481
[354/675] 2283_gamma1.3999999762: target_std=1.26477  raw_rmse=0.03789  vrmse=0.02996
[355/675] 2303_gamma1.3999999762: target_std=1.28864  raw_rmse=0.05725  vrmse=0.04443
[356/675] 2305_gamma1.3999999762: target_std=1.40628  raw_rmse=0.04781  vrmse=0.03400
[357/675] 2312_gamma1.3999999762: target_std=1.30791  raw_rmse=0.04496  vrmse=0.03438
[358/675] 2319_gamma1.3999999762: target_std=1.25618  raw_rmse=0.05060  vrmse=0.04028
[359/675] 2324_gamma1.3999999762: target_std=1.25389  raw_rmse=0.04986  vrmse=0.03976
[360/675] 2334_gamma1.3999999762: target_std=1.27471  raw_rmse=0.04845  vrmse=0.03801
[361/675] 2339_gamma1.3999999762: target_std=1.24232  raw_rmse=0.04607  vrmse=0.03708
[362/675] 2341_gamma1.3999999762: target_std=1.26382  raw_rmse=0.04607  vrmse=0.03645
[363/675] 2345_gamma1.3999999762: target_std=1.25293  raw_rmse=0.03708  vrmse=0.02960
[364/675] 2360_gamma1.3999999762: target_std=1.25512  raw_rmse=0.04708  vrmse=0.03751
[365/675] 2362_gamma1.3999999762: target_std=1.26452  raw_rmse=0.06234  vrmse=0.04930
[366/675] 2389_gamma1.3999999762: target_std=1.25265  raw_rmse=0.04638  vrmse=0.03702
[367/675] 2397_gamma1.3999999762: target_std=1.29538  raw_rmse=0.04668  vrmse=0.03603
[368/675] 2407_gamma1.3999999762: target_std=1.26894  raw_rmse=0.05014  vrmse=0.03952
[369/675] 2414_gamma1.3999999762: target_std=1.25499  raw_rmse=0.04035  vrmse=0.03215
[370/675] 2444_gamma1.3999999762: target_std=1.27731  raw_rmse=0.04073  vrmse=0.03189
[371/675] 2449_gamma1.3999999762: target_std=1.35726  raw_rmse=0.04370  vrmse=0.03220
[372/675] 2461_gamma1.3999999762: target_std=1.27789  raw_rmse=0.05226  vrmse=0.04090
[373/675] 2464_gamma1.3999999762: target_std=1.25857  raw_rmse=0.04274  vrmse=0.03396
[374/675] 2465_gamma1.3999999762: target_std=1.24808  raw_rmse=0.04879  vrmse=0.03909
[375/675] 2476_gamma1.3999999762: target_std=1.24995  raw_rmse=0.04905  vrmse=0.03924
[376/675] 2480_gamma1.3999999762: target_std=1.29964  raw_rmse=0.04821  vrmse=0.03710
[377/675] 2486_gamma1.3999999762: target_std=1.24257  raw_rmse=0.05385  vrmse=0.04333
[378/675] 2489_gamma1.3999999762: target_std=1.24407  raw_rmse=0.05105  vrmse=0.04104
[379/675] 2492_gamma1.3999999762: target_std=1.24422  raw_rmse=0.03320  vrmse=0.02668
[380/675] 2493_gamma1.3999999762: target_std=1.26004  raw_rmse=0.05786  vrmse=0.04592
[381/675] 2496_gamma1.3999999762: target_std=1.23897  raw_rmse=0.03603  vrmse=0.02908
[382/675] 2506_gamma1.3999999762: target_std=1.33974  raw_rmse=0.09345  vrmse=0.06975
[383/675] 2507_gamma1.3999999762: target_std=1.26276  raw_rmse=0.04558  vrmse=0.03609
[384/675] 2510_gamma1.3999999762: target_std=1.23295  raw_rmse=0.03915  vrmse=0.03175
[385/675] 2515_gamma1.3999999762: target_std=1.25542  raw_rmse=0.03868  vrmse=0.03081
[386/675] 2520_gamma1.3999999762: target_std=1.25531  raw_rmse=0.03382  vrmse=0.02694
[387/675] 2524_gamma1.3999999762: target_std=1.23989  raw_rmse=0.04394  vrmse=0.03544
[388/675] 2532_gamma1.3999999762: target_std=1.29044  raw_rmse=0.05178  vrmse=0.04012
[389/675] 2538_gamma1.3999999762: target_std=1.27501  raw_rmse=0.05466  vrmse=0.04287
[390/675] 2539_gamma1.3999999762: target_std=1.46546  raw_rmse=0.05102  vrmse=0.03481
[391/675] 2542_gamma1.3999999762: target_std=1.43265  raw_rmse=0.05064  vrmse=0.03534
[392/675] 2546_gamma1.3999999762: target_std=1.22772  raw_rmse=0.04336  vrmse=0.03531
[393/675] 2549_gamma1.3999999762: target_std=1.23191  raw_rmse=0.03973  vrmse=0.03225
[394/675] 2564_gamma1.3999999762: target_std=1.26245  raw_rmse=0.03977  vrmse=0.03150
[395/675] 2569_gamma1.3999999762: target_std=1.30368  raw_rmse=0.06511  vrmse=0.04995
[396/675] 2577_gamma1.3999999762: target_std=1.32917  raw_rmse=0.04480  vrmse=0.03370
[397/675] 2580_gamma1.3999999762: target_std=1.25434  raw_rmse=0.03425  vrmse=0.02731
[398/675] 2583_gamma1.3999999762: target_std=1.32241  raw_rmse=0.06058  vrmse=0.04581
[399/675] 2590_gamma1.3999999762: target_std=1.26887  raw_rmse=0.05667  vrmse=0.04466
[400/675] 2591_gamma1.3999999762: target_std=1.24727  raw_rmse=0.04371  vrmse=0.03504
[401/675] 2593_gamma1.3999999762: target_std=1.24483  raw_rmse=0.04217  vrmse=0.03388
[402/675] 2613_gamma1.3999999762: target_std=1.29386  raw_rmse=0.04086  vrmse=0.03158
[403/675] 2620_gamma1.3999999762: target_std=1.36787  raw_rmse=0.05799  vrmse=0.04239
[404/675] 2645_gamma1.3999999762: target_std=1.27797  raw_rmse=0.03465  vrmse=0.02711
[405/675] 2658_gamma1.3999999762: target_std=1.25209  raw_rmse=0.04933  vrmse=0.03940
[406/675] 2675_gamma1.3999999762: target_std=1.23580  raw_rmse=0.04022  vrmse=0.03254
[407/675] 2677_gamma1.3999999762: target_std=1.25913  raw_rmse=0.05903  vrmse=0.04688
[408/675] 2693_gamma1.3999999762: target_std=1.25828  raw_rmse=0.03941  vrmse=0.03132
[409/675] 2709_gamma1.4040000439: target_std=1.25184  raw_rmse=0.03984  vrmse=0.03182
[410/675] 2712_gamma1.4040000439: target_std=1.27708  raw_rmse=0.05971  vrmse=0.04676
[411/675] 2719_gamma1.4040000439: target_std=1.24091  raw_rmse=0.05649  vrmse=0.04553
[412/675] 2720_gamma1.4040000439: target_std=1.24467  raw_rmse=0.03858  vrmse=0.03100
[413/675] 2725_gamma1.4040000439: target_std=1.26430  raw_rmse=0.04371  vrmse=0.03457
[414/675] 2728_gamma1.4040000439: target_std=1.24496  raw_rmse=0.04105  vrmse=0.03298
[415/675] 2737_gamma1.4040000439: target_std=1.28772  raw_rmse=0.06801  vrmse=0.05282
[416/675] 2739_gamma1.4040000439: target_std=1.27395  raw_rmse=0.03298  vrmse=0.02589
[417/675] 2745_gamma1.4040000439: target_std=1.24208  raw_rmse=0.03987  vrmse=0.03210
[418/675] 2753_gamma1.4040000439: target_std=1.25687  raw_rmse=0.04073  vrmse=0.03241
[419/675] 2760_gamma1.4040000439: target_std=1.23257  raw_rmse=0.04666  vrmse=0.03785
[420/675] 2768_gamma1.4040000439: target_std=1.23795  raw_rmse=0.04659  vrmse=0.03764
[421/675] 2771_gamma1.4040000439: target_std=1.36238  raw_rmse=0.04552  vrmse=0.03341
[422/675] 2774_gamma1.4040000439: target_std=1.29648  raw_rmse=0.06802  vrmse=0.05247
[423/675] 2779_gamma1.4040000439: target_std=1.24126  raw_rmse=0.04659  vrmse=0.03753
[424/675] 2780_gamma1.4040000439: target_std=1.32525  raw_rmse=0.05340  vrmse=0.04029
[425/675] 2784_gamma1.4040000439: target_std=1.30088  raw_rmse=0.05320  vrmse=0.04090
[426/675] 2785_gamma1.4040000439: target_std=1.25558  raw_rmse=0.03340  vrmse=0.02660
[427/675] 2788_gamma1.4040000439: target_std=1.25072  raw_rmse=0.03914  vrmse=0.03129
[428/675] 2790_gamma1.4040000439: target_std=1.24992  raw_rmse=0.05108  vrmse=0.04087
[429/675] 2800_gamma1.4040000439: target_std=1.32151  raw_rmse=0.06548  vrmse=0.04955
[430/675] 2805_gamma1.4040000439: target_std=1.24165  raw_rmse=0.04889  vrmse=0.03938
[431/675] 2809_gamma1.4040000439: target_std=1.25695  raw_rmse=0.05350  vrmse=0.04256
[432/675] 2813_gamma1.4040000439: target_std=1.34996  raw_rmse=0.05745  vrmse=0.04256
[433/675] 2825_gamma1.4040000439: target_std=1.26456  raw_rmse=0.04513  vrmse=0.03569
[434/675] 2831_gamma1.4040000439: target_std=1.23662  raw_rmse=0.03693  vrmse=0.02986
[435/675] 2832_gamma1.4040000439: target_std=1.26173  raw_rmse=0.03840  vrmse=0.03044
[436/675] 2845_gamma1.4040000439: target_std=1.49907  raw_rmse=0.05147  vrmse=0.03433
[437/675] 2850_gamma1.4040000439: target_std=1.28824  raw_rmse=0.03815  vrmse=0.02961
[438/675] 2861_gamma1.4040000439: target_std=1.24706  raw_rmse=0.04895  vrmse=0.03926
[439/675] 2863_gamma1.4040000439: target_std=1.24905  raw_rmse=0.04176  vrmse=0.03343
[440/675] 2865_gamma1.4040000439: target_std=1.24810  raw_rmse=0.04234  vrmse=0.03392
[441/675] 2883_gamma1.4040000439: target_std=1.24131  raw_rmse=0.04359  vrmse=0.03511
[442/675] 2885_gamma1.4040000439: target_std=1.25062  raw_rmse=0.04930  vrmse=0.03942
[443/675] 2886_gamma1.4040000439: target_std=1.26720  raw_rmse=0.04619  vrmse=0.03645
[444/675] 2905_gamma1.4040000439: target_std=1.23168  raw_rmse=0.03544  vrmse=0.02877
[445/675] 2915_gamma1.4040000439: target_std=1.24072  raw_rmse=0.03817  vrmse=0.03076
[446/675] 2917_gamma1.4040000439: target_std=1.22811  raw_rmse=0.04222  vrmse=0.03437
[447/675] 2921_gamma1.4040000439: target_std=1.24115  raw_rmse=0.05450  vrmse=0.04391
[448/675] 2924_gamma1.4040000439: target_std=1.24479  raw_rmse=0.05321  vrmse=0.04275
[449/675] 2928_gamma1.4040000439: target_std=1.25569  raw_rmse=0.06403  vrmse=0.05099
[450/675] 2930_gamma1.4040000439: target_std=1.24657  raw_rmse=0.05298  vrmse=0.04250
[451/675] 2931_gamma1.4040000439: target_std=1.26444  raw_rmse=0.05536  vrmse=0.04378
[452/675] 2934_gamma1.4040000439: target_std=1.25332  raw_rmse=0.04477  vrmse=0.03572
[453/675] 2951_gamma1.4040000439: target_std=1.26059  raw_rmse=0.03776  vrmse=0.02995
[454/675] 2952_gamma1.4040000439: target_std=1.25032  raw_rmse=0.04155  vrmse=0.03323
[455/675] 2966_gamma1.4040000439: target_std=1.24277  raw_rmse=0.04341  vrmse=0.03493
[456/675] 2974_gamma1.4040000439: target_std=1.25442  raw_rmse=0.03837  vrmse=0.03059
[457/675] 2975_gamma1.4040000439: target_std=1.24511  raw_rmse=0.03702  vrmse=0.02973
[458/675] 2976_gamma1.4040000439: target_std=1.26487  raw_rmse=0.04493  vrmse=0.03552
[459/675] 2990_gamma1.4040000439: target_std=1.26189  raw_rmse=0.04596  vrmse=0.03642
[460/675] 2991_gamma1.4040000439: target_std=1.30045  raw_rmse=0.06193  vrmse=0.04762
[461/675] 3006_gamma1.4040000439: target_std=1.24511  raw_rmse=0.04379  vrmse=0.03517
[462/675] 3012_gamma1.4040000439: target_std=1.26434  raw_rmse=0.04627  vrmse=0.03659
[463/675] 3020_gamma1.4040000439: target_std=1.25219  raw_rmse=0.05541  vrmse=0.04425
[464/675] 3026_gamma1.4040000439: target_std=1.26230  raw_rmse=0.05036  vrmse=0.03989
[465/675] 3028_gamma1.4040000439: target_std=1.30954  raw_rmse=0.04311  vrmse=0.03292
[466/675] 3034_gamma1.4040000439: target_std=1.24175  raw_rmse=0.03619  vrmse=0.02915
[467/675] 3036_gamma1.4040000439: target_std=1.26906  raw_rmse=0.04488  vrmse=0.03536
[468/675] 3052_gamma1.4040000439: target_std=1.25233  raw_rmse=0.03342  vrmse=0.02669
[469/675] 3053_gamma1.4040000439: target_std=1.27572  raw_rmse=0.06071  vrmse=0.04759
[470/675] 3058_gamma1.4040000439: target_std=1.26523  raw_rmse=0.04064  vrmse=0.03212
[471/675] 3062_gamma1.4040000439: target_std=1.24576  raw_rmse=0.03407  vrmse=0.02735
[472/675] 3082_gamma1.4040000439: target_std=1.25867  raw_rmse=0.03812  vrmse=0.03028
[473/675] 3083_gamma1.4040000439: target_std=1.29934  raw_rmse=0.03695  vrmse=0.02844
[474/675] 3106_gamma1.4040000439: target_std=1.26154  raw_rmse=0.05523  vrmse=0.04378
[475/675] 3114_gamma1.4040000439: target_std=1.25783  raw_rmse=0.03586  vrmse=0.02851
[476/675] 3120_gamma1.4040000439: target_std=1.24670  raw_rmse=0.03993  vrmse=0.03203
[477/675] 3122_gamma1.4040000439: target_std=1.22597  raw_rmse=0.03387  vrmse=0.02763
[478/675] 3125_gamma1.4040000439: target_std=1.24857  raw_rmse=0.04252  vrmse=0.03406
[479/675] 3131_gamma1.4040000439: target_std=1.33931  raw_rmse=0.05018  vrmse=0.03747
[480/675] 3139_gamma1.4040000439: target_std=1.50871  raw_rmse=0.05049  vrmse=0.03347
[481/675] 3140_gamma1.4040000439: target_std=1.26859  raw_rmse=0.04866  vrmse=0.03836
[482/675] 3142_gamma1.4040000439: target_std=1.25395  raw_rmse=0.04892  vrmse=0.03901
[483/675] 3153_gamma1.4529999495: target_std=1.23912  raw_rmse=0.03988  vrmse=0.03219
[484/675] 3157_gamma1.4529999495: target_std=1.41682  raw_rmse=0.07169  vrmse=0.05060
[485/675] 3158_gamma1.4529999495: target_std=1.23919  raw_rmse=0.04129  vrmse=0.03332
[486/675] 3171_gamma1.4529999495: target_std=1.25324  raw_rmse=0.04291  vrmse=0.03424
[487/675] 3173_gamma1.4529999495: target_std=1.25156  raw_rmse=0.03793  vrmse=0.03030
[488/675] 3178_gamma1.4529999495: target_std=1.25262  raw_rmse=0.05444  vrmse=0.04346
[489/675] 3179_gamma1.4529999495: target_std=1.44680  raw_rmse=0.04584  vrmse=0.03169
[490/675] 3207_gamma1.4529999495: target_std=1.25276  raw_rmse=0.04324  vrmse=0.03452
[491/675] 3210_gamma1.4529999495: target_std=1.25743  raw_rmse=0.04191  vrmse=0.03333
[492/675] 3214_gamma1.4529999495: target_std=1.27453  raw_rmse=0.03975  vrmse=0.03119
[493/675] 3221_gamma1.4529999495: target_std=1.34973  raw_rmse=0.04810  vrmse=0.03564
[494/675] 3262_gamma1.4529999495: target_std=1.23424  raw_rmse=0.03651  vrmse=0.02958
[495/675] 3276_gamma1.4529999495: target_std=1.24976  raw_rmse=0.03637  vrmse=0.02911
[496/675] 3282_gamma1.4529999495: target_std=1.25556  raw_rmse=0.05757  vrmse=0.04586
[497/675] 3285_gamma1.4529999495: target_std=1.23804  raw_rmse=0.04405  vrmse=0.03558
[498/675] 3298_gamma1.4529999495: target_std=1.24012  raw_rmse=0.03687  vrmse=0.02973
[499/675] 3300_gamma1.4529999495: target_std=1.44494  raw_rmse=0.10258  vrmse=0.07099
[500/675] 3307_gamma1.4529999495: target_std=1.28576  raw_rmse=0.04436  vrmse=0.03450
[501/675] 3311_gamma1.4529999495: target_std=1.24464  raw_rmse=0.03746  vrmse=0.03010
[502/675] 3316_gamma1.4529999495: target_std=1.28145  raw_rmse=0.06231  vrmse=0.04862
[503/675] 3319_gamma1.4529999495: target_std=1.29481  raw_rmse=0.04733  vrmse=0.03656
[504/675] 3323_gamma1.4529999495: target_std=1.25901  raw_rmse=0.03673  vrmse=0.02918
[505/675] 3325_gamma1.4529999495: target_std=1.25388  raw_rmse=0.05250  vrmse=0.04187
[506/675] 3331_gamma1.4529999495: target_std=1.25022  raw_rmse=0.04528  vrmse=0.03622
[507/675] 3338_gamma1.4529999495: target_std=1.23829  raw_rmse=0.04080  vrmse=0.03295
[508/675] 3341_gamma1.4529999495: target_std=1.24353  raw_rmse=0.04190  vrmse=0.03369
[509/675] 3349_gamma1.4529999495: target_std=1.27492  raw_rmse=0.07103  vrmse=0.05571
[510/675] 3351_gamma1.4529999495: target_std=1.35546  raw_rmse=0.04556  vrmse=0.03361
[511/675] 3353_gamma1.4529999495: target_std=1.25101  raw_rmse=0.03394  vrmse=0.02713
[512/675] 3355_gamma1.4529999495: target_std=1.25696  raw_rmse=0.05444  vrmse=0.04331
[513/675] 3364_gamma1.4529999495: target_std=1.41545  raw_rmse=0.04734  vrmse=0.03345
[514/675] 3386_gamma1.4529999495: target_std=1.23832  raw_rmse=0.03773  vrmse=0.03047
[515/675] 3402_gamma1.4529999495: target_std=1.25307  raw_rmse=0.05129  vrmse=0.04093
[516/675] 3411_gamma1.4529999495: target_std=1.25459  raw_rmse=0.05621  vrmse=0.04480
[517/675] 3430_gamma1.4529999495: target_std=1.24417  raw_rmse=0.03870  vrmse=0.03110
[518/675] 3440_gamma1.4529999495: target_std=1.27474  raw_rmse=0.06957  vrmse=0.05458
[519/675] 3449_gamma1.4529999495: target_std=1.25558  raw_rmse=0.04849  vrmse=0.03862
[520/675] 3455_gamma1.4529999495: target_std=1.24778  raw_rmse=0.05234  vrmse=0.04195
[521/675] 3463_gamma1.4529999495: target_std=1.26757  raw_rmse=0.04055  vrmse=0.03199
[522/675] 3464_gamma1.4529999495: target_std=1.27139  raw_rmse=0.04888  vrmse=0.03845
[523/675] 3471_gamma1.4529999495: target_std=1.24383  raw_rmse=0.03541  vrmse=0.02847
[524/675] 3478_gamma1.4529999495: target_std=1.25016  raw_rmse=0.03670  vrmse=0.02935
[525/675] 3481_gamma1.4529999495: target_std=1.25852  raw_rmse=0.04301  vrmse=0.03418
[526/675] 3487_gamma1.4529999495: target_std=1.24428  raw_rmse=0.04144  vrmse=0.03331
[527/675] 3502_gamma1.4529999495: target_std=1.26871  raw_rmse=0.03492  vrmse=0.02752
[528/675] 3508_gamma1.4529999495: target_std=1.27533  raw_rmse=0.05767  vrmse=0.04522
[529/675] 3513_gamma1.4529999495: target_std=1.23365  raw_rmse=0.03250  vrmse=0.02634
[530/675] 3520_gamma1.4529999495: target_std=1.23937  raw_rmse=0.03945  vrmse=0.03183
[531/675] 3523_gamma1.4529999495: target_std=1.26637  raw_rmse=0.06711  vrmse=0.05299
[532/675] 3527_gamma1.4529999495: target_std=1.26351  raw_rmse=0.05376  vrmse=0.04254
[533/675] 3551_gamma1.4529999495: target_std=1.22505  raw_rmse=0.04213  vrmse=0.03439
[534/675] 3563_gamma1.4529999495: target_std=1.25536  raw_rmse=0.05330  vrmse=0.04246
[535/675] 3571_gamma1.4529999495: target_std=1.24427  raw_rmse=0.04271  vrmse=0.03433
[536/675] 3578_gamma1.4529999495: target_std=1.25966  raw_rmse=0.04782  vrmse=0.03796
[537/675] 3579_gamma1.4529999495: target_std=1.27960  raw_rmse=0.04519  vrmse=0.03532
[538/675] 3587_gamma1.4529999495: target_std=1.34561  raw_rmse=0.05563  vrmse=0.04134
[539/675] 3589_gamma1.4529999495: target_std=1.23796  raw_rmse=0.03864  vrmse=0.03122
[540/675] 3591_gamma1.4529999495: target_std=1.38748  raw_rmse=0.08977  vrmse=0.06470
[541/675] 3592_gamma1.4529999495: target_std=1.29254  raw_rmse=0.05897  vrmse=0.04562
[542/675] 3605_gamma1.5970000029: target_std=1.26698  raw_rmse=0.05521  vrmse=0.04357
[543/675] 3612_gamma1.5970000029: target_std=1.26084  raw_rmse=0.03629  vrmse=0.02878
[544/675] 3622_gamma1.5970000029: target_std=1.29089  raw_rmse=0.05304  vrmse=0.04109
[545/675] 3623_gamma1.5970000029: target_std=1.24781  raw_rmse=0.03820  vrmse=0.03062
[546/675] 3628_gamma1.5970000029: target_std=1.24959  raw_rmse=0.05050  vrmse=0.04041
[547/675] 3629_gamma1.5970000029: target_std=1.23271  raw_rmse=0.04349  vrmse=0.03528
[548/675] 3631_gamma1.5970000029: target_std=1.27421  raw_rmse=0.03407  vrmse=0.02674
[549/675] 3640_gamma1.5970000029: target_std=1.26233  raw_rmse=0.04149  vrmse=0.03287
[550/675] 3642_gamma1.5970000029: target_std=1.32077  raw_rmse=0.06082  vrmse=0.04605
[551/675] 3647_gamma1.5970000029: target_std=1.25758  raw_rmse=0.04463  vrmse=0.03549
[552/675] 3654_gamma1.5970000029: target_std=1.25443  raw_rmse=0.05123  vrmse=0.04084
[553/675] 3670_gamma1.5970000029: target_std=1.49674  raw_rmse=0.04851  vrmse=0.03241
[554/675] 3672_gamma1.5970000029: target_std=1.25982  raw_rmse=0.04424  vrmse=0.03511
[555/675] 3677_gamma1.5970000029: target_std=1.24786  raw_rmse=0.03432  vrmse=0.02750
[556/675] 3684_gamma1.5970000029: target_std=1.25223  raw_rmse=0.05060  vrmse=0.04041
[557/675] 3694_gamma1.5970000029: target_std=1.24430  raw_rmse=0.03589  vrmse=0.02884
[558/675] 3710_gamma1.5970000029: target_std=1.24371  raw_rmse=0.04348  vrmse=0.03496
[559/675] 3713_gamma1.5970000029: target_std=1.23724  raw_rmse=0.04338  vrmse=0.03506
[560/675] 3727_gamma1.5970000029: target_std=1.30101  raw_rmse=0.06314  vrmse=0.04853
[561/675] 3734_gamma1.5970000029: target_std=1.25667  raw_rmse=0.03970  vrmse=0.03159
[562/675] 3736_gamma1.5970000029: target_std=1.25102  raw_rmse=0.05051  vrmse=0.04038
[563/675] 3781_gamma1.5970000029: target_std=1.24367  raw_rmse=0.05282  vrmse=0.04247
[564/675] 3784_gamma1.5970000029: target_std=1.25282  raw_rmse=0.04550  vrmse=0.03631
[565/675] 3786_gamma1.5970000029: target_std=1.24023  raw_rmse=0.04905  vrmse=0.03955
[566/675] 3790_gamma1.5970000029: target_std=1.26199  raw_rmse=0.03562  vrmse=0.02823
[567/675] 3801_gamma1.5970000029: target_std=1.22881  raw_rmse=0.03986  vrmse=0.03244
[568/675] 3806_gamma1.5970000029: target_std=1.23109  raw_rmse=0.05315  vrmse=0.04317
[569/675] 3808_gamma1.5970000029: target_std=1.25955  raw_rmse=0.05887  vrmse=0.04674
[570/675] 3809_gamma1.5970000029: target_std=1.24593  raw_rmse=0.05287  vrmse=0.04244
[571/675] 3827_gamma1.5970000029: target_std=1.26037  raw_rmse=0.04078  vrmse=0.03235
[572/675] 3840_gamma1.5970000029: target_std=1.27339  raw_rmse=0.06385  vrmse=0.05014
[573/675] 3842_gamma1.5970000029: target_std=1.28103  raw_rmse=0.04589  vrmse=0.03582
[574/675] 3844_gamma1.5970000029: target_std=1.27989  raw_rmse=0.05963  vrmse=0.04659
[575/675] 3855_gamma1.5970000029: target_std=1.32736  raw_rmse=0.05114  vrmse=0.03853
[576/675] 3856_gamma1.5970000029: target_std=1.26554  raw_rmse=0.06084  vrmse=0.04807
[577/675] 3863_gamma1.5970000029: target_std=1.24124  raw_rmse=0.04685  vrmse=0.03775
[578/675] 3876_gamma1.5970000029: target_std=1.25844  raw_rmse=0.03752  vrmse=0.02982
[579/675] 3886_gamma1.5970000029: target_std=1.27261  raw_rmse=0.03661  vrmse=0.02877
[580/675] 3888_gamma1.5970000029: target_std=1.25294  raw_rmse=0.04303  vrmse=0.03434
[581/675] 3891_gamma1.5970000029: target_std=1.25003  raw_rmse=0.05396  vrmse=0.04317
[582/675] 3892_gamma1.5970000029: target_std=1.26479  raw_rmse=0.04453  vrmse=0.03521
[583/675] 3900_gamma1.5970000029: target_std=1.25141  raw_rmse=0.04593  vrmse=0.03670
[584/675] 3912_gamma1.5970000029: target_std=1.27204  raw_rmse=0.04692  vrmse=0.03689
[585/675] 3919_gamma1.5970000029: target_std=1.25230  raw_rmse=0.04257  vrmse=0.03399
[586/675] 3922_gamma1.5970000029: target_std=1.27928  raw_rmse=0.04262  vrmse=0.03331
[587/675] 3923_gamma1.5970000029: target_std=1.28960  raw_rmse=0.04374  vrmse=0.03392
[588/675] 3936_gamma1.5970000029: target_std=1.24665  raw_rmse=0.03928  vrmse=0.03150
[589/675] 3944_gamma1.5970000029: target_std=1.25808  raw_rmse=0.04789  vrmse=0.03806
[590/675] 3947_gamma1.5970000029: target_std=1.24777  raw_rmse=0.03985  vrmse=0.03193
[591/675] 3950_gamma1.5970000029: target_std=1.35583  raw_rmse=0.06208  vrmse=0.04578
[592/675] 3955_gamma1.5970000029: target_std=1.26945  raw_rmse=0.04289  vrmse=0.03379
[593/675] 3956_gamma1.5970000029: target_std=1.31219  raw_rmse=0.07858  vrmse=0.05988
[594/675] 3958_gamma1.5970000029: target_std=1.49447  raw_rmse=0.06247  vrmse=0.04180
[595/675] 3970_gamma1.5970000029: target_std=1.34418  raw_rmse=0.05093  vrmse=0.03789
[596/675] 3973_gamma1.5970000029: target_std=1.28640  raw_rmse=0.04874  vrmse=0.03789
[597/675] 3974_gamma1.5970000029: target_std=1.33716  raw_rmse=0.07641  vrmse=0.05714
[598/675] 3980_gamma1.5970000029: target_std=1.24017  raw_rmse=0.04595  vrmse=0.03705
[599/675] 3992_gamma1.5970000029: target_std=1.24374  raw_rmse=0.04891  vrmse=0.03932
[600/675] 3998_gamma1.5970000029: target_std=1.27217  raw_rmse=0.05099  vrmse=0.04008
[601/675] 4002_gamma1.5970000029: target_std=1.26314  raw_rmse=0.04509  vrmse=0.03570
[602/675] 4004_gamma1.5970000029: target_std=1.25128  raw_rmse=0.04667  vrmse=0.03730
[603/675] 4033_gamma1.5970000029: target_std=1.34771  raw_rmse=0.06669  vrmse=0.04948
[604/675] 4046_gamma1.5970000029: target_std=1.27257  raw_rmse=0.03479  vrmse=0.02734
[605/675] 4048_gamma1.5970000029: target_std=1.25770  raw_rmse=0.04483  vrmse=0.03564
[606/675] 4057_gamma1.7599999905: target_std=1.28507  raw_rmse=0.04702  vrmse=0.03659
[607/675] 4060_gamma1.7599999905: target_std=1.45542  raw_rmse=0.05908  vrmse=0.04060
[608/675] 4074_gamma1.7599999905: target_std=1.30232  raw_rmse=0.07073  vrmse=0.05431
[609/675] 4076_gamma1.7599999905: target_std=1.25913  raw_rmse=0.04397  vrmse=0.03492
[610/675] 4080_gamma1.7599999905: target_std=1.25185  raw_rmse=0.03678  vrmse=0.02938
[611/675] 4082_gamma1.7599999905: target_std=1.25791  raw_rmse=0.04087  vrmse=0.03249
[612/675] 4101_gamma1.7599999905: target_std=1.26410  raw_rmse=0.06760  vrmse=0.05347
[613/675] 4106_gamma1.7599999905: target_std=1.40849  raw_rmse=0.04713  vrmse=0.03346
[614/675] 4110_gamma1.7599999905: target_std=1.21955  raw_rmse=0.04415  vrmse=0.03620
[615/675] 4134_gamma1.7599999905: target_std=1.26433  raw_rmse=0.04258  vrmse=0.03368
[616/675] 4140_gamma1.7599999905: target_std=1.26430  raw_rmse=0.03659  vrmse=0.02894
[617/675] 4145_gamma1.7599999905: target_std=1.23876  raw_rmse=0.04392  vrmse=0.03545
[618/675] 4148_gamma1.7599999905: target_std=1.26789  raw_rmse=0.04947  vrmse=0.03902
[619/675] 4149_gamma1.7599999905: target_std=1.25235  raw_rmse=0.04369  vrmse=0.03489
[620/675] 4171_gamma1.7599999905: target_std=1.26249  raw_rmse=0.03688  vrmse=0.02921
[621/675] 4172_gamma1.7599999905: target_std=1.23829  raw_rmse=0.04929  vrmse=0.03980
[622/675] 4173_gamma1.7599999905: target_std=1.29965  raw_rmse=0.06885  vrmse=0.05297
[623/675] 4183_gamma1.7599999905: target_std=1.26944  raw_rmse=0.05199  vrmse=0.04095
[624/675] 4186_gamma1.7599999905: target_std=1.23313  raw_rmse=0.04392  vrmse=0.03562
[625/675] 4217_gamma1.7599999905: target_std=1.27051  raw_rmse=0.04954  vrmse=0.03899
[626/675] 4219_gamma1.7599999905: target_std=1.36731  raw_rmse=0.05830  vrmse=0.04264
[627/675] 4223_gamma1.7599999905: target_std=1.29550  raw_rmse=0.06734  vrmse=0.05198
[628/675] 4233_gamma1.7599999905: target_std=1.24837  raw_rmse=0.04781  vrmse=0.03830
[629/675] 4242_gamma1.7599999905: target_std=1.24622  raw_rmse=0.03831  vrmse=0.03074
[630/675] 4244_gamma1.7599999905: target_std=1.26582  raw_rmse=0.04092  vrmse=0.03233
[631/675] 4258_gamma1.7599999905: target_std=1.24669  raw_rmse=0.03678  vrmse=0.02950
[632/675] 4260_gamma1.7599999905: target_std=1.27710  raw_rmse=0.04792  vrmse=0.03752
[633/675] 4263_gamma1.7599999905: target_std=1.34160  raw_rmse=0.06478  vrmse=0.04829
[634/675] 4282_gamma1.7599999905: target_std=1.28579  raw_rmse=0.05757  vrmse=0.04477
[635/675] 4285_gamma1.7599999905: target_std=1.24432  raw_rmse=0.04005  vrmse=0.03219
[636/675] 4288_gamma1.7599999905: target_std=1.25727  raw_rmse=0.04618  vrmse=0.03673
[637/675] 4289_gamma1.7599999905: target_std=1.41842  raw_rmse=0.04828  vrmse=0.03404
[638/675] 4293_gamma1.7599999905: target_std=1.24049  raw_rmse=0.03731  vrmse=0.03007
[639/675] 4322_gamma1.7599999905: target_std=1.22789  raw_rmse=0.04412  vrmse=0.03593
[640/675] 4324_gamma1.7599999905: target_std=1.26034  raw_rmse=0.03605  vrmse=0.02860
[641/675] 4330_gamma1.7599999905: target_std=1.24065  raw_rmse=0.03859  vrmse=0.03110
[642/675] 4331_gamma1.7599999905: target_std=1.25791  raw_rmse=0.04252  vrmse=0.03380
[643/675] 4335_gamma1.7599999905: target_std=1.25833  raw_rmse=0.04708  vrmse=0.03742
[644/675] 4342_gamma1.7599999905: target_std=1.25391  raw_rmse=0.06058  vrmse=0.04831
[645/675] 4346_gamma1.7599999905: target_std=1.50533  raw_rmse=0.04472  vrmse=0.02971
[646/675] 4347_gamma1.7599999905: target_std=1.25616  raw_rmse=0.04674  vrmse=0.03721
[647/675] 4348_gamma1.7599999905: target_std=1.25443  raw_rmse=0.03875  vrmse=0.03089
[648/675] 4352_gamma1.7599999905: target_std=1.25382  raw_rmse=0.04307  vrmse=0.03435
[649/675] 4353_gamma1.7599999905: target_std=1.24890  raw_rmse=0.04395  vrmse=0.03519
[650/675] 4357_gamma1.7599999905: target_std=1.24684  raw_rmse=0.05677  vrmse=0.04553
[651/675] 4359_gamma1.7599999905: target_std=1.25261  raw_rmse=0.04175  vrmse=0.03333
[652/675] 4362_gamma1.7599999905: target_std=1.25137  raw_rmse=0.04359  vrmse=0.03483
[653/675] 4366_gamma1.7599999905: target_std=1.24805  raw_rmse=0.03351  vrmse=0.02685
[654/675] 4378_gamma1.7599999905: target_std=1.36151  raw_rmse=0.05642  vrmse=0.04144
[655/675] 4383_gamma1.7599999905: target_std=1.26381  raw_rmse=0.03397  vrmse=0.02688
[656/675] 4384_gamma1.7599999905: target_std=1.24066  raw_rmse=0.04316  vrmse=0.03479
[657/675] 4388_gamma1.7599999905: target_std=1.23093  raw_rmse=0.04220  vrmse=0.03428
[658/675] 4390_gamma1.7599999905: target_std=1.28171  raw_rmse=0.07095  vrmse=0.05536
[659/675] 4407_gamma1.7599999905: target_std=1.23809  raw_rmse=0.03594  vrmse=0.02903
[660/675] 4418_gamma1.7599999905: target_std=1.28133  raw_rmse=0.05674  vrmse=0.04428
[661/675] 4427_gamma1.7599999905: target_std=1.29015  raw_rmse=0.06130  vrmse=0.04751
[662/675] 4430_gamma1.7599999905: target_std=1.27261  raw_rmse=0.04527  vrmse=0.03557
[663/675] 4435_gamma1.7599999905: target_std=1.24560  raw_rmse=0.04366  vrmse=0.03505
[664/675] 4436_gamma1.7599999905: target_std=1.32484  raw_rmse=0.05610  vrmse=0.04234
[665/675] 4440_gamma1.7599999905: target_std=1.25338  raw_rmse=0.05232  vrmse=0.04174
[666/675] 4447_gamma1.7599999905: target_std=1.22986  raw_rmse=0.03829  vrmse=0.03113
[667/675] 4454_gamma1.7599999905: target_std=1.24516  raw_rmse=0.05231  vrmse=0.04201
[668/675] 4467_gamma1.7599999905: target_std=1.24661  raw_rmse=0.05053  vrmse=0.04054
[669/675] 4476_gamma1.7599999905: target_std=1.25736  raw_rmse=0.03861  vrmse=0.03071
[670/675] 4477_gamma1.7599999905: target_std=1.21998  raw_rmse=0.03538  vrmse=0.02900
[671/675] 4479_gamma1.7599999905: target_std=1.25503  raw_rmse=0.05802  vrmse=0.04623
[672/675] 4483_gamma1.7599999905: target_std=1.25247  raw_rmse=0.03481  vrmse=0.02779
[673/675] 4487_gamma1.7599999905: target_std=1.27321  raw_rmse=0.05405  vrmse=0.04245
[674/675] 4495_gamma1.7599999905: target_std=1.26466  raw_rmse=0.04516  vrmse=0.03571
[675/675] 4498_gamma1.7599999905: target_std=1.25047  raw_rmse=0.04508  vrmse=0.03605

======================================================================
n=675 sample(s)
target_std_mean   (target's own internal dynamic range) : 1.27401
latent_rmse_mean  (raw, UNNORMALIZED prediction error)  : 0.04768
latent_vrmse_mean (self-normalized, matches training viz): 0.03735

Cross-normalized against reference_std=1.15000:
  cross_normalized_vrmse = latent_rmse_mean / reference_std = 0.04146
  (compare this to latent_vrmse_mean above -- if it's much larger, the small
   latent_vrmse_mean was mostly this arm's own target variance shrinking, not
   genuinely more accurate absolute prediction)

Saved: logs/lundquist/diagnose_latent_scale/22786/scale_diagnostic.json
permission denied while trying to connect to the Docker daemon socket at unix:///var/run/docker.sock: Get "http://%2Fvar%2Frun%2Fdocker.sock/v1.24/containers/json?filters=%7B%22label%22%3A%7B%22slurm_job_id%3D22786%22%3Atrue%7D%7D": dial unix /var/run/docker.sock: connect: permission denied
