job=22811 node=lundquist gpus=0
start_time=2026-09-14T14:52:33+02:00
PREPROCESSED_DATA_ROOT: dit_preprocessed/finetune_vae_whole_structure_baseline_ep20_sds_untrained
DIT_CHECKPOINT: dit_outputs/lundquist/dit_sds_untrained/checkpoints/model_weights_step_08033.safetensors
SCALAR_CHECKPOINT: dit_outputs/lundquist/dit_sds_untrained/checkpoints/scalar_embedding_step_08033.safetensors
VAE_CHECKPOINT: finetune_vae_outputs/lundquist/finetune_vae_whole_structure_baseline_ep20_sds_untrained/checkpoints/vae_shockwave_best.safetensors
NORMALIZATION: finetune_vae_outputs/lundquist/finetune_vae_whole_structure_baseline_ep20_sds_untrained/training_config.yaml
NUM_ROLLOUT_SAMPLES: 3825
EPOCHS: 15
NUM_EVAL_SAMPLES: 675
RUN_NAME: finetune_vae_whole_structure_baseline_ep20_sds_untrained
OUT_DIR: logs/lundquist/finetune_decoder_on_rollout/finetune_vae_whole_structure_baseline_ep20_sds_untrained
/local/disk/hramachandran/miniconda/envs/windinet/lib/python3.10/site-packages/huggingface_hub/utils/_validators.py:205: UserWarning: The `local_dir_use_symlinks` argument is deprecated and ignored in `hf_hub_download`. Downloading to a local directory does not use symlinks anymore.
  warnings.warn(
Finetuning on 3825 TRAIN-split sim(s), checking on 675 disjoint VAL-split sim(s), from /local/disk/hramachandran/work/wh_work/windinet/euler_mq_dataset/128x128_ds/train.h5
Latent space verified: fingerprint 6fade32db7d8f184 matches the DiT's training latents
INFO     HTTP Request: HEAD                                      _client.py:1025
         https://huggingface.co/Lightricks/LTX-Video-0.9.5/resol                
         ve/main/vae/config.json "HTTP/1.1 307 Temporary                        
         Redirect"                                                              
INFO     HTTP Request: HEAD                                      _client.py:1025
         https://huggingface.co/api/resolve-cache/models/Lightri                
         cks/LTX-Video-0.9.5/e58e28c39631af4d1468ee57a853764e11c                
         1d37e/vae%2Fconfig.json "HTTP/1.1 200 OK"                              
INFO     HTTP Request: HEAD                                      _client.py:1025
         https://huggingface.co/Lightricks/LTX-Video-0.9.5/resol                
         ve/e58e28c39631af4d1468ee57a853764e11c1d37e/vae/diffusi                
         on_pytorch_model.safetensors.index.json "HTTP/1.1 404                  
         Not Found"                                                             
[windinet] loaded inflated VAE checkpoint: /local/disk/hramachandran/work/wh_work/windinet/finetune_vae_outputs/lundquist/finetune_vae_whole_structure_baseline_ep20_sds_untrained/checkpoints/vae_shockwave_best.safetensors (epoch=19, step=2261)
INFO     HTTP Request: HEAD                                      _client.py:1025
         https://huggingface.co/Lightricks/LTX-Video-0.9.5/resol                
         ve/main/scheduler/scheduler_config.json "HTTP/1.1 307                  
         Temporary Redirect"                                                    
INFO     HTTP Request: HEAD                                      _client.py:1025
         https://huggingface.co/api/resolve-cache/models/Lightri                
         cks/LTX-Video-0.9.5/e58e28c39631af4d1468ee57a853764e11c                
         1d37e/scheduler%2Fscheduler_config.json "HTTP/1.1 200                  
         OK"                                                                    
INFO     HTTP Request: HEAD                                      _client.py:1025
         https://huggingface.co/Lightricks/LTX-Video/resolve/mai                
         n/ltxv-2b-0.9.6-dev-04-25.safetensors "HTTP/1.1 302                    
         Found"                                                                 
INFO     HTTP Request: HEAD                                      _client.py:1025
         https://huggingface.co/Lightricks/LTX-Video-0.9.5/resol                
         ve/main/transformer/config.json "HTTP/1.1 307 Temporary                
         Redirect"                                                              
INFO     HTTP Request: HEAD                                      _client.py:1025
         https://huggingface.co/api/resolve-cache/models/Lightri                
         cks/LTX-Video-0.9.5/e58e28c39631af4d1468ee57a853764e11c                
         1d37e/transformer%2Fconfig.json "HTTP/1.1 200 OK"                      
[train] rolled out 25/3825 (25 loaded from cache)
[train] rolled out 50/3825 (50 loaded from cache)
[train] rolled out 75/3825 (75 loaded from cache)
[train] rolled out 100/3825 (100 loaded from cache)
[train] rolled out 125/3825 (125 loaded from cache)
[train] rolled out 150/3825 (150 loaded from cache)
[train] rolled out 175/3825 (175 loaded from cache)
[train] rolled out 200/3825 (200 loaded from cache)
[train] rolled out 225/3825 (225 loaded from cache)
[train] rolled out 250/3825 (250 loaded from cache)
[train] rolled out 275/3825 (275 loaded from cache)
[train] rolled out 300/3825 (300 loaded from cache)
[train] rolled out 325/3825 (325 loaded from cache)
[train] rolled out 350/3825 (350 loaded from cache)
[train] rolled out 375/3825 (375 loaded from cache)
[train] rolled out 400/3825 (400 loaded from cache)
[train] rolled out 425/3825 (425 loaded from cache)
[train] rolled out 450/3825 (450 loaded from cache)
[train] rolled out 475/3825 (475 loaded from cache)
[train] rolled out 500/3825 (500 loaded from cache)
[train] rolled out 525/3825 (525 loaded from cache)
[train] rolled out 550/3825 (550 loaded from cache)
[train] rolled out 575/3825 (575 loaded from cache)
[train] rolled out 600/3825 (600 loaded from cache)
[train] rolled out 625/3825 (625 loaded from cache)
[train] rolled out 650/3825 (650 loaded from cache)
[train] rolled out 675/3825 (675 loaded from cache)
[train] rolled out 700/3825 (700 loaded from cache)
[train] rolled out 725/3825 (725 loaded from cache)
[train] rolled out 750/3825 (750 loaded from cache)
[train] rolled out 775/3825 (775 loaded from cache)
[train] rolled out 800/3825 (800 loaded from cache)
[train] rolled out 825/3825 (825 loaded from cache)
[train] rolled out 850/3825 (850 loaded from cache)
[train] rolled out 875/3825 (875 loaded from cache)
[train] rolled out 900/3825 (900 loaded from cache)
[train] rolled out 925/3825 (925 loaded from cache)
[train] rolled out 950/3825 (950 loaded from cache)
[train] rolled out 975/3825 (975 loaded from cache)
[train] rolled out 1000/3825 (1000 loaded from cache)
[train] rolled out 1025/3825 (1025 loaded from cache)
[train] rolled out 1050/3825 (1050 loaded from cache)
[train] rolled out 1075/3825 (1075 loaded from cache)
[train] rolled out 1100/3825 (1100 loaded from cache)
[train] rolled out 1125/3825 (1125 loaded from cache)
[train] rolled out 1150/3825 (1150 loaded from cache)
[train] rolled out 1175/3825 (1175 loaded from cache)
[train] rolled out 1200/3825 (1200 loaded from cache)
[train] rolled out 1225/3825 (1225 loaded from cache)
[train] rolled out 1250/3825 (1250 loaded from cache)
[train] rolled out 1275/3825 (1275 loaded from cache)
[train] rolled out 1300/3825 (1300 loaded from cache)
[train] rolled out 1325/3825 (1325 loaded from cache)
[train] rolled out 1350/3825 (1350 loaded from cache)
[train] rolled out 1375/3825 (1375 loaded from cache)
[train] rolled out 1400/3825 (1400 loaded from cache)
[train] rolled out 1425/3825 (1425 loaded from cache)
[train] rolled out 1450/3825 (1450 loaded from cache)
[train] rolled out 1475/3825 (1475 loaded from cache)
[train] rolled out 1500/3825 (1500 loaded from cache)
[train] rolled out 1525/3825 (1525 loaded from cache)
[train] rolled out 1550/3825 (1550 loaded from cache)
[train] rolled out 1575/3825 (1575 loaded from cache)
[train] rolled out 1600/3825 (1600 loaded from cache)
[train] rolled out 1625/3825 (1625 loaded from cache)
[train] rolled out 1650/3825 (1650 loaded from cache)
[train] rolled out 1675/3825 (1675 loaded from cache)
[train] rolled out 1700/3825 (1700 loaded from cache)
[train] rolled out 1725/3825 (1725 loaded from cache)
[train] rolled out 1750/3825 (1750 loaded from cache)
[train] rolled out 1775/3825 (1775 loaded from cache)
[train] rolled out 1800/3825 (1800 loaded from cache)
[train] rolled out 1825/3825 (1825 loaded from cache)
[train] rolled out 1850/3825 (1850 loaded from cache)
[train] rolled out 1875/3825 (1875 loaded from cache)
[train] rolled out 1900/3825 (1900 loaded from cache)
[train] rolled out 1925/3825 (1925 loaded from cache)
[train] rolled out 1950/3825 (1950 loaded from cache)
[train] rolled out 1975/3825 (1975 loaded from cache)
[train] rolled out 2000/3825 (2000 loaded from cache)
[train] rolled out 2025/3825 (2025 loaded from cache)
[train] rolled out 2050/3825 (2050 loaded from cache)
[train] rolled out 2075/3825 (2075 loaded from cache)
[train] rolled out 2100/3825 (2100 loaded from cache)
[train] rolled out 2125/3825 (2125 loaded from cache)
[train] rolled out 2150/3825 (2150 loaded from cache)
[train] rolled out 2175/3825 (2175 loaded from cache)
[train] rolled out 2200/3825 (2200 loaded from cache)
[train] rolled out 2225/3825 (2225 loaded from cache)
[train] rolled out 2250/3825 (2250 loaded from cache)
[train] rolled out 2275/3825 (2275 loaded from cache)
[train] rolled out 2300/3825 (2300 loaded from cache)
[train] rolled out 2325/3825 (2325 loaded from cache)
[train] rolled out 2350/3825 (2350 loaded from cache)
[train] rolled out 2375/3825 (2375 loaded from cache)
[train] rolled out 2400/3825 (2400 loaded from cache)
[train] rolled out 2425/3825 (2425 loaded from cache)
[train] rolled out 2450/3825 (2450 loaded from cache)
[train] rolled out 2475/3825 (2475 loaded from cache)
[train] rolled out 2500/3825 (2500 loaded from cache)
[train] rolled out 2525/3825 (2525 loaded from cache)
[train] rolled out 2550/3825 (2550 loaded from cache)
[train] rolled out 2575/3825 (2575 loaded from cache)
[train] rolled out 2600/3825 (2600 loaded from cache)
[train] rolled out 2625/3825 (2625 loaded from cache)
[train] rolled out 2650/3825 (2650 loaded from cache)
[train] rolled out 2675/3825 (2675 loaded from cache)
[train] rolled out 2700/3825 (2700 loaded from cache)
[train] rolled out 2725/3825 (2725 loaded from cache)
[train] rolled out 2750/3825 (2750 loaded from cache)
[train] rolled out 2775/3825 (2775 loaded from cache)
[train] rolled out 2800/3825 (2800 loaded from cache)
[train] rolled out 2825/3825 (2825 loaded from cache)
[train] rolled out 2850/3825 (2850 loaded from cache)
[train] rolled out 2875/3825 (2875 loaded from cache)
[train] rolled out 2900/3825 (2900 loaded from cache)
[train] rolled out 2925/3825 (2925 loaded from cache)
[train] rolled out 2950/3825 (2950 loaded from cache)
[train] rolled out 2975/3825 (2975 loaded from cache)
[train] rolled out 3000/3825 (3000 loaded from cache)
[train] rolled out 3025/3825 (3025 loaded from cache)
[train] rolled out 3050/3825 (3050 loaded from cache)
[train] rolled out 3075/3825 (3075 loaded from cache)
[train] rolled out 3100/3825 (3100 loaded from cache)
[train] rolled out 3125/3825 (3125 loaded from cache)
[train] rolled out 3150/3825 (3150 loaded from cache)
[train] rolled out 3175/3825 (3175 loaded from cache)
[train] rolled out 3200/3825 (3200 loaded from cache)
[train] rolled out 3225/3825 (3225 loaded from cache)
[train] rolled out 3250/3825 (3250 loaded from cache)
[train] rolled out 3275/3825 (3275 loaded from cache)
[train] rolled out 3300/3825 (3300 loaded from cache)
[train] rolled out 3325/3825 (3325 loaded from cache)
[train] rolled out 3350/3825 (3350 loaded from cache)
[train] rolled out 3375/3825 (3375 loaded from cache)
[train] rolled out 3400/3825 (3400 loaded from cache)
[train] rolled out 3425/3825 (3425 loaded from cache)
[train] rolled out 3450/3825 (3450 loaded from cache)
[train] rolled out 3475/3825 (3475 loaded from cache)
[train] rolled out 3500/3825 (3500 loaded from cache)
[train] rolled out 3525/3825 (3525 loaded from cache)
[train] rolled out 3550/3825 (3550 loaded from cache)
[train] rolled out 3575/3825 (3575 loaded from cache)
[train] rolled out 3600/3825 (3600 loaded from cache)
[train] rolled out 3625/3825 (3625 loaded from cache)
[train] rolled out 3650/3825 (3650 loaded from cache)
[train] rolled out 3675/3825 (3675 loaded from cache)
[train] rolled out 3700/3825 (3700 loaded from cache)
[train] rolled out 3725/3825 (3725 loaded from cache)
[train] rolled out 3750/3825 (3750 loaded from cache)
[train] rolled out 3775/3825 (3775 loaded from cache)
[train] rolled out 3800/3825 (3800 loaded from cache)
[train] rolled out 3825/3825 (3825 loaded from cache)
[val] rolled out 25/675 (25 loaded from cache)
[val] rolled out 50/675 (50 loaded from cache)
[val] rolled out 75/675 (75 loaded from cache)
[val] rolled out 100/675 (100 loaded from cache)
[val] rolled out 125/675 (125 loaded from cache)
[val] rolled out 150/675 (150 loaded from cache)
[val] rolled out 175/675 (175 loaded from cache)
[val] rolled out 200/675 (200 loaded from cache)
[val] rolled out 225/675 (225 loaded from cache)
[val] rolled out 250/675 (250 loaded from cache)
[val] rolled out 275/675 (275 loaded from cache)
[val] rolled out 300/675 (300 loaded from cache)
[val] rolled out 325/675 (325 loaded from cache)
[val] rolled out 350/675 (350 loaded from cache)
[val] rolled out 375/675 (375 loaded from cache)
[val] rolled out 400/675 (400 loaded from cache)
[val] rolled out 425/675 (425 loaded from cache)
[val] rolled out 450/675 (450 loaded from cache)
[val] rolled out 475/675 (475 loaded from cache)
[val] rolled out 500/675 (500 loaded from cache)
[val] rolled out 525/675 (525 loaded from cache)
[val] rolled out 550/675 (550 loaded from cache)
[val] rolled out 575/675 (575 loaded from cache)
[val] rolled out 600/675 (600 loaded from cache)
[val] rolled out 625/675 (625 loaded from cache)
[val] rolled out 650/675 (650 loaded from cache)
[val] rolled out 675/675 (675 loaded from cache)
Decoder trainable params: 552,869,953

Resumed from logs/lundquist/finetune_decoder_on_rollout/finetune_vae_whole_structure_baseline_ep20_sds_untrained/training_state.pt: last completed epoch 9/15 (best so far: epoch 9, val pixel vrmse = 0.33226)

[train] epoch 10/15  batch 200/1913  running total_loss=0.45569
[train] epoch 10/15  batch 400/1913  running total_loss=0.39410
[train] epoch 10/15  batch 600/1913  running total_loss=0.21226
[train] epoch 10/15  batch 800/1913  running total_loss=0.13781
[train] epoch 10/15  batch 1000/1913  running total_loss=0.15957
[train] epoch 10/15  batch 1200/1913  running total_loss=0.32124
[train] epoch 10/15  batch 1400/1913  running total_loss=0.14526
[train] epoch 10/15  batch 1600/1913  running total_loss=0.18342
[train] epoch 10/15  batch 1800/1913  running total_loss=0.18743
[train] epoch 10/15  batch 1913/1913  running total_loss=0.15207
[eval:epoch10] decoded 25/675
[eval:epoch10] decoded 50/675
[eval:epoch10] decoded 75/675
[eval:epoch10] decoded 100/675
[eval:epoch10] decoded 125/675
[eval:epoch10] decoded 150/675
[eval:epoch10] decoded 175/675
[eval:epoch10] decoded 200/675
[eval:epoch10] decoded 225/675
[eval:epoch10] decoded 250/675
[eval:epoch10] decoded 275/675
[eval:epoch10] decoded 300/675
[eval:epoch10] decoded 325/675
[eval:epoch10] decoded 350/675
[eval:epoch10] decoded 375/675
[eval:epoch10] decoded 400/675
[eval:epoch10] decoded 425/675
[eval:epoch10] decoded 450/675
[eval:epoch10] decoded 475/675
[eval:epoch10] decoded 500/675
[eval:epoch10] decoded 525/675
[eval:epoch10] decoded 550/675
[eval:epoch10] decoded 575/675
[eval:epoch10] decoded 600/675
[eval:epoch10] decoded 625/675
[eval:epoch10] decoded 650/675
[eval:epoch10] decoded 675/675
epoch 10/15  total=0.09967  rmse=0.03932  h1=0.00061  ssim=0.19909  train_vrms=0.27210  val_pixel_vrmse=0.33857
[train] epoch 11/15  batch 200/1913  running total_loss=0.27257
[train] epoch 11/15  batch 400/1913  running total_loss=0.12489
[train] epoch 11/15  batch 600/1913  running total_loss=0.42546
[train] epoch 11/15  batch 800/1913  running total_loss=0.12348
[train] epoch 11/15  batch 1000/1913  running total_loss=0.13953
[train] epoch 11/15  batch 1200/1913  running total_loss=0.32639
[train] epoch 11/15  batch 1400/1913  running total_loss=0.17517
[train] epoch 11/15  batch 1600/1913  running total_loss=0.10920
[train] epoch 11/15  batch 1800/1913  running total_loss=0.08656
[train] epoch 11/15  batch 1913/1913  running total_loss=0.32200
[eval:epoch11] decoded 25/675
[eval:epoch11] decoded 50/675
[eval:epoch11] decoded 75/675
[eval:epoch11] decoded 100/675
[eval:epoch11] decoded 125/675
[eval:epoch11] decoded 150/675
[eval:epoch11] decoded 175/675
[eval:epoch11] decoded 200/675
[eval:epoch11] decoded 225/675
[eval:epoch11] decoded 250/675
[eval:epoch11] decoded 275/675
[eval:epoch11] decoded 300/675
[eval:epoch11] decoded 325/675
[eval:epoch11] decoded 350/675
[eval:epoch11] decoded 375/675
[eval:epoch11] decoded 400/675
[eval:epoch11] decoded 425/675
[eval:epoch11] decoded 450/675
[eval:epoch11] decoded 475/675
[eval:epoch11] decoded 500/675
[eval:epoch11] decoded 525/675
[eval:epoch11] decoded 550/675
[eval:epoch11] decoded 575/675
[eval:epoch11] decoded 600/675
[eval:epoch11] decoded 625/675
[eval:epoch11] decoded 650/675
[eval:epoch11] decoded 675/675
epoch 11/15  total=0.09821  rmse=0.03864  h1=0.00060  ssim=0.19587  train_vrms=0.26738  val_pixel_vrmse=0.33904
[train] epoch 12/15  batch 200/1913  running total_loss=0.43159
[train] epoch 12/15  batch 400/1913  running total_loss=0.17479
[train] epoch 12/15  batch 600/1913  running total_loss=0.12357
[train] epoch 12/15  batch 800/1913  running total_loss=0.28484
[train] epoch 12/15  batch 1000/1913  running total_loss=0.28163
[train] epoch 12/15  batch 1200/1913  running total_loss=0.22602
[train] epoch 12/15  batch 1400/1913  running total_loss=0.07466
[train] epoch 12/15  batch 1600/1913  running total_loss=0.20953
[train] epoch 12/15  batch 1800/1913  running total_loss=0.27055
[train] epoch 12/15  batch 1913/1913  running total_loss=0.01717
[eval:epoch12] decoded 25/675
[eval:epoch12] decoded 50/675
[eval:epoch12] decoded 75/675
[eval:epoch12] decoded 100/675
[eval:epoch12] decoded 125/675
[eval:epoch12] decoded 150/675
[eval:epoch12] decoded 175/675
[eval:epoch12] decoded 200/675
[eval:epoch12] decoded 225/675
[eval:epoch12] decoded 250/675
[eval:epoch12] decoded 275/675
[eval:epoch12] decoded 300/675
[eval:epoch12] decoded 325/675
[eval:epoch12] decoded 350/675
[eval:epoch12] decoded 375/675
[eval:epoch12] decoded 400/675
[eval:epoch12] decoded 425/675
[eval:epoch12] decoded 450/675
[eval:epoch12] decoded 475/675
[eval:epoch12] decoded 500/675
[eval:epoch12] decoded 525/675
[eval:epoch12] decoded 550/675
[eval:epoch12] decoded 575/675
[eval:epoch12] decoded 600/675
[eval:epoch12] decoded 625/675
[eval:epoch12] decoded 650/675
[eval:epoch12] decoded 675/675
epoch 12/15  total=0.09713  rmse=0.03820  h1=0.00060  ssim=0.19316  train_vrms=0.26419  val_pixel_vrmse=0.34232
[train] epoch 13/15  batch 200/1913  running total_loss=0.11801
[train] epoch 13/15  batch 400/1913  running total_loss=0.14961
[train] epoch 13/15  batch 600/1913  running total_loss=0.25470
[train] epoch 13/15  batch 800/1913  running total_loss=0.26077
[train] epoch 13/15  batch 1000/1913  running total_loss=0.18854
[train] epoch 13/15  batch 1200/1913  running total_loss=0.46337
[train] epoch 13/15  batch 1400/1913  running total_loss=0.10542
[train] epoch 13/15  batch 1600/1913  running total_loss=0.08739
[train] epoch 13/15  batch 1800/1913  running total_loss=0.06667
[train] epoch 13/15  batch 1913/1913  running total_loss=0.01900
[eval:epoch13] decoded 25/675
[eval:epoch13] decoded 50/675
[eval:epoch13] decoded 75/675
[eval:epoch13] decoded 100/675
[eval:epoch13] decoded 125/675
[eval:epoch13] decoded 150/675
[eval:epoch13] decoded 175/675
[eval:epoch13] decoded 200/675
[eval:epoch13] decoded 225/675
[eval:epoch13] decoded 250/675
[eval:epoch13] decoded 275/675
[eval:epoch13] decoded 300/675
[eval:epoch13] decoded 325/675
[eval:epoch13] decoded 350/675
[eval:epoch13] decoded 375/675
[eval:epoch13] decoded 400/675
[eval:epoch13] decoded 425/675
[eval:epoch13] decoded 450/675
[eval:epoch13] decoded 475/675
[eval:epoch13] decoded 500/675
[eval:epoch13] decoded 525/675
[eval:epoch13] decoded 550/675
[eval:epoch13] decoded 575/675
[eval:epoch13] decoded 600/675
[eval:epoch13] decoded 625/675
[eval:epoch13] decoded 650/675
[eval:epoch13] decoded 675/675
epoch 13/15  total=0.09567  rmse=0.03758  h1=0.00059  ssim=0.18975  train_vrms=0.26010  val_pixel_vrmse=0.33862
[train] epoch 14/15  batch 200/1913  running total_loss=0.14416
[train] epoch 14/15  batch 400/1913  running total_loss=0.11720
[train] epoch 14/15  batch 600/1913  running total_loss=0.14290
[train] epoch 14/15  batch 800/1913  running total_loss=0.10454
[train] epoch 14/15  batch 1000/1913  running total_loss=0.28230
[train] epoch 14/15  batch 1200/1913  running total_loss=0.16520
[train] epoch 14/15  batch 1400/1913  running total_loss=0.12801
[train] epoch 14/15  batch 1600/1913  running total_loss=0.30566
[train] epoch 14/15  batch 1800/1913  running total_loss=0.22696
[train] epoch 14/15  batch 1913/1913  running total_loss=0.13055
[eval:epoch14] decoded 25/675
[eval:epoch14] decoded 50/675
[eval:epoch14] decoded 75/675
[eval:epoch14] decoded 100/675
[eval:epoch14] decoded 125/675
[eval:epoch14] decoded 150/675
[eval:epoch14] decoded 175/675
[eval:epoch14] decoded 200/675
[eval:epoch14] decoded 225/675
[eval:epoch14] decoded 250/675
[eval:epoch14] decoded 275/675
[eval:epoch14] decoded 300/675
[eval:epoch14] decoded 325/675
[eval:epoch14] decoded 350/675
[eval:epoch14] decoded 375/675
[eval:epoch14] decoded 400/675
[eval:epoch14] decoded 425/675
[eval:epoch14] decoded 450/675
[eval:epoch14] decoded 475/675
[eval:epoch14] decoded 500/675
[eval:epoch14] decoded 525/675
[eval:epoch14] decoded 550/675
[eval:epoch14] decoded 575/675
[eval:epoch14] decoded 600/675
[eval:epoch14] decoded 625/675
[eval:epoch14] decoded 650/675
[eval:epoch14] decoded 675/675
epoch 14/15  total=0.09416  rmse=0.03693  h1=0.00059  ssim=0.18603  train_vrms=0.25554  val_pixel_vrmse=0.33637
[train] epoch 15/15  batch 200/1913  running total_loss=0.11176
[train] epoch 15/15  batch 400/1913  running total_loss=0.30084
[train] epoch 15/15  batch 600/1913  running total_loss=0.17569
[train] epoch 15/15  batch 800/1913  running total_loss=0.23803
[train] epoch 15/15  batch 1000/1913  running total_loss=0.26822
[train] epoch 15/15  batch 1200/1913  running total_loss=0.17868
[train] epoch 15/15  batch 1400/1913  running total_loss=0.22516
[train] epoch 15/15  batch 1600/1913  running total_loss=0.12512
[train] epoch 15/15  batch 1800/1913  running total_loss=0.20920
[train] epoch 15/15  batch 1913/1913  running total_loss=0.01514
[eval:epoch15] decoded 25/675
[eval:epoch15] decoded 50/675
[eval:epoch15] decoded 75/675
[eval:epoch15] decoded 100/675
[eval:epoch15] decoded 125/675
[eval:epoch15] decoded 150/675
[eval:epoch15] decoded 175/675
[eval:epoch15] decoded 200/675
[eval:epoch15] decoded 225/675
[eval:epoch15] decoded 250/675
[eval:epoch15] decoded 275/675
[eval:epoch15] decoded 300/675
[eval:epoch15] decoded 325/675
[eval:epoch15] decoded 350/675
[eval:epoch15] decoded 375/675
[eval:epoch15] decoded 400/675
[eval:epoch15] decoded 425/675
[eval:epoch15] decoded 450/675
[eval:epoch15] decoded 475/675
[eval:epoch15] decoded 500/675
[eval:epoch15] decoded 525/675
[eval:epoch15] decoded 550/675
[eval:epoch15] decoded 575/675
[eval:epoch15] decoded 600/675
[eval:epoch15] decoded 625/675
[eval:epoch15] decoded 650/675
[eval:epoch15] decoded 675/675
epoch 15/15  total=0.09250  rmse=0.03620  h1=0.00058  ssim=0.18199  train_vrms=0.25070  val_pixel_vrmse=0.33569

Restored best epoch: 9 (val pixel vrmse = 0.33226, vs. epoch 15's 0.33569)

BEFORE decoder finetune: val pixel vrmse = 0.39314 (n=675)
AFTER  decoder finetune: val pixel vrmse = 0.33226 (n=675, epoch 9)
Delta: -0.06088 (-15.5%)

Saved decoder-finetuned checkpoint (same format/metadata, drop-in compatible): logs/lundquist/finetune_decoder_on_rollout/finetune_vae_whole_structure_baseline_ep20_sds_untrained/vae_shockwave_decoder_ft.safetensors
Saved: logs/lundquist/finetune_decoder_on_rollout/finetune_vae_whole_structure_baseline_ep20_sds_untrained/finetune_summary.json
end_time=2026-09-14T17:23:43+02:00 elapsed=9070s
permission denied while trying to connect to the Docker daemon socket at unix:///var/run/docker.sock: Get "http://%2Fvar%2Frun%2Fdocker.sock/v1.24/containers/json?filters=%7B%22label%22%3A%7B%22slurm_job_id%3D22811%22%3Atrue%7D%7D": dial unix /var/run/docker.sock: connect: permission denied
