job=22784 node=lundquist gpus=0
PREPROCESSED_DATA_ROOT: dit_preprocessed/finetune_vae_whole_structure_baseline_ep20_sds_untrained
DIT_CHECKPOINT: dit_outputs/lundquist/dit_sds_untrained/checkpoints/model_weights_step_08033.safetensors
SCALAR_CHECKPOINT: dit_outputs/lundquist/dit_sds_untrained/checkpoints/scalar_embedding_step_08033.safetensors
VAE_CHECKPOINT: finetune_vae_outputs/lundquist/finetune_vae_whole_structure_baseline_ep20_sds_untrained/checkpoints/vae_shockwave_best.safetensors
NORMALIZATION: finetune_vae_outputs/lundquist/finetune_vae_whole_structure_baseline_ep20_sds_untrained/training_config.yaml
NUM_ROLLOUT_SAMPLES: 300
EPOCHS: 15
OUT_DIR: logs/lundquist/finetune_decoder_on_rollout/22784
/local/disk/hramachandran/miniconda/envs/windinet/lib/python3.10/site-packages/huggingface_hub/utils/_validators.py:205: UserWarning: The `local_dir_use_symlinks` argument is deprecated and ignored in `hf_hub_download`. Downloading to a local directory does not use symlinks anymore.
  warnings.warn(
Finetuning on 300 TRAIN-split sim(s), checking on 20 disjoint VAL-split sim(s), from /local/disk/hramachandran/work/wh_work/windinet/euler_mq_dataset/128x128_ds/train.h5
Latent space verified: fingerprint 6fade32db7d8f184 matches the DiT's training latents
INFO     HTTP Request: HEAD                                      _client.py:1025
         https://huggingface.co/Lightricks/LTX-Video-0.9.5/resol                
         ve/main/vae/config.json "HTTP/1.1 307 Temporary                        
         Redirect"                                                              
INFO     HTTP Request: HEAD                                      _client.py:1025
         https://huggingface.co/api/resolve-cache/models/Lightri                
         cks/LTX-Video-0.9.5/e58e28c39631af4d1468ee57a853764e11c                
         1d37e/vae%2Fconfig.json "HTTP/1.1 200 OK"                              
INFO     HTTP Request: HEAD                                      _client.py:1025
         https://huggingface.co/Lightricks/LTX-Video-0.9.5/resol                
         ve/e58e28c39631af4d1468ee57a853764e11c1d37e/vae/diffusi                
         on_pytorch_model.safetensors.index.json "HTTP/1.1 404                  
         Not Found"                                                             
[windinet] loaded inflated VAE checkpoint: /local/disk/hramachandran/work/wh_work/windinet/finetune_vae_outputs/lundquist/finetune_vae_whole_structure_baseline_ep20_sds_untrained/checkpoints/vae_shockwave_best.safetensors (epoch=19, step=2261)
INFO     HTTP Request: HEAD                                      _client.py:1025
         https://huggingface.co/Lightricks/LTX-Video-0.9.5/resol                
         ve/main/scheduler/scheduler_config.json "HTTP/1.1 307                  
         Temporary Redirect"                                                    
INFO     HTTP Request: HEAD                                      _client.py:1025
         https://huggingface.co/api/resolve-cache/models/Lightri                
         cks/LTX-Video-0.9.5/e58e28c39631af4d1468ee57a853764e11c                
         1d37e/scheduler%2Fscheduler_config.json "HTTP/1.1 200                  
         OK"                                                                    
INFO     HTTP Request: HEAD                                      _client.py:1025
         https://huggingface.co/Lightricks/LTX-Video/resolve/mai                
         n/ltxv-2b-0.9.6-dev-04-25.safetensors "HTTP/1.1 302                    
         Found"                                                                 
INFO     HTTP Request: HEAD                                      _client.py:1025
         https://huggingface.co/Lightricks/LTX-Video-0.9.5/resol                
         ve/main/transformer/config.json "HTTP/1.1 307 Temporary                
         Redirect"                                                              
INFO     HTTP Request: HEAD                                      _client.py:1025
         https://huggingface.co/api/resolve-cache/models/Lightri                
         cks/LTX-Video-0.9.5/e58e28c39631af4d1468ee57a853764e11c                
         1d37e/transformer%2Fconfig.json "HTTP/1.1 200 OK"                      
[train] rolled out 25/300
[train] rolled out 50/300
[train] rolled out 75/300
[train] rolled out 100/300
[train] rolled out 125/300
[train] rolled out 150/300
[train] rolled out 175/300
[train] rolled out 200/300
[train] rolled out 225/300
[train] rolled out 250/300
[train] rolled out 275/300
[train] rolled out 300/300
[val] rolled out 20/20
Decoder trainable params: 552,869,953

BEFORE decoder finetune: val pixel vrmse = 0.39838 (n=20)

Epoch 0 (pre-finetune) is the initial best (val pixel vrmse = 0.39838)
epoch 1/15  total=0.13468  rmse=0.05343  h1=0.00074  ssim=0.29533  train_vrms=0.37814  val_pixel_vrmse=0.40904
epoch 2/15  total=0.13014  rmse=0.05175  h1=0.00072  ssim=0.28289  train_vrms=0.36468  val_pixel_vrmse=0.38400  <- best so far
epoch 3/15  total=0.12348  rmse=0.04980  h1=0.00068  ssim=0.26460  train_vrms=0.35183  val_pixel_vrmse=0.40552
epoch 4/15  total=0.12388  rmse=0.04968  h1=0.00067  ssim=0.26972  train_vrms=0.35179  val_pixel_vrmse=0.39410
epoch 5/15  total=0.12425  rmse=0.04865  h1=0.00071  ssim=0.26844  train_vrms=0.34509  val_pixel_vrmse=0.38337  <- best so far
epoch 6/15  total=0.11888  rmse=0.04727  h1=0.00067  ssim=0.25541  train_vrms=0.33423  val_pixel_vrmse=0.38174  <- best so far
epoch 7/15  total=0.12539  rmse=0.04883  h1=0.00073  ssim=0.26651  train_vrms=0.34256  val_pixel_vrmse=0.38625
epoch 8/15  total=0.11814  rmse=0.04653  h1=0.00066  ssim=0.25658  train_vrms=0.33164  val_pixel_vrmse=0.39037
epoch 9/15  total=0.11619  rmse=0.04647  h1=0.00064  ssim=0.25000  train_vrms=0.33153  val_pixel_vrmse=0.38604
epoch 10/15  total=0.11554  rmse=0.04589  h1=0.00064  ssim=0.24935  train_vrms=0.32652  val_pixel_vrmse=0.37920  <- best so far
epoch 11/15  total=0.11067  rmse=0.04401  h1=0.00063  ssim=0.23566  train_vrms=0.31378  val_pixel_vrmse=0.37874  <- best so far
epoch 12/15  total=0.10793  rmse=0.04270  h1=0.00061  ssim=0.23108  train_vrms=0.30605  val_pixel_vrmse=0.39036
epoch 13/15  total=0.10764  rmse=0.04267  h1=0.00061  ssim=0.22981  train_vrms=0.30573  val_pixel_vrmse=0.37912
epoch 14/15  total=0.10563  rmse=0.04138  h1=0.00061  ssim=0.22341  train_vrms=0.29693  val_pixel_vrmse=0.37940
epoch 15/15  total=0.10620  rmse=0.04165  h1=0.00060  ssim=0.22911  train_vrms=0.30131  val_pixel_vrmse=0.39284

Restored best epoch: 11 (val pixel vrmse = 0.37874, vs. epoch 15's 0.39284)

BEFORE decoder finetune: val pixel vrmse = 0.39838 (n=20)
AFTER  decoder finetune: val pixel vrmse = 0.37874 (n=20, epoch 11)
Delta: -0.01964 (-4.9%)

Saved decoder-finetuned checkpoint (same format/metadata, drop-in compatible): logs/lundquist/finetune_decoder_on_rollout/22784/vae_shockwave_decoder_ft.safetensors
Saved: logs/lundquist/finetune_decoder_on_rollout/22784/finetune_summary.json
permission denied while trying to connect to the Docker daemon socket at unix:///var/run/docker.sock: Get "http://%2Fvar%2Frun%2Fdocker.sock/v1.24/containers/json?filters=%7B%22label%22%3A%7B%22slurm_job_id%3D22784%22%3Atrue%7D%7D": dial unix /var/run/docker.sock: connect: permission denied
